{"success":true,"subscribe":"orderBookL2:XBTUSD","request":{"op":"subscribe","args":["orderBookL2:XBTUSD"]},"TIME":1542001840}
{"t":"O","A":"partial","keys":["S","i","W"],"T":{"S":"S","i":"long","W":"S","s":"long","p":"float"},"foreignKeys":{"S":"instrument","W":"W"},"attributes":{"S":"grouped","i":"sorted"},"filter":{"S":"B"},"d":[{"S":"B","i":8700000000,"W":"H","s":45,"p":1000000},{"S":"B","i":8700112300,"W":"H","s":70,"p":998877},{"S":"B","i":8711120000,"W":"H","s":6000,"p":888800},{"S":"B","i":8721922500,"W":"H","s":16,"p":780775},{"S":"B","i":8775000000,"W":"H","s":21,"p":250000},{"S":"B","i":8779999950,"W":"H","s":1000,"p":200000.5},{"S":"B","i":8781000000,"W":"H","s":1,"p":190000},{"S":"B","i":8785000000,"W":"H","s":1000,"p":150000},{"S":"B","i":8785875000,"W":"H","s":6800,"p":141250},{"S":"B","i":8790000000,"W":"H","s":35,"p":100000},{"S":"B","i":8792150000,"W":"H","s":300,"p":78500},{"S":"B","i":8792697500,"W":"H","s":20,"p":73025},{"S":"B","i":8792869950,"W":"H","s":2500,"p":71300.5},{"S":"B","i":8792882500,"W":"H","s":10,"p":71175},{"S":"B","i":8792895500,"W":"H","s":10,"p":71045},{"S":"B","i":8793005000,"W":"H","s":150,"p":69950},{"S":"B","i":8793338300,"W":"H","s":70,"p":66617},{"S":"B","i":8793350600,"W":"H","s":6500,"p":66494},{"S":"B","i":8793500450,"W":"H","s":100,"p":64995.5},{"S":"B","i":8793524150,"W":"H","s":30,"p":64758.5},{"S":"B","i":8793554600,"W":"H","s":200,"p":64454},{"S":"B","i":8793634500,"W":"H","s":75,"p":63655},{"S":"B","i":8793678500,"W":"H","s":55,"p":63215},{"S":"B","i":8793696650,"W":"H","s":17,"p":63033.5},{"S":"B","i":8793834000,"W":"H","s":200,"p":61660},{"S":"B","i":8793868300,"W":"H","s":20,"p":61317},{"S":"B","i":8794000000,"W":"H","s":290,"p":60000},{"S":"B","i":8794822000,"W":"H","s":5000,"p":51780},{"S":"B","i":8795000000,"W":"H","s":45,"p":50000},{"S":"B","i":8796000000,"W":"H","s":249,"p":40000},{"S":"B","i":8796010000,"W":"H","s":3000,"p":39900},{"S":"B","i":8796300000,"W":"H","s":9381,"p":37000},{"S":"B","i":8796511100,"W":"H","s":1346000,"p":34889},{"S":"B","i":8797209800,"W":"H","s":1,"p":27902},{"S":"B","i":8797398100,"W":"H","s":10,"p":26019},{"S":"B","i":8797400000,"W":"H","s":2000,"p":26000},{"S":"B","i":8797500000,"W":"H","s":8,"p":25000},{"S":"B","i":8797600000,"W":"H","s":500,"p":24000},{"S":"B","i":8797700000,"W":"H","s":1200,"p":23000},{"S":"B","i":8797702300,"W":"H","s":5000,"p":22977},{"S":"B","i":8797730000,"W":"H","s":155000,"p":22700},{"S":"B","i":8797774800,"W":"H","s":100000,"p":22252},{"S":"B","i":8797800000,"W":"H","s":9,"p":22000},{"S":"B","i":8797900000,"W":"H","s":5000,"p":21000},{"S":"B","i":8797934200,"W":"H","s":20,"p":20658},{"S":"B","i":8797987100,"W":"H","s":1600,"p":20129},{"S":"B","i":8797999000,"W":"H","s":100,"p":20010},{"S":"B","i":8798000000,"W":"H","s":11428,"p":20000},{"S":"B","i":8798000100,"W":"H","s":300,"p":19999},{"S":"B","i":8798001000,"W":"H","s":1000,"p":19990},{"S":"B","i":8798001250,"W":"H","s":10000,"p":19987.5},{"S":"B","i":8798025700,"W":"H","s":1,"p":19743},{"S":"B","i":8798030000,"W":"H","s":1,"p":19700},{"S":"B","i":8798033600,"W":"H","s":500,"p":19664},{"S":"B","i":8798061100,"W":"H","s":25,"p":19389},{"S":"B","i":8798100000,"W":"H","s":200,"p":19000},{"S":"B","i":8798138000,"W":"H","s":5,"p":18620},{"S":"B","i":8798142550,"W":"H","s":1000,"p":18574.5},{"S":"B","i":8798144000,"W":"H","s":2,"p":18560},{"S":"B","i":8798153100,"W":"H","s":1000,"p":18469},{"S":"B","i":8798170000,"W":"H","s":500,"p":18300},{"S":"B","i":8798175000,"W":"H","s":500,"p":18250},{"S":"B","i":8798180000,"W":"H","s":500,"p":18200},{"S":"B","i":8798185000,"W":"H","s":500,"p":18150},{"S":"B","i":8798190000,"W":"H","s":500,"p":18100},{"S":"B","i":8798195000,"W":"H","s":500,"p":18050},{"S":"B","i":8798200000,"W":"H","s":1040,"p":18000},{"S":"B","i":8798200150,"W":"H","s":29000,"p":17998.5},{"S":"B","i":8798202000,"W":"H","s":300,"p":17980},{"S":"B","i":8798205000,"W":"H","s":500,"p":17950},{"S":"B","i":8798205350,"W":"H","s":25,"p":17946.5},{"S":"B","i":8798210000,"W":"H","s":500,"p":17900},{"S":"B","i":8798210400,"W":"H","s":1000,"p":17896},{"S":"B","i":8798215000,"W":"H","s":500,"p":17850},{"S":"B","i":8798220000,"W":"H","s":540,"p":17800},{"S":"B","i":8798228400,"W":"H","s":1772,"p":17716},{"S":"B","i":8798235000,"W":"H","s":300,"p":17650},{"S":"B","i":8798246450,"W":"H","s":50,"p":17535.5},{"S":"B","i":8798250000,"W":"H","s":500,"p":17500},{"S":"B","i":8798252400,"W":"H","s":1000,"p":17476},{"S":"B","i":8798254650,"W":"H","s":2000,"p":17453.5},{"S":"B","i":8798256150,"W":"H","s":1000,"p":17438.5},{"S":"B","i":8798256700,"W":"H","s":2000,"p":17433},{"S":"B","i":8798256900,"W":"H","s":1000,"p":17431},{"S":"B","i":8798260550,"W":"H","s":2,"p":17394.5},{"S":"B","i":8798285400,"W":"H","s":1000,"p":17146},{"S":"B","i":8798286250,"W":"H","s":7700,"p":17137.5},{"S":"B","i":8798291250,"W":"H","s":10000,"p":17087.5},{"S":"B","i":8798295000,"W":"H","s":50,"p":17050},{"S":"B","i":8798297550,"W":"H","s":1000,"p":17024.5},{"S":"B","i":8798300000,"W":"H","s":742,"p":17000},{"S":"B","i":8798302500,"W":"H","s":100,"p":16975},{"S":"B","i":8798305000,"W":"H","s":440,"p":16950},{"S":"B","i":8798307500,"W":"H","s":100,"p":16925},{"S":"B","i":8798307800,"W":"H","s":4000,"p":16922},{"S":"B","i":8798309000,"W":"H","s":50,"p":16910},{"S":"B","i":8798310000,"W":"H","s":330,"p":16900},{"S":"B","i":8798312300,"W":"H","s":5000,"p":16877},{"S":"B","i":8798312500,"W":"H","s":100,"p":16875},{"S":"B","i":8798315000,"W":"H","s":120,"p":16850},{"S":"B","i":8798315400,"W":"H","s":1000,"p":16846},{"S":"B","i":8798317500,"W":"H","s":100,"p":16825},{"S":"B","i":8798320000,"W":"H","s":100,"p":16800},{"S":"B","i":8798322500,"W":"H","s":100,"p":16775},{"S":"B","i":8798325000,"W":"H","s":100,"p":16750},{"S":"B","i":8798327500,"W":"H","s":100,"p":16725},{"S":"B","i":8798330000,"W":"H","s":100,"p":16700},{"S":"B","i":8798332500,"W":"H","s":100,"p":16675},{"S":"B","i":8798335000,"W":"H","s":100,"p":16650},{"S":"B","i":8798337500,"W":"H","s":100,"p":16625},{"S":"B","i":8798339000,"W":"H","s":100,"p":16610},{"S":"B","i":8798340000,"W":"H","s":100,"p":16600},{"S":"B","i":8798341000,"W":"H","s":100,"p":16590},{"S":"B","i":8798342500,"W":"H","s":100,"p":16575},{"S":"B","i":8798343000,"W":"H","s":100,"p":16570},{"S":"B","i":8798344850,"W":"H","s":1000,"p":16551.5},{"S":"B","i":8798345000,"W":"H","s":100,"p":16550},{"S":"B","i":8798347500,"W":"H","s":100,"p":16525},{"S":"B","i":8798350000,"W":"H","s":600,"p":16500},{"S":"B","i":8798352500,"W":"H","s":100,"p":16475},{"S":"B","i":8798355000,"W":"H","s":100,"p":16450},{"S":"B","i":8798355400,"W":"H","s":1000,"p":16446},{"S":"B","i":8798360000,"W":"H","s":100,"p":16400},{"S":"B","i":8798365000,"W":"H","s":100,"p":16350},{"S":"B","i":8798366000,"W":"H","s":148,"p":16340},{"S":"B","i":8798370000,"W":"H","s":100,"p":16300},{"S":"B","i":8798372500,"W":"H","s":100,"p":16275},{"S":"B","i":8798375000,"W":"H","s":100,"p":16250},{"S":"B","i":8798377500,"W":"H","s":100,"p":16225},{"S":"B","i":8798380000,"W":"H","s":100,"p":16200},{"S":"B","i":8798382500,"W":"H","s":100,"p":16175},{"S":"B","i":8798385000,"W":"H","s":100,"p":16150},{"S":"B","i":8798386100,"W":"H","s":1000,"p":16139},{"S":"B","i":8798387500,"W":"H","s":100,"p":16125},{"S":"B","i":8798389500,"W":"H","s":1611,"p":16105},{"S":"B","i":8798390000,"W":"H","s":100,"p":16100},{"S":"B","i":8798392500,"W":"H","s":100,"p":16075},{"S":"B","i":8798395000,"W":"H","s":100,"p":16050},{"S":"B","i":8798395400,"W":"H","s":1000,"p":16046},{"S":"B","i":8798397500,"W":"H","s":100,"p":16025},{"S":"B","i":8798400000,"W":"H","s":1700,"p":16000},{"S":"B","i":8798400100,"W":"H","s":311319,"p":15999},{"S":"B","i":8798402500,"W":"H","s":100,"p":15975},{"S":"B","i":8798405000,"W":"H","s":100,"p":15950},{"S":"B","i":8798407500,"W":"H","s":100,"p":15925},{"S":"B","i":8798410000,"W":"H","s":100,"p":15900},{"S":"B","i":8798412500,"W":"H","s":100,"p":15875},{"S":"B","i":8798415000,"W":"H","s":100,"p":15850},{"S":"B","i":8798417500,"W":"H","s":100,"p":15825},{"S":"B","i":8798420000,"W":"H","s":100,"p":15800},{"S":"B","i":8798422500,"W":"H","s":100,"p":15775},{"S":"B","i":8798423400,"W":"H","s":1000,"p":15766},{"S":"B","i":8798424000,"W":"H","s":5000,"p":15760},{"S":"B","i":8798424050,"W":"H","s":1000,"p":15759.5},{"S":"B","i":8798425000,"W":"H","s":100,"p":15750},{"S":"B","i":8798427500,"W":"H","s":100,"p":15725},{"S":"B","i":8798430000,"W":"H","s":100,"p":15700},{"S":"B","i":8798432500,"W":"H","s":100,"p":15675},{"S":"B","i":8798434000,"W":"H","s":5000,"p":15660},{"S":"B","i":8798435000,"W":"H","s":100,"p":15650},{"S":"B","i":8798437500,"W":"H","s":100,"p":15625},{"S":"B","i":8798440000,"W":"H","s":100,"p":15600},{"S":"B","i":8798442500,"W":"H","s":100,"p":15575},{"S":"B","i":8798445000,"W":"H","s":100,"p":15550},{"S":"B","i":8798447500,"W":"H","s":100,"p":15525},{"S":"B","i":8798450000,"W":"H","s":700,"p":15500},{"S":"B","i":8798450400,"W":"H","s":5000,"p":15496},{"S":"B","i":8798452500,"W":"H","s":100,"p":15475},{"S":"B","i":8798453400,"W":"H","s":1000,"p":15466},{"S":"B","i":8798455000,"W":"H","s":300,"p":15450},{"S":"B","i":8798457500,"W":"H","s":100,"p":15425},{"S":"B","i":8798460000,"W":"H","s":300,"p":15400},{"S":"B","i":8798462500,"W":"H","s":100,"p":15375},{"S":"B","i":8798465000,"W":"H","s":100,"p":15350},{"S":"B","i":8798467500,"W":"H","s":100,"p":15325},{"S":"B","i":8798467850,"W":"H","s":200,"p":15321.5},{"S":"B","i":8798469200,"W":"H","s":85,"p":15308},{"S":"B","i":8798470000,"W":"H","s":100,"p":15300},{"S":"B","i":8798470450,"W":"H","s":90,"p":15295.5},{"S":"B","i":8798475000,"W":"H","s":100,"p":15250},{"S":"B","i":8798477000,"W":"H","s":100,"p":15230},{"S":"B","i":8798480000,"W":"H","s":110,"p":15200},{"S":"B","i":8798485000,"W":"H","s":100,"p":15150},{"S":"B","i":8798486400,"W":"H","s":1000,"p":15136},{"S":"B","i":8798490000,"W":"H","s":100,"p":15100},{"S":"B","i":8798495000,"W":"H","s":100,"p":15050},{"S":"B","i":8798500000,"W":"H","s":54448,"p":15000},{"S":"B","i":8798504550,"W":"H","s":1000,"p":14954.5},{"S":"B","i":8798505000,"W":"H","s":500,"p":14950},{"S":"B","i":8798510000,"W":"H","s":200,"p":14900},{"S":"B","i":8798510600,"W":"H","s":43,"p":14894},{"S":"B","i":8798515000,"W":"H","s":248,"p":14850},{"S":"B","i":8798517800,"W":"H","s":1000,"p":14822},{"S":"B","i":8798520000,"W":"H","s":200,"p":14800},{"S":"B","i":8798524800,"W":"H","s":1000,"p":14752},{"S":"B","i":8798525000,"W":"H","s":200,"p":14750},{"S":"B","i":8798530000,"W":"H","s":4200,"p":14700},{"S":"B","i":8798535000,"W":"H","s":200,"p":14650},{"S":"B","i":8798535900,"W":"H","s":1465,"p":14641},{"S":"B","i":8798540000,"W":"H","s":200,"p":14600},{"S":"B","i":8798542100,"W":"H","s":29000,"p":14579},{"S":"B","i":8798545000,"W":"H","s":200,"p":14550},{"S":"B","i":8798550000,"W":"H","s":700,"p":14500},{"S":"B","i":8798552850,"W":"H","s":100,"p":14471.5},{"S":"B","i":8798555000,"W":"H","s":200,"p":14450},{"S":"B","i":8798555300,"W":"H","s":5000,"p":14447},{"S":"B","i":8798558700,"W":"H","s":150,"p":14413},{"S":"B","i":8798560000,"W":"H","s":200,"p":14400},{"S":"B","i":8798561200,"W":"H","s":1000,"p":14388},{"S":"B","i":8798565000,"W":"H","s":200,"p":14350},{"S":"B","i":8798570000,"W":"H","s":1500,"p":14300},{"S":"B","i":8798575000,"W":"H","s":200,"p":14250},{"S":"B","i":8798575800,"W":"H","s":1500,"p":14242},{"S":"B","i":8798580000,"W":"H","s":200,"p":14200},{"S":"B","i":8798581200,"W":"H","s":400,"p":14188},{"S":"B","i":8798585000,"W":"H","s":200,"p":14150},{"S":"B","i":8798590000,"W":"H","s":200,"p":14100},{"S":"B","i":8798595000,"W":"H","s":200,"p":14050},{"S":"B","i":8798600000,"W":"H","s":8525,"p":14000},{"S":"B","i":8798601300,"W":"H","s":1000,"p":13987},{"S":"B","i":8798605000,"W":"H","s":100,"p":13950},{"S":"B","i":8798610000,"W":"H","s":2600,"p":13900},{"S":"B","i":8798611000,"W":"H","s":5000,"p":13890},{"S":"B","i":8798615000,"W":"H","s":200,"p":13850},{"S":"B","i":8798620000,"W":"H","s":200,"p":13800},{"S":"B","i":8798625000,"W":"H","s":200,"p":13750},{"S":"B","i":8798630000,"W":"H","s":200,"p":13700},{"S":"B","i":8798635000,"W":"H","s":200,"p":13650},{"S":"B","i":8798635300,"W":"H","s":1000,"p":13647},{"S":"B","i":8798640000,"W":"H","s":200,"p":13600},{"S":"B","i":8798644350,"W":"H","s":100,"p":13556.5},{"S":"B","i":8798645000,"W":"H","s":200,"p":13550},{"S":"B","i":8798650000,"W":"H","s":25360,"p":13500},{"S":"B","i":8798655000,"W":"H","s":350,"p":13450},{"S":"B","i":8798660000,"W":"H","s":100,"p":13400},{"S":"B","i":8798669000,"W":"H","s":1332,"p":13310},{"S":"B","i":8798670000,"W":"H","s":100,"p":13300},{"S":"B","i":8798675000,"W":"H","s":360,"p":13250},{"S":"B","i":8798678600,"W":"H","s":1000,"p":13214},{"S":"B","i":8798680000,"W":"H","s":400,"p":13200},{"S":"B","i":8798685000,"W":"H","s":100,"p":13150},{"S":"B","i":8798690000,"W":"H","s":100,"p":13100},{"S":"B","i":8798695000,"W":"H","s":100,"p":13050},{"S":"B","i":8798700000,"W":"H","s":15372,"p":13000},{"S":"B","i":8798700200,"W":"H","s":150,"p":12998},{"S":"B","i":8798702050,"W":"H","s":2000,"p":12979.5},{"S":"B","i":8798705000,"W":"H","s":350,"p":12950},{"S":"B","i":8798710000,"W":"H","s":100,"p":12900},{"S":"B","i":8798712000,"W":"H","s":100,"p":12880},{"S":"B","i":8798712300,"W":"H","s":1000,"p":12877},{"S":"B","i":8798720000,"W":"H","s":20100,"p":12800},{"S":"B","i":8798724000,"W":"H","s":5000,"p":12760},{"S":"B","i":8798725000,"W":"H","s":100,"p":12750},{"S":"B","i":8798728100,"W":"H","s":200,"p":12719},{"S":"B","i":8798730000,"W":"H","s":200,"p":12700},{"S":"B","i":8798738700,"W":"H","s":631,"p":12613},{"S":"B","i":8798740000,"W":"H","s":200,"p":12600},{"S":"B","i":8798743500,"W":"H","s":8,"p":12565},{"S":"B","i":8798745300,"W":"H","s":1000,"p":12547},{"S":"B","i":8798750000,"W":"H","s":8160,"p":12500},{"S":"B","i":8798751500,"W":"H","s":600,"p":12485},{"S":"B","i":8798755000,"W":"H","s":250,"p":12450},{"S":"B","i":8798760000,"W":"H","s":500,"p":12400},{"S":"B","i":8798770000,"W":"H","s":100,"p":12300},{"S":"B","i":8798775000,"W":"H","s":100,"p":12250},{"S":"B","i":8798777550,"W":"H","s":29,"p":12224.5},{"S":"B","i":8798780000,"W":"H","s":550,"p":12200},{"S":"B","i":8798780750,"W":"H","s":5,"p":12192.5},{"S":"B","i":8798790000,"W":"H","s":1411,"p":12100},{"S":"B","i":8798795000,"W":"H","s":2000,"p":12050},{"S":"B","i":8798799500,"W":"H","s":4,"p":12005},{"S":"B","i":8798800000,"W":"H","s":27574,"p":12000},{"S":"B","i":8798800100,"W":"H","s":10000,"p":11999},{"S":"B","i":8798801750,"W":"H","s":2000,"p":11982.5},{"S":"B","i":8798805000,"W":"H","s":550,"p":11950},{"S":"B","i":8798805600,"W":"H","s":1000,"p":11944},{"S":"B","i":8798805950,"W":"H","s":5000,"p":11940.5},{"S":"B","i":8798807700,"W":"H","s":1,"p":11923},{"S":"B","i":8798810000,"W":"H","s":298,"p":11900},{"S":"B","i":8798811350,"W":"H","s":50,"p":11886.5},{"S":"B","i":8798812100,"W":"H","s":50,"p":11879},{"S":"B","i":8798812400,"W":"H","s":8639,"p":11876},{"S":"B","i":8798815150,"W":"H","s":30,"p":11848.5},{"S":"B","i":8798818000,"W":"H","s":30,"p":11820},{"S":"B","i":8798819000,"W":"H","s":30,"p":11810},{"S":"B","i":8798820000,"W":"H","s":678,"p":11800},{"S":"B","i":8798821000,"W":"H","s":60,"p":11790},{"S":"B","i":8798821200,"W":"H","s":500,"p":11788},{"S":"B","i":8798821450,"W":"H","s":1,"p":11785.5},{"S":"B","i":8798822000,"W":"H","s":30,"p":11780},{"S":"B","i":8798822150,"W":"H","s":50,"p":11778.5},{"S":"B","i":8798822300,"W":"H","s":13707,"p":11777},{"S":"B","i":8798823000,"W":"H","s":30,"p":11770},{"S":"B","i":8798823600,"W":"H","s":100,"p":11764},{"S":"B","i":8798824000,"W":"H","s":60,"p":11760},{"S":"B","i":8798825000,"W":"H","s":390,"p":11750},{"S":"B","i":8798826000,"W":"H","s":30,"p":11740},{"S":"B","i":8798827000,"W":"H","s":60,"p":11730},{"S":"B","i":8798828000,"W":"H","s":30,"p":11720},{"S":"B","i":8798829000,"W":"H","s":30,"p":11710},{"S":"B","i":8798830000,"W":"H","s":35608,"p":11700},{"S":"B","i":8798831000,"W":"H","s":30,"p":11690},{"S":"B","i":8798832300,"W":"H","s":10000,"p":11677},{"S":"B","i":8798835600,"W":"H","s":1000,"p":11644},{"S":"B","i":8798839500,"W":"H","s":21000,"p":11605},{"S":"B","i":8798840000,"W":"H","s":21638,"p":11600},{"S":"B","i":8798840200,"W":"H","s":10000,"p":11598},{"S":"B","i":8798841700,"W":"H","s":1159,"p":11583},{"S":"B","i":8798841800,"W":"H","s":200,"p":11582},{"S":"B","i":8798842500,"W":"H","s":30,"p":11575},{"S":"B","i":8798845100,"W":"H","s":800,"p":11549},{"S":"B","i":8798848200,"W":"H","s":600,"p":11518},{"S":"B","i":8798849200,"W":"H","s":109080,"p":11508},{"S":"B","i":8798850000,"W":"H","s":51198,"p":11500},{"S":"B","i":8798850850,"W":"H","s":300,"p":11491.5},{"S":"B","i":8798851300,"W":"H","s":500,"p":11487},{"S":"B","i":8798852100,"W":"H","s":5000,"p":11479},{"S":"B","i":8798855000,"W":"H","s":250,"p":11450},{"S":"B","i":8798857000,"W":"H","s":300,"p":11430},{"S":"B","i":8798857400,"W":"H","s":300,"p":11426},{"S":"B","i":8798858800,"W":"H","s":100000,"p":11412},{"S":"B","i":8798860000,"W":"H","s":13198,"p":11400},{"S":"B","i":8798866700,"W":"H","s":12710,"p":11333},{"S":"B","i":8798870000,"W":"H","s":448,"p":11300},{"S":"B","i":8798870550,"W":"H","s":20,"p":11294.5},{"S":"B","i":8798871000,"W":"H","s":50650,"p":11290},{"S":"B","i":8798875000,"W":"H","s":200,"p":11250},{"S":"B","i":8798875050,"W":"H","s":10000,"p":11249.5},{"S":"B","i":8798875150,"W":"H","s":29,"p":11248.5},{"S":"B","i":8798879100,"W":"H","s":11000,"p":11209},{"S":"B","i":8798880000,"W":"H","s":1348,"p":11200},{"S":"B","i":8798880100,"W":"H","s":245,"p":11199},{"S":"B","i":8798880250,"W":"H","s":250000,"p":11197.5},{"S":"B","i":8798881700,"W":"H","s":250,"p":11183},{"S":"B","i":8798885000,"W":"H","s":32001,"p":11150},{"S":"B","i":8798885550,"W":"H","s":2200,"p":11144.5},{"S":"B","i":8798888900,"W":"H","s":10000,"p":11111},{"S":"B","i":8798890000,"W":"H","s":2984,"p":11100},{"S":"B","i":8798890500,"W":"H","s":12000,"p":11095},{"S":"B","i":8798890600,"W":"H","s":300,"p":11094},{"S":"B","i":8798899400,"W":"H","s":5000,"p":11006},{"S":"B","i":8798900000,"W":"H","s":59912,"p":11000},{"S":"B","i":8798902400,"W":"H","s":800,"p":10976},{"S":"B","i":8798902500,"W":"H","s":30,"p":10975},{"S":"B","i":8798903000,"W":"H","s":10000,"p":10970},{"S":"B","i":8798903150,"W":"H","s":28,"p":10968.5},{"S":"B","i":8798905000,"W":"H","s":450,"p":10950},{"S":"B","i":8798907500,"W":"H","s":30,"p":10925},{"S":"B","i":8798910000,"W":"H","s":80098,"p":10900},{"S":"B","i":8798910850,"W":"H","s":50,"p":10891.5},{"S":"B","i":8798911200,"W":"H","s":103000,"p":10888},{"S":"B","i":8798913150,"W":"H","s":28,"p":10868.5},{"S":"B","i":8798915000,"W":"H","s":200,"p":10850},{"S":"B","i":8798917000,"W":"H","s":200,"p":10830},{"S":"B","i":8798919100,"W":"H","s":300,"p":10809},{"S":"B","i":8798920000,"W":"H","s":2350,"p":10800},{"S":"B","i":8798920950,"W":"H","s":18800,"p":10790.5},{"S":"B","i":8798923000,"W":"H","s":10000,"p":10770},{"S":"B","i":8798925000,"W":"H","s":20200,"p":10750},{"S":"B","i":8798925600,"W":"H","s":1000,"p":10744},{"S":"B","i":8798928500,"W":"H","s":1,"p":10715},{"S":"B","i":8798930000,"W":"H","s":2450,"p":10700},{"S":"B","i":8798930150,"W":"H","s":27,"p":10698.5},{"S":"B","i":8798931000,"W":"H","s":70000,"p":10690},{"S":"B","i":8798933400,"W":"H","s":1000,"p":10666},{"S":"B","i":8798937500,"W":"H","s":250,"p":10625},{"S":"B","i":8798937900,"W":"H","s":800,"p":10621},{"S":"B","i":8798940000,"W":"H","s":50,"p":10600},{"S":"B","i":8798943000,"W":"H","s":10000,"p":10570},{"S":"B","i":8798944950,"W":"H","s":4000,"p":10550.5},{"S":"B","i":8798947700,"W":"H","s":100,"p":10523},{"S":"B","i":8798950000,"W":"H","s":11320,"p":10500},{"S":"B","i":8798951150,"W":"H","s":27,"p":10488.5},{"S":"B","i":8798951850,"W":"H","s":10000,"p":10481.5},{"S":"B","i":8798953000,"W":"H","s":300,"p":10470},{"S":"B","i":8798953900,"W":"H","s":300,"p":10461},{"S":"B","i":8798955000,"W":"H","s":250,"p":10450},{"S":"B","i":8798955600,"W":"H","s":1000,"p":10444},{"S":"B","i":8798956700,"W":"H","s":96324,"p":10433},{"S":"B","i":8798957600,"W":"H","s":1043,"p":10424},{"S":"B","i":8798959250,"W":"H","s":500,"p":10407.5},{"S":"B","i":8798960000,"W":"H","s":50,"p":10400},{"S":"B","i":8798961500,"W":"H","s":26000,"p":10385},{"S":"B","i":8798962600,"W":"H","s":2200,"p":10374},{"S":"B","i":8798964000,"W":"H","s":10,"p":10360},{"S":"B","i":8798969150,"W":"H","s":500,"p":10308.5},{"S":"B","i":8798969350,"W":"H","s":100,"p":10306.5},{"S":"B","i":8798970000,"W":"H","s":50350,"p":10300},{"S":"B","i":8798975000,"W":"H","s":460,"p":10250},{"S":"B","i":8798975300,"W":"H","s":8000,"p":10247},{"S":"B","i":8798975600,"W":"H","s":5000,"p":10244},{"S":"B","i":8798976700,"W":"H","s":500,"p":10233},{"S":"B","i":8798979000,"W":"H","s":30000,"p":10210},{"S":"B","i":8798980000,"W":"H","s":6250,"p":10200},{"S":"B","i":8798982350,"W":"H","s":30,"p":10176.5},{"S":"B","i":8798983200,"W":"H","s":2500,"p":10168},{"S":"B","i":8798983800,"W":"H","s":5500,"p":10162},{"S":"B","i":8798984950,"W":"H","s":4000,"p":10150.5},{"S":"B","i":8798989100,"W":"H","s":300,"p":10109},{"S":"B","i":8798989350,"W":"H","s":50,"p":10106.5},{"S":"B","i":8798990000,"W":"H","s":730,"p":10100},{"S":"B","i":8798991000,"W":"H","s":2400,"p":10090},{"S":"B","i":8798992300,"W":"H","s":1,"p":10077},{"S":"B","i":8798992350,"W":"H","s":30,"p":10076.5},{"S":"B","i":8798992500,"W":"H","s":10,"p":10075},{"S":"B","i":8798993900,"W":"H","s":30,"p":10061},{"S":"B","i":8798995000,"W":"H","s":10200,"p":10050},{"S":"B","i":8798995300,"W":"H","s":30,"p":10047},{"S":"B","i":8798995600,"W":"H","s":300,"p":10044},{"S":"B","i":8798995700,"W":"H","s":26,"p":10043},{"S":"B","i":8798996050,"W":"H","s":250,"p":10039.5},{"S":"B","i":8798997000,"W":"H","s":500,"p":10030},{"S":"B","i":8798997100,"W":"H","s":50,"p":10029},{"S":"B","i":8798997700,"W":"H","s":26,"p":10023},{"S":"B","i":8798999000,"W":"H","s":440,"p":10010},{"S":"B","i":8798999500,"W":"H","s":1,"p":10005},{"S":"B","i":8798999700,"W":"H","s":26,"p":10003},{"S":"B","i":8799000000,"W":"H","s":1349797,"p":10000},{"S":"B","i":8799000100,"W":"H","s":1297020,"p":9999},{"S":"B","i":8799000300,"W":"H","s":50,"p":9997},{"S":"B","i":8799000350,"W":"H","s":1000,"p":9996.5},{"S":"B","i":8799000450,"W":"H","s":2014,"p":9995.5},{"S":"B","i":8799000650,"W":"H","s":602,"p":9993.5},{"S":"B","i":8799000700,"W":"H","s":50,"p":9993},{"S":"B","i":8799000750,"W":"H","s":2000,"p":9992.5},{"S":"B","i":8799001150,"W":"H","s":325,"p":9988.5},{"S":"B","i":8799001200,"W":"H","s":2500,"p":9988},{"S":"B","i":8799001300,"W":"H","s":8000,"p":9987},{"S":"B","i":8799001400,"W":"H","s":500,"p":9986},{"S":"B","i":8799001500,"W":"H","s":15000,"p":9985},{"S":"B","i":8799001700,"W":"H","s":25,"p":9983},{"S":"B","i":8799002000,"W":"H","s":1000,"p":9980},{"S":"B","i":8799002200,"W":"H","s":8000,"p":9978},{"S":"B","i":8799002500,"W":"H","s":500,"p":9975},{"S":"B","i":8799003000,"W":"H","s":30010,"p":9970},{"S":"B","i":8799003400,"W":"H","s":2500,"p":9966},{"S":"B","i":8799003550,"W":"H","s":30,"p":9964.5},{"S":"B","i":8799003600,"W":"H","s":250,"p":9964},{"S":"B","i":8799003700,"W":"H","s":425,"p":9963},{"S":"B","i":8799003950,"W":"H","s":250,"p":9960.5},{"S":"B","i":8799004100,"W":"H","s":1000000,"p":9959},{"S":"B","i":8799004150,"W":"H","s":2000,"p":9958.5},{"S":"B","i":8799005000,"W":"H","s":34099,"p":9950},{"S":"B","i":8799005100,"W":"H","s":400,"p":9949},{"S":"B","i":8799005700,"W":"H","s":25,"p":9943},{"S":"B","i":8799006000,"W":"H","s":100,"p":9940},{"S":"B","i":8799006100,"W":"H","s":5000,"p":9939},{"S":"B","i":8799006500,"W":"H","s":20000,"p":9935},{"S":"B","i":8799006700,"W":"H","s":25,"p":9933},{"S":"B","i":8799007150,"W":"H","s":467,"p":9928.5},{"S":"B","i":8799007300,"W":"H","s":5000,"p":9927},{"S":"B","i":8799007500,"W":"H","s":4250,"p":9925},{"S":"B","i":8799007700,"W":"H","s":25,"p":9923},{"S":"B","i":8799008200,"W":"H","s":1600,"p":9918},{"S":"B","i":8799009000,"W":"H","s":34,"p":9910},{"S":"B","i":8799009400,"W":"H","s":125,"p":9906},{"S":"B","i":8799009500,"W":"H","s":50,"p":9905},{"S":"B","i":8799009700,"W":"H","s":3025,"p":9903},{"S":"B","i":8799010000,"W":"H","s":3420,"p":9900},{"S":"B","i":8799010100,"W":"H","s":1500,"p":9899},{"S":"B","i":8799011000,"W":"H","s":1000,"p":9890},{"S":"B","i":8799011100,"W":"H","s":2500,"p":9889},{"S":"B","i":8799011200,"W":"H","s":393400,"p":9888},{"S":"B","i":8799011500,"W":"H","s":600,"p":9885},{"S":"B","i":8799012500,"W":"H","s":450,"p":9875},{"S":"B","i":8799013000,"W":"H","s":2701,"p":9870},{"S":"B","i":8799013550,"W":"H","s":30,"p":9864.5},{"S":"B","i":8799013700,"W":"H","s":25,"p":9863},{"S":"B","i":8799013950,"W":"H","s":200,"p":9860.5},{"S":"B","i":8799014150,"W":"H","s":310,"p":9858.5},{"S":"B","i":8799014300,"W":"H","s":457,"p":9857},{"S":"B","i":8799014500,"W":"H","s":4500,"p":9855},{"S":"B","i":8799014850,"W":"H","s":5503,"p":9851.5},{"S":"B","i":8799015000,"W":"H","s":14530,"p":9850},{"S":"B","i":8799015300,"W":"H","s":400,"p":9847},{"S":"B","i":8799015500,"W":"H","s":20000,"p":9845},{"S":"B","i":8799015700,"W":"H","s":25,"p":9843},{"S":"B","i":8799016000,"W":"H","s":10000,"p":9840},{"S":"B","i":8799016400,"W":"H","s":100,"p":9836},{"S":"B","i":8799016700,"W":"H","s":25,"p":9833},{"S":"B","i":8799016750,"W":"H","s":50,"p":9832.5},{"S":"B","i":8799017300,"W":"H","s":2000,"p":9827},{"S":"B","i":8799017700,"W":"H","s":25,"p":9823},{"S":"B","i":8799018500,"W":"H","s":25,"p":9815},{"S":"B","i":8799019000,"W":"H","s":1800,"p":9810},{"S":"B","i":8799019150,"W":"H","s":400,"p":9808.5},{"S":"B","i":8799019700,"W":"H","s":25,"p":9803},{"S":"B","i":8799019850,"W":"H","s":250,"p":9801.5},{"S":"B","i":8799019900,"W":"H","s":300,"p":9801},{"S":"B","i":8799020000,"W":"H","s":10463,"p":9800},{"S":"B","i":8799020100,"W":"H","s":1500,"p":9799},{"S":"B","i":8799021000,"W":"H","s":700,"p":9790},{"S":"B","i":8799021200,"W":"H","s":300,"p":9788},{"S":"B","i":8799021450,"W":"H","s":448,"p":9785.5},{"S":"B","i":8799021700,"W":"H","s":25,"p":9783},{"S":"B","i":8799022500,"W":"H","s":200,"p":9775},{"S":"B","i":8799023550,"W":"H","s":30,"p":9764.5},{"S":"B","i":8799023700,"W":"H","s":25,"p":9763},{"S":"B","i":8799024050,"W":"H","s":10000,"p":9759.5},{"S":"B","i":8799025000,"W":"H","s":30500,"p":9750},{"S":"B","i":8799025100,"W":"H","s":400,"p":9749},{"S":"B","i":8799025700,"W":"H","s":25,"p":9743},{"S":"B","i":8799026000,"W":"H","s":12857,"p":9740},{"S":"B","i":8799026400,"W":"H","s":400,"p":9736},{"S":"B","i":8799026600,"W":"H","s":974,"p":9734},{"S":"B","i":8799026700,"W":"H","s":25,"p":9733},{"S":"B","i":8799027000,"W":"H","s":3500,"p":9730},{"S":"B","i":8799027700,"W":"H","s":25,"p":9723},{"S":"B","i":8799027800,"W":"H","s":2400,"p":9722},{"S":"B","i":8799028550,"W":"H","s":438,"p":9714.5},{"S":"B","i":8799029500,"W":"H","s":1100,"p":9705},{"S":"B","i":8799029700,"W":"H","s":25,"p":9703},{"S":"B","i":8799029950,"W":"H","s":70,"p":9700.5},{"S":"B","i":8799030000,"W":"H","s":1179,"p":9700},{"S":"B","i":8799030050,"W":"H","s":100,"p":9699.5},{"S":"B","i":8799030100,"W":"H","s":1500,"p":9699},{"S":"B","i":8799030300,"W":"H","s":2500,"p":9697},{"S":"B","i":8799031000,"W":"H","s":9000,"p":9690},{"S":"B","i":8799031500,"W":"H","s":1,"p":9685},{"S":"B","i":8799031600,"W":"H","s":400,"p":9684},{"S":"B","i":8799032000,"W":"H","s":1500,"p":9680},{"S":"B","i":8799032050,"W":"H","s":100,"p":9679.5},{"S":"B","i":8799032500,"W":"H","s":200,"p":9675},{"S":"B","i":8799033000,"W":"H","s":700,"p":9670},{"S":"B","i":8799033400,"W":"H","s":1000,"p":9666},{"S":"B","i":8799033550,"W":"H","s":30,"p":9664.5},{"S":"B","i":8799033700,"W":"H","s":25,"p":9663},{"S":"B","i":8799033900,"W":"H","s":300,"p":9661},{"S":"B","i":8799034050,"W":"H","s":100,"p":9659.5},{"S":"B","i":8799034200,"W":"H","s":500,"p":9658},{"S":"B","i":8799035000,"W":"H","s":20300,"p":9650},{"S":"B","i":8799035400,"W":"H","s":400,"p":9646},{"S":"B","i":8799035700,"W":"H","s":453,"p":9643},{"S":"B","i":8799035900,"W":"H","s":500,"p":9641},{"S":"B","i":8799036050,"W":"H","s":100,"p":9639.5},{"S":"B","i":8799036500,"W":"H","s":200,"p":9635},{"S":"B","i":8799036700,"W":"H","s":50,"p":9633},{"S":"B","i":8799037500,"W":"H","s":100,"p":9625},{"S":"B","i":8799037700,"W":"H","s":25,"p":9623},{"S":"B","i":8799038000,"W":"H","s":1100,"p":9620},{"S":"B","i":8799038050,"W":"H","s":100,"p":9619.5},{"S":"B","i":8799038700,"W":"H","s":200,"p":9613},{"S":"B","i":8799039000,"W":"H","s":20,"p":9610},{"S":"B","i":8799039700,"W":"H","s":25,"p":9603},{"S":"B","i":8799040000,"W":"H","s":4280,"p":9600},{"S":"B","i":8799040050,"W":"H","s":301,"p":9599.5},{"S":"B","i":8799040100,"W":"H","s":1500,"p":9599},{"S":"B","i":8799040550,"W":"H","s":405,"p":9594.5},{"S":"B","i":8799041000,"W":"H","s":1600,"p":9590},{"S":"B","i":8799042000,"W":"H","s":4100,"p":9580},{"S":"B","i":8799042500,"W":"H","s":200,"p":9575},{"S":"B","i":8799042850,"W":"H","s":419,"p":9571.5},{"S":"B","i":8799043000,"W":"H","s":300,"p":9570},{"S":"B","i":8799043250,"W":"H","s":30,"p":9567.5},{"S":"B","i":8799043400,"W":"H","s":1000,"p":9566},{"S":"B","i":8799043700,"W":"H","s":25,"p":9563},{"S":"B","i":8799043950,"W":"H","s":200,"p":9560.5},{"S":"B","i":8799044000,"W":"H","s":1100,"p":9560},{"S":"B","i":8799044850,"W":"H","s":250,"p":9551.5},{"S":"B","i":8799044950,"W":"H","s":400,"p":9550.5},{"S":"B","i":8799045000,"W":"H","s":12700,"p":9550},{"S":"B","i":8799045150,"W":"H","s":500,"p":9548.5},{"S":"B","i":8799045500,"W":"H","s":20000,"p":9545},{"S":"B","i":8799045700,"W":"H","s":125,"p":9543},{"S":"B","i":8799046450,"W":"H","s":2700,"p":9535.5},{"S":"B","i":8799046700,"W":"H","s":25,"p":9533},{"S":"B","i":8799047000,"W":"H","s":10000,"p":9530},{"S":"B","i":8799047300,"W":"H","s":143,"p":9527},{"S":"B","i":8799047700,"W":"H","s":25,"p":9523},{"S":"B","i":8799048950,"W":"H","s":1,"p":9510.5},{"S":"B","i":8799049700,"W":"H","s":25,"p":9503},{"S":"B","i":8799050000,"W":"H","s":124614,"p":9500},{"S":"B","i":8799050050,"W":"H","s":100,"p":9499.5},{"S":"B","i":8799050100,"W":"H","s":1600,"p":9499},{"S":"B","i":8799050150,"W":"H","s":500,"p":9498.5},{"S":"B","i":8799051650,"W":"H","s":1,"p":9483.5},{"S":"B","i":8799052000,"W":"H","s":2200,"p":9480},{"S":"B","i":8799052100,"W":"H","s":189,"p":9479},{"S":"B","i":8799052150,"W":"H","s":280,"p":9478.5},{"S":"B","i":8799052500,"W":"H","s":200,"p":9475},{"S":"B","i":8799052900,"W":"H","s":500,"p":9471},{"S":"B","i":8799053000,"W":"H","s":250,"p":9470},{"S":"B","i":8799053400,"W":"H","s":1000,"p":9466},{"S":"B","i":8799053700,"W":"H","s":25,"p":9463},{"S":"B","i":8799054650,"W":"H","s":400,"p":9453.5},{"S":"B","i":8799054950,"W":"H","s":10000,"p":9450.5},{"S":"B","i":8799055000,"W":"H","s":109100,"p":9450},{"S":"B","i":8799055600,"W":"H","s":300000,"p":9444},{"S":"B","i":8799055700,"W":"H","s":25,"p":9443},{"S":"B","i":8799055800,"W":"H","s":10000,"p":9442},{"S":"B","i":8799056100,"W":"H","s":50,"p":9439},{"S":"B","i":8799056350,"W":"H","s":30,"p":9436.5},{"S":"B","i":8799056600,"W":"H","s":3000,"p":9434},{"S":"B","i":8799056700,"W":"H","s":25,"p":9433},{"S":"B","i":8799057150,"W":"H","s":399,"p":9428.5},{"S":"B","i":8799057700,"W":"H","s":25,"p":9423},{"S":"B","i":8799058350,"W":"H","s":100,"p":9416.5},{"S":"B","i":8799058450,"W":"H","s":100,"p":9415.5},{"S":"B","i":8799058500,"W":"H","s":100,"p":9415},{"S":"B","i":8799058800,"W":"H","s":500,"p":9412},{"S":"B","i":8799059000,"W":"H","s":1000,"p":9410},{"S":"B","i":8799059700,"W":"H","s":25,"p":9403},{"S":"B","i":8799059800,"W":"H","s":86,"p":9402},{"S":"B","i":8799060000,"W":"H","s":218155,"p":9400},{"S":"B","i":8799060100,"W":"H","s":1802,"p":9399},{"S":"B","i":8799061600,"W":"H","s":500,"p":9384},{"S":"B","i":8799061800,"W":"H","s":2750,"p":9382},{"S":"B","i":8799061850,"W":"H","s":10000,"p":9381.5},{"S":"B","i":8799062000,"W":"H","s":102710,"p":9380},{"S":"B","i":8799062500,"W":"H","s":200,"p":9375},{"S":"B","i":8799063200,"W":"H","s":5000,"p":9368},{"S":"B","i":8799063600,"W":"H","s":30,"p":9364},{"S":"B","i":8799063700,"W":"H","s":25,"p":9363},{"S":"B","i":8799064300,"W":"H","s":389,"p":9357},{"S":"B","i":8799065000,"W":"H","s":112730,"p":9350},{"S":"B","i":8799065200,"W":"H","s":140,"p":9348},{"S":"B","i":8799065700,"W":"H","s":25,"p":9343},{"S":"B","i":8799066200,"W":"H","s":500,"p":9338},{"S":"B","i":8799066500,"W":"H","s":20000,"p":9335},{"S":"B","i":8799067000,"W":"H","s":467,"p":9330},{"S":"B","i":8799067400,"W":"H","s":125,"p":9326},{"S":"B","i":8799067700,"W":"H","s":25,"p":9323},{"S":"B","i":8799067950,"W":"H","s":250,"p":9320.5},{"S":"B","i":8799069200,"W":"H","s":3700,"p":9308},{"S":"B","i":8799069700,"W":"H","s":25,"p":9303},{"S":"B","i":8799070000,"W":"H","s":30778,"p":9300},{"S":"B","i":8799070100,"W":"H","s":1600,"p":9299},{"S":"B","i":8799070200,"W":"H","s":10000,"p":9298},{"S":"B","i":8799070650,"W":"H","s":1000,"p":9293.5},{"S":"B","i":8799070900,"W":"H","s":200,"p":9291},{"S":"B","i":8799071450,"W":"H","s":380,"p":9285.5},{"S":"B","i":8799071650,"W":"H","s":551,"p":9283.5},{"S":"B","i":8799072000,"W":"H","s":100000,"p":9280},{"S":"B","i":8799072300,"W":"H","s":20,"p":9277},{"S":"B","i":8799072500,"W":"H","s":1700,"p":9275},{"S":"B","i":8799073600,"W":"H","s":30,"p":9264},{"S":"B","i":8799073700,"W":"H","s":25,"p":9263},{"S":"B","i":8799073900,"W":"H","s":30,"p":9261},{"S":"B","i":8799073950,"W":"H","s":200,"p":9260.5},{"S":"B","i":8799075000,"W":"H","s":10530,"p":9250},{"S":"B","i":8799075300,"W":"H","s":30,"p":9247},{"S":"B","i":8799075500,"W":"H","s":2000,"p":9245},{"S":"B","i":8799075600,"W":"H","s":1000,"p":9244},{"S":"B","i":8799075700,"W":"H","s":525,"p":9243},{"S":"B","i":8799076400,"W":"H","s":10100,"p":9236},{"S":"B","i":8799076500,"W":"H","s":15000,"p":9235},{"S":"B","i":8799076700,"W":"H","s":25,"p":9233},{"S":"B","i":8799076900,"W":"H","s":200,"p":9231},{"S":"B","i":8799077500,"W":"H","s":10000,"p":9225},{"S":"B","i":8799077700,"W":"H","s":25,"p":9223},{"S":"B","i":8799078000,"W":"H","s":2000,"p":9220},{"S":"B","i":8799078550,"W":"H","s":370,"p":9214.5},{"S":"B","i":8799079050,"W":"H","s":500,"p":9209.5},{"S":"B","i":8799079500,"W":"H","s":200,"p":9205},{"S":"B","i":8799079700,"W":"H","s":25,"p":9203},{"S":"B","i":8799080000,"W":"H","s":8227,"p":9200},{"S":"B","i":8799080050,"W":"H","s":202,"p":9199.5},{"S":"B","i":8799080100,"W":"H","s":8600,"p":9199},{"S":"B","i":8799080400,"W":"H","s":460,"p":9196},{"S":"B","i":8799080900,"W":"H","s":94000,"p":9191},{"S":"B","i":8799081000,"W":"H","s":10000,"p":9190},{"S":"B","i":8799081400,"W":"H","s":2000,"p":9186},{"S":"B","i":8799081650,"W":"H","s":12422,"p":9183.5},{"S":"B","i":8799082000,"W":"H","s":350000,"p":9180},{"S":"B","i":8799082500,"W":"H","s":450,"p":9175},{"S":"B","i":8799083500,"W":"H","s":10125,"p":9165},{"S":"B","i":8799083550,"W":"H","s":30,"p":9164.5},{"S":"B","i":8799083700,"W":"H","s":25,"p":9163},{"S":"B","i":8799084000,"W":"H","s":5250,"p":9160},{"S":"B","i":8799084350,"W":"H","s":100,"p":9156.5},{"S":"B","i":8799084400,"W":"H","s":500,"p":9156},{"S":"B","i":8799084500,"W":"H","s":500,"p":9155},{"S":"B","i":8799084700,"W":"H","s":49945,"p":9153},{"S":"B","i":8799085000,"W":"H","s":296785,"p":9150},{"S":"B","i":8799085700,"W":"H","s":385,"p":9143},{"S":"B","i":8799085850,"W":"H","s":10000,"p":9141.5},{"S":"B","i":8799086700,"W":"H","s":25,"p":9133},{"S":"B","i":8799087700,"W":"H","s":25,"p":9123},{"S":"B","i":8799088000,"W":"H","s":2400,"p":9120},{"S":"B","i":8799088500,"W":"H","s":10000,"p":9115},{"S":"B","i":8799089200,"W":"H","s":4500,"p":9108},{"S":"B","i":8799089450,"W":"H","s":1000,"p":9105.5},{"S":"B","i":8799089700,"W":"H","s":525,"p":9103},{"S":"B","i":8799090000,"W":"H","s":5080,"p":9100},{"S":"B","i":8799090100,"W":"H","s":1600,"p":9099},{"S":"B","i":8799091350,"W":"H","s":30,"p":9086.5},{"S":"B","i":8799091500,"W":"H","s":500,"p":9085},{"S":"B","i":8799092000,"W":"H","s":1000,"p":9080},{"S":"B","i":8799092100,"W":"H","s":1454,"p":9079},{"S":"B","i":8799092200,"W":"H","s":163930,"p":9078},{"S":"B","i":8799092500,"W":"H","s":200,"p":9075},{"S":"B","i":8799092850,"W":"H","s":350,"p":9071.5},{"S":"B","i":8799093000,"W":"H","s":380000,"p":9070},{"S":"B","i":8799093700,"W":"H","s":25,"p":9063},{"S":"B","i":8799095000,"W":"H","s":17550,"p":9050},{"S":"B","i":8799095950,"W":"H","s":2000,"p":9040.5},{"S":"B","i":8799096000,"W":"H","s":452,"p":9040},{"S":"B","i":8799096400,"W":"H","s":123452,"p":9036},{"S":"B","i":8799096700,"W":"H","s":180025,"p":9033},{"S":"B","i":8799097700,"W":"H","s":25,"p":9023},{"S":"B","i":8799097900,"W":"H","s":70,"p":9021},{"S":"B","i":8799098000,"W":"H","s":200,"p":9020},{"S":"B","i":8799098600,"W":"H","s":172869,"p":9014},{"S":"B","i":8799099450,"W":"H","s":1000,"p":9005.5},{"S":"B","i":8799099500,"W":"H","s":123634,"p":9005},{"S":"B","i":8799099900,"W":"H","s":25,"p":9001},{"S":"B","i":8799100000,"W":"H","s":110333,"p":9000},{"S":"B","i":8799100050,"W":"H","s":206,"p":8999.5},{"S":"B","i":8799100100,"W":"H","s":10751,"p":8999},{"S":"B","i":8799100200,"W":"H","s":150,"p":8998},{"S":"B","i":8799100250,"W":"H","s":5000,"p":8997.5},{"S":"B","i":8799100500,"W":"H","s":5000,"p":8995},{"S":"B","i":8799101200,"W":"H","s":2700,"p":8988},{"S":"B","i":8799101300,"W":"H","s":122061,"p":8987},{"S":"B","i":8799101350,"W":"H","s":30,"p":8986.5},{"S":"B","i":8799101500,"W":"H","s":100,"p":8985},{"S":"B","i":8799102000,"W":"H","s":124538,"p":8980},{"S":"B","i":8799102050,"W":"H","s":600,"p":8979.5},{"S":"B","i":8799102500,"W":"H","s":200,"p":8975},{"S":"B","i":8799102600,"W":"H","s":500,"p":8974},{"S":"B","i":8799102700,"W":"H","s":1000,"p":8973},{"S":"B","i":8799103300,"W":"H","s":500,"p":8967},{"S":"B","i":8799103700,"W":"H","s":25,"p":8963},{"S":"B","i":8799104000,"W":"H","s":6300,"p":8960},{"S":"B","i":8799104100,"W":"H","s":60000,"p":8959},{"S":"B","i":8799104350,"W":"H","s":100,"p":8956.5},{"S":"B","i":8799105000,"W":"H","s":59950,"p":8950},{"S":"B","i":8799105300,"W":"H","s":122654,"p":8947},{"S":"B","i":8799105350,"W":"H","s":8000,"p":8946.5},{"S":"B","i":8799105700,"W":"H","s":100,"p":8943},{"S":"B","i":8799106000,"W":"H","s":5000,"p":8940},{"S":"B","i":8799106700,"W":"H","s":25,"p":8933},{"S":"B","i":8799107100,"W":"H","s":1000,"p":8929},{"S":"B","i":8799107150,"W":"H","s":331,"p":8928.5},{"S":"B","i":8799107700,"W":"H","s":525,"p":8923},{"S":"B","i":8799108000,"W":"H","s":1,"p":8920},{"S":"B","i":8799108700,"W":"H","s":40,"p":8913},{"S":"B","i":8799108800,"W":"H","s":175,"p":8912},{"S":"B","i":8799109000,"W":"H","s":300,"p":8910},{"S":"B","i":8799109350,"W":"H","s":13650,"p":8906.5},{"S":"B","i":8799109450,"W":"H","s":1000,"p":8905.5},{"S":"B","i":8799109800,"W":"H","s":1500,"p":8902},{"S":"B","i":8799110000,"W":"H","s":120280,"p":8900},{"S":"B","i":8799110100,"W":"H","s":4400,"p":8899},{"S":"B","i":8799110250,"W":"H","s":700,"p":8897.5},{"S":"B","i":8799110350,"W":"H","s":930,"p":8896.5},{"S":"B","i":8799111000,"W":"H","s":1015,"p":8890},{"S":"B","i":8799111100,"W":"H","s":2054,"p":8889},{"S":"B","i":8799111200,"W":"H","s":318800,"p":8888},{"S":"B","i":8799111500,"W":"H","s":500,"p":8885},{"S":"B","i":8799111700,"W":"H","s":2100,"p":8883},{"S":"B","i":8799112100,"W":"H","s":8000,"p":8879},{"S":"B","i":8799112300,"W":"H","s":20000,"p":8877},{"S":"B","i":8799112500,"W":"H","s":230,"p":8875},{"S":"B","i":8799112550,"W":"H","s":5000,"p":8874.5},{"S":"B","i":8799112600,"W":"H","s":1000,"p":8874},{"S":"B","i":8799113100,"W":"H","s":50,"p":8869},{"S":"B","i":8799113450,"W":"H","s":60,"p":8865.5},{"S":"B","i":8799114100,"W":"H","s":500,"p":8859},{"S":"B","i":8799114300,"W":"H","s":321,"p":8857},{"S":"B","i":8799114500,"W":"H","s":2000,"p":8855},{"S":"B","i":8799114700,"W":"H","s":25,"p":8853},{"S":"B","i":8799114800,"W":"H","s":175,"p":8852},{"S":"B","i":8799115000,"W":"H","s":17200,"p":8850},{"S":"B","i":8799115200,"W":"H","s":7000,"p":8848},{"S":"B","i":8799115950,"W":"H","s":2000,"p":8840.5},{"S":"B","i":8799116000,"W":"H","s":23250,"p":8840},{"S":"B","i":8799116200,"W":"H","s":103152,"p":8838},{"S":"B","i":8799116700,"W":"H","s":25,"p":8833},{"S":"B","i":8799117000,"W":"H","s":14500,"p":8830},{"S":"B","i":8799117600,"W":"H","s":1000,"p":8824},{"S":"B","i":8799117700,"W":"H","s":25,"p":8823},{"S":"B","i":8799117950,"W":"H","s":500,"p":8820.5},{"S":"B","i":8799118000,"W":"H","s":1500,"p":8820},{"S":"B","i":8799118200,"W":"H","s":500,"p":8818},{"S":"B","i":8799118950,"W":"H","s":3003,"p":8810.5},{"S":"B","i":8799119000,"W":"H","s":17001,"p":8810},{"S":"B","i":8799119450,"W":"H","s":1000,"p":8805.5},{"S":"B","i":8799119550,"W":"H","s":1500,"p":8804.5},{"S":"B","i":8799120000,"W":"H","s":45568,"p":8800},{"S":"B","i":8799120100,"W":"H","s":4145,"p":8799},{"S":"B","i":8799120500,"W":"H","s":41000,"p":8795},{"S":"B","i":8799120550,"W":"H","s":25,"p":8794.5},{"S":"B","i":8799121000,"W":"H","s":18800,"p":8790},{"S":"B","i":8799121200,"W":"H","s":100,"p":8788},{"S":"B","i":8799121300,"W":"H","s":10000,"p":8787},{"S":"B","i":8799121350,"W":"H","s":250,"p":8786.5},{"S":"B","i":8799121450,"W":"H","s":311,"p":8785.5},{"S":"B","i":8799121600,"W":"H","s":30000,"p":8784},{"S":"B","i":8799121800,"W":"H","s":500,"p":8782},{"S":"B","i":8799122350,"W":"H","s":30,"p":8776.5},{"S":"B","i":8799122500,"W":"H","s":200,"p":8775},{"S":"B","i":8799122550,"W":"H","s":2800,"p":8774.5},{"S":"B","i":8799122700,"W":"H","s":100,"p":8773},{"S":"B","i":8799123300,"W":"H","s":200,"p":8767},{"S":"B","i":8799123700,"W":"H","s":25,"p":8763},{"S":"B","i":8799124200,"W":"H","s":1250,"p":8758},{"S":"B","i":8799124500,"W":"H","s":40000,"p":8755},{"S":"B","i":8799124700,"W":"H","s":2000,"p":8753},{"S":"B","i":8799125000,"W":"H","s":11010,"p":8750},{"S":"B","i":8799125500,"W":"H","s":1000,"p":8745},{"S":"B","i":8799126350,"W":"H","s":500,"p":8736.5},{"S":"B","i":8799126500,"W":"H","s":5000,"p":8735},{"S":"B","i":8799126700,"W":"H","s":25,"p":8733},{"S":"B","i":8799127100,"W":"H","s":500,"p":8729},{"S":"B","i":8799127200,"W":"H","s":20000,"p":8728},{"S":"B","i":8799127250,"W":"H","s":9000,"p":8727.5},{"S":"B","i":8799127500,"W":"H","s":267,"p":8725},{"S":"B","i":8799127700,"W":"H","s":25,"p":8723},{"S":"B","i":8799128200,"W":"H","s":200,"p":8718},{"S":"B","i":8799128500,"W":"H","s":1025,"p":8715},{"S":"B","i":8799128550,"W":"H","s":302,"p":8714.5},{"S":"B","i":8799128900,"W":"H","s":2000,"p":8711},{"S":"B","i":8799129100,"W":"H","s":250,"p":8709},{"S":"B","i":8799129600,"W":"H","s":350,"p":8704},{"S":"B","i":8799130000,"W":"H","s":16505,"p":8700},{"S":"B","i":8799130100,"W":"H","s":4400,"p":8699},{"S":"B","i":8799130500,"W":"H","s":81000,"p":8695},{"S":"B","i":8799131300,"W":"H","s":10000,"p":8687},{"S":"B","i":8799132000,"W":"H","s":9200,"p":8680},{"S":"B","i":8799132300,"W":"H","s":200,"p":8677},{"S":"B","i":8799132350,"W":"H","s":30,"p":8676.5},{"S":"B","i":8799132500,"W":"H","s":4200,"p":8675},{"S":"B","i":8799132900,"W":"H","s":1000,"p":8671},{"S":"B","i":8799133700,"W":"H","s":25,"p":8663},{"S":"B","i":8799134000,"W":"H","s":200,"p":8660},{"S":"B","i":8799134500,"W":"H","s":200,"p":8655},{"S":"B","i":8799135000,"W":"H","s":290600,"p":8650},{"S":"B","i":8799135250,"W":"H","s":1000,"p":8647.5},{"S":"B","i":8799135300,"W":"H","s":300,"p":8647},{"S":"B","i":8799135600,"W":"H","s":1000,"p":8644},{"S":"B","i":8799135700,"W":"H","s":292,"p":8643},{"S":"B","i":8799135950,"W":"H","s":2000,"p":8640.5},{"S":"B","i":8799136000,"W":"H","s":200,"p":8640},{"S":"B","i":8799136900,"W":"H","s":1000,"p":8631},{"S":"B","i":8799137000,"W":"H","s":23000,"p":8630},{"S":"B","i":8799137050,"W":"H","s":10000,"p":8629.5},{"S":"B","i":8799137400,"W":"H","s":125,"p":8626},{"S":"B","i":8799137700,"W":"H","s":25,"p":8623},{"S":"B","i":8799137950,"W":"H","s":8000,"p":8620.5},{"S":"B","i":8799138000,"W":"H","s":10200,"p":8620},{"S":"B","i":8799138400,"W":"H","s":100,"p":8616},{"S":"B","i":8799138700,"W":"H","s":100,"p":8613},{"S":"B","i":8799139000,"W":"H","s":100,"p":8610},{"S":"B","i":8799139300,"W":"H","s":100,"p":8607},{"S":"B","i":8799139600,"W":"H","s":100,"p":8604},{"S":"B","i":8799139900,"W":"H","s":100,"p":8601},{"S":"B","i":8799140000,"W":"H","s":32626,"p":8600},{"S":"B","i":8799140050,"W":"H","s":10000,"p":8599.5},{"S":"B","i":8799140100,"W":"H","s":3400,"p":8599},{"S":"B","i":8799140200,"W":"H","s":100,"p":8598},{"S":"B","i":8799140250,"W":"H","s":500,"p":8597.5},{"S":"B","i":8799140300,"W":"H","s":20000,"p":8597},{"S":"B","i":8799140700,"W":"H","s":100,"p":8593},{"S":"B","i":8799140800,"W":"H","s":100,"p":8592},{"S":"B","i":8799140900,"W":"H","s":350,"p":8591},{"S":"B","i":8799141050,"W":"H","s":10000,"p":8589.5},{"S":"B","i":8799141150,"W":"H","s":500,"p":8588.5},{"S":"B","i":8799141200,"W":"H","s":50888,"p":8588},{"S":"B","i":8799141300,"W":"H","s":10100,"p":8587},{"S":"B","i":8799141400,"W":"H","s":100,"p":8586},{"S":"B","i":8799142000,"W":"H","s":4300,"p":8580},{"S":"B","i":8799142500,"W":"H","s":200,"p":8575},{"S":"B","i":8799142600,"W":"H","s":100,"p":8574},{"S":"B","i":8799142850,"W":"H","s":282,"p":8571.5},{"S":"B","i":8799143000,"W":"H","s":350,"p":8570},{"S":"B","i":8799143200,"W":"H","s":100,"p":8568},{"S":"B","i":8799143300,"W":"H","s":100,"p":8567},{"S":"B","i":8799143650,"W":"H","s":700,"p":8563.5},{"S":"B","i":8799143700,"W":"H","s":25,"p":8563},{"S":"B","i":8799143800,"W":"H","s":100,"p":8562},{"S":"B","i":8799143900,"W":"H","s":30,"p":8561},{"S":"B","i":8799144000,"W":"H","s":203,"p":8560},{"S":"B","i":8799144350,"W":"H","s":130,"p":8556.5},{"S":"B","i":8799144950,"W":"H","s":8200,"p":8550.5},{"S":"B","i":8799145000,"W":"H","s":14000,"p":8550},{"S":"B","i":8799145250,"W":"H","s":250,"p":8547.5},{"S":"B","i":8799145300,"W":"H","s":30,"p":8547},{"S":"B","i":8799145400,"W":"H","s":5000,"p":8546},{"S":"B","i":8799145600,"W":"H","s":6500,"p":8544},{"S":"B","i":8799145900,"W":"H","s":100,"p":8541},{"S":"B","i":8799146000,"W":"H","s":200,"p":8540},{"S":"B","i":8799146050,"W":"H","s":30,"p":8539.5},{"S":"B","i":8799146150,"W":"H","s":10000,"p":8538.5},{"S":"B","i":8799146200,"W":"H","s":60,"p":8538},{"S":"B","i":8799146250,"W":"H","s":200,"p":8537.5},{"S":"B","i":8799146500,"W":"H","s":10010,"p":8535},{"S":"B","i":8799146650,"W":"H","s":20000,"p":8533.5},{"S":"B","i":8799146700,"W":"H","s":25,"p":8533},{"S":"B","i":8799146800,"W":"H","s":100,"p":8532},{"S":"B","i":8799147200,"W":"H","s":2000,"p":8528},{"S":"B","i":8799147600,"W":"H","s":200,"p":8524},{"S":"B","i":8799147700,"W":"H","s":125,"p":8523},{"S":"B","i":8799148000,"W":"H","s":201,"p":8520},{"S":"B","i":8799148100,"W":"H","s":200,"p":8519},{"S":"B","i":8799148350,"W":"H","s":8000,"p":8516.5},{"S":"B","i":8799148600,"W":"H","s":100,"p":8514},{"S":"B","i":8799148700,"W":"H","s":200,"p":8513},{"S":"B","i":8799148750,"W":"H","s":1332,"p":8512.5},{"S":"B","i":8799149000,"W":"H","s":1100,"p":8510},{"S":"B","i":8799149300,"W":"H","s":3100,"p":8507},{"S":"B","i":8799149500,"W":"H","s":100,"p":8505},{"S":"B","i":8799149550,"W":"H","s":200,"p":8504.5},{"S":"B","i":8799149900,"W":"H","s":500,"p":8501},{"S":"B","i":8799150000,"W":"H","s":422072,"p":8500},{"S":"B","i":8799150050,"W":"H","s":1500,"p":8499.5},{"S":"B","i":8799150100,"W":"H","s":1650,"p":8499},{"S":"B","i":8799150250,"W":"H","s":500,"p":8497.5},{"S":"B","i":8799150350,"W":"H","s":30000,"p":8496.5},{"S":"B","i":8799150500,"W":"H","s":51,"p":8495},{"S":"B","i":8799150600,"W":"H","s":10000,"p":8494},{"S":"B","i":8799150750,"W":"H","s":100,"p":8492.5},{"S":"B","i":8799151000,"W":"H","s":40700,"p":8490},{"S":"B","i":8799151150,"W":"H","s":850,"p":8488.5},{"S":"B","i":8799151200,"W":"H","s":250,"p":8488},{"S":"B","i":8799151600,"W":"H","s":100,"p":8484},{"S":"B","i":8799151850,"W":"H","s":170,"p":8481.5},{"S":"B","i":8799151900,"W":"H","s":1000,"p":8481},{"S":"B","i":8799152000,"W":"H","s":360,"p":8480},{"S":"B","i":8799152100,"W":"H","s":100,"p":8479},{"S":"B","i":8799152150,"W":"H","s":20000,"p":8478.5},{"S":"B","i":8799152200,"W":"H","s":12000,"p":8478},{"S":"B","i":8799152500,"W":"H","s":16200,"p":8475},{"S":"B","i":8799152800,"W":"H","s":100,"p":8472},{"S":"B","i":8799153000,"W":"H","s":3954,"p":8470},{"S":"B","i":8799153100,"W":"H","s":500,"p":8469},{"S":"B","i":8799153200,"W":"H","s":100025,"p":8468},{"S":"B","i":8799153250,"W":"H","s":30,"p":8467.5},{"S":"B","i":8799153300,"W":"H","s":350,"p":8467},{"S":"B","i":8799153400,"W":"H","s":300000,"p":8466},{"S":"B","i":8799153600,"W":"H","s":4000,"p":8464},{"S":"B","i":8799153750,"W":"H","s":100,"p":8462.5},{"S":"B","i":8799154000,"W":"H","s":300,"p":8460},{"S":"B","i":8799154100,"W":"H","s":80,"p":8459},{"S":"B","i":8799154200,"W":"H","s":84580,"p":8458},{"S":"B","i":8799154300,"W":"H","s":10000,"p":8457},{"S":"B","i":8799154500,"W":"H","s":100,"p":8455},{"S":"B","i":8799154950,"W":"H","s":100,"p":8450.5},{"S":"B","i":8799155000,"W":"H","s":1720350,"p":8450},{"S":"B","i":8799155100,"W":"H","s":870,"p":8449},{"S":"B","i":8799155200,"W":"H","s":84630,"p":8448},{"S":"B","i":8799155250,"W":"H","s":20000,"p":8447.5},{"S":"B","i":8799155350,"W":"H","s":20000,"p":8446.5},{"S":"B","i":8799155500,"W":"H","s":1100,"p":8445},{"S":"B","i":8799155600,"W":"H","s":100500,"p":8444},{"S":"B","i":8799156000,"W":"H","s":200,"p":8440},{"S":"B","i":8799156200,"W":"H","s":89380,"p":8438},{"S":"B","i":8799156400,"W":"H","s":30100,"p":8436},{"S":"B","i":8799156450,"W":"H","s":250,"p":8435.5},{"S":"B","i":8799156600,"W":"H","s":120,"p":8434},{"S":"B","i":8799156700,"W":"H","s":20652,"p":8433},{"S":"B","i":8799156900,"W":"H","s":6666,"p":8431},{"S":"B","i":8799157000,"W":"H","s":2000,"p":8430},{"S":"B","i":8799157100,"W":"H","s":170,"p":8429},{"S":"B","i":8799157150,"W":"H","s":263,"p":8428.5},{"S":"B","i":8799157200,"W":"H","s":84280,"p":8428},{"S":"B","i":8799157250,"W":"H","s":20000,"p":8427.5},{"S":"B","i":8799157300,"W":"H","s":1000,"p":8427},{"S":"B","i":8799157500,"W":"H","s":1000,"p":8425},{"S":"B","i":8799157600,"W":"H","s":100,"p":8424},{"S":"B","i":8799157850,"W":"H","s":20000,"p":8421.5},{"S":"B","i":8799158000,"W":"H","s":1800,"p":8420},{"S":"B","i":8799158050,"W":"H","s":10000,"p":8419.5},{"S":"B","i":8799158200,"W":"H","s":84180,"p":8418},{"S":"B","i":8799158250,"W":"H","s":50,"p":8417.5},{"S":"B","i":8799158500,"W":"H","s":660,"p":8415},{"S":"B","i":8799159050,"W":"H","s":1000,"p":8409.5},{"S":"B","i":8799159100,"W":"H","s":40000,"p":8409},{"S":"B","i":8799159200,"W":"H","s":100,"p":8408},{"S":"B","i":8799159500,"W":"H","s":2000,"p":8405},{"S":"B","i":8799159600,"W":"H","s":6555,"p":8404},{"S":"B","i":8799159700,"W":"H","s":1000,"p":8403},{"S":"B","i":8799159800,"W":"H","s":5000,"p":8402},{"S":"B","i":8799159900,"W":"H","s":100,"p":8401},{"S":"B","i":8799160000,"W":"H","s":95691,"p":8400},{"S":"B","i":8799160050,"W":"H","s":40250,"p":8399.5},{"S":"B","i":8799160100,"W":"H","s":5750,"p":8399},{"S":"B","i":8799160150,"W":"H","s":12000,"p":8398.5},{"S":"B","i":8799160250,"W":"H","s":500,"p":8397.5},{"S":"B","i":8799160300,"W":"H","s":2525,"p":8397},{"S":"B","i":8799160750,"W":"H","s":500,"p":8392.5},{"S":"B","i":8799160850,"W":"H","s":46170,"p":8391.5},{"S":"B","i":8799160950,"W":"H","s":100,"p":8390.5},{"S":"B","i":8799161000,"W":"H","s":3600,"p":8390},{"S":"B","i":8799161050,"W":"H","s":500,"p":8389.5},{"S":"B","i":8799161200,"W":"H","s":10000,"p":8388},{"S":"B","i":8799161300,"W":"H","s":25,"p":8387},{"S":"B","i":8799161500,"W":"H","s":100,"p":8385},{"S":"B","i":8799161550,"W":"H","s":150,"p":8384.5},{"S":"B","i":8799162000,"W":"H","s":2000,"p":8380},{"S":"B","i":8799162200,"W":"H","s":11000,"p":8378},{"S":"B","i":8799162250,"W":"H","s":6000,"p":8377.5},{"S":"B","i":8799162300,"W":"H","s":200,"p":8377},{"S":"B","i":8799162350,"W":"H","s":100,"p":8376.5},{"S":"B","i":8799162500,"W":"H","s":300,"p":8375},{"S":"B","i":8799162650,"W":"H","s":1000,"p":8373.5},{"S":"B","i":8799162700,"W":"H","s":25,"p":8373},{"S":"B","i":8799162950,"W":"H","s":170,"p":8370.5},{"S":"B","i":8799163000,"W":"H","s":31200,"p":8370},{"S":"B","i":8799163100,"W":"H","s":8000,"p":8369},{"S":"B","i":8799163200,"W":"H","s":100,"p":8368},{"S":"B","i":8799163250,"W":"H","s":30,"p":8367.5},{"S":"B","i":8799163500,"W":"H","s":2000,"p":8365},{"S":"B","i":8799163550,"W":"H","s":100,"p":8364.5},{"S":"B","i":8799163600,"W":"H","s":4370,"p":8364},{"S":"B","i":8799163750,"W":"H","s":250,"p":8362.5},{"S":"B","i":8799164000,"W":"H","s":100200,"p":8360},{"S":"B","i":8799164300,"W":"H","s":10253,"p":8357},{"S":"B","i":8799164350,"W":"H","s":100,"p":8356.5},{"S":"B","i":8799164500,"W":"H","s":400,"p":8355},{"S":"B","i":8799164650,"W":"H","s":170,"p":8353.5},{"S":"B","i":8799164950,"W":"H","s":3000,"p":8350.5},{"S":"B","i":8799165000,"W":"H","s":38880,"p":8350},{"S":"B","i":8799165100,"W":"H","s":800,"p":8349},{"S":"B","i":8799165600,"W":"H","s":1000,"p":8344},{"S":"B","i":8799165700,"W":"H","s":25,"p":8343},{"S":"B","i":8799165950,"W":"H","s":170,"p":8340.5},{"S":"B","i":8799166000,"W":"H","s":300,"p":8340},{"S":"B","i":8799166150,"W":"H","s":170,"p":8338.5},{"S":"B","i":8799166250,"W":"H","s":100,"p":8337.5},{"S":"B","i":8799166500,"W":"H","s":20100,"p":8335},{"S":"B","i":8799166700,"W":"H","s":1660,"p":8333},{"S":"B","i":8799166850,"W":"H","s":100,"p":8331.5},{"S":"B","i":8799166950,"W":"H","s":2500,"p":8330.5},{"S":"B","i":8799167000,"W":"H","s":25,"p":8330},{"S":"B","i":8799167200,"W":"H","s":3250,"p":8328},{"S":"B","i":8799167300,"W":"H","s":170,"p":8327},{"S":"B","i":8799167500,"W":"H","s":200,"p":8325},{"S":"B","i":8799167700,"W":"H","s":250,"p":8323},{"S":"B","i":8799168000,"W":"H","s":1525,"p":8320},{"S":"B","i":8799168700,"W":"H","s":225,"p":8313},{"S":"B","i":8799169000,"W":"H","s":44660,"p":8310},{"S":"B","i":8799169050,"W":"H","s":1227,"p":8309.5},{"S":"B","i":8799169100,"W":"H","s":500,"p":8309},{"S":"B","i":8799169200,"W":"H","s":10000,"p":8308},{"S":"B","i":8799169250,"W":"H","s":100,"p":8307.5},{"S":"B","i":8799169300,"W":"H","s":8000,"p":8307},{"S":"B","i":8799169400,"W":"H","s":170,"p":8306},{"S":"B","i":8799169500,"W":"H","s":100,"p":8305},{"S":"B","i":8799169800,"W":"H","s":600,"p":8302},{"S":"B","i":8799170000,"W":"H","s":67679,"p":8300},{"S":"B","i":8799170050,"W":"H","s":3000,"p":8299.5},{"S":"B","i":8799170100,"W":"H","s":1700,"p":8299},{"S":"B","i":8799170150,"W":"H","s":1000,"p":8298.5},{"S":"B","i":8799170200,"W":"H","s":100,"p":8298},{"S":"B","i":8799170300,"W":"H","s":2500,"p":8297},{"S":"B","i":8799170600,"W":"H","s":200,"p":8294},{"S":"B","i":8799170950,"W":"H","s":6000,"p":8290.5},{"S":"B","i":8799171000,"W":"H","s":10400,"p":8290},{"S":"B","i":8799171150,"W":"H","s":170,"p":8288.5},{"S":"B","i":8799171200,"W":"H","s":12091,"p":8288},{"S":"B","i":8799171450,"W":"H","s":243,"p":8285.5},{"S":"B","i":8799171800,"W":"H","s":500,"p":8282},{"S":"B","i":8799171950,"W":"H","s":100,"p":8280.5},{"S":"B","i":8799172000,"W":"H","s":300,"p":8280},{"S":"B","i":8799172500,"W":"H","s":1200,"p":8275},{"S":"B","i":8799172550,"W":"H","s":250,"p":8274.5},{"S":"B","i":8799172650,"W":"H","s":100,"p":8273.5},{"S":"B","i":8799173000,"W":"H","s":2800,"p":8270},{"S":"B","i":8799173100,"W":"H","s":100,"p":8269},{"S":"B","i":8799173250,"W":"H","s":10030,"p":8267.5},{"S":"B","i":8799173400,"W":"H","s":5000,"p":8266},{"S":"B","i":8799173450,"W":"H","s":1000,"p":8265.5},{"S":"B","i":8799173500,"W":"H","s":10000,"p":8265},{"S":"B","i":8799173600,"W":"H","s":200,"p":8264},{"S":"B","i":8799173800,"W":"H","s":600,"p":8262},{"S":"B","i":8799173850,"W":"H","s":100,"p":8261.5},{"S":"B","i":8799174000,"W":"H","s":30200,"p":8260},{"S":"B","i":8799174500,"W":"H","s":100,"p":8255},{"S":"B","i":8799174700,"W":"H","s":25,"p":8253},{"S":"B","i":8799174800,"W":"H","s":2000,"p":8252},{"S":"B","i":8799175000,"W":"H","s":23400,"p":8250},{"S":"B","i":8799175100,"W":"H","s":700,"p":8249},{"S":"B","i":8799175150,"W":"H","s":500,"p":8248.5},{"S":"B","i":8799175300,"W":"H","s":100,"p":8247},{"S":"B","i":8799175500,"W":"H","s":2000,"p":8245},{"S":"B","i":8799175600,"W":"H","s":100,"p":8244},{"S":"B","i":8799175800,"W":"H","s":500,"p":8242},{"S":"B","i":8799175850,"W":"H","s":10000,"p":8241.5},{"S":"B","i":8799175950,"W":"H","s":20000,"p":8240.5},{"S":"B","i":8799176000,"W":"H","s":2525,"p":8240},{"S":"B","i":8799176100,"W":"H","s":10250,"p":8239},{"S":"B","i":8799176200,"W":"H","s":370,"p":8238},{"S":"B","i":8799176300,"W":"H","s":2000,"p":8237},{"S":"B","i":8799176400,"W":"H","s":100,"p":8236},{"S":"B","i":8799176600,"W":"H","s":200,"p":8234},{"S":"B","i":8799176700,"W":"H","s":5025,"p":8233},{"S":"B","i":8799177000,"W":"H","s":25,"p":8230},{"S":"B","i":8799177250,"W":"H","s":1170,"p":8227.5},{"S":"B","i":8799177400,"W":"H","s":100,"p":8226},{"S":"B","i":8799177500,"W":"H","s":1050,"p":8225},{"S":"B","i":8799177700,"W":"H","s":170,"p":8223},{"S":"B","i":8799177800,"W":"H","s":10500,"p":8222},{"S":"B","i":8799178000,"W":"H","s":200,"p":8220},{"S":"B","i":8799178350,"W":"H","s":11814,"p":8216.5},{"S":"B","i":8799178500,"W":"H","s":1,"p":8215},{"S":"B","i":8799178550,"W":"H","s":233,"p":8214.5},{"S":"B","i":8799178700,"W":"H","s":1525,"p":8213},{"S":"B","i":8799178850,"W":"H","s":10,"p":8211.5},{"S":"B","i":8799179000,"W":"H","s":10000,"p":8210},{"S":"B","i":8799179050,"W":"H","s":1000,"p":8209.5},{"S":"B","i":8799179200,"W":"H","s":600,"p":8208},{"S":"B","i":8799179300,"W":"H","s":2000,"p":8207},{"S":"B","i":8799179450,"W":"H","s":170,"p":8205.5},{"S":"B","i":8799179600,"W":"H","s":200,"p":8204},{"S":"B","i":8799179700,"W":"H","s":5100,"p":8203},{"S":"B","i":8799179800,"W":"H","s":500,"p":8202},{"S":"B","i":8799179900,"W":"H","s":170,"p":8201},{"S":"B","i":8799180000,"W":"H","s":71310,"p":8200},{"S":"B","i":8799180050,"W":"H","s":4500,"p":8199.5},{"S":"B","i":8799180100,"W":"H","s":11850,"p":8199},{"S":"B","i":8799180200,"W":"H","s":100,"p":8198},{"S":"B","i":8799180500,"W":"H","s":450,"p":8195},{"S":"B","i":8799180600,"W":"H","s":1300,"p":8194},{"S":"B","i":8799180650,"W":"H","s":200,"p":8193.5},{"S":"B","i":8799180850,"W":"H","s":10000,"p":8191.5},{"S":"B","i":8799181000,"W":"H","s":2,"p":8190},{"S":"B","i":8799181150,"W":"H","s":3,"p":8188.5},{"S":"B","i":8799181200,"W":"H","s":200,"p":8188},{"S":"B","i":8799181300,"W":"H","s":250,"p":8187},{"S":"B","i":8799181500,"W":"H","s":1000,"p":8185},{"S":"B","i":8799181550,"W":"H","s":100,"p":8184.5},{"S":"B","i":8799181600,"W":"H","s":35050,"p":8184},{"S":"B","i":8799181700,"W":"H","s":7500,"p":8183},{"S":"B","i":8799181900,"W":"H","s":8170,"p":8181},{"S":"B","i":8799182000,"W":"H","s":150,"p":8180},{"S":"B","i":8799182500,"W":"H","s":400,"p":8175},{"S":"B","i":8799182600,"W":"H","s":200,"p":8174},{"S":"B","i":8799182800,"W":"H","s":5,"p":8172},{"S":"B","i":8799182900,"W":"H","s":3000,"p":8171},{"S":"B","i":8799183000,"W":"H","s":30600,"p":8170},{"S":"B","i":8799183100,"W":"H","s":1100,"p":8169},{"S":"B","i":8799183250,"W":"H","s":30,"p":8167.5},{"S":"B","i":8799183300,"W":"H","s":170,"p":8167},{"S":"B","i":8799183500,"W":"H","s":10000,"p":8165},{"S":"B","i":8799183700,"W":"H","s":25,"p":8163},{"S":"B","i":8799183800,"W":"H","s":23720,"p":8162},{"S":"B","i":8799184000,"W":"H","s":51300,"p":8160},{"S":"B","i":8799184300,"W":"H","s":101,"p":8157},{"S":"B","i":8799184400,"W":"H","s":77,"p":8156},{"S":"B","i":8799184500,"W":"H","s":100,"p":8155},{"S":"B","i":8799184550,"W":"H","s":1500,"p":8154.5},{"S":"B","i":8799184900,"W":"H","s":75,"p":8151},{"S":"B","i":8799185000,"W":"H","s":29301,"p":8150},{"S":"B","i":8799185050,"W":"H","s":1000,"p":8149.5},{"S":"B","i":8799185100,"W":"H","s":700,"p":8149},{"S":"B","i":8799185150,"W":"H","s":400,"p":8148.5},{"S":"B","i":8799185200,"W":"H","s":100,"p":8148},{"S":"B","i":8799185350,"W":"H","s":100000,"p":8146.5},{"S":"B","i":8799185500,"W":"H","s":4000,"p":8145},{"S":"B","i":8799185600,"W":"H","s":5252,"p":8144},{"S":"B","i":8799185700,"W":"H","s":224,"p":8143},{"S":"B","i":8799186000,"W":"H","s":500,"p":8140},{"S":"B","i":8799186100,"W":"H","s":550,"p":8139},{"S":"B","i":8799186300,"W":"H","s":100,"p":8137},{"S":"B","i":8799186500,"W":"H","s":5000,"p":8135},{"S":"B","i":8799186600,"W":"H","s":170,"p":8134},{"S":"B","i":8799186700,"W":"H","s":25,"p":8133},{"S":"B","i":8799186850,"W":"H","s":170,"p":8131.5},{"S":"B","i":8799187000,"W":"H","s":15000,"p":8130},{"S":"B","i":8799187300,"W":"H","s":100,"p":8127},{"S":"B","i":8799187400,"W":"H","s":79000,"p":8126},{"S":"B","i":8799187700,"W":"H","s":350,"p":8123},{"S":"B","i":8799187850,"W":"H","s":10000,"p":8121.5},{"S":"B","i":8799187900,"W":"H","s":250,"p":8121},{"S":"B","i":8799187950,"W":"H","s":170,"p":8120.5},{"S":"B","i":8799188050,"W":"H","s":1000,"p":8119.5},{"S":"B","i":8799188600,"W":"H","s":150,"p":8114},{"S":"B","i":8799188700,"W":"H","s":70,"p":8113},{"S":"B","i":8799189050,"W":"H","s":1000,"p":8109.5},{"S":"B","i":8799189200,"W":"H","s":500,"p":8108},{"S":"B","i":8799189300,"W":"H","s":200,"p":8107},{"S":"B","i":8799189350,"W":"H","s":50,"p":8106.5},{"S":"B","i":8799189400,"W":"H","s":100,"p":8106},{"S":"B","i":8799189550,"W":"H","s":170,"p":8104.5},{"S":"B","i":8799189600,"W":"H","s":100,"p":8104},{"S":"B","i":8799190000,"W":"H","s":125220,"p":8100},{"S":"B","i":8799190100,"W":"H","s":11700,"p":8099},{"S":"B","i":8799190250,"W":"H","s":1000,"p":8097.5},{"S":"B","i":8799190500,"W":"H","s":1000,"p":8095},{"S":"B","i":8799190650,"W":"H","s":170,"p":8093.5},{"S":"B","i":8799190800,"W":"H","s":1317,"p":8092},{"S":"B","i":8799191500,"W":"H","s":100,"p":8085},{"S":"B","i":8799191600,"W":"H","s":150,"p":8084},{"S":"B","i":8799191700,"W":"H","s":825,"p":8083},{"S":"B","i":8799192000,"W":"H","s":2450,"p":8080},{"S":"B","i":8799192200,"W":"H","s":1000,"p":8078},{"S":"B","i":8799192300,"W":"H","s":50,"p":8077},{"S":"B","i":8799192500,"W":"H","s":200,"p":8075},{"S":"B","i":8799192800,"W":"H","s":170,"p":8072},{"S":"B","i":8799192850,"W":"H","s":214,"p":8071.5},{"S":"B","i":8799192900,"W":"H","s":40100,"p":8071},{"S":"B","i":8799193250,"W":"H","s":30,"p":8067.5},{"S":"B","i":8799193600,"W":"H","s":100,"p":8064},{"S":"B","i":8799193950,"W":"H","s":500,"p":8060.5},{"S":"B","i":8799194300,"W":"H","s":170,"p":8057},{"S":"B","i":8799194500,"W":"H","s":100,"p":8055},{"S":"B","i":8799194600,"W":"H","s":6072,"p":8054},{"S":"B","i":8799194850,"W":"H","s":10000,"p":8051.5},{"S":"B","i":8799195000,"W":"H","s":25650,"p":8050},{"S":"B","i":8799195100,"W":"H","s":700,"p":8049},{"S":"B","i":8799195350,"W":"H","s":1000,"p":8046.5},{"S":"B","i":8799195600,"W":"H","s":1000,"p":8044},{"S":"B","i":8799196000,"W":"H","s":4100,"p":8040},{"S":"B","i":8799196200,"W":"H","s":100,"p":8038},{"S":"B","i":8799196300,"W":"H","s":1000,"p":8037},{"S":"B","i":8799196700,"W":"H","s":25,"p":8033},{"S":"B","i":8799197000,"W":"H","s":122950,"p":8030},{"S":"B","i":8799197150,"W":"H","s":300,"p":8028.5},{"S":"B","i":8799197300,"W":"H","s":170,"p":8027},{"S":"B","i":8799197600,"W":"H","s":150,"p":8024},{"S":"B","i":8799197700,"W":"H","s":200,"p":8023},{"S":"B","i":8799198000,"W":"H","s":500,"p":8020},{"S":"B","i":8799198200,"W":"H","s":700,"p":8018},{"S":"B","i":8799198400,"W":"H","s":100,"p":8016},{"S":"B","i":8799198800,"W":"H","s":30,"p":8012},{"S":"B","i":8799198950,"W":"H","s":10000,"p":8010.5},{"S":"B","i":8799199000,"W":"H","s":1200,"p":8010},{"S":"B","i":8799199050,"W":"H","s":1000,"p":8009.5},{"S":"B","i":8799199300,"W":"H","s":2000,"p":8007},{"S":"B","i":8799199750,"W":"H","s":19305,"p":8002.5},{"S":"B","i":8799199900,"W":"H","s":1170,"p":8001},{"S":"B","i":8799199950,"W":"H","s":1000,"p":8000.5},{"S":"B","i":8799200000,"W":"H","s":131156,"p":8000},{"S":"B","i":8799200050,"W":"H","s":1000,"p":7999.5},{"S":"B","i":8799200100,"W":"H","s":1850,"p":7999},{"S":"B","i":8799200200,"W":"H","s":10250,"p":7998},{"S":"B","i":8799200500,"W":"H","s":4000,"p":7995},{"S":"B","i":8799200600,"W":"H","s":150,"p":7994},{"S":"B","i":8799200650,"W":"H","s":500,"p":7993.5},{"S":"B","i":8799200700,"W":"H","s":580,"p":7993},{"S":"B","i":8799200750,"W":"H","s":2000,"p":7992.5},{"S":"B","i":8799200800,"W":"H","s":700,"p":7992},{"S":"B","i":8799201000,"W":"H","s":3600,"p":7990},{"S":"B","i":8799201100,"W":"H","s":600,"p":7989},{"S":"B","i":8799201200,"W":"H","s":43388,"p":7988},{"S":"B","i":8799201500,"W":"H","s":2100,"p":7985},{"S":"B","i":8799201700,"W":"H","s":2525,"p":7983},{"S":"B","i":8799202000,"W":"H","s":6750,"p":7980},{"S":"B","i":8799202100,"W":"H","s":80,"p":7979},{"S":"B","i":8799202300,"W":"H","s":200,"p":7977},{"S":"B","i":8799202450,"W":"H","s":1400,"p":7975.5},{"S":"B","i":8799202500,"W":"H","s":200,"p":7975},{"S":"B","i":8799202550,"W":"H","s":1500,"p":7974.5},{"S":"B","i":8799202700,"W":"H","s":100,"p":7973},{"S":"B","i":8799203000,"W":"H","s":2300,"p":7970},{"S":"B","i":8799203100,"W":"H","s":1260,"p":7969},{"S":"B","i":8799203200,"W":"H","s":100,"p":7968},{"S":"B","i":8799203250,"W":"H","s":30,"p":7967.5},{"S":"B","i":8799203300,"W":"H","s":3050,"p":7967},{"S":"B","i":8799203400,"W":"H","s":7500,"p":7966},{"S":"B","i":8799203500,"W":"H","s":170,"p":7965},{"S":"B","i":8799203550,"W":"H","s":5000,"p":7964.5},{"S":"B","i":8799203600,"W":"H","s":150,"p":7964},{"S":"B","i":8799203900,"W":"H","s":280,"p":7961},{"S":"B","i":8799203950,"W":"H","s":500,"p":7960.5},{"S":"B","i":8799204000,"W":"H","s":9400,"p":7960},{"S":"B","i":8799204150,"W":"H","s":5000,"p":7958.5},{"S":"B","i":8799204500,"W":"H","s":4100,"p":7955},{"S":"B","i":8799205000,"W":"H","s":35312,"p":7950},{"S":"B","i":8799205100,"W":"H","s":5800,"p":7949},{"S":"B","i":8799205300,"W":"H","s":30,"p":7947},{"S":"B","i":8799205500,"W":"H","s":170,"p":7945},{"S":"B","i":8799205600,"W":"H","s":100,"p":7944},{"S":"B","i":8799205700,"W":"H","s":922,"p":7943},{"S":"B","i":8799205900,"W":"H","s":20000,"p":7941},{"S":"B","i":8799205950,"W":"H","s":60000,"p":7940.5},{"S":"B","i":8799206100,"W":"H","s":500,"p":7939},{"S":"B","i":8799206400,"W":"H","s":100,"p":7936},{"S":"B","i":8799206500,"W":"H","s":150,"p":7935},{"S":"B","i":8799206600,"W":"H","s":200,"p":7934},{"S":"B","i":8799206650,"W":"H","s":5621,"p":7933.5},{"S":"B","i":8799206700,"W":"H","s":25,"p":7933},{"S":"B","i":8799206800,"W":"H","s":10000,"p":7932},{"S":"B","i":8799207000,"W":"H","s":42700,"p":7930},{"S":"B","i":8799207050,"W":"H","s":500,"p":7929.5},{"S":"B","i":8799207150,"W":"H","s":2194,"p":7928.5},{"S":"B","i":8799207200,"W":"H","s":10713,"p":7928},{"S":"B","i":8799207300,"W":"H","s":50,"p":7927},{"S":"B","i":8799207450,"W":"H","s":250,"p":7925.5},{"S":"B","i":8799207500,"W":"H","s":100,"p":7925},{"S":"B","i":8799207700,"W":"H","s":100,"p":7923},{"S":"B","i":8799207800,"W":"H","s":9850,"p":7922},{"S":"B","i":8799208000,"W":"H","s":1100,"p":7920},{"S":"B","i":8799208100,"W":"H","s":10000,"p":7919},{"S":"B","i":8799208150,"W":"H","s":170,"p":7918.5},{"S":"B","i":8799208600,"W":"H","s":7577,"p":7914},{"S":"B","i":8799208700,"W":"H","s":3300,"p":7913},{"S":"B","i":8799208800,"W":"H","s":580,"p":7912},{"S":"B","i":8799209050,"W":"H","s":1000,"p":7909.5},{"S":"B","i":8799209400,"W":"H","s":6682,"p":7906},{"S":"B","i":8799209600,"W":"H","s":150,"p":7904},{"S":"B","i":8799209800,"W":"H","s":3030,"p":7902},{"S":"B","i":8799209900,"W":"H","s":50,"p":7901},{"S":"B","i":8799209950,"W":"H","s":65,"p":7900.5},{"S":"B","i":8799210000,"W":"H","s":115355,"p":7900},{"S":"B","i":8799210100,"W":"H","s":2000,"p":7899},{"S":"B","i":8799210150,"W":"H","s":10000,"p":7898.5},{"S":"B","i":8799210300,"W":"H","s":10000,"p":7897},{"S":"B","i":8799210350,"W":"H","s":1000,"p":7896.5},{"S":"B","i":8799210400,"W":"H","s":6,"p":7896},{"S":"B","i":8799210500,"W":"H","s":20000,"p":7895},{"S":"B","i":8799210650,"W":"H","s":1260,"p":7893.5},{"S":"B","i":8799210700,"W":"H","s":25,"p":7893},{"S":"B","i":8799210900,"W":"H","s":75000,"p":7891},{"S":"B","i":8799211000,"W":"H","s":2072,"p":7890},{"S":"B","i":8799211100,"W":"H","s":20000,"p":7889},{"S":"B","i":8799211150,"W":"H","s":170,"p":7888.5},{"S":"B","i":8799211200,"W":"H","s":26227,"p":7888},{"S":"B","i":8799211350,"W":"H","s":1600,"p":7886.5},{"S":"B","i":8799211450,"W":"H","s":4000,"p":7885.5},{"S":"B","i":8799211500,"W":"H","s":1200,"p":7885},{"S":"B","i":8799211600,"W":"H","s":10100,"p":7884},{"S":"B","i":8799211700,"W":"H","s":25,"p":7883},{"S":"B","i":8799211750,"W":"H","s":5000,"p":7882.5},{"S":"B","i":8799212000,"W":"H","s":13550,"p":7880},{"S":"B","i":8799212100,"W":"H","s":10000,"p":7879},{"S":"B","i":8799212200,"W":"H","s":7400,"p":7878},{"S":"B","i":8799212600,"W":"H","s":150,"p":7874},{"S":"B","i":8799212700,"W":"H","s":100,"p":7873},{"S":"B","i":8799213000,"W":"H","s":100,"p":7870},{"S":"B","i":8799213200,"W":"H","s":50,"p":7868},{"S":"B","i":8799213250,"W":"H","s":30,"p":7867.5},{"S":"B","i":8799213400,"W":"H","s":40,"p":7866},{"S":"B","i":8799213500,"W":"H","s":15070,"p":7865},{"S":"B","i":8799213700,"W":"H","s":650,"p":7863},{"S":"B","i":8799213800,"W":"H","s":131,"p":7862},{"S":"B","i":8799213950,"W":"H","s":500,"p":7860.5},{"S":"B","i":8799214050,"W":"H","s":10000,"p":7859.5},{"S":"B","i":8799214300,"W":"H","s":285,"p":7857},{"S":"B","i":8799214400,"W":"H","s":5000,"p":7856},{"S":"B","i":8799214500,"W":"H","s":100,"p":7855},{"S":"B","i":8799214700,"W":"H","s":2300,"p":7853},{"S":"B","i":8799215000,"W":"H","s":96440,"p":7850},{"S":"B","i":8799215100,"W":"H","s":800,"p":7849},{"S":"B","i":8799215600,"W":"H","s":150,"p":7844},{"S":"B","i":8799215750,"W":"H","s":170,"p":7842.5},{"S":"B","i":8799216000,"W":"H","s":141917,"p":7840},{"S":"B","i":8799216200,"W":"H","s":700,"p":7838},{"S":"B","i":8799216300,"W":"H","s":3825,"p":7837},{"S":"B","i":8799216450,"W":"H","s":10438,"p":7835.5},{"S":"B","i":8799216500,"W":"H","s":50,"p":7835},{"S":"B","i":8799216550,"W":"H","s":2000,"p":7834.5},{"S":"B","i":8799216700,"W":"H","s":25,"p":7833},{"S":"B","i":8799216900,"W":"H","s":1260,"p":7831},{"S":"B","i":8799217000,"W":"H","s":10100,"p":7830},{"S":"B","i":8799217100,"W":"H","s":5000,"p":7829},{"S":"B","i":8799217150,"W":"H","s":3000,"p":7828.5},{"S":"B","i":8799217500,"W":"H","s":10501,"p":7825},{"S":"B","i":8799217700,"W":"H","s":100,"p":7823},{"S":"B","i":8799217800,"W":"H","s":500,"p":7822},{"S":"B","i":8799217950,"W":"H","s":10438,"p":7820.5},{"S":"B","i":8799218000,"W":"H","s":8150,"p":7820},{"S":"B","i":8799218600,"W":"H","s":120,"p":7814},{"S":"B","i":8799218700,"W":"H","s":650,"p":7813},{"S":"B","i":8799218750,"W":"H","s":170,"p":7812.5},{"S":"B","i":8799218800,"W":"H","s":1030,"p":7812},{"S":"B","i":8799219050,"W":"H","s":1000,"p":7809.5},{"S":"B","i":8799219200,"W":"H","s":2000,"p":7808},{"S":"B","i":8799219400,"W":"H","s":20250,"p":7806},{"S":"B","i":8799219450,"W":"H","s":10538,"p":7805.5},{"S":"B","i":8799219500,"W":"H","s":1400,"p":7805},{"S":"B","i":8799219700,"W":"H","s":100,"p":7803},{"S":"B","i":8799219800,"W":"H","s":50,"p":7802},{"S":"B","i":8799219850,"W":"H","s":14061,"p":7801.5},{"S":"B","i":8799219900,"W":"H","s":301,"p":7801},{"S":"B","i":8799219950,"W":"H","s":100,"p":7800.5},{"S":"B","i":8799220000,"W":"H","s":158524,"p":7800},{"S":"B","i":8799220100,"W":"H","s":20300,"p":7799},{"S":"B","i":8799220200,"W":"H","s":100000,"p":7798},{"S":"B","i":8799220300,"W":"H","s":10000,"p":7797},{"S":"B","i":8799220400,"W":"H","s":10,"p":7796},{"S":"B","i":8799220500,"W":"H","s":3000,"p":7795},{"S":"B","i":8799220650,"W":"H","s":735,"p":7793.5},{"S":"B","i":8799220800,"W":"H","s":10500,"p":7792},{"S":"B","i":8799220850,"W":"H","s":1062,"p":7791.5},{"S":"B","i":8799220950,"W":"H","s":13438,"p":7790.5},{"S":"B","i":8799221000,"W":"H","s":10810,"p":7790},{"S":"B","i":8799221100,"W":"H","s":5000,"p":7789},{"S":"B","i":8799221200,"W":"H","s":18257,"p":7788},{"S":"B","i":8799221300,"W":"H","s":400,"p":7787},{"S":"B","i":8799221350,"W":"H","s":21030,"p":7786.5},{"S":"B","i":8799221400,"W":"H","s":19058,"p":7786},{"S":"B","i":8799221450,"W":"H","s":175,"p":7785.5},{"S":"B","i":8799221500,"W":"H","s":22170,"p":7785},{"S":"B","i":8799221550,"W":"H","s":10134,"p":7784.5},{"S":"B","i":8799221600,"W":"H","s":120,"p":7784},{"S":"B","i":8799221700,"W":"H","s":25,"p":7783},{"S":"B","i":8799221750,"W":"H","s":4502,"p":7782.5},{"S":"B","i":8799221800,"W":"H","s":5000,"p":7782},{"S":"B","i":8799221900,"W":"H","s":545,"p":7781},{"S":"B","i":8799221950,"W":"H","s":595,"p":7780.5},{"S":"B","i":8799222000,"W":"H","s":21500,"p":7780},{"S":"B","i":8799222100,"W":"H","s":101260,"p":7779},{"S":"B","i":8799222200,"W":"H","s":500,"p":7778},{"S":"B","i":8799222250,"W":"H","s":5131,"p":7777.5},{"S":"B","i":8799222300,"W":"H","s":558228,"p":7777},{"S":"B","i":8799222350,"W":"H","s":1562,"p":7776.5},{"S":"B","i":8799222400,"W":"H","s":1346,"p":7776},{"S":"B","i":8799222450,"W":"H","s":10438,"p":7775.5},{"S":"B","i":8799222500,"W":"H","s":922,"p":7775},{"S":"B","i":8799222550,"W":"H","s":3000,"p":7774.5},{"S":"B","i":8799222700,"W":"H","s":2257,"p":7773},{"S":"B","i":8799222850,"W":"H","s":19030,"p":7771.5},{"S":"B","i":8799222900,"W":"H","s":4058,"p":7771},{"S":"B","i":8799223000,"W":"H","s":8300,"p":7770},{"S":"B","i":8799223050,"W":"H","s":134,"p":7769.5},{"S":"B","i":8799223100,"W":"H","s":50,"p":7769},{"S":"B","i":8799223150,"W":"H","s":170,"p":7768.5},{"S":"B","i":8799223200,"W":"H","s":650,"p":7768},{"S":"B","i":8799223250,"W":"H","s":57982,"p":7767.5},{"S":"B","i":8799223350,"W":"H","s":100,"p":7766.5},{"S":"B","i":8799223400,"W":"H","s":355,"p":7766},{"S":"B","i":8799223450,"W":"H","s":595,"p":7765.5},{"S":"B","i":8799223500,"W":"H","s":500,"p":7765},{"S":"B","i":8799223700,"W":"H","s":300,"p":7763},{"S":"B","i":8799223750,"W":"H","s":631,"p":7762.5},{"S":"B","i":8799223850,"W":"H","s":1062,"p":7761.5},{"S":"B","i":8799223900,"W":"H","s":1246,"p":7761},{"S":"B","i":8799223950,"W":"H","s":10438,"p":7760.5},{"S":"B","i":8799224000,"W":"H","s":1100,"p":7760},{"S":"B","i":8799224100,"W":"H","s":1000,"p":7759},{"S":"B","i":8799224150,"W":"H","s":1000,"p":7758.5},{"S":"B","i":8799224200,"W":"H","s":2257,"p":7758},{"S":"B","i":8799224300,"W":"H","s":25,"p":7757},{"S":"B","i":8799224350,"W":"H","s":19030,"p":7756.5},{"S":"B","i":8799224400,"W":"H","s":4058,"p":7756},{"S":"B","i":8799224450,"W":"H","s":170,"p":7755.5},{"S":"B","i":8799224500,"W":"H","s":100,"p":7755},{"S":"B","i":8799224550,"W":"H","s":134,"p":7754.5},{"S":"B","i":8799224600,"W":"H","s":120,"p":7754},{"S":"B","i":8799224750,"W":"H","s":2302,"p":7752.5},{"S":"B","i":8799224850,"W":"H","s":100,"p":7751.5},{"S":"B","i":8799224900,"W":"H","s":455,"p":7751},{"S":"B","i":8799224950,"W":"H","s":3595,"p":7750.5},{"S":"B","i":8799225000,"W":"H","s":50320,"p":7750},{"S":"B","i":8799225100,"W":"H","s":1300,"p":7749},{"S":"B","i":8799225250,"W":"H","s":131,"p":7747.5},{"S":"B","i":8799225350,"W":"H","s":5062,"p":7746.5},{"S":"B","i":8799225400,"W":"H","s":47246,"p":7746},{"S":"B","i":8799225450,"W":"H","s":10438,"p":7745.5},{"S":"B","i":8799225500,"W":"H","s":700,"p":7745},{"S":"B","i":8799225550,"W":"H","s":400,"p":7744.5},{"S":"B","i":8799225600,"W":"H","s":1000,"p":7744},{"S":"B","i":8799225700,"W":"H","s":3179,"p":7743},{"S":"B","i":8799225800,"W":"H","s":4000,"p":7742},{"S":"B","i":8799225850,"W":"H","s":19030,"p":7741.5},{"S":"B","i":8799225900,"W":"H","s":4228,"p":7741},{"S":"B","i":8799225950,"W":"H","s":75000,"p":7740.5},{"S":"B","i":8799226050,"W":"H","s":134,"p":7739.5},{"S":"B","i":8799226100,"W":"H","s":450,"p":7739},{"S":"B","i":8799226200,"W":"H","s":8050,"p":7738},{"S":"B","i":8799226250,"W":"H","s":2302,"p":7737.5},{"S":"B","i":8799226300,"W":"H","s":377000,"p":7737},{"S":"B","i":8799226400,"W":"H","s":705,"p":7736},{"S":"B","i":8799226450,"W":"H","s":595,"p":7735.5},{"S":"B","i":8799226500,"W":"H","s":12000,"p":7735},{"S":"B","i":8799226700,"W":"H","s":25,"p":7733},{"S":"B","i":8799226750,"W":"H","s":131,"p":7732.5},{"S":"B","i":8799226800,"W":"H","s":6000,"p":7732},{"S":"B","i":8799226850,"W":"H","s":1162,"p":7731.5},{"S":"B","i":8799226900,"W":"H","s":5346,"p":7731},{"S":"B","i":8799226950,"W":"H","s":10438,"p":7730.5},{"S":"B","i":8799227000,"W":"H","s":10000,"p":7730},{"S":"B","i":8799227100,"W":"H","s":100,"p":7729},{"S":"B","i":8799227200,"W":"H","s":2257,"p":7728},{"S":"B","i":8799227250,"W":"H","s":1000,"p":7727.5},{"S":"B","i":8799227350,"W":"H","s":19030,"p":7726.5},{"S":"B","i":8799227400,"W":"H","s":4058,"p":7726},{"S":"B","i":8799227550,"W":"H","s":134,"p":7724.5},{"S":"B","i":8799227600,"W":"H","s":120,"p":7724},{"S":"B","i":8799227700,"W":"H","s":650,"p":7723},{"S":"B","i":8799227750,"W":"H","s":2302,"p":7722.5},{"S":"B","i":8799227800,"W":"H","s":400,"p":7722},{"S":"B","i":8799227900,"W":"H","s":355,"p":7721},{"S":"B","i":8799227950,"W":"H","s":595,"p":7720.5},{"S":"B","i":8799228000,"W":"H","s":20,"p":7720},{"S":"B","i":8799228050,"W":"H","s":250,"p":7719.5},{"S":"B","i":8799228100,"W":"H","s":150,"p":7719},{"S":"B","i":8799228150,"W":"H","s":170,"p":7718.5},{"S":"B","i":8799228250,"W":"H","s":131,"p":7717.5},{"S":"B","i":8799228350,"W":"H","s":1062,"p":7716.5},{"S":"B","i":8799228400,"W":"H","s":1246,"p":7716},{"S":"B","i":8799228450,"W":"H","s":10438,"p":7715.5},{"S":"B","i":8799228500,"W":"H","s":100,"p":7715},{"S":"B","i":8799228550,"W":"H","s":165,"p":7714.5},{"S":"B","i":8799228700,"W":"H","s":54757,"p":7713},{"S":"B","i":8799228800,"W":"H","s":70,"p":7712},{"S":"B","i":8799228850,"W":"H","s":19030,"p":7711.5},{"S":"B","i":8799228900,"W":"H","s":24058,"p":7711},{"S":"B","i":8799229000,"W":"H","s":600,"p":7710},{"S":"B","i":8799229050,"W":"H","s":1134,"p":7709.5},{"S":"B","i":8799229250,"W":"H","s":2602,"p":7707.5},{"S":"B","i":8799229400,"W":"H","s":355,"p":7706},{"S":"B","i":8799229450,"W":"H","s":595,"p":7705.5},{"S":"B","i":8799229650,"W":"H","s":4875,"p":7703.5},{"S":"B","i":8799229700,"W":"H","s":50,"p":7703},{"S":"B","i":8799229750,"W":"H","s":131,"p":7702.5},{"S":"B","i":8799229800,"W":"H","s":8000,"p":7702},{"S":"B","i":8799229850,"W":"H","s":1062,"p":7701.5},{"S":"B","i":8799229900,"W":"H","s":4246,"p":7701},{"S":"B","i":8799229950,"W":"H","s":13038,"p":7700.5},{"S":"B","i":8799230000,"W":"H","s":247698,"p":7700},{"S":"B","i":8799230100,"W":"H","s":2350,"p":7699},{"S":"B","i":8799230200,"W":"H","s":102257,"p":7698},{"S":"B","i":8799230350,"W":"H","s":19030,"p":7696.5},{"S":"B","i":8799230400,"W":"H","s":4328,"p":7696},{"S":"B","i":8799230500,"W":"H","s":30400,"p":7695},{"S":"B","i":8799230550,"W":"H","s":934,"p":7694.5},{"S":"B","i":8799230600,"W":"H","s":690,"p":7694},{"S":"B","i":8799230750,"W":"H","s":2302,"p":7692.5},{"S":"B","i":8799230800,"W":"H","s":3874,"p":7692},{"S":"B","i":8799230900,"W":"H","s":355,"p":7691},{"S":"B","i":8799230950,"W":"H","s":2595,"p":7690.5},{"S":"B","i":8799231000,"W":"H","s":6000,"p":7690},{"S":"B","i":8799231200,"W":"H","s":120,"p":7688},{"S":"B","i":8799231250,"W":"H","s":131,"p":7687.5},{"S":"B","i":8799231350,"W":"H","s":1062,"p":7686.5},{"S":"B","i":8799231400,"W":"H","s":1246,"p":7686},{"S":"B","i":8799231450,"W":"H","s":10438,"p":7685.5},{"S":"B","i":8799231550,"W":"H","s":170,"p":7684.5},{"S":"B","i":8799231700,"W":"H","s":4782,"p":7683},{"S":"B","i":8799231800,"W":"H","s":100,"p":7682},{"S":"B","i":8799231850,"W":"H","s":19030,"p":7681.5},{"S":"B","i":8799231900,"W":"H","s":4058,"p":7681},{"S":"B","i":8799231950,"W":"H","s":500,"p":7680.5},{"S":"B","i":8799232000,"W":"H","s":22700,"p":7680},{"S":"B","i":8799232050,"W":"H","s":144,"p":7679.5},{"S":"B","i":8799232200,"W":"H","s":700,"p":7678},{"S":"B","i":8799232250,"W":"H","s":2302,"p":7677.5},{"S":"B","i":8799232300,"W":"H","s":1000,"p":7677},{"S":"B","i":8799232400,"W":"H","s":355,"p":7676},{"S":"B","i":8799232450,"W":"H","s":595,"p":7675.5},{"S":"B","i":8799232500,"W":"H","s":100,"p":7675},{"S":"B","i":8799232750,"W":"H","s":431,"p":7672.5},{"S":"B","i":8799232800,"W":"H","s":170,"p":7672},{"S":"B","i":8799232850,"W":"H","s":1062,"p":7671.5},{"S":"B","i":8799232900,"W":"H","s":1246,"p":7671},{"S":"B","i":8799232950,"W":"H","s":10438,"p":7670.5},{"S":"B","i":8799233000,"W":"H","s":150,"p":7670},{"S":"B","i":8799233200,"W":"H","s":2257,"p":7668},{"S":"B","i":8799233250,"W":"H","s":30,"p":7667.5},{"S":"B","i":8799233300,"W":"H","s":2860,"p":7667},{"S":"B","i":8799233350,"W":"H","s":19531,"p":7666.5},{"S":"B","i":8799233400,"W":"H","s":10058,"p":7666},{"S":"B","i":8799233550,"W":"H","s":304,"p":7664.5},{"S":"B","i":8799233600,"W":"H","s":120,"p":7664},{"S":"B","i":8799233750,"W":"H","s":2302,"p":7662.5},{"S":"B","i":8799233900,"W":"H","s":355,"p":7661},{"S":"B","i":8799233950,"W":"H","s":595,"p":7660.5},{"S":"B","i":8799234000,"W":"H","s":35416,"p":7660},{"S":"B","i":8799234250,"W":"H","s":131,"p":7657.5},{"S":"B","i":8799234350,"W":"H","s":1062,"p":7656.5},{"S":"B","i":8799234400,"W":"H","s":1246,"p":7656},{"S":"B","i":8799234450,"W":"H","s":11438,"p":7655.5},{"S":"B","i":8799234600,"W":"H","s":4586,"p":7654},{"S":"B","i":8799234700,"W":"H","s":2437,"p":7653},{"S":"B","i":8799234850,"W":"H","s":19030,"p":7651.5},{"S":"B","i":8799234900,"W":"H","s":14058,"p":7651},{"S":"B","i":8799234950,"W":"H","s":2500,"p":7650.5},{"S":"B","i":8799235000,"W":"H","s":56590,"p":7650},{"S":"B","i":8799235050,"W":"H","s":134,"p":7649.5},{"S":"B","i":8799235100,"W":"H","s":800,"p":7649},{"S":"B","i":8799235200,"W":"H","s":250,"p":7648},{"S":"B","i":8799235250,"W":"H","s":2302,"p":7647.5},{"S":"B","i":8799235300,"W":"H","s":46236,"p":7647},{"S":"B","i":8799235400,"W":"H","s":555,"p":7646},{"S":"B","i":8799235450,"W":"H","s":595,"p":7645.5},{"S":"B","i":8799235700,"W":"H","s":155,"p":7643},{"S":"B","i":8799235750,"W":"H","s":131,"p":7642.5},{"S":"B","i":8799235850,"W":"H","s":1062,"p":7641.5},{"S":"B","i":8799235900,"W":"H","s":1246,"p":7641},{"S":"B","i":8799235950,"W":"H","s":11468,"p":7640.5},{"S":"B","i":8799236000,"W":"H","s":2020,"p":7640},{"S":"B","i":8799236150,"W":"H","s":5150,"p":7638.5},{"S":"B","i":8799236200,"W":"H","s":3757,"p":7638},{"S":"B","i":8799236300,"W":"H","s":50,"p":7637},{"S":"B","i":8799236350,"W":"H","s":19030,"p":7636.5},{"S":"B","i":8799236400,"W":"H","s":79058,"p":7636},{"S":"B","i":8799236550,"W":"H","s":134,"p":7634.5},{"S":"B","i":8799236600,"W":"H","s":33177,"p":7634},{"S":"B","i":8799236700,"W":"H","s":825,"p":7633},{"S":"B","i":8799236750,"W":"H","s":2302,"p":7632.5},{"S":"B","i":8799236850,"W":"H","s":10100,"p":7631.5},{"S":"B","i":8799236900,"W":"H","s":355,"p":7631},{"S":"B","i":8799236950,"W":"H","s":624,"p":7630.5},{"S":"B","i":8799237000,"W":"H","s":10000,"p":7630},{"S":"B","i":8799237100,"W":"H","s":31,"p":7629},{"S":"B","i":8799237150,"W":"H","s":1111,"p":7628.5},{"S":"B","i":8799237250,"W":"H","s":131,"p":7627.5},{"S":"B","i":8799237300,"W":"H","s":555,"p":7627},{"S":"B","i":8799237350,"W":"H","s":1062,"p":7626.5},{"S":"B","i":8799237400,"W":"H","s":1246,"p":7626},{"S":"B","i":8799237450,"W":"H","s":10438,"p":7625.5},{"S":"B","i":8799237700,"W":"H","s":5257,"p":7623},{"S":"B","i":8799237850,"W":"H","s":19030,"p":7621.5},{"S":"B","i":8799237900,"W":"H","s":35912,"p":7621},{"S":"B","i":8799238000,"W":"H","s":3900,"p":7620},{"S":"B","i":8799238050,"W":"H","s":134,"p":7619.5},{"S":"B","i":8799238100,"W":"H","s":5000,"p":7619},{"S":"B","i":8799238250,"W":"H","s":2302,"p":7617.5},{"S":"B","i":8799238400,"W":"H","s":355,"p":7616},{"S":"B","i":8799238450,"W":"H","s":595,"p":7615.5},{"S":"B","i":8799238750,"W":"H","s":131,"p":7612.5},{"S":"B","i":8799238800,"W":"H","s":30,"p":7612},{"S":"B","i":8799238850,"W":"H","s":1232,"p":7611.5},{"S":"B","i":8799238900,"W":"H","s":66031,"p":7611},{"S":"B","i":8799238950,"W":"H","s":10838,"p":7610.5},{"S":"B","i":8799239000,"W":"H","s":3000,"p":7610},{"S":"B","i":8799239050,"W":"H","s":2000,"p":7609.5},{"S":"B","i":8799239200,"W":"H","s":33006,"p":7608},{"S":"B","i":8799239350,"W":"H","s":19030,"p":7606.5},{"S":"B","i":8799239400,"W":"H","s":4058,"p":7606},{"S":"B","i":8799239550,"W":"H","s":134,"p":7604.5},{"S":"B","i":8799239600,"W":"H","s":170,"p":7604},{"S":"B","i":8799239700,"W":"H","s":25,"p":7603},{"S":"B","i":8799239750,"W":"H","s":2302,"p":7602.5},{"S":"B","i":8799239900,"W":"H","s":355,"p":7601},{"S":"B","i":8799239950,"W":"H","s":8345,"p":7600.5},{"S":"B","i":8799240000,"W":"H","s":164409,"p":7600},{"S":"B","i":8799240050,"W":"H","s":2500,"p":7599.5},{"S":"B","i":8799240100,"W":"H","s":17000,"p":7599},{"S":"B","i":8799240200,"W":"H","s":100000,"p":7598},{"S":"B","i":8799240250,"W":"H","s":301,"p":7597.5},{"S":"B","i":8799240300,"W":"H","s":340,"p":7597},{"S":"B","i":8799240350,"W":"H","s":1062,"p":7596.5},{"S":"B","i":8799240400,"W":"H","s":4246,"p":7596},{"S":"B","i":8799240450,"W":"H","s":10438,"p":7595.5},{"S":"B","i":8799240500,"W":"H","s":32233,"p":7595},{"S":"B","i":8799240550,"W":"H","s":500,"p":7594.5},{"S":"B","i":8799240600,"W":"H","s":20050,"p":7594},{"S":"B","i":8799240700,"W":"H","s":2257,"p":7593},{"S":"B","i":8799240850,"W":"H","s":19030,"p":7591.5},{"S":"B","i":8799240900,"W":"H","s":4058,"p":7591},{"S":"B","i":8799241000,"W":"H","s":90400,"p":7590},{"S":"B","i":8799241050,"W":"H","s":134,"p":7589.5},{"S":"B","i":8799241200,"W":"H","s":1200,"p":7588},{"S":"B","i":8799241250,"W":"H","s":2302,"p":7587.5},{"S":"B","i":8799241300,"W":"H","s":100,"p":7587},{"S":"B","i":8799241400,"W":"H","s":355,"p":7586},{"S":"B","i":8799241450,"W":"H","s":595,"p":7585.5},{"S":"B","i":8799241600,"W":"H","s":50,"p":7584},{"S":"B","i":8799241700,"W":"H","s":195,"p":7583},{"S":"B","i":8799241750,"W":"H","s":531,"p":7582.5},{"S":"B","i":8799241800,"W":"H","s":28654,"p":7582},{"S":"B","i":8799241850,"W":"H","s":1062,"p":7581.5},{"S":"B","i":8799241900,"W":"H","s":1246,"p":7581},{"S":"B","i":8799241950,"W":"H","s":10438,"p":7580.5},{"S":"B","i":8799242000,"W":"H","s":12300,"p":7580},{"S":"B","i":8799242050,"W":"H","s":260,"p":7579.5},{"S":"B","i":8799242100,"W":"H","s":160,"p":7579},{"S":"B","i":8799242200,"W":"H","s":2257,"p":7578},{"S":"B","i":8799242300,"W":"H","s":220000,"p":7577},{"S":"B","i":8799242350,"W":"H","s":19030,"p":7576.5},{"S":"B","i":8799242400,"W":"H","s":6058,"p":7576},{"S":"B","i":8799242500,"W":"H","s":2825,"p":7575},{"S":"B","i":8799242550,"W":"H","s":134,"p":7574.5},{"S":"B","i":8799242600,"W":"H","s":90,"p":7574},{"S":"B","i":8799242650,"W":"H","s":9625,"p":7573.5},{"S":"B","i":8799242750,"W":"H","s":2472,"p":7572.5},{"S":"B","i":8799242850,"W":"H","s":146,"p":7571.5},{"S":"B","i":8799242900,"W":"H","s":405,"p":7571},{"S":"B","i":8799242950,"W":"H","s":595,"p":7570.5},{"S":"B","i":8799243050,"W":"H","s":2000,"p":7569.5},{"S":"B","i":8799243100,"W":"H","s":27661,"p":7569},{"S":"B","i":8799243200,"W":"H","s":3000,"p":7568},{"S":"B","i":8799243250,"W":"H","s":50161,"p":7567.5},{"S":"B","i":8799243350,"W":"H","s":1162,"p":7566.5},{"S":"B","i":8799243400,"W":"H","s":1246,"p":7566},{"S":"B","i":8799243450,"W":"H","s":10488,"p":7565.5},{"S":"B","i":8799243600,"W":"H","s":300,"p":7564},{"S":"B","i":8799243700,"W":"H","s":3657,"p":7563},{"S":"B","i":8799243750,"W":"H","s":1000,"p":7562.5},{"S":"B","i":8799243800,"W":"H","s":3000,"p":7562},{"S":"B","i":8799243850,"W":"H","s":19030,"p":7561.5},{"S":"B","i":8799243900,"W":"H","s":4058,"p":7561},{"S":"B","i":8799244000,"W":"H","s":120,"p":7560},{"S":"B","i":8799244050,"W":"H","s":134,"p":7559.5},{"S":"B","i":8799244100,"W":"H","s":15000,"p":7559},{"S":"B","i":8799244200,"W":"H","s":5030,"p":7558},{"S":"B","i":8799244250,"W":"H","s":2302,"p":7557.5},{"S":"B","i":8799244300,"W":"H","s":130,"p":7557},{"S":"B","i":8799244350,"W":"H","s":26703,"p":7556.5},{"S":"B","i":8799244400,"W":"H","s":355,"p":7556},{"S":"B","i":8799244450,"W":"H","s":595,"p":7555.5},{"S":"B","i":8799244500,"W":"H","s":3200,"p":7555},{"S":"B","i":8799244550,"W":"H","s":400,"p":7554.5},{"S":"B","i":8799244750,"W":"H","s":131,"p":7552.5},{"S":"B","i":8799244800,"W":"H","s":5000,"p":7552},{"S":"B","i":8799244850,"W":"H","s":2062,"p":7551.5},{"S":"B","i":8799244900,"W":"H","s":11746,"p":7551},{"S":"B","i":8799244950,"W":"H","s":12988,"p":7550.5},{"S":"B","i":8799245000,"W":"H","s":30620,"p":7550},{"S":"B","i":8799245100,"W":"H","s":800,"p":7549},{"S":"B","i":8799245200,"W":"H","s":2407,"p":7548},{"S":"B","i":8799245300,"W":"H","s":1000,"p":7547},{"S":"B","i":8799245350,"W":"H","s":19030,"p":7546.5},{"S":"B","i":8799245400,"W":"H","s":4128,"p":7546},{"S":"B","i":8799245500,"W":"H","s":104150,"p":7545},{"S":"B","i":8799245550,"W":"H","s":134,"p":7544.5},{"S":"B","i":8799245600,"W":"H","s":540,"p":7544},{"S":"B","i":8799245650,"W":"H","s":29978,"p":7543.5},{"S":"B","i":8799245700,"W":"H","s":15830,"p":7543},{"S":"B","i":8799245750,"W":"H","s":2302,"p":7542.5},{"S":"B","i":8799245900,"W":"H","s":355,"p":7541},{"S":"B","i":8799245950,"W":"H","s":595,"p":7540.5},{"S":"B","i":8799246000,"W":"H","s":850,"p":7540},{"S":"B","i":8799246100,"W":"H","s":10400,"p":7539},{"S":"B","i":8799246200,"W":"H","s":19938,"p":7538},{"S":"B","i":8799246250,"W":"H","s":20131,"p":7537.5},{"S":"B","i":8799246350,"W":"H","s":1062,"p":7536.5},{"S":"B","i":8799246400,"W":"H","s":4146,"p":7536},{"S":"B","i":8799246450,"W":"H","s":10438,"p":7535.5},{"S":"B","i":8799246500,"W":"H","s":13020,"p":7535},{"S":"B","i":8799246650,"W":"H","s":2574,"p":7533.5},{"S":"B","i":8799246700,"W":"H","s":2257,"p":7533},{"S":"B","i":8799246800,"W":"H","s":15000,"p":7532},{"S":"B","i":8799246850,"W":"H","s":19030,"p":7531.5},{"S":"B","i":8799246900,"W":"H","s":7058,"p":7531},{"S":"B","i":8799246950,"W":"H","s":24886,"p":7530.5},{"S":"B","i":8799247000,"W":"H","s":31000,"p":7530},{"S":"B","i":8799247050,"W":"H","s":134,"p":7529.5},{"S":"B","i":8799247250,"W":"H","s":2302,"p":7527.5},{"S":"B","i":8799247350,"W":"H","s":3400,"p":7526.5},{"S":"B","i":8799247400,"W":"H","s":455,"p":7526},{"S":"B","i":8799247450,"W":"H","s":1295,"p":7525.5},{"S":"B","i":8799247500,"W":"H","s":2050,"p":7525},{"S":"B","i":8799247600,"W":"H","s":1345,"p":7524},{"S":"B","i":8799247650,"W":"H","s":20,"p":7523.5},{"S":"B","i":8799247700,"W":"H","s":3,"p":7523},{"S":"B","i":8799247750,"W":"H","s":131,"p":7522.5},{"S":"B","i":8799247850,"W":"H","s":1062,"p":7521.5},{"S":"B","i":8799247900,"W":"H","s":1246,"p":7521},{"S":"B","i":8799247950,"W":"H","s":10438,"p":7520.5},{"S":"B","i":8799248000,"W":"H","s":15900,"p":7520},{"S":"B","i":8799248200,"W":"H","s":3659,"p":7518},{"S":"B","i":8799248250,"W":"H","s":24025,"p":7517.5},{"S":"B","i":8799248350,"W":"H","s":119030,"p":7516.5},{"S":"B","i":8799248400,"W":"H","s":4058,"p":7516},{"S":"B","i":8799248450,"W":"H","s":20130,"p":7515.5},{"S":"B","i":8799248550,"W":"H","s":134,"p":7514.5},{"S":"B","i":8799248600,"W":"H","s":90,"p":7514},{"S":"B","i":8799248700,"W":"H","s":13000,"p":7513},{"S":"B","i":8799248750,"W":"H","s":3822,"p":7512.5},{"S":"B","i":8799248800,"W":"H","s":3030,"p":7512},{"S":"B","i":8799248900,"W":"H","s":355,"p":7511},{"S":"B","i":8799248950,"W":"H","s":595,"p":7510.5},{"S":"B","i":8799249000,"W":"H","s":1230,"p":7510},{"S":"B","i":8799249050,"W":"H","s":1000,"p":7509.5},{"S":"B","i":8799249150,"W":"H","s":4500,"p":7508.5},{"S":"B","i":8799249200,"W":"H","s":1500,"p":7508},{"S":"B","i":8799249250,"W":"H","s":131,"p":7507.5},{"S":"B","i":8799249300,"W":"H","s":200,"p":7507},{"S":"B","i":8799249350,"W":"H","s":1162,"p":7506.5},{"S":"B","i":8799249400,"W":"H","s":1246,"p":7506},{"S":"B","i":8799249450,"W":"H","s":10438,"p":7505.5},{"S":"B","i":8799249500,"W":"H","s":3000,"p":7505},{"S":"B","i":8799249550,"W":"H","s":23194,"p":7504.5},{"S":"B","i":8799249650,"W":"H","s":2000,"p":7503.5},{"S":"B","i":8799249700,"W":"H","s":3257,"p":7503},{"S":"B","i":8799249850,"W":"H","s":19030,"p":7501.5},{"S":"B","i":8799249900,"W":"H","s":4078,"p":7501},{"S":"B","i":8799249950,"W":"H","s":3750,"p":7500.5},{"S":"B","i":8799250000,"W":"H","s":288435,"p":7500},{"S":"B","i":8799250050,"W":"H","s":134,"p":7499.5},{"S":"B","i":8799250100,"W":"H","s":44838,"p":7499},{"S":"B","i":8799250150,"W":"H","s":150,"p":7498.5},{"S":"B","i":8799250200,"W":"H","s":100800,"p":7498},{"S":"B","i":8799250250,"W":"H","s":2302,"p":7497.5},{"S":"B","i":8799250350,"W":"H","s":202646,"p":7496.5},{"S":"B","i":8799250400,"W":"H","s":855,"p":7496},{"S":"B","i":8799250450,"W":"H","s":595,"p":7495.5},{"S":"B","i":8799250500,"W":"H","s":15500,"p":7495},{"S":"B","i":8799250650,"W":"H","s":3000,"p":7493.5},{"S":"B","i":8799250700,"W":"H","s":15100,"p":7493},{"S":"B","i":8799250750,"W":"H","s":131,"p":7492.5},{"S":"B","i":8799250850,"W":"H","s":23454,"p":7491.5},{"S":"B","i":8799250900,"W":"H","s":1346,"p":7491},{"S":"B","i":8799250950,"W":"H","s":79436,"p":7490.5},{"S":"B","i":8799251000,"W":"H","s":5085,"p":7490},{"S":"B","i":8799251200,"W":"H","s":10213,"p":7488},{"S":"B","i":8799251250,"W":"H","s":300,"p":7487.5},{"S":"B","i":8799251350,"W":"H","s":19030,"p":7486.5},{"S":"B","i":8799251400,"W":"H","s":7458,"p":7486},{"S":"B","i":8799251450,"W":"H","s":3500,"p":7485.5},{"S":"B","i":8799251500,"W":"H","s":3520,"p":7485},{"S":"B","i":8799251550,"W":"H","s":134,"p":7484.5},{"S":"B","i":8799251600,"W":"H","s":3090,"p":7484},{"S":"B","i":8799251700,"W":"H","s":2500,"p":7483},{"S":"B","i":8799251750,"W":"H","s":2302,"p":7482.5},{"S":"B","i":8799251900,"W":"H","s":355,"p":7481},{"S":"B","i":8799251950,"W":"H","s":595,"p":7480.5},{"S":"B","i":8799252000,"W":"H","s":36125,"p":7480},{"S":"B","i":8799252100,"W":"H","s":5200,"p":7479},{"S":"B","i":8799252150,"W":"H","s":21639,"p":7478.5},{"S":"B","i":8799252250,"W":"H","s":131,"p":7477.5},{"S":"B","i":8799252300,"W":"H","s":77170,"p":7477},{"S":"B","i":8799252350,"W":"H","s":1062,"p":7476.5},{"S":"B","i":8799252400,"W":"H","s":1346,"p":7476},{"S":"B","i":8799252450,"W":"H","s":15438,"p":7475.5},{"S":"B","i":8799252500,"W":"H","s":15575,"p":7475},{"S":"B","i":8799252550,"W":"H","s":2000,"p":7474.5},{"S":"B","i":8799252600,"W":"H","s":4050,"p":7474},{"S":"B","i":8799252700,"W":"H","s":4523,"p":7473},{"S":"B","i":8799252750,"W":"H","s":1000,"p":7472.5},{"S":"B","i":8799252800,"W":"H","s":6800,"p":7472},{"S":"B","i":8799252850,"W":"H","s":29060,"p":7471.5},{"S":"B","i":8799252900,"W":"H","s":4458,"p":7471},{"S":"B","i":8799253000,"W":"H","s":1210,"p":7470},{"S":"B","i":8799253050,"W":"H","s":134,"p":7469.5},{"S":"B","i":8799253100,"W":"H","s":1000,"p":7469},{"S":"B","i":8799253200,"W":"H","s":340,"p":7468},{"S":"B","i":8799253250,"W":"H","s":2352,"p":7467.5},{"S":"B","i":8799253400,"W":"H","s":355,"p":7466},{"S":"B","i":8799253450,"W":"H","s":21467,"p":7465.5},{"S":"B","i":8799253500,"W":"H","s":1075,"p":7465},{"S":"B","i":8799253600,"W":"H","s":1010,"p":7464},{"S":"B","i":8799253750,"W":"H","s":431,"p":7462.5},{"S":"B","i":8799253850,"W":"H","s":1062,"p":7461.5},{"S":"B","i":8799253900,"W":"H","s":1276,"p":7461},{"S":"B","i":8799253950,"W":"H","s":10438,"p":7460.5},{"S":"B","i":8799254000,"W":"H","s":50,"p":7460},{"S":"B","i":8799254050,"W":"H","s":3000,"p":7459.5},{"S":"B","i":8799254150,"W":"H","s":30,"p":7458.5},{"S":"B","i":8799254200,"W":"H","s":2357,"p":7458},{"S":"B","i":8799254300,"W":"H","s":74570,"p":7457},{"S":"B","i":8799254350,"W":"H","s":19030,"p":7456.5},{"S":"B","i":8799254400,"W":"H","s":4078,"p":7456},{"S":"B","i":8799254450,"W":"H","s":600,"p":7455.5},{"S":"B","i":8799254500,"W":"H","s":3000,"p":7455},{"S":"B","i":8799254550,"W":"H","s":159,"p":7454.5},{"S":"B","i":8799254600,"W":"H","s":3390,"p":7454},{"S":"B","i":8799254650,"W":"H","s":700,"p":7453.5},{"S":"B","i":8799254700,"W":"H","s":24801,"p":7453},{"S":"B","i":8799254750,"W":"H","s":2302,"p":7452.5},{"S":"B","i":8799254900,"W":"H","s":11805,"p":7451},{"S":"B","i":8799254950,"W":"H","s":3345,"p":7450.5},{"S":"B","i":8799255000,"W":"H","s":95755,"p":7450},{"S":"B","i":8799255100,"W":"H","s":6200,"p":7449},{"S":"B","i":8799255200,"W":"H","s":2175,"p":7448},{"S":"B","i":8799255250,"W":"H","s":7131,"p":7447.5},{"S":"B","i":8799255300,"W":"H","s":77000,"p":7447},{"S":"B","i":8799255350,"W":"H","s":1062,"p":7446.5},{"S":"B","i":8799255400,"W":"H","s":1446,"p":7446},{"S":"B","i":8799255450,"W":"H","s":10438,"p":7445.5},{"S":"B","i":8799255500,"W":"H","s":7090,"p":7445},{"S":"B","i":8799255550,"W":"H","s":14365,"p":7444.5},{"S":"B","i":8799255600,"W":"H","s":31569,"p":7444},{"S":"B","i":8799255700,"W":"H","s":18087,"p":7443},{"S":"B","i":8799255800,"W":"H","s":2200,"p":7442},{"S":"B","i":8799255850,"W":"H","s":19030,"p":7441.5},{"S":"B","i":8799255900,"W":"H","s":14059,"p":7441},{"S":"B","i":8799256000,"W":"H","s":72456,"p":7440},{"S":"B","i":8799256050,"W":"H","s":134,"p":7439.5},{"S":"B","i":8799256200,"W":"H","s":25,"p":7438},{"S":"B","i":8799256250,"W":"H","s":2602,"p":7437.5},{"S":"B","i":8799256300,"W":"H","s":299370,"p":7437},{"S":"B","i":8799256350,"W":"H","s":1500,"p":7436.5},{"S":"B","i":8799256400,"W":"H","s":7355,"p":7436},{"S":"B","i":8799256450,"W":"H","s":2095,"p":7435.5},{"S":"B","i":8799256500,"W":"H","s":1750,"p":7435},{"S":"B","i":8799256550,"W":"H","s":2000,"p":7434.5},{"S":"B","i":8799256600,"W":"H","s":10140,"p":7434},{"S":"B","i":8799256700,"W":"H","s":29900,"p":7433},{"S":"B","i":8799256750,"W":"H","s":131,"p":7432.5},{"S":"B","i":8799256850,"W":"H","s":5062,"p":7431.5},{"S":"B","i":8799256900,"W":"H","s":5646,"p":7431},{"S":"B","i":8799256950,"W":"H","s":12438,"p":7430.5},{"S":"B","i":8799257000,"W":"H","s":56450,"p":7430},{"S":"B","i":8799257100,"W":"H","s":100,"p":7429},{"S":"B","i":8799257150,"W":"H","s":6126,"p":7428.5},{"S":"B","i":8799257200,"W":"H","s":7257,"p":7428},{"S":"B","i":8799257300,"W":"H","s":193055,"p":7427},{"S":"B","i":8799257350,"W":"H","s":19030,"p":7426.5},{"S":"B","i":8799257400,"W":"H","s":4058,"p":7426},{"S":"B","i":8799257450,"W":"H","s":3040,"p":7425.5},{"S":"B","i":8799257500,"W":"H","s":3075,"p":7425},{"S":"B","i":8799257550,"W":"H","s":1134,"p":7424.5},{"S":"B","i":8799257600,"W":"H","s":90,"p":7424},{"S":"B","i":8799257650,"W":"H","s":3400,"p":7423.5},{"S":"B","i":8799257700,"W":"H","s":6600,"p":7423},{"S":"B","i":8799257750,"W":"H","s":4322,"p":7422.5},{"S":"B","i":8799257800,"W":"H","s":10,"p":7422},{"S":"B","i":8799257850,"W":"H","s":200,"p":7421.5},{"S":"B","i":8799257900,"W":"H","s":355,"p":7421},{"S":"B","i":8799257950,"W":"H","s":595,"p":7420.5},{"S":"B","i":8799258000,"W":"H","s":630,"p":7420},{"S":"B","i":8799258050,"W":"H","s":300,"p":7419.5},{"S":"B","i":8799258100,"W":"H","s":1300,"p":7419},{"S":"B","i":8799258150,"W":"H","s":50,"p":7418.5},{"S":"B","i":8799258200,"W":"H","s":1000,"p":7418},{"S":"B","i":8799258250,"W":"H","s":131,"p":7417.5},{"S":"B","i":8799258300,"W":"H","s":75170,"p":7417},{"S":"B","i":8799258350,"W":"H","s":1062,"p":7416.5},{"S":"B","i":8799258400,"W":"H","s":1246,"p":7416},{"S":"B","i":8799258450,"W":"H","s":10438,"p":7415.5},{"S":"B","i":8799258500,"W":"H","s":400,"p":7415},{"S":"B","i":8799258600,"W":"H","s":18138,"p":7414},{"S":"B","i":8799258700,"W":"H","s":2257,"p":7413},{"S":"B","i":8799258800,"W":"H","s":120030,"p":7412},{"S":"B","i":8799258850,"W":"H","s":19175,"p":7411.5},{"S":"B","i":8799258900,"W":"H","s":4058,"p":7411},{"S":"B","i":8799258950,"W":"H","s":500,"p":7410.5},{"S":"B","i":8799259000,"W":"H","s":42250,"p":7410},{"S":"B","i":8799259050,"W":"H","s":134,"p":7409.5},{"S":"B","i":8799259100,"W":"H","s":3000,"p":7409},{"S":"B","i":8799259150,"W":"H","s":50,"p":7408.5},{"S":"B","i":8799259200,"W":"H","s":1023,"p":7408},{"S":"B","i":8799259250,"W":"H","s":3102,"p":7407.5},{"S":"B","i":8799259300,"W":"H","s":84070,"p":7407},{"S":"B","i":8799259350,"W":"H","s":1000,"p":7406.5},{"S":"B","i":8799259400,"W":"H","s":355,"p":7406},{"S":"B","i":8799259450,"W":"H","s":45595,"p":7405.5},{"S":"B","i":8799259500,"W":"H","s":35400,"p":7405},{"S":"B","i":8799259550,"W":"H","s":200,"p":7404.5},{"S":"B","i":8799259750,"W":"H","s":131,"p":7402.5},{"S":"B","i":8799259800,"W":"H","s":250,"p":7402},{"S":"B","i":8799259850,"W":"H","s":1062,"p":7401.5},{"S":"B","i":8799259900,"W":"H","s":19759,"p":7401},{"S":"B","i":8799259950,"W":"H","s":16346,"p":7400.5},{"S":"B","i":8799260000,"W":"H","s":380007,"p":7400},{"S":"B","i":8799260050,"W":"H","s":100,"p":7399.5},{"S":"B","i":8799260100,"W":"H","s":29608,"p":7399},{"S":"B","i":8799260150,"W":"H","s":58600,"p":7398.5},{"S":"B","i":8799260200,"W":"H","s":12677,"p":7398},{"S":"B","i":8799260250,"W":"H","s":2050,"p":7397.5},{"S":"B","i":8799260300,"W":"H","s":36985,"p":7397},{"S":"B","i":8799260350,"W":"H","s":25330,"p":7396.5},{"S":"B","i":8799260400,"W":"H","s":15258,"p":7396},{"S":"B","i":8799260450,"W":"H","s":1270,"p":7395.5},{"S":"B","i":8799260500,"W":"H","s":2550,"p":7395},{"S":"B","i":8799260550,"W":"H","s":1834,"p":7394.5},{"S":"B","i":8799260600,"W":"H","s":2590,"p":7394},{"S":"B","i":8799260650,"W":"H","s":1000,"p":7393.5},{"S":"B","i":8799260700,"W":"H","s":550,"p":7393},{"S":"B","i":8799260750,"W":"H","s":2304,"p":7392.5},{"S":"B","i":8799260800,"W":"H","s":10100,"p":7392},{"S":"B","i":8799260900,"W":"H","s":2021,"p":7391},{"S":"B","i":8799260950,"W":"H","s":595,"p":7390.5},{"S":"B","i":8799261000,"W":"H","s":8650,"p":7390},{"S":"B","i":8799261050,"W":"H","s":20,"p":7389.5},{"S":"B","i":8799261100,"W":"H","s":1500,"p":7389},{"S":"B","i":8799261150,"W":"H","s":1520,"p":7388.5},{"S":"B","i":8799261200,"W":"H","s":42930,"p":7388},{"S":"B","i":8799261250,"W":"H","s":75531,"p":7387.5},{"S":"B","i":8799261300,"W":"H","s":1400,"p":7387},{"S":"B","i":8799261350,"W":"H","s":1562,"p":7386.5},{"S":"B","i":8799261400,"W":"H","s":6246,"p":7386},{"S":"B","i":8799261450,"W":"H","s":10938,"p":7385.5},{"S":"B","i":8799261500,"W":"H","s":61442,"p":7385},{"S":"B","i":8799261600,"W":"H","s":2500,"p":7384},{"S":"B","i":8799261650,"W":"H","s":6700,"p":7383.5},{"S":"B","i":8799261700,"W":"H","s":2782,"p":7383},{"S":"B","i":8799261850,"W":"H","s":19030,"p":7381.5},{"S":"B","i":8799261900,"W":"H","s":4558,"p":7381},{"S":"B","i":8799261950,"W":"H","s":500,"p":7380.5},{"S":"B","i":8799262000,"W":"H","s":90545,"p":7380},{"S":"B","i":8799262050,"W":"H","s":4406,"p":7379.5},{"S":"B","i":8799262100,"W":"H","s":40,"p":7379},{"S":"B","i":8799262150,"W":"H","s":20,"p":7378.5},{"S":"B","i":8799262250,"W":"H","s":12502,"p":7377.5},{"S":"B","i":8799262300,"W":"H","s":366250,"p":7377},{"S":"B","i":8799262400,"W":"H","s":455,"p":7376},{"S":"B","i":8799262450,"W":"H","s":595,"p":7375.5},{"S":"B","i":8799262500,"W":"H","s":246828,"p":7375},{"S":"B","i":8799262600,"W":"H","s":13000,"p":7374},{"S":"B","i":8799262700,"W":"H","s":6250,"p":7373},{"S":"B","i":8799262750,"W":"H","s":131,"p":7372.5},{"S":"B","i":8799262850,"W":"H","s":1062,"p":7371.5},{"S":"B","i":8799262900,"W":"H","s":4246,"p":7371},{"S":"B","i":8799262950,"W":"H","s":11438,"p":7370.5},{"S":"B","i":8799263000,"W":"H","s":176,"p":7370},{"S":"B","i":8799263050,"W":"H","s":500,"p":7369.5},{"S":"B","i":8799263100,"W":"H","s":230,"p":7369},{"S":"B","i":8799263200,"W":"H","s":2257,"p":7368},{"S":"B","i":8799263250,"W":"H","s":50110,"p":7367.5},{"S":"B","i":8799263300,"W":"H","s":56030,"p":7367},{"S":"B","i":8799263350,"W":"H","s":19030,"p":7366.5},{"S":"B","i":8799263400,"W":"H","s":165783,"p":7366},{"S":"B","i":8799263500,"W":"H","s":11611,"p":7365},{"S":"B","i":8799263550,"W":"H","s":334,"p":7364.5},{"S":"B","i":8799263600,"W":"H","s":90,"p":7364},{"S":"B","i":8799263650,"W":"H","s":400,"p":7363.5},{"S":"B","i":8799263700,"W":"H","s":950,"p":7363},{"S":"B","i":8799263750,"W":"H","s":2382,"p":7362.5},{"S":"B","i":8799263800,"W":"H","s":18866,"p":7362},{"S":"B","i":8799263850,"W":"H","s":2500,"p":7361.5},{"S":"B","i":8799263900,"W":"H","s":855,"p":7361},{"S":"B","i":8799263950,"W":"H","s":595,"p":7360.5},{"S":"B","i":8799264000,"W":"H","s":5800,"p":7360},{"S":"B","i":8799264100,"W":"H","s":13800,"p":7359},{"S":"B","i":8799264150,"W":"H","s":200,"p":7358.5},{"S":"B","i":8799264200,"W":"H","s":99,"p":7358},{"S":"B","i":8799264250,"W":"H","s":131,"p":7357.5},{"S":"B","i":8799264300,"W":"H","s":24117,"p":7357},{"S":"B","i":8799264350,"W":"H","s":4274,"p":7356.5},{"S":"B","i":8799264400,"W":"H","s":1746,"p":7356},{"S":"B","i":8799264450,"W":"H","s":10734,"p":7355.5},{"S":"B","i":8799264500,"W":"H","s":13250,"p":7355},{"S":"B","i":8799264550,"W":"H","s":75,"p":7354.5},{"S":"B","i":8799264600,"W":"H","s":5000,"p":7354},{"S":"B","i":8799264700,"W":"H","s":15292,"p":7353},{"S":"B","i":8799264750,"W":"H","s":10000,"p":7352.5},{"S":"B","i":8799264800,"W":"H","s":600,"p":7352},{"S":"B","i":8799264850,"W":"H","s":20030,"p":7351.5},{"S":"B","i":8799264900,"W":"H","s":15088,"p":7351},{"S":"B","i":8799264950,"W":"H","s":2550,"p":7350.5},{"S":"B","i":8799265000,"W":"H","s":107177,"p":7350},{"S":"B","i":8799265050,"W":"H","s":134,"p":7349.5},{"S":"B","i":8799265100,"W":"H","s":16024,"p":7349},{"S":"B","i":8799265150,"W":"H","s":70882,"p":7348.5},{"S":"B","i":8799265250,"W":"H","s":12302,"p":7347.5},{"S":"B","i":8799265300,"W":"H","s":15850,"p":7347},{"S":"B","i":8799265400,"W":"H","s":13555,"p":7346},{"S":"B","i":8799265450,"W":"H","s":615,"p":7345.5},{"S":"B","i":8799265500,"W":"H","s":5450,"p":7345},{"S":"B","i":8799265600,"W":"H","s":1250,"p":7344},{"S":"B","i":8799265650,"W":"H","s":5000,"p":7343.5},{"S":"B","i":8799265700,"W":"H","s":7693,"p":7343},{"S":"B","i":8799265750,"W":"H","s":631,"p":7342.5},{"S":"B","i":8799265800,"W":"H","s":20300,"p":7342},{"S":"B","i":8799265850,"W":"H","s":1512,"p":7341.5},{"S":"B","i":8799265900,"W":"H","s":1246,"p":7341},{"S":"B","i":8799265950,"W":"H","s":10438,"p":7340.5},{"S":"B","i":8799266000,"W":"H","s":722,"p":7340},{"S":"B","i":8799266050,"W":"H","s":6000,"p":7339.5},{"S":"B","i":8799266100,"W":"H","s":888,"p":7339},{"S":"B","i":8799266200,"W":"H","s":2557,"p":7338},{"S":"B","i":8799266250,"W":"H","s":5000,"p":7337.5},{"S":"B","i":8799266300,"W":"H","s":250,"p":7337},{"S":"B","i":8799266350,"W":"H","s":33732,"p":7336.5},{"S":"B","i":8799266400,"W":"H","s":9058,"p":7336},{"S":"B","i":8799266450,"W":"H","s":5,"p":7335.5},{"S":"B","i":8799266500,"W":"H","s":30,"p":7335},{"S":"B","i":8799266550,"W":"H","s":134,"p":7334.5},{"S":"B","i":8799266600,"W":"H","s":100150,"p":7334},{"S":"B","i":8799266650,"W":"H","s":2000,"p":7333.5},{"S":"B","i":8799266700,"W":"H","s":52883,"p":7333},{"S":"B","i":8799266750,"W":"H","s":2302,"p":7332.5},{"S":"B","i":8799266800,"W":"H","s":1000,"p":7332},{"S":"B","i":8799266850,"W":"H","s":20400,"p":7331.5},{"S":"B","i":8799266900,"W":"H","s":555,"p":7331},{"S":"B","i":8799266950,"W":"H","s":4595,"p":7330.5},{"S":"B","i":8799267000,"W":"H","s":28619,"p":7330},{"S":"B","i":8799267150,"W":"H","s":1111,"p":7328.5},{"S":"B","i":8799267200,"W":"H","s":300,"p":7328},{"S":"B","i":8799267250,"W":"H","s":131,"p":7327.5},{"S":"B","i":8799267300,"W":"H","s":5492,"p":7327},{"S":"B","i":8799267350,"W":"H","s":1062,"p":7326.5},{"S":"B","i":8799267400,"W":"H","s":3246,"p":7326},{"S":"B","i":8799267450,"W":"H","s":10438,"p":7325.5},{"S":"B","i":8799267500,"W":"H","s":1025,"p":7325},{"S":"B","i":8799267600,"W":"H","s":6000,"p":7324},{"S":"B","i":8799267650,"W":"H","s":14217,"p":7323.5},{"S":"B","i":8799267700,"W":"H","s":2257,"p":7323},{"S":"B","i":8799267800,"W":"H","s":8710,"p":7322},{"S":"B","i":8799267850,"W":"H","s":19078,"p":7321.5},{"S":"B","i":8799267900,"W":"H","s":4058,"p":7321},{"S":"B","i":8799267950,"W":"H","s":2000,"p":7320.5},{"S":"B","i":8799268000,"W":"H","s":114520,"p":7320},{"S":"B","i":8799268050,"W":"H","s":134,"p":7319.5},{"S":"B","i":8799268200,"W":"H","s":950,"p":7318},{"S":"B","i":8799268250,"W":"H","s":3302,"p":7317.5},{"S":"B","i":8799268300,"W":"H","s":335080,"p":7317},{"S":"B","i":8799268400,"W":"H","s":355,"p":7316},{"S":"B","i":8799268450,"W":"H","s":5595,"p":7315.5},{"S":"B","i":8799268500,"W":"H","s":1065,"p":7315},{"S":"B","i":8799268550,"W":"H","s":4125,"p":7314.5},{"S":"B","i":8799268600,"W":"H","s":11325,"p":7314},{"S":"B","i":8799268650,"W":"H","s":14400,"p":7313.5},{"S":"B","i":8799268700,"W":"H","s":25,"p":7313},{"S":"B","i":8799268750,"W":"H","s":151,"p":7312.5},{"S":"B","i":8799268850,"W":"H","s":1062,"p":7311.5},{"S":"B","i":8799268900,"W":"H","s":76746,"p":7311},{"S":"B","i":8799268950,"W":"H","s":30148,"p":7310.5},{"S":"B","i":8799269000,"W":"H","s":31760,"p":7310},{"S":"B","i":8799269050,"W":"H","s":100,"p":7309.5},{"S":"B","i":8799269100,"W":"H","s":1626,"p":7309},{"S":"B","i":8799269200,"W":"H","s":52357,"p":7308},{"S":"B","i":8799269300,"W":"H","s":10080,"p":7307},{"S":"B","i":8799269350,"W":"H","s":19030,"p":7306.5},{"S":"B","i":8799269400,"W":"H","s":4058,"p":7306},{"S":"B","i":8799269500,"W":"H","s":5000,"p":7305},{"S":"B","i":8799269550,"W":"H","s":134,"p":7304.5},{"S":"B","i":8799269600,"W":"H","s":90,"p":7304},{"S":"B","i":8799269650,"W":"H","s":400,"p":7303.5},{"S":"B","i":8799269750,"W":"H","s":2302,"p":7302.5},{"S":"B","i":8799269800,"W":"H","s":4000,"p":7302},{"S":"B","i":8799269850,"W":"H","s":20,"p":7301.5},{"S":"B","i":8799269900,"W":"H","s":4575,"p":7301},{"S":"B","i":8799269950,"W":"H","s":4195,"p":7300.5},{"S":"B","i":8799270000,"W":"H","s":592533,"p":7300},{"S":"B","i":8799270100,"W":"H","s":11125,"p":7299},{"S":"B","i":8799270200,"W":"H","s":10770,"p":7298},{"S":"B","i":8799270250,"W":"H","s":13371,"p":7297.5},{"S":"B","i":8799270300,"W":"H","s":1775,"p":7297},{"S":"B","i":8799270350,"W":"H","s":10562,"p":7296.5},{"S":"B","i":8799270400,"W":"H","s":1246,"p":7296},{"S":"B","i":8799270450,"W":"H","s":31438,"p":7295.5},{"S":"B","i":8799270500,"W":"H","s":7100,"p":7295},{"S":"B","i":8799270550,"W":"H","s":2000,"p":7294.5},{"S":"B","i":8799270600,"W":"H","s":10400,"p":7294},{"S":"B","i":8799270650,"W":"H","s":500,"p":7293.5},{"S":"B","i":8799270700,"W":"H","s":2257,"p":7293},{"S":"B","i":8799270750,"W":"H","s":100,"p":7292.5},{"S":"B","i":8799270850,"W":"H","s":19230,"p":7291.5},{"S":"B","i":8799270900,"W":"H","s":4208,"p":7291},{"S":"B","i":8799270950,"W":"H","s":20,"p":7290.5},{"S":"B","i":8799271000,"W":"H","s":178500,"p":7290},{"S":"B","i":8799271050,"W":"H","s":634,"p":7289.5},{"S":"B","i":8799271100,"W":"H","s":10600,"p":7289},{"S":"B","i":8799271150,"W":"H","s":103,"p":7288.5},{"S":"B","i":8799271200,"W":"H","s":2500,"p":7288},{"S":"B","i":8799271250,"W":"H","s":2402,"p":7287.5},{"S":"B","i":8799271400,"W":"H","s":5355,"p":7286},{"S":"B","i":8799271450,"W":"H","s":903,"p":7285.5},{"S":"B","i":8799271500,"W":"H","s":5000,"p":7285},{"S":"B","i":8799271550,"W":"H","s":12787,"p":7284.5},{"S":"B","i":8799271600,"W":"H","s":130,"p":7284},{"S":"B","i":8799271650,"W":"H","s":30000,"p":7283.5},{"S":"B","i":8799271700,"W":"H","s":1525,"p":7283},{"S":"B","i":8799271750,"W":"H","s":1131,"p":7282.5},{"S":"B","i":8799271850,"W":"H","s":1562,"p":7281.5},{"S":"B","i":8799271900,"W":"H","s":21246,"p":7281},{"S":"B","i":8799271950,"W":"H","s":10438,"p":7280.5},{"S":"B","i":8799272000,"W":"H","s":26050,"p":7280},{"S":"B","i":8799272050,"W":"H","s":20,"p":7279.5},{"S":"B","i":8799272100,"W":"H","s":38,"p":7279},{"S":"B","i":8799272200,"W":"H","s":2557,"p":7278},{"S":"B","i":8799272300,"W":"H","s":6000,"p":7277},{"S":"B","i":8799272350,"W":"H","s":19190,"p":7276.5},{"S":"B","i":8799272400,"W":"H","s":4158,"p":7276},{"S":"B","i":8799272450,"W":"H","s":400,"p":7275.5},{"S":"B","i":8799272500,"W":"H","s":50,"p":7275},{"S":"B","i":8799272550,"W":"H","s":1164,"p":7274.5},{"S":"B","i":8799272600,"W":"H","s":200,"p":7274},{"S":"B","i":8799272700,"W":"H","s":13950,"p":7273},{"S":"B","i":8799272750,"W":"H","s":3382,"p":7272.5},{"S":"B","i":8799272800,"W":"H","s":10125,"p":7272},{"S":"B","i":8799272850,"W":"H","s":12349,"p":7271.5},{"S":"B","i":8799272900,"W":"H","s":5355,"p":7271},{"S":"B","i":8799272950,"W":"H","s":595,"p":7270.5},{"S":"B","i":8799273000,"W":"H","s":17540,"p":7270},{"S":"B","i":8799273150,"W":"H","s":5120,"p":7268.5},{"S":"B","i":8799273200,"W":"H","s":520,"p":7268},{"S":"B","i":8799273250,"W":"H","s":2233,"p":7267.5},{"S":"B","i":8799273300,"W":"H","s":225030,"p":7267},{"S":"B","i":8799273350,"W":"H","s":1222,"p":7266.5},{"S":"B","i":8799273400,"W":"H","s":2323,"p":7266},{"S":"B","i":8799273450,"W":"H","s":20438,"p":7265.5},{"S":"B","i":8799273600,"W":"H","s":60,"p":7264},{"S":"B","i":8799273700,"W":"H","s":2257,"p":7263},{"S":"B","i":8799273750,"W":"H","s":80,"p":7262.5},{"S":"B","i":8799273800,"W":"H","s":129,"p":7262},{"S":"B","i":8799273850,"W":"H","s":21030,"p":7261.5},{"S":"B","i":8799273900,"W":"H","s":4058,"p":7261},{"S":"B","i":8799273950,"W":"H","s":2000,"p":7260.5},{"S":"B","i":8799274000,"W":"H","s":30100,"p":7260},{"S":"B","i":8799274050,"W":"H","s":1634,"p":7259.5},{"S":"B","i":8799274100,"W":"H","s":50,"p":7259},{"S":"B","i":8799274150,"W":"H","s":11927,"p":7258.5},{"S":"B","i":8799274200,"W":"H","s":34248,"p":7258},{"S":"B","i":8799274250,"W":"H","s":2422,"p":7257.5},{"S":"B","i":8799274350,"W":"H","s":5360,"p":7256.5},{"S":"B","i":8799274400,"W":"H","s":855,"p":7256},{"S":"B","i":8799274450,"W":"H","s":595,"p":7255.5},{"S":"B","i":8799274500,"W":"H","s":1195,"p":7255},{"S":"B","i":8799274550,"W":"H","s":100,"p":7254.5},{"S":"B","i":8799274600,"W":"H","s":125,"p":7254},{"S":"B","i":8799274650,"W":"H","s":100,"p":7253.5},{"S":"B","i":8799274700,"W":"H","s":100,"p":7253},{"S":"B","i":8799274750,"W":"H","s":211,"p":7252.5},{"S":"B","i":8799274850,"W":"H","s":3062,"p":7251.5},{"S":"B","i":8799274900,"W":"H","s":12246,"p":7251},{"S":"B","i":8799274950,"W":"H","s":33188,"p":7250.5},{"S":"B","i":8799275000,"W":"H","s":145411,"p":7250},{"S":"B","i":8799275050,"W":"H","s":4000,"p":7249.5},{"S":"B","i":8799275100,"W":"H","s":24238,"p":7249},{"S":"B","i":8799275150,"W":"H","s":1600,"p":7248.5},{"S":"B","i":8799275200,"W":"H","s":10507,"p":7248},{"S":"B","i":8799275250,"W":"H","s":500,"p":7247.5},{"S":"B","i":8799275300,"W":"H","s":10093,"p":7247},{"S":"B","i":8799275350,"W":"H","s":19190,"p":7246.5},{"S":"B","i":8799275400,"W":"H","s":10058,"p":7246},{"S":"B","i":8799275450,"W":"H","s":11519,"p":7245.5},{"S":"B","i":8799275500,"W":"H","s":1755,"p":7245},{"S":"B","i":8799275550,"W":"H","s":1134,"p":7244.5},{"S":"B","i":8799275600,"W":"H","s":56070,"p":7244},{"S":"B","i":8799275700,"W":"H","s":1000,"p":7243},{"S":"B","i":8799275750,"W":"H","s":2382,"p":7242.5},{"S":"B","i":8799275800,"W":"H","s":70,"p":7242},{"S":"B","i":8799275850,"W":"H","s":100,"p":7241.5},{"S":"B","i":8799275900,"W":"H","s":355,"p":7241},{"S":"B","i":8799275950,"W":"H","s":595,"p":7240.5},{"S":"B","i":8799276000,"W":"H","s":14595,"p":7240},{"S":"B","i":8799276050,"W":"H","s":349,"p":7239.5},{"S":"B","i":8799276150,"W":"H","s":2000,"p":7238.5},{"S":"B","i":8799276200,"W":"H","s":80,"p":7238},{"S":"B","i":8799276250,"W":"H","s":231,"p":7237.5},{"S":"B","i":8799276350,"W":"H","s":1222,"p":7236.5},{"S":"B","i":8799276400,"W":"H","s":1388,"p":7236},{"S":"B","i":8799276450,"W":"H","s":10438,"p":7235.5},{"S":"B","i":8799276500,"W":"H","s":25,"p":7235},{"S":"B","i":8799276550,"W":"H","s":220,"p":7234.5},{"S":"B","i":8799276600,"W":"H","s":4000,"p":7234},{"S":"B","i":8799276700,"W":"H","s":27768,"p":7233},{"S":"B","i":8799276750,"W":"H","s":580,"p":7232.5},{"S":"B","i":8799276800,"W":"H","s":525,"p":7232},{"S":"B","i":8799276850,"W":"H","s":20630,"p":7231.5},{"S":"B","i":8799276900,"W":"H","s":4058,"p":7231},{"S":"B","i":8799277000,"W":"H","s":12705,"p":7230},{"S":"B","i":8799277050,"W":"H","s":134,"p":7229.5},{"S":"B","i":8799277100,"W":"H","s":3000,"p":7229},{"S":"B","i":8799277200,"W":"H","s":4250,"p":7228},{"S":"B","i":8799277250,"W":"H","s":2402,"p":7227.5},{"S":"B","i":8799277350,"W":"H","s":180,"p":7226.5},{"S":"B","i":8799277400,"W":"H","s":355,"p":7226},{"S":"B","i":8799277450,"W":"H","s":100595,"p":7225.5},{"S":"B","i":8799277500,"W":"H","s":5616,"p":7225},{"S":"B","i":8799277550,"W":"H","s":1000,"p":7224.5},{"S":"B","i":8799277600,"W":"H","s":120,"p":7224},{"S":"B","i":8799277650,"W":"H","s":200,"p":7223.5},{"S":"B","i":8799277700,"W":"H","s":2400,"p":7223},{"S":"B","i":8799277750,"W":"H","s":2811,"p":7222.5},{"S":"B","i":8799277800,"W":"H","s":30586,"p":7222},{"S":"B","i":8799277850,"W":"H","s":1062,"p":7221.5},{"S":"B","i":8799277900,"W":"H","s":1246,"p":7221},{"S":"B","i":8799277950,"W":"H","s":10438,"p":7220.5},{"S":"B","i":8799278000,"W":"H","s":27247,"p":7220},{"S":"B","i":8799278050,"W":"H","s":2000,"p":7219.5},{"S":"B","i":8799278100,"W":"H","s":5038,"p":7219},{"S":"B","i":8799278200,"W":"H","s":184949,"p":7218},{"S":"B","i":8799278250,"W":"H","s":100,"p":7217.5},{"S":"B","i":8799278300,"W":"H","s":385030,"p":7217},{"S":"B","i":8799278350,"W":"H","s":71190,"p":7216.5},{"S":"B","i":8799278400,"W":"H","s":4558,"p":7216},{"S":"B","i":8799278500,"W":"H","s":4025,"p":7215},{"S":"B","i":8799278550,"W":"H","s":773,"p":7214.5},{"S":"B","i":8799278600,"W":"H","s":570,"p":7214},{"S":"B","i":8799278750,"W":"H","s":2382,"p":7212.5},{"S":"B","i":8799278800,"W":"H","s":60,"p":7212},{"S":"B","i":8799278850,"W":"H","s":1000,"p":7211.5},{"S":"B","i":8799278900,"W":"H","s":855,"p":7211},{"S":"B","i":8799278950,"W":"H","s":595,"p":7210.5},{"S":"B","i":8799279000,"W":"H","s":156200,"p":7210},{"S":"B","i":8799279100,"W":"H","s":5000,"p":7209},{"S":"B","i":8799279250,"W":"H","s":231,"p":7207.5},{"S":"B","i":8799279300,"W":"H","s":11481,"p":7207},{"S":"B","i":8799279350,"W":"H","s":1222,"p":7206.5},{"S":"B","i":8799279400,"W":"H","s":2533,"p":7206},{"S":"B","i":8799279450,"W":"H","s":10438,"p":7205.5},{"S":"B","i":8799279500,"W":"H","s":2650,"p":7205},{"S":"B","i":8799279650,"W":"H","s":30,"p":7203.5},{"S":"B","i":8799279700,"W":"H","s":2432,"p":7203},{"S":"B","i":8799279750,"W":"H","s":100,"p":7202.5},{"S":"B","i":8799279850,"W":"H","s":19030,"p":7201.5},{"S":"B","i":8799279900,"W":"H","s":55378,"p":7201},{"S":"B","i":8799279950,"W":"H","s":115600,"p":7200.5},{"S":"B","i":8799280000,"W":"H","s":1568243,"p":7200},{"S":"B","i":8799280050,"W":"H","s":134,"p":7199.5},{"S":"B","i":8799280100,"W":"H","s":43500,"p":7199},{"S":"B","i":8799280150,"W":"H","s":1111,"p":7198.5},{"S":"B","i":8799280200,"W":"H","s":4622,"p":7198},{"S":"B","i":8799280250,"W":"H","s":33367,"p":7197.5},{"S":"B","i":8799280300,"W":"H","s":1135,"p":7197},{"S":"B","i":8799280350,"W":"H","s":160,"p":7196.5},{"S":"B","i":8799280400,"W":"H","s":12875,"p":7196},{"S":"B","i":8799280450,"W":"H","s":5295,"p":7195.5},{"S":"B","i":8799280500,"W":"H","s":32325,"p":7195},{"S":"B","i":8799280550,"W":"H","s":50,"p":7194.5},{"S":"B","i":8799280600,"W":"H","s":10192,"p":7194},{"S":"B","i":8799280650,"W":"H","s":8000,"p":7193.5},{"S":"B","i":8799280700,"W":"H","s":13000,"p":7193},{"S":"B","i":8799280750,"W":"H","s":249,"p":7192.5},{"S":"B","i":8799280800,"W":"H","s":1500,"p":7192},{"S":"B","i":8799280850,"W":"H","s":1652,"p":7191.5},{"S":"B","i":8799280900,"W":"H","s":8437,"p":7191},{"S":"B","i":8799280950,"W":"H","s":10438,"p":7190.5},{"S":"B","i":8799281000,"W":"H","s":59995,"p":7190},{"S":"B","i":8799281100,"W":"H","s":8573,"p":7189},{"S":"B","i":8799281150,"W":"H","s":50,"p":7188.5},{"S":"B","i":8799281200,"W":"H","s":23007,"p":7188},{"S":"B","i":8799281250,"W":"H","s":100,"p":7187.5},{"S":"B","i":8799281350,"W":"H","s":20190,"p":7186.5},{"S":"B","i":8799281400,"W":"H","s":4058,"p":7186},{"S":"B","i":8799281450,"W":"H","s":14275,"p":7185.5},{"S":"B","i":8799281500,"W":"H","s":3350,"p":7185},{"S":"B","i":8799281550,"W":"H","s":1134,"p":7184.5},{"S":"B","i":8799281600,"W":"H","s":2120,"p":7184},{"S":"B","i":8799281650,"W":"H","s":2002,"p":7183.5},{"S":"B","i":8799281700,"W":"H","s":2131,"p":7183},{"S":"B","i":8799281750,"W":"H","s":2382,"p":7182.5},{"S":"B","i":8799281800,"W":"H","s":7037,"p":7182},{"S":"B","i":8799281850,"W":"H","s":1518,"p":7181.5},{"S":"B","i":8799281900,"W":"H","s":17041,"p":7181},{"S":"B","i":8799281950,"W":"H","s":595,"p":7180.5},{"S":"B","i":8799282000,"W":"H","s":63730,"p":7180},{"S":"B","i":8799282050,"W":"H","s":2300,"p":7179.5},{"S":"B","i":8799282100,"W":"H","s":62600,"p":7179},{"S":"B","i":8799282200,"W":"H","s":4700,"p":7178},{"S":"B","i":8799282250,"W":"H","s":3731,"p":7177.5},{"S":"B","i":8799282350,"W":"H","s":1222,"p":7176.5},{"S":"B","i":8799282400,"W":"H","s":9836,"p":7176},{"S":"B","i":8799282450,"W":"H","s":12438,"p":7175.5},{"S":"B","i":8799282500,"W":"H","s":10648,"p":7175},{"S":"B","i":8799282600,"W":"H","s":50000,"p":7174},{"S":"B","i":8799282650,"W":"H","s":150,"p":7173.5},{"S":"B","i":8799282700,"W":"H","s":17446,"p":7173},{"S":"B","i":8799282750,"W":"H","s":110,"p":7172.5},{"S":"B","i":8799282800,"W":"H","s":10000,"p":7172},{"S":"B","i":8799282850,"W":"H","s":19030,"p":7171.5},{"S":"B","i":8799282900,"W":"H","s":4898,"p":7171},{"S":"B","i":8799282950,"W":"H","s":620,"p":7170.5},{"S":"B","i":8799283000,"W":"H","s":18713,"p":7170},{"S":"B","i":8799283050,"W":"H","s":1200,"p":7169.5},{"S":"B","i":8799283100,"W":"H","s":6835,"p":7169},{"S":"B","i":8799283200,"W":"H","s":17970,"p":7168},{"S":"B","i":8799283250,"W":"H","s":12402,"p":7167.5},{"S":"B","i":8799283300,"W":"H","s":225030,"p":7167},{"S":"B","i":8799283350,"W":"H","s":160,"p":7166.5},{"S":"B","i":8799283400,"W":"H","s":50855,"p":7166},{"S":"B","i":8799283450,"W":"H","s":645,"p":7165.5},{"S":"B","i":8799283500,"W":"H","s":2075,"p":7165},{"S":"B","i":8799283550,"W":"H","s":111000,"p":7164.5},{"S":"B","i":8799283600,"W":"H","s":610,"p":7164},{"S":"B","i":8799283700,"W":"H","s":40543,"p":7163},{"S":"B","i":8799283750,"W":"H","s":711,"p":7162.5},{"S":"B","i":8799283850,"W":"H","s":3062,"p":7161.5},{"S":"B","i":8799283900,"W":"H","s":11246,"p":7161},{"S":"B","i":8799283950,"W":"H","s":10473,"p":7160.5},{"S":"B","i":8799284000,"W":"H","s":219512,"p":7160},{"S":"B","i":8799284050,"W":"H","s":12620,"p":7159.5},{"S":"B","i":8799284100,"W":"H","s":38,"p":7159},{"S":"B","i":8799284200,"W":"H","s":2257,"p":7158},{"S":"B","i":8799284250,"W":"H","s":100,"p":7157.5},{"S":"B","i":8799284300,"W":"H","s":425,"p":7157},{"S":"B","i":8799284350,"W":"H","s":19190,"p":7156.5},{"S":"B","i":8799284400,"W":"H","s":14558,"p":7156},{"S":"B","i":8799284500,"W":"H","s":11040,"p":7155},{"S":"B","i":8799284550,"W":"H","s":134,"p":7154.5},{"S":"B","i":8799284600,"W":"H","s":70,"p":7154},{"S":"B","i":8799284750,"W":"H","s":2400,"p":7152.5},{"S":"B","i":8799284850,"W":"H","s":400,"p":7151.5},{"S":"B","i":8799284900,"W":"H","s":15355,"p":7151},{"S":"B","i":8799284950,"W":"H","s":3145,"p":7150.5},{"S":"B","i":8799285000,"W":"H","s":220028,"p":7150},{"S":"B","i":8799285050,"W":"H","s":25034,"p":7149.5},{"S":"B","i":8799285100,"W":"H","s":42460,"p":7149},{"S":"B","i":8799285200,"W":"H","s":28100,"p":7148},{"S":"B","i":8799285250,"W":"H","s":231,"p":7147.5},{"S":"B","i":8799285350,"W":"H","s":1722,"p":7146.5},{"S":"B","i":8799285400,"W":"H","s":8946,"p":7146},{"S":"B","i":8799285450,"W":"H","s":10438,"p":7145.5},{"S":"B","i":8799285500,"W":"H","s":160,"p":7145},{"S":"B","i":8799285550,"W":"H","s":48,"p":7144.5},{"S":"B","i":8799285600,"W":"H","s":608200,"p":7144},{"S":"B","i":8799285650,"W":"H","s":100000,"p":7143.5},{"S":"B","i":8799285700,"W":"H","s":13627,"p":7143},{"S":"B","i":8799285750,"W":"H","s":1610,"p":7142.5},{"S":"B","i":8799285800,"W":"H","s":12133,"p":7142},{"S":"B","i":8799285850,"W":"H","s":19030,"p":7141.5},{"S":"B","i":8799285900,"W":"H","s":20058,"p":7141},{"S":"B","i":8799285950,"W":"H","s":4000,"p":7140.5},{"S":"B","i":8799286000,"W":"H","s":34086,"p":7140},{"S":"B","i":8799286050,"W":"H","s":6354,"p":7139.5},{"S":"B","i":8799286100,"W":"H","s":4583,"p":7139},{"S":"B","i":8799286150,"W":"H","s":1020,"p":7138.5},{"S":"B","i":8799286200,"W":"H","s":183498,"p":7138},{"S":"B","i":8799286250,"W":"H","s":2402,"p":7137.5},{"S":"B","i":8799286300,"W":"H","s":79793,"p":7137},{"S":"B","i":8799286350,"W":"H","s":208,"p":7136.5},{"S":"B","i":8799286400,"W":"H","s":780,"p":7136},{"S":"B","i":8799286450,"W":"H","s":5155,"p":7135.5},{"S":"B","i":8799286500,"W":"H","s":6500,"p":7135},{"S":"B","i":8799286550,"W":"H","s":5200,"p":7134.5},{"S":"B","i":8799286600,"W":"H","s":10296,"p":7134},{"S":"B","i":8799286650,"W":"H","s":460,"p":7133.5},{"S":"B","i":8799286700,"W":"H","s":1500,"p":7133},{"S":"B","i":8799286750,"W":"H","s":1811,"p":7132.5},{"S":"B","i":8799286800,"W":"H","s":21600,"p":7132},{"S":"B","i":8799286850,"W":"H","s":2565,"p":7131.5},{"S":"B","i":8799286900,"W":"H","s":1246,"p":7131},{"S":"B","i":8799286950,"W":"H","s":12438,"p":7130.5},{"S":"B","i":8799287000,"W":"H","s":28800,"p":7130},{"S":"B","i":8799287050,"W":"H","s":8438,"p":7129.5},{"S":"B","i":8799287100,"W":"H","s":1038,"p":7129},{"S":"B","i":8799287150,"W":"H","s":1080,"p":7128.5},{"S":"B","i":8799287200,"W":"H","s":17657,"p":7128},{"S":"B","i":8799287250,"W":"H","s":1880,"p":7127.5},{"S":"B","i":8799287300,"W":"H","s":450,"p":7127},{"S":"B","i":8799287350,"W":"H","s":21190,"p":7126.5},{"S":"B","i":8799287400,"W":"H","s":4058,"p":7126},{"S":"B","i":8799287500,"W":"H","s":618,"p":7125},{"S":"B","i":8799287550,"W":"H","s":134,"p":7124.5},{"S":"B","i":8799287600,"W":"H","s":51120,"p":7124},{"S":"B","i":8799287650,"W":"H","s":220,"p":7123.5},{"S":"B","i":8799287750,"W":"H","s":2382,"p":7122.5},{"S":"B","i":8799287800,"W":"H","s":4000,"p":7122},{"S":"B","i":8799287900,"W":"H","s":355,"p":7121},{"S":"B","i":8799287950,"W":"H","s":9443,"p":7120.5},{"S":"B","i":8799288000,"W":"H","s":40517,"p":7120},{"S":"B","i":8799288050,"W":"H","s":1070,"p":7119.5},{"S":"B","i":8799288150,"W":"H","s":200,"p":7118.5},{"S":"B","i":8799288200,"W":"H","s":1895,"p":7118},{"S":"B","i":8799288250,"W":"H","s":60312,"p":7117.5},{"S":"B","i":8799288300,"W":"H","s":2580,"p":7117},{"S":"B","i":8799288350,"W":"H","s":9474,"p":7116.5},{"S":"B","i":8799288400,"W":"H","s":21246,"p":7116},{"S":"B","i":8799288450,"W":"H","s":10438,"p":7115.5},{"S":"B","i":8799288500,"W":"H","s":85000,"p":7115},{"S":"B","i":8799288550,"W":"H","s":50,"p":7114.5},{"S":"B","i":8799288600,"W":"H","s":6000,"p":7114},{"S":"B","i":8799288700,"W":"H","s":20257,"p":7113},{"S":"B","i":8799288750,"W":"H","s":69414,"p":7112.5},{"S":"B","i":8799288800,"W":"H","s":11328,"p":7112},{"S":"B","i":8799288850,"W":"H","s":29030,"p":7111.5},{"S":"B","i":8799288900,"W":"H","s":12019,"p":7111},{"S":"B","i":8799288950,"W":"H","s":50,"p":7110.5},{"S":"B","i":8799289000,"W":"H","s":38200,"p":7110},{"S":"B","i":8799289050,"W":"H","s":134,"p":7109.5},{"S":"B","i":8799289100,"W":"H","s":500,"p":7109},{"S":"B","i":8799289200,"W":"H","s":470,"p":7108},{"S":"B","i":8799289250,"W":"H","s":4402,"p":7107.5},{"S":"B","i":8799289300,"W":"H","s":225130,"p":7107},{"S":"B","i":8799289350,"W":"H","s":2760,"p":7106.5},{"S":"B","i":8799289400,"W":"H","s":520,"p":7106},{"S":"B","i":8799289450,"W":"H","s":595,"p":7105.5},{"S":"B","i":8799289500,"W":"H","s":27539,"p":7105},{"S":"B","i":8799289550,"W":"H","s":48,"p":7104.5},{"S":"B","i":8799289600,"W":"H","s":12200,"p":7104},{"S":"B","i":8799289650,"W":"H","s":16577,"p":7103.5},{"S":"B","i":8799289700,"W":"H","s":16200,"p":7103},{"S":"B","i":8799289750,"W":"H","s":10311,"p":7102.5},{"S":"B","i":8799289800,"W":"H","s":1231,"p":7102},{"S":"B","i":8799289850,"W":"H","s":66062,"p":7101.5},{"S":"B","i":8799289900,"W":"H","s":1246,"p":7101},{"S":"B","i":8799289950,"W":"H","s":20178,"p":7100.5},{"S":"B","i":8799290000,"W":"H","s":834722,"p":7100},{"S":"B","i":8799290050,"W":"H","s":6020,"p":7099.5},{"S":"B","i":8799290100,"W":"H","s":271338,"p":7099},{"S":"B","i":8799290150,"W":"H","s":4050,"p":7098.5},{"S":"B","i":8799290200,"W":"H","s":13862,"p":7098},{"S":"B","i":8799290250,"W":"H","s":1120,"p":7097.5},{"S":"B","i":8799290300,"W":"H","s":790,"p":7097},{"S":"B","i":8799290350,"W":"H","s":19308,"p":7096.5},{"S":"B","i":8799290400,"W":"H","s":10898,"p":7096},{"S":"B","i":8799290450,"W":"H","s":350,"p":7095.5},{"S":"B","i":8799290500,"W":"H","s":11300,"p":7095},{"S":"B","i":8799290550,"W":"H","s":1734,"p":7094.5},{"S":"B","i":8799290600,"W":"H","s":4120,"p":7094},{"S":"B","i":8799290650,"W":"H","s":7099,"p":7093.5},{"S":"B","i":8799290700,"W":"H","s":68250,"p":7093},{"S":"B","i":8799290750,"W":"H","s":2432,"p":7092.5},{"S":"B","i":8799290800,"W":"H","s":1085,"p":7092},{"S":"B","i":8799290850,"W":"H","s":550,"p":7091.5},{"S":"B","i":8799290900,"W":"H","s":3235,"p":7091},{"S":"B","i":8799290950,"W":"H","s":11401,"p":7090.5},{"S":"B","i":8799291000,"W":"H","s":283800,"p":7090},{"S":"B","i":8799291100,"W":"H","s":17650,"p":7089},{"S":"B","i":8799291150,"W":"H","s":9048,"p":7088.5},{"S":"B","i":8799291200,"W":"H","s":13300,"p":7088},{"S":"B","i":8799291250,"W":"H","s":231,"p":7087.5},{"S":"B","i":8799291300,"W":"H","s":200,"p":7087},{"S":"B","i":8799291350,"W":"H","s":2022,"p":7086.5},{"S":"B","i":8799291400,"W":"H","s":22654,"p":7086},{"S":"B","i":8799291450,"W":"H","s":10466,"p":7085.5},{"S":"B","i":8799291500,"W":"H","s":12500,"p":7085},{"S":"B","i":8799291550,"W":"H","s":500,"p":7084.5},{"S":"B","i":8799291600,"W":"H","s":1148,"p":7084},{"S":"B","i":8799291650,"W":"H","s":24600,"p":7083.5},{"S":"B","i":8799291700,"W":"H","s":3607,"p":7083},{"S":"B","i":8799291750,"W":"H","s":80,"p":7082.5},{"S":"B","i":8799291800,"W":"H","s":900,"p":7082},{"S":"B","i":8799291850,"W":"H","s":23080,"p":7081.5},{"S":"B","i":8799291900,"W":"H","s":4058,"p":7081},{"S":"B","i":8799291950,"W":"H","s":998,"p":7080.5},{"S":"B","i":8799292000,"W":"H","s":40208,"p":7080},{"S":"B","i":8799292050,"W":"H","s":154,"p":7079.5},{"S":"B","i":8799292100,"W":"H","s":3500,"p":7079},{"S":"B","i":8799292150,"W":"H","s":4000,"p":7078.5},{"S":"B","i":8799292200,"W":"H","s":900,"p":7078},{"S":"B","i":8799292250,"W":"H","s":9907,"p":7077.5},{"S":"B","i":8799292300,"W":"H","s":102500,"p":7077},{"S":"B","i":8799292350,"W":"H","s":1810,"p":7076.5},{"S":"B","i":8799292400,"W":"H","s":12173,"p":7076},{"S":"B","i":8799292450,"W":"H","s":3595,"p":7075.5},{"S":"B","i":8799292500,"W":"H","s":18519,"p":7075},{"S":"B","i":8799292600,"W":"H","s":61055,"p":7074},{"S":"B","i":8799292650,"W":"H","s":49648,"p":7073.5},{"S":"B","i":8799292700,"W":"H","s":1225,"p":7073},{"S":"B","i":8799292750,"W":"H","s":259,"p":7072.5},{"S":"B","i":8799292800,"W":"H","s":200,"p":7072},{"S":"B","i":8799292850,"W":"H","s":7143,"p":7071.5},{"S":"B","i":8799292900,"W":"H","s":1321,"p":7071},{"S":"B","i":8799292950,"W":"H","s":19488,"p":7070.5},{"S":"B","i":8799293000,"W":"H","s":38843,"p":7070},{"S":"B","i":8799293050,"W":"H","s":102,"p":7069.5},{"S":"B","i":8799293100,"W":"H","s":12550,"p":7069},{"S":"B","i":8799293150,"W":"H","s":5000,"p":7068.5},{"S":"B","i":8799293200,"W":"H","s":2257,"p":7068},{"S":"B","i":8799293250,"W":"H","s":100,"p":7067.5},{"S":"B","i":8799293300,"W":"H","s":110,"p":7067},{"S":"B","i":8799293350,"W":"H","s":20790,"p":7066.5},{"S":"B","i":8799293400,"W":"H","s":4068,"p":7066},{"S":"B","i":8799293450,"W":"H","s":250,"p":7065.5},{"S":"B","i":8799293500,"W":"H","s":15025,"p":7065},{"S":"B","i":8799293550,"W":"H","s":7365,"p":7064.5},{"S":"B","i":8799293600,"W":"H","s":1216,"p":7064},{"S":"B","i":8799293750,"W":"H","s":2382,"p":7062.5},{"S":"B","i":8799293850,"W":"H","s":500,"p":7061.5},{"S":"B","i":8799293900,"W":"H","s":16099,"p":7061},{"S":"B","i":8799293950,"W":"H","s":4095,"p":7060.5},{"S":"B","i":8799294000,"W":"H","s":20470,"p":7060},{"S":"B","i":8799294050,"W":"H","s":10000,"p":7059.5},{"S":"B","i":8799294100,"W":"H","s":64389,"p":7059},{"S":"B","i":8799294150,"W":"H","s":56708,"p":7058.5},{"S":"B","i":8799294200,"W":"H","s":13300,"p":7058},{"S":"B","i":8799294250,"W":"H","s":231,"p":7057.5},{"S":"B","i":8799294300,"W":"H","s":4650,"p":7057},{"S":"B","i":8799294350,"W":"H","s":1270,"p":7056.5},{"S":"B","i":8799294400,"W":"H","s":6746,"p":7056},{"S":"B","i":8799294450,"W":"H","s":16563,"p":7055.5},{"S":"B","i":8799294500,"W":"H","s":6500,"p":7055},{"S":"B","i":8799294550,"W":"H","s":50,"p":7054.5},{"S":"B","i":8799294600,"W":"H","s":25,"p":7054},{"S":"B","i":8799294650,"W":"H","s":50,"p":7053.5},{"S":"B","i":8799294700,"W":"H","s":11877,"p":7053},{"S":"B","i":8799294750,"W":"H","s":80,"p":7052.5},{"S":"B","i":8799294800,"W":"H","s":150,"p":7052},{"S":"B","i":8799294850,"W":"H","s":25998,"p":7051.5},{"S":"B","i":8799294900,"W":"H","s":15138,"p":7051},{"S":"B","i":8799294950,"W":"H","s":572,"p":7050.5},{"S":"B","i":8799295000,"W":"H","s":374035,"p":7050},{"S":"B","i":8799295050,"W":"H","s":11178,"p":7049.5},{"S":"B","i":8799295100,"W":"H","s":107870,"p":7049},{"S":"B","i":8799295150,"W":"H","s":98,"p":7048.5},{"S":"B","i":8799295200,"W":"H","s":6832,"p":7048},{"S":"B","i":8799295250,"W":"H","s":2402,"p":7047.5},{"S":"B","i":8799295300,"W":"H","s":227630,"p":7047},{"S":"B","i":8799295350,"W":"H","s":10306,"p":7046.5},{"S":"B","i":8799295400,"W":"H","s":355,"p":7046},{"S":"B","i":8799295450,"W":"H","s":1647,"p":7045.5},{"S":"B","i":8799295500,"W":"H","s":507315,"p":7045},{"S":"B","i":8799295550,"W":"H","s":60000,"p":7044.5},{"S":"B","i":8799295600,"W":"H","s":49935,"p":7044},{"S":"B","i":8799295650,"W":"H","s":49210,"p":7043.5},{"S":"B","i":8799295700,"W":"H","s":6500,"p":7043},{"S":"B","i":8799295750,"W":"H","s":8231,"p":7042.5},{"S":"B","i":8799295800,"W":"H","s":205650,"p":7042},{"S":"B","i":8799295850,"W":"H","s":2062,"p":7041.5},{"S":"B","i":8799295900,"W":"H","s":1246,"p":7041},{"S":"B","i":8799295950,"W":"H","s":10486,"p":7040.5},{"S":"B","i":8799296000,"W":"H","s":23062,"p":7040},{"S":"B","i":8799296050,"W":"H","s":2146,"p":7039.5},{"S":"B","i":8799296100,"W":"H","s":7337,"p":7039},{"S":"B","i":8799296150,"W":"H","s":21211,"p":7038.5},{"S":"B","i":8799296200,"W":"H","s":50704,"p":7038},{"S":"B","i":8799296250,"W":"H","s":1700,"p":7037.5},{"S":"B","i":8799296350,"W":"H","s":24290,"p":7036.5},{"S":"B","i":8799296400,"W":"H","s":4058,"p":7036},{"S":"B","i":8799296450,"W":"H","s":1000,"p":7035.5},{"S":"B","i":8799296500,"W":"H","s":11164,"p":7035},{"S":"B","i":8799296550,"W":"H","s":134,"p":7034.5},{"S":"B","i":8799296600,"W":"H","s":95,"p":7034},{"S":"B","i":8799296650,"W":"H","s":200,"p":7033.5},{"S":"B","i":8799296700,"W":"H","s":14763,"p":7033},{"S":"B","i":8799296750,"W":"H","s":2576,"p":7032.5},{"S":"B","i":8799296800,"W":"H","s":778,"p":7032},{"S":"B","i":8799296850,"W":"H","s":50,"p":7031.5},{"S":"B","i":8799296900,"W":"H","s":5380,"p":7031},{"S":"B","i":8799296950,"W":"H","s":10595,"p":7030.5},{"S":"B","i":8799297000,"W":"H","s":137148,"p":7030},{"S":"B","i":8799297100,"W":"H","s":49025,"p":7029},{"S":"B","i":8799297150,"W":"H","s":49648,"p":7028.5},{"S":"B","i":8799297200,"W":"H","s":4661,"p":7028},{"S":"B","i":8799297250,"W":"H","s":231,"p":7027.5},{"S":"B","i":8799297300,"W":"H","s":142,"p":7027},{"S":"B","i":8799297350,"W":"H","s":1422,"p":7026.5},{"S":"B","i":8799297400,"W":"H","s":2846,"p":7026},{"S":"B","i":8799297450,"W":"H","s":19840,"p":7025.5},{"S":"B","i":8799297500,"W":"H","s":14058,"p":7025},{"S":"B","i":8799297550,"W":"H","s":48,"p":7024.5},{"S":"B","i":8799297600,"W":"H","s":180,"p":7024},{"S":"B","i":8799297700,"W":"H","s":50677,"p":7023},{"S":"B","i":8799297750,"W":"H","s":1102,"p":7022.5},{"S":"B","i":8799297800,"W":"H","s":130000,"p":7022},{"S":"B","i":8799297850,"W":"H","s":19030,"p":7021.5},{"S":"B","i":8799297900,"W":"H","s":5618,"p":7021},{"S":"B","i":8799297950,"W":"H","s":2025,"p":7020.5},{"S":"B","i":8799298000,"W":"H","s":85716,"p":7020},{"S":"B","i":8799298050,"W":"H","s":134,"p":7019.5},{"S":"B","i":8799298100,"W":"H","s":6050,"p":7019},{"S":"B","i":8799298150,"W":"H","s":15196,"p":7018.5},{"S":"B","i":8799298200,"W":"H","s":1600,"p":7018},{"S":"B","i":8799298250,"W":"H","s":2902,"p":7017.5},{"S":"B","i":8799298300,"W":"H","s":6767,"p":7017},{"S":"B","i":8799298350,"W":"H","s":358,"p":7016.5},{"S":"B","i":8799298400,"W":"H","s":20376,"p":7016},{"S":"B","i":8799298450,"W":"H","s":36095,"p":7015.5},{"S":"B","i":8799298500,"W":"H","s":4480,"p":7015},{"S":"B","i":8799298550,"W":"H","s":13060,"p":7014.5},{"S":"B","i":8799298600,"W":"H","s":158935,"p":7014},{"S":"B","i":8799298650,"W":"H","s":52568,"p":7013.5},{"S":"B","i":8799298700,"W":"H","s":68901,"p":7013},{"S":"B","i":8799298750,"W":"H","s":2211,"p":7012.5},{"S":"B","i":8799298800,"W":"H","s":14671,"p":7012},{"S":"B","i":8799298850,"W":"H","s":1208,"p":7011.5},{"S":"B","i":8799298900,"W":"H","s":3944,"p":7011},{"S":"B","i":8799298950,"W":"H","s":10488,"p":7010.5},{"S":"B","i":8799299000,"W":"H","s":47627,"p":7010},{"S":"B","i":8799299100,"W":"H","s":538,"p":7009},{"S":"B","i":8799299150,"W":"H","s":1069,"p":7008.5},{"S":"B","i":8799299200,"W":"H","s":70456,"p":7008},{"S":"B","i":8799299250,"W":"H","s":800,"p":7007.5},{"S":"B","i":8799299300,"W":"H","s":14808,"p":7007},{"S":"B","i":8799299350,"W":"H","s":19190,"p":7006.5},{"S":"B","i":8799299400,"W":"H","s":4058,"p":7006},{"S":"B","i":8799299450,"W":"H","s":50,"p":7005.5},{"S":"B","i":8799299500,"W":"H","s":6086,"p":7005},{"S":"B","i":8799299550,"W":"H","s":20280,"p":7004.5},{"S":"B","i":8799299600,"W":"H","s":10250,"p":7004},{"S":"B","i":8799299700,"W":"H","s":11600,"p":7003},{"S":"B","i":8799299750,"W":"H","s":2517,"p":7002.5},{"S":"B","i":8799299800,"W":"H","s":3476,"p":7002},{"S":"B","i":8799299850,"W":"H","s":220,"p":7001.5},{"S":"B","i":8799299900,"W":"H","s":3835,"p":7001},{"S":"B","i":8799299950,"W":"H","s":1788,"p":7000.5},{"S":"B","i":8799300000,"W":"H","s":865235,"p":7000},{"S":"B","i":8799300050,"W":"H","s":1600,"p":6999.5},{"S":"B","i":8799300100,"W":"H","s":338986,"p":6999},{"S":"B","i":8799300150,"W":"H","s":90158,"p":6998.5},{"S":"B","i":8799300200,"W":"H","s":124260,"p":6998},{"S":"B","i":8799300250,"W":"H","s":446,"p":6997.5},{"S":"B","i":8799300300,"W":"H","s":10770,"p":6997},{"S":"B","i":8799300350,"W":"H","s":4222,"p":6996.5},{"S":"B","i":8799300400,"W":"H","s":4566,"p":6996},{"S":"B","i":8799300450,"W":"H","s":10448,"p":6995.5},{"S":"B","i":8799300500,"W":"H","s":4638,"p":6995},{"S":"B","i":8799300550,"W":"H","s":41980,"p":6994.5},{"S":"B","i":8799300600,"W":"H","s":22126,"p":6994},{"S":"B","i":8799300650,"W":"H","s":60575,"p":6993.5},{"S":"B","i":8799300700,"W":"H","s":50395,"p":6993},{"S":"B","i":8799300750,"W":"H","s":1778,"p":6992.5},{"S":"B","i":8799300800,"W":"H","s":588,"p":6992},{"S":"B","i":8799300850,"W":"H","s":22830,"p":6991.5},{"S":"B","i":8799300900,"W":"H","s":509358,"p":6991},{"S":"B","i":8799300950,"W":"H","s":146,"p":6990.5},{"S":"B","i":8799301000,"W":"H","s":80883,"p":6990},{"S":"B","i":8799301050,"W":"H","s":11587,"p":6989.5},{"S":"B","i":8799301100,"W":"H","s":28551,"p":6989},{"S":"B","i":8799301150,"W":"H","s":1100,"p":6988.5},{"S":"B","i":8799301200,"W":"H","s":29704,"p":6988},{"S":"B","i":8799301250,"W":"H","s":4012,"p":6987.5},{"S":"B","i":8799301300,"W":"H","s":36794,"p":6987},{"S":"B","i":8799301350,"W":"H","s":3360,"p":6986.5},{"S":"B","i":8799301400,"W":"H","s":1918,"p":6986},{"S":"B","i":8799301450,"W":"H","s":5495,"p":6985.5},{"S":"B","i":8799301500,"W":"H","s":47074,"p":6985},{"S":"B","i":8799301550,"W":"H","s":3620,"p":6984.5},{"S":"B","i":8799301600,"W":"H","s":60955,"p":6984},{"S":"B","i":8799301650,"W":"H","s":65199,"p":6983.5},{"S":"B","i":8799301700,"W":"H","s":2250,"p":6983},{"S":"B","i":8799301750,"W":"H","s":8311,"p":6982.5},{"S":"B","i":8799301800,"W":"H","s":2200,"p":6982},{"S":"B","i":8799301850,"W":"H","s":9653,"p":6981.5},{"S":"B","i":8799301900,"W":"H","s":1946,"p":6981},{"S":"B","i":8799301950,"W":"H","s":111888,"p":6980.5},{"S":"B","i":8799302000,"W":"H","s":409391,"p":6980},{"S":"B","i":8799302050,"W":"H","s":150,"p":6979.5},{"S":"B","i":8799302100,"W":"H","s":3258,"p":6979},{"S":"B","i":8799302150,"W":"H","s":10541,"p":6978.5},{"S":"B","i":8799302200,"W":"H","s":53307,"p":6978},{"S":"B","i":8799302250,"W":"H","s":3100,"p":6977.5},{"S":"B","i":8799302300,"W":"H","s":220990,"p":6977},{"S":"B","i":8799302350,"W":"H","s":19551,"p":6976.5},{"S":"B","i":8799302400,"W":"H","s":45826,"p":6976},{"S":"B","i":8799302450,"W":"H","s":3329,"p":6975.5},{"S":"B","i":8799302500,"W":"H","s":5516,"p":6975},{"S":"B","i":8799302550,"W":"H","s":534,"p":6974.5},{"S":"B","i":8799302600,"W":"H","s":7901,"p":6974},{"S":"B","i":8799302650,"W":"H","s":30398,"p":6973.5},{"S":"B","i":8799302700,"W":"H","s":50,"p":6973},{"S":"B","i":8799302750,"W":"H","s":7230,"p":6972.5},{"S":"B","i":8799302800,"W":"H","s":6805,"p":6972},{"S":"B","i":8799302850,"W":"H","s":2823,"p":6971.5},{"S":"B","i":8799302900,"W":"H","s":4975,"p":6971},{"S":"B","i":8799302950,"W":"H","s":595,"p":6970.5},{"S":"B","i":8799303000,"W":"H","s":19790,"p":6970},{"S":"B","i":8799303050,"W":"H","s":7512,"p":6969.5},{"S":"B","i":8799303100,"W":"H","s":74644,"p":6969},{"S":"B","i":8799303150,"W":"H","s":72029,"p":6968.5},{"S":"B","i":8799303200,"W":"H","s":13200,"p":6968},{"S":"B","i":8799303250,"W":"H","s":231,"p":6967.5},{"S":"B","i":8799303300,"W":"H","s":20269,"p":6967},{"S":"B","i":8799303350,"W":"H","s":4407,"p":6966.5},{"S":"B","i":8799303400,"W":"H","s":18143,"p":6966},{"S":"B","i":8799303450,"W":"H","s":10738,"p":6965.5},{"S":"B","i":8799303500,"W":"H","s":7825,"p":6965},{"S":"B","i":8799303550,"W":"H","s":198,"p":6964.5},{"S":"B","i":8799303600,"W":"H","s":653,"p":6964},{"S":"B","i":8799303650,"W":"H","s":3004,"p":6963.5},{"S":"B","i":8799303700,"W":"H","s":174257,"p":6963},{"S":"B","i":8799303750,"W":"H","s":6006,"p":6962.5},{"S":"B","i":8799303800,"W":"H","s":25,"p":6962},{"S":"B","i":8799303850,"W":"H","s":19030,"p":6961.5},{"S":"B","i":8799303900,"W":"H","s":11073,"p":6961},{"S":"B","i":8799303950,"W":"H","s":194,"p":6960.5},{"S":"B","i":8799304000,"W":"H","s":10329,"p":6960},{"S":"B","i":8799304050,"W":"H","s":3203,"p":6959.5},{"S":"B","i":8799304100,"W":"H","s":21526,"p":6959},{"S":"B","i":8799304150,"W":"H","s":2020,"p":6958.5},{"S":"B","i":8799304200,"W":"H","s":10681,"p":6958},{"S":"B","i":8799304250,"W":"H","s":3400,"p":6957.5},{"S":"B","i":8799304300,"W":"H","s":84821,"p":6957},{"S":"B","i":8799304350,"W":"H","s":5160,"p":6956.5},{"S":"B","i":8799304400,"W":"H","s":855,"p":6956},{"S":"B","i":8799304450,"W":"H","s":3371,"p":6955.5},{"S":"B","i":8799304500,"W":"H","s":31806,"p":6955},{"S":"B","i":8799304550,"W":"H","s":220400,"p":6954.5},{"S":"B","i":8799304600,"W":"H","s":123625,"p":6954},{"S":"B","i":8799304650,"W":"H","s":50173,"p":6953.5},{"S":"B","i":8799304700,"W":"H","s":375,"p":6953},{"S":"B","i":8799304750,"W":"H","s":8661,"p":6952.5},{"S":"B","i":8799304800,"W":"H","s":5812,"p":6952},{"S":"B","i":8799304850,"W":"H","s":1062,"p":6951.5},{"S":"B","i":8799304900,"W":"H","s":20561,"p":6951},{"S":"B","i":8799304950,"W":"H","s":11753,"p":6950.5},{"S":"B","i":8799305000,"W":"H","s":1040343,"p":6950},{"S":"B","i":8799305050,"W":"H","s":170,"p":6949.5},{"S":"B","i":8799305100,"W":"H","s":6760,"p":6949},{"S":"B","i":8799305150,"W":"H","s":126146,"p":6948.5},{"S":"B","i":8799305200,"W":"H","s":58621,"p":6948},{"S":"B","i":8799305250,"W":"H","s":940,"p":6947.5},{"S":"B","i":8799305300,"W":"H","s":501200,"p":6947},{"S":"B","i":8799305350,"W":"H","s":29240,"p":6946.5},{"S":"B","i":8799305400,"W":"H","s":4508,"p":6946},{"S":"B","i":8799305450,"W":"H","s":2200,"p":6945.5},{"S":"B","i":8799305500,"W":"H","s":516277,"p":6945},{"S":"B","i":8799305550,"W":"H","s":1367,"p":6944.5},{"S":"B","i":8799305600,"W":"H","s":14826,"p":6944},{"S":"B","i":8799305650,"W":"H","s":50300,"p":6943.5},{"S":"B","i":8799305700,"W":"H","s":9866,"p":6943},{"S":"B","i":8799305750,"W":"H","s":2382,"p":6942.5},{"S":"B","i":8799305800,"W":"H","s":14774,"p":6942},{"S":"B","i":8799305850,"W":"H","s":5857,"p":6941.5},{"S":"B","i":8799305900,"W":"H","s":19370,"p":6941},{"S":"B","i":8799305950,"W":"H","s":1095,"p":6940.5},{"S":"B","i":8799306000,"W":"H","s":32140,"p":6940},{"S":"B","i":8799306050,"W":"H","s":5000,"p":6939.5},{"S":"B","i":8799306100,"W":"H","s":52860,"p":6939},{"S":"B","i":8799306150,"W":"H","s":49148,"p":6938.5},{"S":"B","i":8799306200,"W":"H","s":6300,"p":6938},{"S":"B","i":8799306250,"W":"H","s":272,"p":6937.5},{"S":"B","i":8799306300,"W":"H","s":2150,"p":6937},{"S":"B","i":8799306350,"W":"H","s":11270,"p":6936.5},{"S":"B","i":8799306400,"W":"H","s":11266,"p":6936},{"S":"B","i":8799306450,"W":"H","s":14522,"p":6935.5},{"S":"B","i":8799306500,"W":"H","s":9463,"p":6935},{"S":"B","i":8799306550,"W":"H","s":146,"p":6934.5},{"S":"B","i":8799306600,"W":"H","s":6917,"p":6934},{"S":"B","i":8799306650,"W":"H","s":5191,"p":6933.5},{"S":"B","i":8799306700,"W":"H","s":50434,"p":6933},{"S":"B","i":8799306750,"W":"H","s":38086,"p":6932.5},{"S":"B","i":8799306800,"W":"H","s":700,"p":6932},{"S":"B","i":8799306850,"W":"H","s":19490,"p":6931.5},{"S":"B","i":8799306900,"W":"H","s":4058,"p":6931},{"S":"B","i":8799307000,"W":"H","s":92437,"p":6930},{"S":"B","i":8799307050,"W":"H","s":5456,"p":6929.5},{"S":"B","i":8799307100,"W":"H","s":5779,"p":6929},{"S":"B","i":8799307150,"W":"H","s":2611,"p":6928.5},{"S":"B","i":8799307200,"W":"H","s":1364,"p":6928},{"S":"B","i":8799307250,"W":"H","s":2548,"p":6927.5},{"S":"B","i":8799307300,"W":"H","s":901,"p":6927},{"S":"B","i":8799307350,"W":"H","s":5748,"p":6926.5},{"S":"B","i":8799307400,"W":"H","s":2355,"p":6926},{"S":"B","i":8799307450,"W":"H","s":695,"p":6925.5},{"S":"B","i":8799307500,"W":"H","s":69708,"p":6925},{"S":"B","i":8799307600,"W":"H","s":69706,"p":6924},{"S":"B","i":8799307650,"W":"H","s":57236,"p":6923.5},{"S":"B","i":8799307700,"W":"H","s":12800,"p":6923},{"S":"B","i":8799307750,"W":"H","s":1211,"p":6922.5},{"S":"B","i":8799307800,"W":"H","s":10120,"p":6922},{"S":"B","i":8799307850,"W":"H","s":1062,"p":6921.5},{"S":"B","i":8799307900,"W":"H","s":15277,"p":6921},{"S":"B","i":8799307950,"W":"H","s":15419,"p":6920.5},{"S":"B","i":8799308000,"W":"H","s":186699,"p":6920},{"S":"B","i":8799308050,"W":"H","s":2000,"p":6919.5},{"S":"B","i":8799308100,"W":"H","s":100168,"p":6919},{"S":"B","i":8799308150,"W":"H","s":675,"p":6918.5},{"S":"B","i":8799308200,"W":"H","s":57277,"p":6918},{"S":"B","i":8799308250,"W":"H","s":2138,"p":6917.5},{"S":"B","i":8799308300,"W":"H","s":30,"p":6917},{"S":"B","i":8799308350,"W":"H","s":79190,"p":6916.5},{"S":"B","i":8799308400,"W":"H","s":5671,"p":6916},{"S":"B","i":8799308450,"W":"H","s":10000,"p":6915.5},{"S":"B","i":8799308500,"W":"H","s":651,"p":6915},{"S":"B","i":8799308550,"W":"H","s":1839,"p":6914.5},{"S":"B","i":8799308600,"W":"H","s":5391,"p":6914},{"S":"B","i":8799308650,"W":"H","s":146,"p":6913.5},{"S":"B","i":8799308700,"W":"H","s":961,"p":6913},{"S":"B","i":8799308750,"W":"H","s":2930,"p":6912.5},{"S":"B","i":8799308800,"W":"H","s":118529,"p":6912},{"S":"B","i":8799308900,"W":"H","s":56573,"p":6911},{"S":"B","i":8799308950,"W":"H","s":52392,"p":6910.5},{"S":"B","i":8799309000,"W":"H","s":28025,"p":6910},{"S":"B","i":8799309050,"W":"H","s":9634,"p":6909.5},{"S":"B","i":8799309100,"W":"H","s":49006,"p":6909},{"S":"B","i":8799309150,"W":"H","s":51168,"p":6908.5},{"S":"B","i":8799309200,"W":"H","s":5105,"p":6908},{"S":"B","i":8799309250,"W":"H","s":1031,"p":6907.5},{"S":"B","i":8799309300,"W":"H","s":6057,"p":6907},{"S":"B","i":8799309350,"W":"H","s":1988,"p":6906.5},{"S":"B","i":8799309400,"W":"H","s":1296,"p":6906},{"S":"B","i":8799309450,"W":"H","s":10756,"p":6905.5},{"S":"B","i":8799309500,"W":"H","s":12541,"p":6905},{"S":"B","i":8799309550,"W":"H","s":2048,"p":6904.5},{"S":"B","i":8799309600,"W":"H","s":1795,"p":6904},{"S":"B","i":8799309700,"W":"H","s":55662,"p":6903},{"S":"B","i":8799309750,"W":"H","s":680,"p":6902.5},{"S":"B","i":8799309800,"W":"H","s":1524,"p":6902},{"S":"B","i":8799309850,"W":"H","s":19030,"p":6901.5},{"S":"B","i":8799309900,"W":"H","s":5558,"p":6901},{"S":"B","i":8799309950,"W":"H","s":950,"p":6900.5},{"S":"B","i":8799310000,"W":"H","s":838158,"p":6900},{"S":"B","i":8799310050,"W":"H","s":435,"p":6899.5},{"S":"B","i":8799310100,"W":"H","s":74599,"p":6899},{"S":"B","i":8799310150,"W":"H","s":1030,"p":6898.5},{"S":"B","i":8799310200,"W":"H","s":15980,"p":6898},{"S":"B","i":8799310250,"W":"H","s":2461,"p":6897.5},{"S":"B","i":8799310300,"W":"H","s":13276,"p":6897},{"S":"B","i":8799310350,"W":"H","s":4916,"p":6896.5},{"S":"B","i":8799310400,"W":"H","s":2866,"p":6896},{"S":"B","i":8799310450,"W":"H","s":6015,"p":6895.5},{"S":"B","i":8799310500,"W":"H","s":6713,"p":6895},{"S":"B","i":8799310550,"W":"H","s":30000,"p":6894.5},{"S":"B","i":8799310600,"W":"H","s":252325,"p":6894},{"S":"B","i":8799310650,"W":"H","s":99659,"p":6893.5},{"S":"B","i":8799310700,"W":"H","s":43385,"p":6893},{"S":"B","i":8799310750,"W":"H","s":100946,"p":6892.5},{"S":"B","i":8799310800,"W":"H","s":5179,"p":6892},{"S":"B","i":8799310850,"W":"H","s":1892,"p":6891.5},{"S":"B","i":8799310900,"W":"H","s":36497,"p":6891},{"S":"B","i":8799310950,"W":"H","s":12938,"p":6890.5},{"S":"B","i":8799311000,"W":"H","s":198030,"p":6890},{"S":"B","i":8799311050,"W":"H","s":24145,"p":6889.5},{"S":"B","i":8799311100,"W":"H","s":2089,"p":6889},{"S":"B","i":8799311150,"W":"H","s":3628,"p":6888.5},{"S":"B","i":8799311200,"W":"H","s":251687,"p":6888},{"S":"B","i":8799311250,"W":"H","s":432,"p":6887.5},{"S":"B","i":8799311300,"W":"H","s":19249,"p":6887},{"S":"B","i":8799311350,"W":"H","s":29274,"p":6886.5},{"S":"B","i":8799311400,"W":"H","s":73888,"p":6886},{"S":"B","i":8799311450,"W":"H","s":17146,"p":6885.5},{"S":"B","i":8799311500,"W":"H","s":56651,"p":6885},{"S":"B","i":8799311550,"W":"H","s":5134,"p":6884.5},{"S":"B","i":8799311600,"W":"H","s":1536,"p":6884},{"S":"B","i":8799311650,"W":"H","s":5349,"p":6883.5},{"S":"B","i":8799311700,"W":"H","s":22598,"p":6883},{"S":"B","i":8799311750,"W":"H","s":2382,"p":6882.5},{"S":"B","i":8799311800,"W":"H","s":854,"p":6882},{"S":"B","i":8799311850,"W":"H","s":353,"p":6881.5},{"S":"B","i":8799311900,"W":"H","s":7563,"p":6881},{"S":"B","i":8799311950,"W":"H","s":2969,"p":6880.5},{"S":"B","i":8799312000,"W":"H","s":155020,"p":6880},{"S":"B","i":8799312050,"W":"H","s":5000,"p":6879.5},{"S":"B","i":8799312100,"W":"H","s":116481,"p":6879},{"S":"B","i":8799312150,"W":"H","s":52294,"p":6878.5},{"S":"B","i":8799312200,"W":"H","s":56100,"p":6878},{"S":"B","i":8799312250,"W":"H","s":12670,"p":6877.5},{"S":"B","i":8799312300,"W":"H","s":213432,"p":6877},{"S":"B","i":8799312350,"W":"H","s":5447,"p":6876.5},{"S":"B","i":8799312400,"W":"H","s":9322,"p":6876},{"S":"B","i":8799312450,"W":"H","s":16938,"p":6875.5},{"S":"B","i":8799312500,"W":"H","s":2681,"p":6875},{"S":"B","i":8799312550,"W":"H","s":135466,"p":6874.5},{"S":"B","i":8799312600,"W":"H","s":7109,"p":6874},{"S":"B","i":8799312650,"W":"H","s":2332,"p":6873.5},{"S":"B","i":8799312700,"W":"H","s":70180,"p":6873},{"S":"B","i":8799312750,"W":"H","s":3628,"p":6872.5},{"S":"B","i":8799312800,"W":"H","s":2340,"p":6872},{"S":"B","i":8799312850,"W":"H","s":20817,"p":6871.5},{"S":"B","i":8799312900,"W":"H","s":6278,"p":6871},{"S":"B","i":8799312950,"W":"H","s":9283,"p":6870.5},{"S":"B","i":8799313000,"W":"H","s":60480,"p":6870},{"S":"B","i":8799313050,"W":"H","s":10345,"p":6869.5},{"S":"B","i":8799313100,"W":"H","s":9087,"p":6869},{"S":"B","i":8799313150,"W":"H","s":652,"p":6868.5},{"S":"B","i":8799313200,"W":"H","s":22276,"p":6868},{"S":"B","i":8799313250,"W":"H","s":4546,"p":6867.5},{"S":"B","i":8799313300,"W":"H","s":2381,"p":6867},{"S":"B","i":8799313350,"W":"H","s":3663,"p":6866.5},{"S":"B","i":8799313400,"W":"H","s":19377,"p":6866},{"S":"B","i":8799313450,"W":"H","s":3887,"p":6865.5},{"S":"B","i":8799313500,"W":"H","s":18922,"p":6865},{"S":"B","i":8799313550,"W":"H","s":4385,"p":6864.5},{"S":"B","i":8799313600,"W":"H","s":62040,"p":6864},{"S":"B","i":8799313650,"W":"H","s":49267,"p":6863.5},{"S":"B","i":8799313700,"W":"H","s":153887,"p":6863},{"S":"B","i":8799313750,"W":"H","s":205511,"p":6862.5},{"S":"B","i":8799313800,"W":"H","s":104221,"p":6862},{"S":"B","i":8799313850,"W":"H","s":4962,"p":6861.5},{"S":"B","i":8799313900,"W":"H","s":16917,"p":6861},{"S":"B","i":8799313950,"W":"H","s":22938,"p":6860.5},{"S":"B","i":8799314000,"W":"H","s":112795,"p":6860},{"S":"B","i":8799314100,"W":"H","s":24283,"p":6859},{"S":"B","i":8799314150,"W":"H","s":1003,"p":6858.5},{"S":"B","i":8799314200,"W":"H","s":54295,"p":6858},{"S":"B","i":8799314250,"W":"H","s":7041,"p":6857.5},{"S":"B","i":8799314300,"W":"H","s":6228,"p":6857},{"S":"B","i":8799314350,"W":"H","s":22888,"p":6856.5},{"S":"B","i":8799314400,"W":"H","s":5816,"p":6856},{"S":"B","i":8799314450,"W":"H","s":800,"p":6855.5},{"S":"B","i":8799314500,"W":"H","s":9107,"p":6855},{"S":"B","i":8799314550,"W":"H","s":134,"p":6854.5},{"S":"B","i":8799314600,"W":"H","s":1225,"p":6854},{"S":"B","i":8799314650,"W":"H","s":60,"p":6853.5},{"S":"B","i":8799314700,"W":"H","s":22804,"p":6853},{"S":"B","i":8799314750,"W":"H","s":2382,"p":6852.5},{"S":"B","i":8799314800,"W":"H","s":3381,"p":6852},{"S":"B","i":8799314850,"W":"H","s":6170,"p":6851.5},{"S":"B","i":8799314900,"W":"H","s":28791,"p":6851},{"S":"B","i":8799314950,"W":"H","s":15430,"p":6850.5},{"S":"B","i":8799315000,"W":"H","s":415189,"p":6850},{"S":"B","i":8799315050,"W":"H","s":1000,"p":6849.5},{"S":"B","i":8799315100,"W":"H","s":143474,"p":6849},{"S":"B","i":8799315150,"W":"H","s":171905,"p":6848.5},{"S":"B","i":8799315200,"W":"H","s":136810,"p":6848},{"S":"B","i":8799315250,"W":"H","s":21356,"p":6847.5},{"S":"B","i":8799315300,"W":"H","s":7999,"p":6847},{"S":"B","i":8799315350,"W":"H","s":6450,"p":6846.5},{"S":"B","i":8799315400,"W":"H","s":5776,"p":6846},{"S":"B","i":8799315450,"W":"H","s":20699,"p":6845.5},{"S":"B","i":8799315500,"W":"H","s":555985,"p":6845},{"S":"B","i":8799315550,"W":"H","s":4028,"p":6844.5},{"S":"B","i":8799315600,"W":"H","s":207512,"p":6844},{"S":"B","i":8799315650,"W":"H","s":5146,"p":6843.5},{"S":"B","i":8799315700,"W":"H","s":49828,"p":6843},{"S":"B","i":8799315750,"W":"H","s":377,"p":6842.5},{"S":"B","i":8799315800,"W":"H","s":18443,"p":6842},{"S":"B","i":8799315850,"W":"H","s":20710,"p":6841.5},{"S":"B","i":8799315900,"W":"H","s":9468,"p":6841},{"S":"B","i":8799315950,"W":"H","s":12548,"p":6840.5},{"S":"B","i":8799316000,"W":"H","s":183706,"p":6840},{"S":"B","i":8799316050,"W":"H","s":5834,"p":6839.5},{"S":"B","i":8799316100,"W":"H","s":1411,"p":6839},{"S":"B","i":8799316150,"W":"H","s":5000,"p":6838.5},{"S":"B","i":8799316200,"W":"H","s":25566,"p":6838},{"S":"B","i":8799316250,"W":"H","s":3243,"p":6837.5},{"S":"B","i":8799316300,"W":"H","s":603379,"p":6837},{"S":"B","i":8799316350,"W":"H","s":5444,"p":6836.5},{"S":"B","i":8799316400,"W":"H","s":157160,"p":6836},{"S":"B","i":8799316450,"W":"H","s":1370,"p":6835.5},{"S":"B","i":8799316500,"W":"H","s":4126,"p":6835},{"S":"B","i":8799316550,"W":"H","s":6086,"p":6834.5},{"S":"B","i":8799316600,"W":"H","s":88689,"p":6834},{"S":"B","i":8799316650,"W":"H","s":64719,"p":6833.5},{"S":"B","i":8799316700,"W":"H","s":15029,"p":6833},{"S":"B","i":8799316750,"W":"H","s":1753,"p":6832.5},{"S":"B","i":8799316800,"W":"H","s":12876,"p":6832},{"S":"B","i":8799316850,"W":"H","s":10080,"p":6831.5},{"S":"B","i":8799316900,"W":"H","s":2439,"p":6831},{"S":"B","i":8799316950,"W":"H","s":20438,"p":6830.5},{"S":"B","i":8799317000,"W":"H","s":321169,"p":6830},{"S":"B","i":8799317050,"W":"H","s":23011,"p":6829.5},{"S":"B","i":8799317100,"W":"H","s":29653,"p":6829},{"S":"B","i":8799317150,"W":"H","s":37435,"p":6828.5},{"S":"B","i":8799317200,"W":"H","s":71761,"p":6828},{"S":"B","i":8799317250,"W":"H","s":150,"p":6827.5},{"S":"B","i":8799317300,"W":"H","s":33500,"p":6827},{"S":"B","i":8799317350,"W":"H","s":19815,"p":6826.5},{"S":"B","i":8799317400,"W":"H","s":35083,"p":6826},{"S":"B","i":8799317450,"W":"H","s":5939,"p":6825.5},{"S":"B","i":8799317500,"W":"H","s":5743,"p":6825},{"S":"B","i":8799317550,"W":"H","s":4347,"p":6824.5},{"S":"B","i":8799317600,"W":"H","s":4749,"p":6824},{"S":"B","i":8799317650,"W":"H","s":177,"p":6823.5},{"S":"B","i":8799317700,"W":"H","s":115547,"p":6823},{"S":"B","i":8799317750,"W":"H","s":3728,"p":6822.5},{"S":"B","i":8799317800,"W":"H","s":33651,"p":6822},{"S":"B","i":8799317850,"W":"H","s":70211,"p":6821.5},{"S":"B","i":8799317900,"W":"H","s":2610,"p":6821},{"S":"B","i":8799317950,"W":"H","s":22745,"p":6820.5},{"S":"B","i":8799318000,"W":"H","s":1259699,"p":6820},{"S":"B","i":8799318050,"W":"H","s":3400,"p":6819.5},{"S":"B","i":8799318100,"W":"H","s":56934,"p":6819},{"S":"B","i":8799318150,"W":"H","s":59690,"p":6818.5},{"S":"B","i":8799318200,"W":"H","s":89897,"p":6818},{"S":"B","i":8799318250,"W":"H","s":11872,"p":6817.5},{"S":"B","i":8799318300,"W":"H","s":24584,"p":6817},{"S":"B","i":8799318350,"W":"H","s":3270,"p":6816.5},{"S":"B","i":8799318400,"W":"H","s":113601,"p":6816},{"S":"B","i":8799318450,"W":"H","s":13184,"p":6815.5},{"S":"B","i":8799318500,"W":"H","s":232820,"p":6815},{"S":"B","i":8799318550,"W":"H","s":10100,"p":6814.5},{"S":"B","i":8799318600,"W":"H","s":6610,"p":6814},{"S":"B","i":8799318650,"W":"H","s":16675,"p":6813.5},{"S":"B","i":8799318700,"W":"H","s":52738,"p":6813},{"S":"B","i":8799318750,"W":"H","s":8685,"p":6812.5},{"S":"B","i":8799318800,"W":"H","s":51946,"p":6812},{"S":"B","i":8799318850,"W":"H","s":25530,"p":6811.5},{"S":"B","i":8799318900,"W":"H","s":37250,"p":6811},{"S":"B","i":8799318950,"W":"H","s":4170,"p":6810.5},{"S":"B","i":8799319000,"W":"H","s":232186,"p":6810},{"S":"B","i":8799319050,"W":"H","s":2445,"p":6809.5},{"S":"B","i":8799319100,"W":"H","s":271911,"p":6809},{"S":"B","i":8799319150,"W":"H","s":2994,"p":6808.5},{"S":"B","i":8799319200,"W":"H","s":82573,"p":6808},{"S":"B","i":8799319250,"W":"H","s":117791,"p":6807.5},{"S":"B","i":8799319300,"W":"H","s":73861,"p":6807},{"S":"B","i":8799319350,"W":"H","s":62204,"p":6806.5},{"S":"B","i":8799319400,"W":"H","s":15075,"p":6806},{"S":"B","i":8799319450,"W":"H","s":14095,"p":6805.5},{"S":"B","i":8799319500,"W":"H","s":29050,"p":6805},{"S":"B","i":8799319550,"W":"H","s":43050,"p":6804.5},{"S":"B","i":8799319600,"W":"H","s":74492,"p":6804},{"S":"B","i":8799319650,"W":"H","s":49148,"p":6803.5},{"S":"B","i":8799319700,"W":"H","s":58101,"p":6803},{"S":"B","i":8799319750,"W":"H","s":2426,"p":6802.5},{"S":"B","i":8799319800,"W":"H","s":38812,"p":6802},{"S":"B","i":8799319850,"W":"H","s":2208,"p":6801.5},{"S":"B","i":8799319900,"W":"H","s":11512,"p":6801},{"S":"B","i":8799319950,"W":"H","s":17755,"p":6800.5},{"S":"B","i":8799320000,"W":"H","s":4986837,"p":6800},{"S":"B","i":8799320050,"W":"H","s":92300,"p":6799.5},{"S":"B","i":8799320100,"W":"H","s":239285,"p":6799},{"S":"B","i":8799320150,"W":"H","s":14981,"p":6798.5},{"S":"B","i":8799320200,"W":"H","s":516305,"p":6798},{"S":"B","i":8799320250,"W":"H","s":115318,"p":6797.5},{"S":"B","i":8799320300,"W":"H","s":195909,"p":6797},{"S":"B","i":8799320350,"W":"H","s":25440,"p":6796.5},{"S":"B","i":8799320400,"W":"H","s":11983,"p":6796},{"S":"B","i":8799320450,"W":"H","s":1630,"p":6795.5},{"S":"B","i":8799320500,"W":"H","s":245998,"p":6795},{"S":"B","i":8799320550,"W":"H","s":20380,"p":6794.5},{"S":"B","i":8799320600,"W":"H","s":54018,"p":6794},{"S":"B","i":8799320650,"W":"H","s":52050,"p":6793.5},{"S":"B","i":8799320700,"W":"H","s":13538,"p":6793},{"S":"B","i":8799320750,"W":"H","s":38130,"p":6792.5},{"S":"B","i":8799320800,"W":"H","s":54550,"p":6792},{"S":"B","i":8799320850,"W":"H","s":32932,"p":6791.5},{"S":"B","i":8799320900,"W":"H","s":48571,"p":6791},{"S":"B","i":8799320950,"W":"H","s":17665,"p":6790.5},{"S":"B","i":8799321000,"W":"H","s":467135,"p":6790},{"S":"B","i":8799321050,"W":"H","s":67885,"p":6789.5},{"S":"B","i":8799321100,"W":"H","s":155920,"p":6789},{"S":"B","i":8799321150,"W":"H","s":61368,"p":6788.5},{"S":"B","i":8799321200,"W":"H","s":171624,"p":6788},{"S":"B","i":8799321250,"W":"H","s":86097,"p":6787.5},{"S":"B","i":8799321300,"W":"H","s":27615,"p":6787},{"S":"B","i":8799321350,"W":"H","s":67222,"p":6786.5},{"S":"B","i":8799321400,"W":"H","s":209592,"p":6786},{"S":"B","i":8799321450,"W":"H","s":24769,"p":6785.5},{"S":"B","i":8799321500,"W":"H","s":75252,"p":6785},{"S":"B","i":8799321550,"W":"H","s":107757,"p":6784.5},{"S":"B","i":8799321600,"W":"H","s":86441,"p":6784},{"S":"B","i":8799321650,"W":"H","s":70025,"p":6783.5},{"S":"B","i":8799321700,"W":"H","s":89136,"p":6783},{"S":"B","i":8799321750,"W":"H","s":80,"p":6782.5},{"S":"B","i":8799321800,"W":"H","s":16820,"p":6782},{"S":"B","i":8799321850,"W":"H","s":81184,"p":6781.5},{"S":"B","i":8799321900,"W":"H","s":79158,"p":6781},{"S":"B","i":8799321950,"W":"H","s":94150,"p":6780.5},{"S":"B","i":8799322000,"W":"H","s":413571,"p":6780},{"S":"B","i":8799322050,"W":"H","s":3575,"p":6779.5},{"S":"B","i":8799322100,"W":"H","s":50052,"p":6779},{"S":"B","i":8799322150,"W":"H","s":8130,"p":6778.5},{"S":"B","i":8799322200,"W":"H","s":114798,"p":6778},{"S":"B","i":8799322250,"W":"H","s":25943,"p":6777.5},{"S":"B","i":8799322300,"W":"H","s":628373,"p":6777},{"S":"B","i":8799322350,"W":"H","s":1888,"p":6776.5},{"S":"B","i":8799322400,"W":"H","s":132384,"p":6776},{"S":"B","i":8799322450,"W":"H","s":11875,"p":6775.5},{"S":"B","i":8799322500,"W":"H","s":104866,"p":6775},{"S":"B","i":8799322550,"W":"H","s":38914,"p":6774.5},{"S":"B","i":8799322600,"W":"H","s":67692,"p":6774},{"S":"B","i":8799322650,"W":"H","s":253924,"p":6773.5},{"S":"B","i":8799322700,"W":"H","s":77370,"p":6773},{"S":"B","i":8799322750,"W":"H","s":80401,"p":6772.5},{"S":"B","i":8799322800,"W":"H","s":173216,"p":6772},{"S":"B","i":8799322850,"W":"H","s":153335,"p":6771.5},{"S":"B","i":8799322900,"W":"H","s":13732,"p":6771},{"S":"B","i":8799322950,"W":"H","s":198416,"p":6770.5},{"S":"B","i":8799323000,"W":"H","s":353887,"p":6770},{"S":"B","i":8799323050,"W":"H","s":91302,"p":6769.5},{"S":"B","i":8799323100,"W":"H","s":185674,"p":6769},{"S":"B","i":8799323150,"W":"H","s":66050,"p":6768.5},{"S":"B","i":8799323200,"W":"H","s":966737,"p":6768},{"S":"B","i":8799323250,"W":"H","s":48284,"p":6767.5},{"S":"B","i":8799323300,"W":"H","s":211554,"p":6767},{"S":"B","i":8799323350,"W":"H","s":27461,"p":6766.5},{"S":"B","i":8799323400,"W":"H","s":24617,"p":6766},{"S":"B","i":8799323450,"W":"H","s":2600,"p":6765.5},{"S":"B","i":8799323500,"W":"H","s":76917,"p":6765},{"S":"B","i":8799323550,"W":"H","s":1154,"p":6764.5},{"S":"B","i":8799323600,"W":"H","s":1911,"p":6764},{"S":"B","i":8799323700,"W":"H","s":26054,"p":6763},{"S":"B","i":8799323750,"W":"H","s":56682,"p":6762.5},{"S":"B","i":8799323800,"W":"H","s":31125,"p":6762},{"S":"B","i":8799323850,"W":"H","s":15345,"p":6761.5},{"S":"B","i":8799323900,"W":"H","s":10808,"p":6761},{"S":"B","i":8799323950,"W":"H","s":11503,"p":6760.5},{"S":"B","i":8799324000,"W":"H","s":390350,"p":6760},{"S":"B","i":8799324050,"W":"H","s":5236,"p":6759.5},{"S":"B","i":8799324100,"W":"H","s":53575,"p":6759},{"S":"B","i":8799324150,"W":"H","s":149957,"p":6758.5},{"S":"B","i":8799324200,"W":"H","s":38887,"p":6758},{"S":"B","i":8799324250,"W":"H","s":8542,"p":6757.5},{"S":"B","i":8799324300,"W":"H","s":60500,"p":6757},{"S":"B","i":8799324350,"W":"H","s":2802,"p":6756.5},{"S":"B","i":8799324400,"W":"H","s":4746,"p":6756},{"S":"B","i":8799324450,"W":"H","s":123533,"p":6755.5},{"S":"B","i":8799324500,"W":"H","s":135275,"p":6755},{"S":"B","i":8799324550,"W":"H","s":2550,"p":6754.5},{"S":"B","i":8799324600,"W":"H","s":40457,"p":6754},{"S":"B","i":8799324650,"W":"H","s":7768,"p":6753.5},{"S":"B","i":8799324700,"W":"H","s":89278,"p":6753},{"S":"B","i":8799324750,"W":"H","s":1619,"p":6752.5},{"S":"B","i":8799324800,"W":"H","s":16325,"p":6752},{"S":"B","i":8799324850,"W":"H","s":19636,"p":6751.5},{"S":"B","i":8799324900,"W":"H","s":24388,"p":6751},{"S":"B","i":8799324950,"W":"H","s":58203,"p":6750.5},{"S":"B","i":8799325000,"W":"H","s":816673,"p":6750},{"S":"B","i":8799325050,"W":"H","s":20970,"p":6749.5},{"S":"B","i":8799325100,"W":"H","s":50208,"p":6749},{"S":"B","i":8799325150,"W":"H","s":6045,"p":6748.5},{"S":"B","i":8799325200,"W":"H","s":89430,"p":6748},{"S":"B","i":8799325250,"W":"H","s":52941,"p":6747.5},{"S":"B","i":8799325300,"W":"H","s":825903,"p":6747},{"S":"B","i":8799325350,"W":"H","s":840,"p":6746.5},{"S":"B","i":8799325400,"W":"H","s":15355,"p":6746},{"S":"B","i":8799325450,"W":"H","s":7451,"p":6745.5},{"S":"B","i":8799325500,"W":"H","s":1070400,"p":6745},{"S":"B","i":8799325550,"W":"H","s":25328,"p":6744.5},{"S":"B","i":8799325600,"W":"H","s":132639,"p":6744},{"S":"B","i":8799325650,"W":"H","s":78778,"p":6743.5},{"S":"B","i":8799325700,"W":"H","s":67350,"p":6743},{"S":"B","i":8799325750,"W":"H","s":1548,"p":6742.5},{"S":"B","i":8799325800,"W":"H","s":116151,"p":6742},{"S":"B","i":8799325850,"W":"H","s":2062,"p":6741.5},{"S":"B","i":8799325900,"W":"H","s":53889,"p":6741},{"S":"B","i":8799325950,"W":"H","s":23218,"p":6740.5},{"S":"B","i":8799326000,"W":"H","s":214651,"p":6740},{"S":"B","i":8799326050,"W":"H","s":21675,"p":6739.5},{"S":"B","i":8799326100,"W":"H","s":68185,"p":6739},{"S":"B","i":8799326150,"W":"H","s":503256,"p":6738.5},{"S":"B","i":8799326200,"W":"H","s":84875,"p":6738},{"S":"B","i":8799326250,"W":"H","s":752777,"p":6737.5},{"S":"B","i":8799326300,"W":"H","s":10906,"p":6737},{"S":"B","i":8799326350,"W":"H","s":30338,"p":6736.5},{"S":"B","i":8799326400,"W":"H","s":11173,"p":6736},{"S":"B","i":8799326450,"W":"H","s":20821,"p":6735.5},{"S":"B","i":8799326500,"W":"H","s":46082,"p":6735},{"S":"B","i":8799326550,"W":"H","s":6552,"p":6734.5},{"S":"B","i":8799326600,"W":"H","s":21159,"p":6734},{"S":"B","i":8799326650,"W":"H","s":14819,"p":6733.5},{"S":"B","i":8799326700,"W":"H","s":11365,"p":6733},{"S":"B","i":8799326750,"W":"H","s":2482,"p":6732.5},{"S":"B","i":8799326800,"W":"H","s":20840,"p":6732},{"S":"B","i":8799326850,"W":"H","s":5271,"p":6731.5},{"S":"B","i":8799326900,"W":"H","s":1139,"p":6731},{"S":"B","i":8799326950,"W":"H","s":595,"p":6730.5},{"S":"B","i":8799327000,"W":"H","s":230759,"p":6730},{"S":"B","i":8799327050,"W":"H","s":3400,"p":6729.5},{"S":"B","i":8799327100,"W":"H","s":53983,"p":6729},{"S":"B","i":8799327150,"W":"H","s":55441,"p":6728.5},{"S":"B","i":8799327200,"W":"H","s":533082,"p":6728},{"S":"B","i":8799327250,"W":"H","s":3561,"p":6727.5},{"S":"B","i":8799327300,"W":"H","s":9699,"p":6727},{"S":"B","i":8799327350,"W":"H","s":4722,"p":6726.5},{"S":"B","i":8799327400,"W":"H","s":102588,"p":6726},{"S":"B","i":8799327450,"W":"H","s":84449,"p":6725.5},{"S":"B","i":8799327500,"W":"H","s":136823,"p":6725},{"S":"B","i":8799327550,"W":"H","s":17775,"p":6724.5},{"S":"B","i":8799327600,"W":"H","s":3116,"p":6724},{"S":"B","i":8799327650,"W":"H","s":50860,"p":6723.5},{"S":"B","i":8799327700,"W":"H","s":59228,"p":6723},{"S":"B","i":8799327750,"W":"H","s":65480,"p":6722.5},{"S":"B","i":8799327800,"W":"H","s":23045,"p":6722},{"S":"B","i":8799327850,"W":"H","s":23181,"p":6721.5},{"S":"B","i":8799327900,"W":"H","s":36852,"p":6721},{"S":"B","i":8799327950,"W":"H","s":22648,"p":6720.5},{"S":"B","i":8799328000,"W":"H","s":262626,"p":6720},{"S":"B","i":8799328050,"W":"H","s":180294,"p":6719.5},{"S":"B","i":8799328100,"W":"H","s":39846,"p":6719},{"S":"B","i":8799328150,"W":"H","s":8210,"p":6718.5},{"S":"B","i":8799328200,"W":"H","s":109230,"p":6718},{"S":"B","i":8799328250,"W":"H","s":2988,"p":6717.5},{"S":"B","i":8799328300,"W":"H","s":36471,"p":6717},{"S":"B","i":8799328350,"W":"H","s":37210,"p":6716.5},{"S":"B","i":8799328400,"W":"H","s":5937,"p":6716},{"S":"B","i":8799328450,"W":"H","s":595,"p":6715.5},{"S":"B","i":8799328500,"W":"H","s":17442,"p":6715},{"S":"B","i":8799328600,"W":"H","s":64105,"p":6714},{"S":"B","i":8799328650,"W":"H","s":62499,"p":6713.5},{"S":"B","i":8799328700,"W":"H","s":22500,"p":6713},{"S":"B","i":8799328750,"W":"H","s":58419,"p":6712.5},{"S":"B","i":8799328800,"W":"H","s":116275,"p":6712},{"S":"B","i":8799328850,"W":"H","s":5808,"p":6711.5},{"S":"B","i":8799328900,"W":"H","s":74986,"p":6711},{"S":"B","i":8799328950,"W":"H","s":26817,"p":6710.5},{"S":"B","i":8799329000,"W":"H","s":147297,"p":6710},{"S":"B","i":8799329050,"W":"H","s":2260,"p":6709.5},{"S":"B","i":8799329100,"W":"H","s":10321,"p":6709},{"S":"B","i":8799329150,"W":"H","s":7372,"p":6708.5},{"S":"B","i":8799329200,"W":"H","s":54397,"p":6708},{"S":"B","i":8799329250,"W":"H","s":12750,"p":6707.5},{"S":"B","i":8799329300,"W":"H","s":16877,"p":6707},{"S":"B","i":8799329350,"W":"H","s":34386,"p":6706.5},{"S":"B","i":8799329400,"W":"H","s":11769,"p":6706},{"S":"B","i":8799329450,"W":"H","s":180,"p":6705.5},{"S":"B","i":8799329500,"W":"H","s":8851,"p":6705},{"S":"B","i":8799329550,"W":"H","s":3982,"p":6704.5},{"S":"B","i":8799329600,"W":"H","s":11946,"p":6704},{"S":"B","i":8799329650,"W":"H","s":2176,"p":6703.5},{"S":"B","i":8799329700,"W":"H","s":3048,"p":6703},{"S":"B","i":8799329750,"W":"H","s":9922,"p":6702.5},{"S":"B","i":8799329800,"W":"H","s":69586,"p":6702},{"S":"B","i":8799329850,"W":"H","s":5468,"p":6701.5},{"S":"B","i":8799329900,"W":"H","s":8458,"p":6701},{"S":"B","i":8799329950,"W":"H","s":14552,"p":6700.5},{"S":"B","i":8799330000,"W":"H","s":4339628,"p":6700},{"S":"B","i":8799330050,"W":"H","s":68260,"p":6699.5},{"S":"B","i":8799330100,"W":"H","s":365330,"p":6699},{"S":"B","i":8799330150,"W":"H","s":58720,"p":6698.5},{"S":"B","i":8799330200,"W":"H","s":75600,"p":6698},{"S":"B","i":8799330250,"W":"H","s":11172,"p":6697.5},{"S":"B","i":8799330300,"W":"H","s":76853,"p":6697},{"S":"B","i":8799330350,"W":"H","s":9466,"p":6696.5},{"S":"B","i":8799330400,"W":"H","s":23100,"p":6696},{"S":"B","i":8799330450,"W":"H","s":14558,"p":6695.5},{"S":"B","i":8799330500,"W":"H","s":104278,"p":6695},{"S":"B","i":8799330550,"W":"H","s":19830,"p":6694.5},{"S":"B","i":8799330600,"W":"H","s":35538,"p":6694},{"S":"B","i":8799330650,"W":"H","s":20660,"p":6693.5},{"S":"B","i":8799330700,"W":"H","s":91702,"p":6693},{"S":"B","i":8799330750,"W":"H","s":12680,"p":6692.5},{"S":"B","i":8799330800,"W":"H","s":44015,"p":6692},{"S":"B","i":8799330850,"W":"H","s":35539,"p":6691.5},{"S":"B","i":8799330900,"W":"H","s":21335,"p":6691},{"S":"B","i":8799330950,"W":"H","s":852,"p":6690.5},{"S":"B","i":8799331000,"W":"H","s":223460,"p":6690},{"S":"B","i":8799331050,"W":"H","s":24133,"p":6689.5},{"S":"B","i":8799331100,"W":"H","s":312835,"p":6689},{"S":"B","i":8799331150,"W":"H","s":1008609,"p":6688.5},{"S":"B","i":8799331200,"W":"H","s":83113,"p":6688},{"S":"B","i":8799331250,"W":"H","s":61502,"p":6687.5},{"S":"B","i":8799331300,"W":"H","s":11216,"p":6687},{"S":"B","i":8799331350,"W":"H","s":12295,"p":6686.5},{"S":"B","i":8799331400,"W":"H","s":27760,"p":6686},{"S":"B","i":8799331450,"W":"H","s":14795,"p":6685.5},{"S":"B","i":8799331500,"W":"H","s":98195,"p":6685},{"S":"B","i":8799331550,"W":"H","s":2400,"p":6684.5},{"S":"B","i":8799331600,"W":"H","s":89177,"p":6684},{"S":"B","i":8799331650,"W":"H","s":51667,"p":6683.5},{"S":"B","i":8799331700,"W":"H","s":14265,"p":6683},{"S":"B","i":8799331750,"W":"H","s":36565,"p":6682.5},{"S":"B","i":8799331800,"W":"H","s":30056,"p":6682},{"S":"B","i":8799331850,"W":"H","s":56962,"p":6681.5},{"S":"B","i":8799331900,"W":"H","s":4965,"p":6681},{"S":"B","i":8799331950,"W":"H","s":41749,"p":6680.5},{"S":"B","i":8799332000,"W":"H","s":592727,"p":6680},{"S":"B","i":8799332050,"W":"H","s":10020,"p":6679.5},{"S":"B","i":8799332100,"W":"H","s":29675,"p":6679},{"S":"B","i":8799332150,"W":"H","s":16657,"p":6678.5},{"S":"B","i":8799332200,"W":"H","s":54908,"p":6678},{"S":"B","i":8799332250,"W":"H","s":5452,"p":6677.5},{"S":"B","i":8799332300,"W":"H","s":131992,"p":6677},{"S":"B","i":8799332350,"W":"H","s":37459,"p":6676.5},{"S":"B","i":8799332400,"W":"H","s":15373,"p":6676},{"S":"B","i":8799332450,"W":"H","s":11726,"p":6675.5},{"S":"B","i":8799332500,"W":"H","s":111508,"p":6675},{"S":"B","i":8799332550,"W":"H","s":14254,"p":6674.5},{"S":"B","i":8799332600,"W":"H","s":2888,"p":6674},{"S":"B","i":8799332650,"W":"H","s":5797,"p":6673.5},{"S":"B","i":8799332700,"W":"H","s":17671,"p":6673},{"S":"B","i":8799332750,"W":"H","s":2449,"p":6672.5},{"S":"B","i":8799332800,"W":"H","s":137693,"p":6672},{"S":"B","i":8799332900,"W":"H","s":3786,"p":6671},{"S":"B","i":8799332950,"W":"H","s":12717,"p":6670.5},{"S":"B","i":8799333000,"W":"H","s":222735,"p":6670},{"S":"B","i":8799333050,"W":"H","s":12900,"p":6669.5},{"S":"B","i":8799333100,"W":"H","s":80815,"p":6669},{"S":"B","i":8799333150,"W":"H","s":55419,"p":6668.5},{"S":"B","i":8799333200,"W":"H","s":13561,"p":6668},{"S":"B","i":8799333250,"W":"H","s":9786,"p":6667.5},{"S":"B","i":8799333300,"W":"H","s":14606,"p":6667},{"S":"B","i":8799333350,"W":"H","s":14272,"p":6666.5},{"S":"B","i":8799333400,"W":"H","s":1440966,"p":6666},{"S":"B","i":8799333450,"W":"H","s":22397,"p":6665.5},{"S":"B","i":8799333500,"W":"H","s":95452,"p":6665},{"S":"B","i":8799333550,"W":"H","s":6598,"p":6664.5},{"S":"B","i":8799333600,"W":"H","s":170033,"p":6664},{"S":"B","i":8799333650,"W":"H","s":6976,"p":6663.5},{"S":"B","i":8799333700,"W":"H","s":130935,"p":6663},{"S":"B","i":8799333750,"W":"H","s":56880,"p":6662.5},{"S":"B","i":8799333800,"W":"H","s":9024,"p":6662},{"S":"B","i":8799333850,"W":"H","s":22399,"p":6661.5},{"S":"B","i":8799333900,"W":"H","s":49897,"p":6661},{"S":"B","i":8799333950,"W":"H","s":14253,"p":6660.5},{"S":"B","i":8799334000,"W":"H","s":831403,"p":6660},{"S":"B","i":8799334050,"W":"H","s":39884,"p":6659.5},{"S":"B","i":8799334100,"W":"H","s":64031,"p":6659},{"S":"B","i":8799334150,"W":"H","s":4457,"p":6658.5},{"S":"B","i":8799334200,"W":"H","s":175339,"p":6658},{"S":"B","i":8799334250,"W":"H","s":66443,"p":6657.5},{"S":"B","i":8799334300,"W":"H","s":11048,"p":6657},{"S":"B","i":8799334350,"W":"H","s":1783,"p":6656.5},{"S":"B","i":8799334400,"W":"H","s":24593,"p":6656},{"S":"B","i":8799334450,"W":"H","s":3195,"p":6655.5},{"S":"B","i":8799334500,"W":"H","s":90432,"p":6655},{"S":"B","i":8799334550,"W":"H","s":51401,"p":6654.5},{"S":"B","i":8799334600,"W":"H","s":189565,"p":6654},{"S":"B","i":8799334650,"W":"H","s":56709,"p":6653.5},{"S":"B","i":8799334700,"W":"H","s":47951,"p":6653},{"S":"B","i":8799334750,"W":"H","s":152711,"p":6652.5},{"S":"B","i":8799334800,"W":"H","s":17653,"p":6652},{"S":"B","i":8799334850,"W":"H","s":13462,"p":6651.5},{"S":"B","i":8799334900,"W":"H","s":108445,"p":6651},{"S":"B","i":8799334950,"W":"H","s":26728,"p":6650.5},{"S":"B","i":8799335000,"W":"H","s":1761366,"p":6650},{"S":"B","i":8799335050,"W":"H","s":38280,"p":6649.5},{"S":"B","i":8799335100,"W":"H","s":158721,"p":6649},{"S":"B","i":8799335150,"W":"H","s":1683,"p":6648.5},{"S":"B","i":8799335200,"W":"H","s":439931,"p":6648},{"S":"B","i":8799335250,"W":"H","s":39846,"p":6647.5},{"S":"B","i":8799335300,"W":"H","s":44525,"p":6647},{"S":"B","i":8799335350,"W":"H","s":19590,"p":6646.5},{"S":"B","i":8799335400,"W":"H","s":40365,"p":6646},{"S":"B","i":8799335450,"W":"H","s":200,"p":6645.5},{"S":"B","i":8799335500,"W":"H","s":576187,"p":6645},{"S":"B","i":8799335550,"W":"H","s":10889,"p":6644.5},{"S":"B","i":8799335600,"W":"H","s":136880,"p":6644},{"S":"B","i":8799335650,"W":"H","s":7037,"p":6643.5},{"S":"B","i":8799335700,"W":"H","s":22989,"p":6643},{"S":"B","i":8799335750,"W":"H","s":2737,"p":6642.5},{"S":"B","i":8799335800,"W":"H","s":58387,"p":6642},{"S":"B","i":8799335850,"W":"H","s":30977,"p":6641.5},{"S":"B","i":8799335900,"W":"H","s":59895,"p":6641},{"S":"B","i":8799335950,"W":"H","s":36115,"p":6640.5},{"S":"B","i":8799336000,"W":"H","s":332266,"p":6640},{"S":"B","i":8799336050,"W":"H","s":58362,"p":6639.5},{"S":"B","i":8799336100,"W":"H","s":202063,"p":6639},{"S":"B","i":8799336150,"W":"H","s":56049,"p":6638.5},{"S":"B","i":8799336200,"W":"H","s":166986,"p":6638},{"S":"B","i":8799336250,"W":"H","s":80162,"p":6637.5},{"S":"B","i":8799336300,"W":"H","s":81230,"p":6637},{"S":"B","i":8799336350,"W":"H","s":33588,"p":6636.5},{"S":"B","i":8799336400,"W":"H","s":74197,"p":6636},{"S":"B","i":8799336450,"W":"H","s":36534,"p":6635.5},{"S":"B","i":8799336500,"W":"H","s":321850,"p":6635},{"S":"B","i":8799336550,"W":"H","s":9989,"p":6634.5},{"S":"B","i":8799336600,"W":"H","s":6961,"p":6634},{"S":"B","i":8799336650,"W":"H","s":12668,"p":6633.5},{"S":"B","i":8799336700,"W":"H","s":105455,"p":6633},{"S":"B","i":8799336750,"W":"H","s":1128,"p":6632.5},{"S":"B","i":8799336800,"W":"H","s":30045,"p":6632},{"S":"B","i":8799336850,"W":"H","s":24150,"p":6631.5},{"S":"B","i":8799336900,"W":"H","s":19119,"p":6631},{"S":"B","i":8799336950,"W":"H","s":5634,"p":6630.5},{"S":"B","i":8799337000,"W":"H","s":545714,"p":6630},{"S":"B","i":8799337050,"W":"H","s":11315,"p":6629.5},{"S":"B","i":8799337100,"W":"H","s":29204,"p":6629},{"S":"B","i":8799337150,"W":"H","s":21400,"p":6628.5},{"S":"B","i":8799337200,"W":"H","s":39188,"p":6628},{"S":"B","i":8799337250,"W":"H","s":14197,"p":6627.5},{"S":"B","i":8799337300,"W":"H","s":58359,"p":6627},{"S":"B","i":8799337350,"W":"H","s":12473,"p":6626.5},{"S":"B","i":8799337400,"W":"H","s":26215,"p":6626},{"S":"B","i":8799337450,"W":"H","s":207805,"p":6625.5},{"S":"B","i":8799337500,"W":"H","s":202543,"p":6625},{"S":"B","i":8799337550,"W":"H","s":33564,"p":6624.5},{"S":"B","i":8799337600,"W":"H","s":57677,"p":6624},{"S":"B","i":8799337650,"W":"H","s":59578,"p":6623.5},{"S":"B","i":8799337700,"W":"H","s":120385,"p":6623},{"S":"B","i":8799337750,"W":"H","s":52927,"p":6622.5},{"S":"B","i":8799337800,"W":"H","s":1002408,"p":6622},{"S":"B","i":8799337850,"W":"H","s":14782,"p":6621.5},{"S":"B","i":8799337900,"W":"H","s":119367,"p":6621},{"S":"B","i":8799337950,"W":"H","s":14873,"p":6620.5},{"S":"B","i":8799338000,"W":"H","s":1012205,"p":6620},{"S":"B","i":8799338050,"W":"H","s":55806,"p":6619.5},{"S":"B","i":8799338100,"W":"H","s":38035,"p":6619},{"S":"B","i":8799338150,"W":"H","s":16825,"p":6618.5},{"S":"B","i":8799338200,"W":"H","s":67732,"p":6618},{"S":"B","i":8799338250,"W":"H","s":14042,"p":6617.5},{"S":"B","i":8799338300,"W":"H","s":44623,"p":6617},{"S":"B","i":8799338350,"W":"H","s":46288,"p":6616.5},{"S":"B","i":8799338400,"W":"H","s":13809,"p":6616},{"S":"B","i":8799338450,"W":"H","s":112675,"p":6615.5},{"S":"B","i":8799338500,"W":"H","s":514563,"p":6615},{"S":"B","i":8799338550,"W":"H","s":5834,"p":6614.5},{"S":"B","i":8799338600,"W":"H","s":27272,"p":6614},{"S":"B","i":8799338650,"W":"H","s":2207,"p":6613.5},{"S":"B","i":8799338700,"W":"H","s":73233,"p":6613},{"S":"B","i":8799338750,"W":"H","s":81628,"p":6612.5},{"S":"B","i":8799338800,"W":"H","s":255593,"p":6612},{"S":"B","i":8799338850,"W":"H","s":408512,"p":6611.5},{"S":"B","i":8799338900,"W":"H","s":22617,"p":6611},{"S":"B","i":8799338950,"W":"H","s":51695,"p":6610.5},{"S":"B","i":8799339000,"W":"H","s":338806,"p":6610},{"S":"B","i":8799339050,"W":"H","s":6960,"p":6609.5},{"S":"B","i":8799339100,"W":"H","s":83568,"p":6609},{"S":"B","i":8799339150,"W":"H","s":52877,"p":6608.5},{"S":"B","i":8799339200,"W":"H","s":44592,"p":6608},{"S":"B","i":8799339250,"W":"H","s":13731,"p":6607.5},{"S":"B","i":8799339300,"W":"H","s":48584,"p":6607},{"S":"B","i":8799339350,"W":"H","s":17222,"p":6606.5},{"S":"B","i":8799339400,"W":"H","s":23965,"p":6606},{"S":"B","i":8799339450,"W":"H","s":43965,"p":6605.5},{"S":"B","i":8799339500,"W":"H","s":57933,"p":6605},{"S":"B","i":8799339550,"W":"H","s":62900,"p":6604.5},{"S":"B","i":8799339600,"W":"H","s":77622,"p":6604},{"S":"B","i":8799339650,"W":"H","s":980,"p":6603.5},{"S":"B","i":8799339700,"W":"H","s":57288,"p":6603},{"S":"B","i":8799339750,"W":"H","s":8080,"p":6602.5},{"S":"B","i":8799339800,"W":"H","s":60625,"p":6602},{"S":"B","i":8799339850,"W":"H","s":34880,"p":6601.5},{"S":"B","i":8799339900,"W":"H","s":50719,"p":6601},{"S":"B","i":8799339950,"W":"H","s":59996,"p":6600.5},{"S":"B","i":8799340000,"W":"H","s":2658616,"p":6600},{"S":"B","i":8799340050,"W":"H","s":1046014,"p":6599.5},{"S":"B","i":8799340100,"W":"H","s":248985,"p":6599},{"S":"B","i":8799340150,"W":"H","s":13598,"p":6598.5},{"S":"B","i":8799340200,"W":"H","s":115258,"p":6598},{"S":"B","i":8799340250,"W":"H","s":58943,"p":6597.5},{"S":"B","i":8799340300,"W":"H","s":328163,"p":6597},{"S":"B","i":8799340350,"W":"H","s":2520,"p":6596.5},{"S":"B","i":8799340400,"W":"H","s":48719,"p":6596},{"S":"B","i":8799340450,"W":"H","s":2645,"p":6595.5},{"S":"B","i":8799340500,"W":"H","s":163767,"p":6595},{"S":"B","i":8799340550,"W":"H","s":52005,"p":6594.5},{"S":"B","i":8799340600,"W":"H","s":71354,"p":6594},{"S":"B","i":8799340650,"W":"H","s":60259,"p":6593.5},{"S":"B","i":8799340700,"W":"H","s":110379,"p":6593},{"S":"B","i":8799340750,"W":"H","s":1544,"p":6592.5},{"S":"B","i":8799340800,"W":"H","s":46445,"p":6592},{"S":"B","i":8799340850,"W":"H","s":3797,"p":6591.5},{"S":"B","i":8799340900,"W":"H","s":274886,"p":6591},{"S":"B","i":8799340950,"W":"H","s":46195,"p":6590.5},{"S":"B","i":8799341000,"W":"H","s":842885,"p":6590},{"S":"B","i":8799341050,"W":"H","s":18220,"p":6589.5},{"S":"B","i":8799341100,"W":"H","s":600986,"p":6589},{"S":"B","i":8799341150,"W":"H","s":11205,"p":6588.5},{"S":"B","i":8799341200,"W":"H","s":290265,"p":6588},{"S":"B","i":8799341250,"W":"H","s":76325,"p":6587.5},{"S":"B","i":8799341300,"W":"H","s":92013,"p":6587},{"S":"B","i":8799341350,"W":"H","s":41523,"p":6586.5},{"S":"B","i":8799341400,"W":"H","s":671638,"p":6586},{"S":"B","i":8799341450,"W":"H","s":329690,"p":6585.5},{"S":"B","i":8799341500,"W":"H","s":123545,"p":6585},{"S":"B","i":8799341550,"W":"H","s":210313,"p":6584.5},{"S":"B","i":8799341600,"W":"H","s":1118296,"p":6584},{"S":"B","i":8799341650,"W":"H","s":3800,"p":6583.5},{"S":"B","i":8799341700,"W":"H","s":417144,"p":6583},{"S":"B","i":8799341750,"W":"H","s":74013,"p":6582.5},{"S":"B","i":8799341800,"W":"H","s":29699,"p":6582},{"S":"B","i":8799341850,"W":"H","s":4471,"p":6581.5},{"S":"B","i":8799341900,"W":"H","s":410416,"p":6581},{"S":"B","i":8799341950,"W":"H","s":27225,"p":6580.5},{"S":"B","i":8799342000,"W":"H","s":564733,"p":6580},{"S":"B","i":8799342050,"W":"H","s":19520,"p":6579.5},{"S":"B","i":8799342100,"W":"H","s":354840,"p":6579},{"S":"B","i":8799342150,"W":"H","s":62138,"p":6578.5},{"S":"B","i":8799342200,"W":"H","s":429523,"p":6578},{"S":"B","i":8799342250,"W":"H","s":4296,"p":6577.5},{"S":"B","i":8799342300,"W":"H","s":599714,"p":6577},{"S":"B","i":8799342350,"W":"H","s":3554,"p":6576.5},{"S":"B","i":8799342400,"W":"H","s":42974,"p":6576},{"S":"B","i":8799342450,"W":"H","s":49018,"p":6575.5},{"S":"B","i":8799342500,"W":"H","s":1016061,"p":6575},{"S":"B","i":8799342550,"W":"H","s":60130,"p":6574.5},{"S":"B","i":8799342600,"W":"H","s":48440,"p":6574},{"S":"B","i":8799342650,"W":"H","s":1990,"p":6573.5},{"S":"B","i":8799342700,"W":"H","s":139184,"p":6573},{"S":"B","i":8799342750,"W":"H","s":5398,"p":6572.5},{"S":"B","i":8799342800,"W":"H","s":21086,"p":6572},{"S":"B","i":8799342850,"W":"H","s":20346,"p":6571.5},{"S":"B","i":8799342900,"W":"H","s":22758,"p":6571},{"S":"B","i":8799342950,"W":"H","s":1157,"p":6570.5},{"S":"B","i":8799343000,"W":"H","s":207982,"p":6570},{"S":"B","i":8799343050,"W":"H","s":43790,"p":6569.5},{"S":"B","i":8799343100,"W":"H","s":47924,"p":6569},{"S":"B","i":8799343150,"W":"H","s":638,"p":6568.5},{"S":"B","i":8799343200,"W":"H","s":182555,"p":6568},{"S":"B","i":8799343250,"W":"H","s":16677,"p":6567.5},{"S":"B","i":8799343300,"W":"H","s":228051,"p":6567},{"S":"B","i":8799343350,"W":"H","s":23500,"p":6566.5},{"S":"B","i":8799343400,"W":"H","s":40511,"p":6566},{"S":"B","i":8799343450,"W":"H","s":119388,"p":6565.5},{"S":"B","i":8799343500,"W":"H","s":250443,"p":6565},{"S":"B","i":8799343550,"W":"H","s":137100,"p":6564.5},{"S":"B","i":8799343600,"W":"H","s":670996,"p":6564},{"S":"B","i":8799343650,"W":"H","s":123414,"p":6563.5},{"S":"B","i":8799343700,"W":"H","s":130042,"p":6563},{"S":"B","i":8799343750,"W":"H","s":55616,"p":6562.5},{"S":"B","i":8799343800,"W":"H","s":73658,"p":6562},{"S":"B","i":8799343850,"W":"H","s":6422,"p":6561.5},{"S":"B","i":8799343900,"W":"H","s":25593,"p":6561},{"S":"B","i":8799343950,"W":"H","s":36352,"p":6560.5},{"S":"B","i":8799344000,"W":"H","s":873742,"p":6560},{"S":"B","i":8799344050,"W":"H","s":53290,"p":6559.5},{"S":"B","i":8799344100,"W":"H","s":344579,"p":6559},{"S":"B","i":8799344150,"W":"H","s":34050,"p":6558.5},{"S":"B","i":8799344200,"W":"H","s":266548,"p":6558},{"S":"B","i":8799344250,"W":"H","s":31415,"p":6557.5},{"S":"B","i":8799344300,"W":"H","s":252722,"p":6557},{"S":"B","i":8799344350,"W":"H","s":26440,"p":6556.5},{"S":"B","i":8799344400,"W":"H","s":125155,"p":6556},{"S":"B","i":8799344450,"W":"H","s":37643,"p":6555.5},{"S":"B","i":8799344500,"W":"H","s":1384980,"p":6555},{"S":"B","i":8799344550,"W":"H","s":64080,"p":6554.5},{"S":"B","i":8799344600,"W":"H","s":87077,"p":6554},{"S":"B","i":8799344650,"W":"H","s":6620,"p":6553.5},{"S":"B","i":8799344700,"W":"H","s":106335,"p":6553},{"S":"B","i":8799344750,"W":"H","s":14430,"p":6552.5},{"S":"B","i":8799344800,"W":"H","s":77208,"p":6552},{"S":"B","i":8799344850,"W":"H","s":1460,"p":6551.5},{"S":"B","i":8799344900,"W":"H","s":81959,"p":6551},{"S":"B","i":8799344950,"W":"H","s":108988,"p":6550.5},{"S":"B","i":8799345000,"W":"H","s":2913090,"p":6550},{"S":"B","i":8799345050,"W":"H","s":165644,"p":6549.5},{"S":"B","i":8799345100,"W":"H","s":1528289,"p":6549},{"S":"B","i":8799345150,"W":"H","s":370186,"p":6548.5},{"S":"B","i":8799345200,"W":"H","s":609233,"p":6548},{"S":"B","i":8799345250,"W":"H","s":106989,"p":6547.5},{"S":"B","i":8799345300,"W":"H","s":308625,"p":6547},{"S":"B","i":8799345350,"W":"H","s":13808,"p":6546.5},{"S":"B","i":8799345400,"W":"H","s":19363,"p":6546},{"S":"B","i":8799345450,"W":"H","s":17389,"p":6545.5},{"S":"B","i":8799345500,"W":"H","s":511441,"p":6545},{"S":"B","i":8799345550,"W":"H","s":75348,"p":6544.5},{"S":"B","i":8799345600,"W":"H","s":733513,"p":6544},{"S":"B","i":8799345650,"W":"H","s":21920,"p":6543.5},{"S":"B","i":8799345700,"W":"H","s":141447,"p":6543},{"S":"B","i":8799345750,"W":"H","s":43372,"p":6542.5},{"S":"B","i":8799345800,"W":"H","s":102087,"p":6542},{"S":"B","i":8799345850,"W":"H","s":56871,"p":6541.5},{"S":"B","i":8799345900,"W":"H","s":30555,"p":6541},{"S":"B","i":8799345950,"W":"H","s":48862,"p":6540.5},{"S":"B","i":8799346000,"W":"H","s":1869220,"p":6540},{"S":"B","i":8799346050,"W":"H","s":1053348,"p":6539.5},{"S":"B","i":8799346100,"W":"H","s":367881,"p":6539},{"S":"B","i":8799346150,"W":"H","s":535269,"p":6538.5},{"S":"B","i":8799346200,"W":"H","s":241063,"p":6538},{"S":"B","i":8799346250,"W":"H","s":147576,"p":6537.5},{"S":"B","i":8799346300,"W":"H","s":298486,"p":6537},{"S":"B","i":8799346350,"W":"H","s":138963,"p":6536.5},{"S":"B","i":8799346400,"W":"H","s":206294,"p":6536},{"S":"B","i":8799346450,"W":"H","s":41241,"p":6535.5},{"S":"B","i":8799346500,"W":"H","s":819080,"p":6535},{"S":"B","i":8799346550,"W":"H","s":53850,"p":6534.5},{"S":"B","i":8799346600,"W":"H","s":110621,"p":6534},{"S":"B","i":8799346650,"W":"H","s":83086,"p":6533.5},{"S":"B","i":8799346700,"W":"H","s":187343,"p":6533},{"S":"B","i":8799346750,"W":"H","s":36617,"p":6532.5},{"S":"B","i":8799346800,"W":"H","s":210620,"p":6532},{"S":"B","i":8799346850,"W":"H","s":4082,"p":6531.5},{"S":"B","i":8799346900,"W":"H","s":368188,"p":6531},{"S":"B","i":8799346950,"W":"H","s":110122,"p":6530.5},{"S":"B","i":8799347000,"W":"H","s":957890,"p":6530},{"S":"B","i":8799347050,"W":"H","s":106606,"p":6529.5},{"S":"B","i":8799347100,"W":"H","s":90797,"p":6529},{"S":"B","i":8799347150,"W":"H","s":10730,"p":6528.5},{"S":"B","i":8799347200,"W":"H","s":169362,"p":6528},{"S":"B","i":8799347250,"W":"H","s":203040,"p":6527.5},{"S":"B","i":8799347300,"W":"H","s":105456,"p":6527},{"S":"B","i":8799347350,"W":"H","s":83983,"p":6526.5},{"S":"B","i":8799347400,"W":"H","s":29243,"p":6526},{"S":"B","i":8799347450,"W":"H","s":30812,"p":6525.5},{"S":"B","i":8799347500,"W":"H","s":580910,"p":6525},{"S":"B","i":8799347550,"W":"H","s":99536,"p":6524.5},{"S":"B","i":8799347600,"W":"H","s":539973,"p":6524},{"S":"B","i":8799347650,"W":"H","s":48230,"p":6523.5},{"S":"B","i":8799347700,"W":"H","s":210022,"p":6523},{"S":"B","i":8799347750,"W":"H","s":69599,"p":6522.5},{"S":"B","i":8799347800,"W":"H","s":96007,"p":6522},{"S":"B","i":8799347850,"W":"H","s":90659,"p":6521.5},{"S":"B","i":8799347900,"W":"H","s":74763,"p":6521},{"S":"B","i":8799347950,"W":"H","s":44282,"p":6520.5},{"S":"B","i":8799348000,"W":"H","s":2518905,"p":6520},{"S":"B","i":8799348050,"W":"H","s":103309,"p":6519.5},{"S":"B","i":8799348100,"W":"H","s":402677,"p":6519},{"S":"B","i":8799348150,"W":"H","s":395178,"p":6518.5},{"S":"B","i":8799348200,"W":"H","s":665365,"p":6518},{"S":"B","i":8799348250,"W":"H","s":66241,"p":6517.5},{"S":"B","i":8799348300,"W":"H","s":428085,"p":6517},{"S":"B","i":8799348350,"W":"H","s":32697,"p":6516.5},{"S":"B","i":8799348400,"W":"H","s":165359,"p":6516},{"S":"B","i":8799348450,"W":"H","s":64050,"p":6515.5},{"S":"B","i":8799348500,"W":"H","s":921220,"p":6515},{"S":"B","i":8799348550,"W":"H","s":16882,"p":6514.5},{"S":"B","i":8799348600,"W":"H","s":64824,"p":6514},{"S":"B","i":8799348650,"W":"H","s":17565,"p":6513.5},{"S":"B","i":8799348700,"W":"H","s":223089,"p":6513},{"S":"B","i":8799348750,"W":"H","s":74118,"p":6512.5},{"S":"B","i":8799348800,"W":"H","s":455698,"p":6512},{"S":"B","i":8799348850,"W":"H","s":48701,"p":6511.5},{"S":"B","i":8799348900,"W":"H","s":101522,"p":6511},{"S":"B","i":8799348950,"W":"H","s":106032,"p":6510.5},{"S":"B","i":8799349000,"W":"H","s":765709,"p":6510},{"S":"B","i":8799349050,"W":"H","s":42040,"p":6509.5},{"S":"B","i":8799349100,"W":"H","s":337046,"p":6509},{"S":"B","i":8799349150,"W":"H","s":81855,"p":6508.5},{"S":"B","i":8799349200,"W":"H","s":117067,"p":6508},{"S":"B","i":8799349250,"W":"H","s":72210,"p":6507.5},{"S":"B","i":8799349300,"W":"H","s":93830,"p":6507},{"S":"B","i":8799349350,"W":"H","s":59290,"p":6506.5},{"S":"B","i":8799349400,"W":"H","s":89142,"p":6506},{"S":"B","i":8799349450,"W":"H","s":39523,"p":6505.5},{"S":"B","i":8799349500,"W":"H","s":458712,"p":6505},{"S":"B","i":8799349550,"W":"H","s":30269,"p":6504.5},{"S":"B","i":8799349600,"W":"H","s":213986,"p":6504},{"S":"B","i":8799349650,"W":"H","s":113776,"p":6503.5},{"S":"B","i":8799349700,"W":"H","s":44517,"p":6503},{"S":"B","i":8799349750,"W":"H","s":40551,"p":6502.5},{"S":"B","i":8799349800,"W":"H","s":103519,"p":6502},{"S":"B","i":8799349850,"W":"H","s":12035,"p":6501.5},{"S":"B","i":8799349900,"W":"H","s":454733,"p":6501},{"S":"B","i":8799349950,"W":"H","s":79483,"p":6500.5},{"S":"B","i":8799350000,"W":"H","s":5174875,"p":6500},{"S":"B","i":8799350050,"W":"H","s":51431,"p":6499.5},{"S":"B","i":8799350100,"W":"H","s":450427,"p":6499},{"S":"B","i":8799350150,"W":"H","s":307181,"p":6498.5},{"S":"B","i":8799350200,"W":"H","s":1293828,"p":6498},{"S":"B","i":8799350250,"W":"H","s":109119,"p":6497.5},{"S":"B","i":8799350300,"W":"H","s":1113441,"p":6497},{"S":"B","i":8799350350,"W":"H","s":48213,"p":6496.5},{"S":"B","i":8799350400,"W":"H","s":231814,"p":6496},{"S":"B","i":8799350450,"W":"H","s":131014,"p":6495.5},{"S":"B","i":8799350500,"W":"H","s":2005985,"p":6495},{"S":"B","i":8799350550,"W":"H","s":4474,"p":6494.5},{"S":"B","i":8799350600,"W":"H","s":222447,"p":6494},{"S":"B","i":8799350650,"W":"H","s":46808,"p":6493.5},{"S":"B","i":8799350700,"W":"H","s":2007904,"p":6493},{"S":"B","i":8799350750,"W":"H","s":116378,"p":6492.5},{"S":"B","i":8799350800,"W":"H","s":1704596,"p":6492},{"S":"B","i":8799350850,"W":"H","s":158682,"p":6491.5},{"S":"B","i":8799350900,"W":"H","s":31072,"p":6491},{"S":"B","i":8799350950,"W":"H","s":1319010,"p":6490.5},{"S":"B","i":8799351000,"W":"H","s":1782996,"p":6490},{"S":"B","i":8799351050,"W":"H","s":1039658,"p":6489.5},{"S":"B","i":8799351100,"W":"H","s":243921,"p":6489},{"S":"B","i":8799351150,"W":"H","s":171564,"p":6488.5},{"S":"B","i":8799351200,"W":"H","s":1044442,"p":6488},{"S":"B","i":8799351250,"W":"H","s":352341,"p":6487.5},{"S":"B","i":8799351300,"W":"H","s":1226432,"p":6487},{"S":"B","i":8799351350,"W":"H","s":37333,"p":6486.5},{"S":"B","i":8799351400,"W":"H","s":385969,"p":6486},{"S":"B","i":8799351450,"W":"H","s":191412,"p":6485.5},{"S":"B","i":8799351500,"W":"H","s":1935174,"p":6485},{"S":"B","i":8799351550,"W":"H","s":16451,"p":6484.5},{"S":"B","i":8799351600,"W":"H","s":1217791,"p":6484},{"S":"B","i":8799351650,"W":"H","s":172155,"p":6483.5},{"S":"B","i":8799351700,"W":"H","s":607842,"p":6483},{"S":"B","i":8799351750,"W":"H","s":51292,"p":6482.5},{"S":"B","i":8799351800,"W":"H","s":247384,"p":6482},{"S":"B","i":8799351850,"W":"H","s":270013,"p":6481.5},{"S":"B","i":8799351900,"W":"H","s":122613,"p":6481},{"S":"B","i":8799351950,"W":"H","s":153659,"p":6480.5},{"S":"B","i":8799352000,"W":"H","s":1910515,"p":6480},{"S":"B","i":8799352050,"W":"H","s":137470,"p":6479.5},{"S":"B","i":8799352100,"W":"H","s":1603655,"p":6479},{"S":"B","i":8799352150,"W":"H","s":271656,"p":6478.5},{"S":"B","i":8799352200,"W":"H","s":595722,"p":6478},{"S":"B","i":8799352250,"W":"H","s":193555,"p":6477.5},{"S":"B","i":8799352300,"W":"H","s":840686,"p":6477},{"S":"B","i":8799352350,"W":"H","s":98083,"p":6476.5},{"S":"B","i":8799352400,"W":"H","s":498974,"p":6476},{"S":"B","i":8799352450,"W":"H","s":460376,"p":6475.5},{"S":"B","i":8799352500,"W":"H","s":1453071,"p":6475},{"S":"B","i":8799352550,"W":"H","s":45079,"p":6474.5},{"S":"B","i":8799352600,"W":"H","s":306876,"p":6474},{"S":"B","i":8799352650,"W":"H","s":302982,"p":6473.5},{"S":"B","i":8799352700,"W":"H","s":294818,"p":6473},{"S":"B","i":8799352750,"W":"H","s":15008,"p":6472.5},{"S":"B","i":8799352800,"W":"H","s":419172,"p":6472},{"S":"B","i":8799352850,"W":"H","s":1084340,"p":6471.5},{"S":"B","i":8799352900,"W":"H","s":196911,"p":6471},{"S":"B","i":8799352950,"W":"H","s":98223,"p":6470.5},{"S":"B","i":8799353000,"W":"H","s":1937541,"p":6470},{"S":"B","i":8799353050,"W":"H","s":154843,"p":6469.5},{"S":"B","i":8799353100,"W":"H","s":215251,"p":6469},{"S":"B","i":8799353150,"W":"H","s":42375,"p":6468.5},{"S":"B","i":8799353200,"W":"H","s":849624,"p":6468},{"S":"B","i":8799353250,"W":"H","s":222329,"p":6467.5},{"S":"B","i":8799353300,"W":"H","s":372286,"p":6467},{"S":"B","i":8799353350,"W":"H","s":56235,"p":6466.5},{"S":"B","i":8799353400,"W":"H","s":1015348,"p":6466},{"S":"B","i":8799353450,"W":"H","s":459624,"p":6465.5},{"S":"B","i":8799353500,"W":"H","s":625644,"p":6465},{"S":"B","i":8799353550,"W":"H","s":77936,"p":6464.5},{"S":"B","i":8799353600,"W":"H","s":1081040,"p":6464},{"S":"B","i":8799353650,"W":"H","s":273354,"p":6463.5},{"S":"B","i":8799353700,"W":"H","s":1230572,"p":6463},{"S":"B","i":8799353750,"W":"H","s":100742,"p":6462.5},{"S":"B","i":8799353800,"W":"H","s":831773,"p":6462},{"S":"B","i":8799353850,"W":"H","s":45716,"p":6461.5},{"S":"B","i":8799353900,"W":"H","s":293616,"p":6461},{"S":"B","i":8799353950,"W":"H","s":228660,"p":6460.5},{"S":"B","i":8799354000,"W":"H","s":1936567,"p":6460},{"S":"B","i":8799354050,"W":"H","s":129850,"p":6459.5},{"S":"B","i":8799354100,"W":"H","s":822318,"p":6459},{"S":"B","i":8799354150,"W":"H","s":467450,"p":6458.5},{"S":"B","i":8799354200,"W":"H","s":654988,"p":6458},{"S":"B","i":8799354250,"W":"H","s":76552,"p":6457.5},{"S":"B","i":8799354300,"W":"H","s":1711508,"p":6457},{"S":"B","i":8799354350,"W":"H","s":128682,"p":6456.5},{"S":"B","i":8799354400,"W":"H","s":393781,"p":6456},{"S":"B","i":8799354450,"W":"H","s":49285,"p":6455.5},{"S":"B","i":8799354500,"W":"H","s":994599,"p":6455},{"S":"B","i":8799354550,"W":"H","s":54319,"p":6454.5},{"S":"B","i":8799354600,"W":"H","s":1187878,"p":6454},{"S":"B","i":8799354650,"W":"H","s":239565,"p":6453.5},{"S":"B","i":8799354700,"W":"H","s":245723,"p":6453},{"S":"B","i":8799354750,"W":"H","s":324124,"p":6452.5},{"S":"B","i":8799354800,"W":"H","s":208111,"p":6452},{"S":"B","i":8799354850,"W":"H","s":209242,"p":6451.5},{"S":"B","i":8799354900,"W":"H","s":123068,"p":6451},{"S":"B","i":8799354950,"W":"H","s":204651,"p":6450.5},{"S":"B","i":8799355000,"W":"H","s":2821172,"p":6450},{"S":"B","i":8799355050,"W":"H","s":211327,"p":6449.5},{"S":"B","i":8799355100,"W":"H","s":478348,"p":6449},{"S":"B","i":8799355150,"W":"H","s":240663,"p":6448.5},{"S":"B","i":8799355200,"W":"H","s":1201933,"p":6448},{"S":"B","i":8799355250,"W":"H","s":164666,"p":6447.5},{"S":"B","i":8799355300,"W":"H","s":1218468,"p":6447},{"S":"B","i":8799355350,"W":"H","s":97086,"p":6446.5},{"S":"B","i":8799355400,"W":"H","s":374518,"p":6446},{"S":"B","i":8799355450,"W":"H","s":121860,"p":6445.5},{"S":"B","i":8799355500,"W":"H","s":831091,"p":6445},{"S":"B","i":8799355550,"W":"H","s":289085,"p":6444.5},{"S":"B","i":8799355600,"W":"H","s":1329329,"p":6444},{"S":"B","i":8799355650,"W":"H","s":768106,"p":6443.5},{"S":"B","i":8799355700,"W":"H","s":392934,"p":6443},{"S":"B","i":8799355750,"W":"H","s":57734,"p":6442.5},{"S":"B","i":8799355800,"W":"H","s":535880,"p":6442},{"S":"B","i":8799355850,"W":"H","s":42094,"p":6441.5},{"S":"B","i":8799355900,"W":"H","s":493218,"p":6441},{"S":"B","i":8799355950,"W":"H","s":115871,"p":6440.5},{"S":"B","i":8799356000,"W":"H","s":4827470,"p":6440},{"S":"B","i":8799356050,"W":"H","s":70757,"p":6439.5},{"S":"B","i":8799356100,"W":"H","s":757374,"p":6439},{"S":"B","i":8799356150,"W":"H","s":483701,"p":6438.5},{"S":"B","i":8799356200,"W":"H","s":723474,"p":6438},{"S":"B","i":8799356250,"W":"H","s":85322,"p":6437.5},{"S":"B","i":8799356300,"W":"H","s":889330,"p":6437},{"S":"B","i":8799356350,"W":"H","s":97002,"p":6436.5},{"S":"B","i":8799356400,"W":"H","s":162819,"p":6436},{"S":"B","i":8799356450,"W":"H","s":37154,"p":6435.5},{"S":"B","i":8799356500,"W":"H","s":823576,"p":6435},{"S":"B","i":8799356550,"W":"H","s":222925,"p":6434.5},{"S":"B","i":8799356600,"W":"H","s":190504,"p":6434},{"S":"B","i":8799356650,"W":"H","s":58759,"p":6433.5},{"S":"B","i":8799356700,"W":"H","s":373523,"p":6433},{"S":"B","i":8799356750,"W":"H","s":300886,"p":6432.5},{"S":"B","i":8799356800,"W":"H","s":419034,"p":6432},{"S":"B","i":8799356850,"W":"H","s":279303,"p":6431.5},{"S":"B","i":8799356900,"W":"H","s":196257,"p":6431},{"S":"B","i":8799356950,"W":"H","s":724243,"p":6430.5},{"S":"B","i":8799357000,"W":"H","s":4275527,"p":6430},{"S":"B","i":8799357050,"W":"H","s":222547,"p":6429.5},{"S":"B","i":8799357100,"W":"H","s":1183847,"p":6429},{"S":"B","i":8799357150,"W":"H","s":1468073,"p":6428.5},{"S":"B","i":8799357200,"W":"H","s":778984,"p":6428},{"S":"B","i":8799357250,"W":"H","s":160157,"p":6427.5},{"S":"B","i":8799357300,"W":"H","s":788208,"p":6427},{"S":"B","i":8799357350,"W":"H","s":59812,"p":6426.5},{"S":"B","i":8799357400,"W":"H","s":663858,"p":6426},{"S":"B","i":8799357450,"W":"H","s":57924,"p":6425.5},{"S":"B","i":8799357500,"W":"H","s":926487,"p":6425},{"S":"B","i":8799357550,"W":"H","s":72240,"p":6424.5},{"S":"B","i":8799357600,"W":"H","s":1103921,"p":6424},{"S":"B","i":8799357650,"W":"H","s":78769,"p":6423.5},{"S":"B","i":8799357700,"W":"H","s":1011326,"p":6423},{"S":"B","i":8799357750,"W":"H","s":441936,"p":6422.5},{"S":"B","i":8799357800,"W":"H","s":824280,"p":6422},{"S":"B","i":8799357850,"W":"H","s":159685,"p":6421.5},{"S":"B","i":8799357900,"W":"H","s":477654,"p":6421},{"S":"B","i":8799357950,"W":"H","s":252644,"p":6420.5},{"S":"B","i":8799358000,"W":"H","s":2255591,"p":6420},{"S":"B","i":8799358050,"W":"H","s":304740,"p":6419.5},{"S":"B","i":8799358100,"W":"H","s":918497,"p":6419},{"S":"B","i":8799358150,"W":"H","s":166719,"p":6418.5},{"S":"B","i":8799358200,"W":"H","s":1166124,"p":6418},{"S":"B","i":8799358250,"W":"H","s":175748,"p":6417.5},{"S":"B","i":8799358300,"W":"H","s":805660,"p":6417},{"S":"B","i":8799358350,"W":"H","s":197793,"p":6416.5},{"S":"B","i":8799358400,"W":"H","s":394420,"p":6416},{"S":"B","i":8799358450,"W":"H","s":682387,"p":6415.5},{"S":"B","i":8799358500,"W":"H","s":808429,"p":6415},{"S":"B","i":8799358550,"W":"H","s":259194,"p":6414.5},{"S":"B","i":8799358600,"W":"H","s":363399,"p":6414},{"S":"B","i":8799358650,"W":"H","s":933079,"p":6413.5},{"S":"B","i":8799358700,"W":"H","s":740711,"p":6413},{"S":"B","i":8799358750,"W":"H","s":157356,"p":6412.5},{"S":"B","i":8799358800,"W":"H","s":201544,"p":6412},{"S":"B","i":8799358850,"W":"H","s":288118,"p":6411.5},{"S":"B","i":8799358900,"W":"H","s":508054,"p":6411},{"S":"B","i":8799358950,"W":"H","s":101497,"p":6410.5},{"S":"B","i":8799359000,"W":"H","s":917894,"p":6410},{"S":"B","i":8799359050,"W":"H","s":306312,"p":6409.5},{"S":"B","i":8799359100,"W":"H","s":548215,"p":6409},{"S":"B","i":8799359150,"W":"H","s":1298384,"p":6408.5},{"S":"B","i":8799359200,"W":"H","s":916719,"p":6408},{"S":"B","i":8799359250,"W":"H","s":153767,"p":6407.5},{"S":"B","i":8799359300,"W":"H","s":804589,"p":6407},{"S":"B","i":8799359350,"W":"H","s":702303,"p":6406.5},{"S":"B","i":8799359400,"W":"H","s":192334,"p":6406},{"S":"B","i":8799359450,"W":"H","s":98386,"p":6405.5},{"S":"B","i":8799359500,"W":"H","s":628822,"p":6405},{"S":"B","i":8799359550,"W":"H","s":386636,"p":6404.5},{"S":"B","i":8799359600,"W":"H","s":293364,"p":6404},{"S":"B","i":8799359650,"W":"H","s":75180,"p":6403.5},{"S":"B","i":8799359700,"W":"H","s":586219,"p":6403},{"S":"B","i":8799359750,"W":"H","s":242378,"p":6402.5},{"S":"B","i":8799359800,"W":"H","s":539181,"p":6402},{"S":"B","i":8799359850,"W":"H","s":322223,"p":6401.5},{"S":"B","i":8799359900,"W":"H","s":191448,"p":6401},{"S":"B","i":8799359950,"W":"H","s":202283,"p":6400.5},{"S":"B","i":8799360000,"W":"H","s":1989334,"p":6400},{"S":"B","i":8799360050,"W":"H","s":435754,"p":6399.5},{"S":"B","i":8799360100,"W":"H","s":1059174,"p":6399},{"S":"B","i":8799360150,"W":"H","s":426809,"p":6398.5},{"S":"B","i":8799360200,"W":"H","s":728423,"p":6398},{"S":"B","i":8799360250,"W":"H","s":541028,"p":6397.5},{"S":"B","i":8799360300,"W":"H","s":750578,"p":6397},{"S":"B","i":8799360350,"W":"H","s":301006,"p":6396.5},{"S":"B","i":8799360400,"W":"H","s":757858,"p":6396},{"S":"B","i":8799360450,"W":"H","s":137379,"p":6395.5},{"S":"B","i":8799360500,"W":"H","s":1090407,"p":6395},{"S":"B","i":8799360550,"W":"H","s":100739,"p":6394.5},{"S":"B","i":8799360600,"W":"H","s":357121,"p":6394},{"S":"B","i":8799360650,"W":"H","s":53757,"p":6393.5},{"S":"B","i":8799360700,"W":"H","s":171705,"p":6393},{"S":"B","i":8799360750,"W":"H","s":208492,"p":6392.5},{"S":"B","i":8799360800,"W":"H","s":583624,"p":6392},{"S":"B","i":8799360850,"W":"H","s":338454,"p":6391.5},{"S":"B","i":8799360900,"W":"H","s":180538,"p":6391},{"S":"B","i":8799360950,"W":"H","s":755207,"p":6390.5},{"S":"B","i":8799361000,"W":"H","s":973878,"p":6390},{"S":"B","i":8799361050,"W":"H","s":108001,"p":6389.5},{"S":"B","i":8799361100,"W":"H","s":612577,"p":6389},{"S":"B","i":8799361150,"W":"H","s":191562,"p":6388.5},{"S":"B","i":8799361200,"W":"H","s":549973,"p":6388},{"S":"B","i":8799361250,"W":"H","s":467840,"p":6387.5},{"S":"B","i":8799361300,"W":"H","s":503723,"p":6387},{"S":"B","i":8799361350,"W":"H","s":322712,"p":6386.5},{"S":"B","i":8799361400,"W":"H","s":160135,"p":6386},{"S":"B","i":8799361450,"W":"H","s":30145,"p":6385.5},{"S":"B","i":8799361500,"W":"H","s":453967,"p":6385},{"S":"B","i":8799361550,"W":"H","s":429053,"p":6384.5},{"S":"B","i":8799361600,"W":"H","s":210201,"p":6384},{"S":"B","i":8799361650,"W":"H","s":113565,"p":6383.5},{"S":"B","i":8799361700,"W":"H","s":325213,"p":6383},{"S":"B","i":8799361750,"W":"H","s":263185,"p":6382.5},{"S":"B","i":8799361800,"W":"H","s":482537,"p":6382},{"S":"B","i":8799361850,"W":"H","s":513429,"p":6381.5},{"S":"B","i":8799361900,"W":"H","s":250180,"p":6381},{"S":"B","i":8799361950,"W":"H","s":336589,"p":6380.5},{"S":"B","i":8799362000,"W":"H","s":1677771,"p":6380},{"S":"B","i":8799362050,"W":"H","s":281841,"p":6379.5},{"S":"B","i":8799362100,"W":"H","s":872709,"p":6379},{"S":"B","i":8799362150,"W":"H","s":226887,"p":6378.5},{"S":"B","i":8799362200,"W":"H","s":566127,"p":6378},{"S":"B","i":8799362250,"W":"H","s":127970,"p":6377.5},{"S":"B","i":8799362300,"W":"H","s":430614,"p":6377},{"S":"B","i":8799362350,"W":"H","s":82752,"p":6376.5},{"S":"B","i":8799362400,"W":"H","s":317900,"p":6376},{"S":"B","i":8799362450,"W":"H","s":681145,"p":6375.5},{"S":"B","i":8799362500,"W":"H","s":195665,"p":6375},{"S":"B","i":8799362550,"W":"H","s":229123,"p":6374.5},{"S":"B","i":8799362600,"W":"H","s":257371,"p":6374},{"S":"B","i":8799362650,"W":"H","s":320377,"p":6373.5},{"S":"B","i":8799362700,"W":"H","s":12165295,"p":6373},{"S":"B","i":8799362750,"W":"L","s":7059878,"p":6372.5},{"S":"B","i":8799362800,"W":"L","s":1472293,"p":6372},{"S":"B","i":8799362850,"W":"L","s":40631,"p":6371.5},{"S":"B","i":8799362900,"W":"L","s":266621,"p":6371},{"S":"B","i":8799362950,"W":"L","s":96179,"p":6370.5},{"S":"B","i":8799363000,"W":"L","s":875700,"p":6370},{"S":"B","i":8799363050,"W":"L","s":211089,"p":6369.5},{"S":"B","i":8799363100,"W":"L","s":617024,"p":6369},{"S":"B","i":8799363150,"W":"L","s":213133,"p":6368.5},{"S":"B","i":8799363200,"W":"L","s":133257,"p":6368},{"S":"B","i":8799363250,"W":"L","s":310811,"p":6367.5},{"S":"B","i":8799363300,"W":"L","s":592388,"p":6367},{"S":"B","i":8799363350,"W":"L","s":136846,"p":6366.5},{"S":"B","i":8799363400,"W":"L","s":996214,"p":6366},{"S":"B","i":8799363450,"W":"L","s":33542,"p":6365.5},{"S":"B","i":8799363500,"W":"L","s":1306774,"p":6365},{"S":"B","i":8799363550,"W":"L","s":490819,"p":6364.5},{"S":"B","i":8799363600,"W":"L","s":623054,"p":6364},{"S":"B","i":8799363650,"W":"L","s":52600,"p":6363.5},{"S":"B","i":8799363700,"W":"L","s":876462,"p":6363},{"S":"B","i":8799363750,"W":"L","s":41311,"p":6362.5},{"S":"B","i":8799363800,"W":"L","s":324759,"p":6362},{"S":"B","i":8799363850,"W":"L","s":31026,"p":6361.5},{"S":"B","i":8799363900,"W":"L","s":132929,"p":6361},{"S":"B","i":8799363950,"W":"L","s":95941,"p":6360.5},{"S":"B","i":8799364000,"W":"L","s":360074,"p":6360},{"S":"B","i":8799364050,"W":"L","s":90537,"p":6359.5},{"S":"B","i":8799364100,"W":"L","s":1002721,"p":6359},{"S":"B","i":8799364150,"W":"L","s":473313,"p":6358.5},{"S":"B","i":8799364200,"W":"L","s":543035,"p":6358},{"S":"B","i":8799364250,"W":"L","s":47664,"p":6357.5},{"S":"B","i":8799364300,"W":"L","s":230162,"p":6357},{"S":"B","i":8799364350,"W":"L","s":59180,"p":6356.5},{"S":"B","i":8799364400,"W":"L","s":385243,"p":6356},{"S":"B","i":8799364450,"W":"L","s":355625,"p":6355.5},{"S":"B","i":8799364500,"W":"L","s":280091,"p":6355},{"S":"B","i":8799364550,"W":"L","s":54920,"p":6354.5},{"S":"B","i":8799364600,"W":"L","s":324491,"p":6354},{"S":"B","i":8799364650,"W":"L","s":186734,"p":6353.5},{"S":"B","i":8799364700,"W":"L","s":253366,"p":6353},{"S":"B","i":8799364750,"W":"L","s":181161,"p":6352.5},{"S":"B","i":8799364800,"W":"L","s":181706,"p":6352},{"S":"B","i":8799364850,"W":"L","s":277186,"p":6351.5},{"S":"B","i":8799364900,"W":"L","s":173841,"p":6351},{"S":"B","i":8799364950,"W":"L","s":307846,"p":6350.5},{"S":"B","i":8799365000,"W":"L","s":637492,"p":6350},{"S":"B","i":8799365050,"W":"L","s":73018,"p":6349.5},{"S":"B","i":8799365100,"W":"L","s":195589,"p":6349},{"S":"B","i":8799365150,"W":"L","s":130908,"p":6348.5},{"S":"B","i":8799365200,"W":"L","s":171105,"p":6348},{"S":"B","i":8799365250,"W":"L","s":293597,"p":6347.5},{"S":"B","i":8799365300,"W":"L","s":373006,"p":6347},{"S":"B","i":8799365350,"W":"L","s":154068,"p":6346.5},{"S":"B","i":8799365400,"W":"L","s":304979,"p":6346},{"S":"B","i":8799365450,"W":"L","s":43807,"p":6345.5},{"S":"B","i":8799365500,"W":"L","s":244950,"p":6345},{"S":"B","i":8799365550,"W":"L","s":147179,"p":6344.5},{"S":"B","i":8799365600,"W":"L","s":438878,"p":6344},{"S":"B","i":8799365650,"W":"L","s":68175,"p":6343.5},{"S":"B","i":8799365700,"W":"L","s":631003,"p":6343},{"S":"B","i":8799365750,"W":"L","s":319159,"p":6342.5},{"S":"B","i":8799365800,"W":"L","s":364194,"p":6342},{"S":"B","i":8799365850,"W":"L","s":290215,"p":6341.5},{"S":"B","i":8799365900,"W":"L","s":122935,"p":6341},{"S":"B","i":8799365950,"W":"L","s":269805,"p":6340.5},{"S":"B","i":8799366000,"W":"L","s":739177,"p":6340},{"S":"B","i":8799366050,"W":"L","s":48537,"p":6339.5},{"S":"B","i":8799366100,"W":"L","s":757721,"p":6339},{"S":"B","i":8799366150,"W":"L","s":190958,"p":6338.5},{"S":"B","i":8799366200,"W":"L","s":617456,"p":6338},{"S":"B","i":8799366250,"W":"L","s":402415,"p":6337.5},{"S":"B","i":8799366300,"W":"L","s":552488,"p":6337},{"S":"B","i":8799366350,"W":"L","s":286754,"p":6336.5},{"S":"B","i":8799366400,"W":"L","s":1049562,"p":6336},{"S":"B","i":8799366450,"W":"L","s":307884,"p":6335.5},{"S":"B","i":8799366500,"W":"L","s":1229962,"p":6335},{"S":"B","i":8799366550,"W":"L","s":174360,"p":6334.5},{"S":"B","i":8799366600,"W":"L","s":276617,"p":6334},{"S":"B","i":8799366650,"W":"L","s":84374,"p":6333.5},{"S":"B","i":8799366700,"W":"L","s":342932,"p":6333},{"S":"B","i":8799366750,"W":"L","s":724618,"p":6332.5},{"S":"B","i":8799366800,"W":"L","s":299803,"p":6332},{"S":"B","i":8799366850,"W":"L","s":71791,"p":6331.5},{"S":"B","i":8799366900,"W":"L","s":734920,"p":6331},{"S":"B","i":8799366950,"W":"L","s":824056,"p":6330.5},{"S":"B","i":8799367000,"W":"L","s":1413364,"p":6330},{"S":"B","i":8799367050,"W":"L","s":219097,"p":6329.5},{"S":"B","i":8799367100,"W":"L","s":70586,"p":6329},{"S":"B","i":8799367150,"W":"L","s":115909,"p":6328.5},{"S":"B","i":8799367200,"W":"L","s":248471,"p":6328},{"S":"B","i":8799367250,"W":"L","s":319649,"p":6327.5},{"S":"B","i":8799367300,"W":"L","s":410830,"p":6327},{"S":"B","i":8799367350,"W":"L","s":92693,"p":6326.5},{"S":"B","i":8799367400,"W":"L","s":186229,"p":6326},{"S":"B","i":8799367450,"W":"L","s":306794,"p":6325.5},{"S":"B","i":8799367500,"W":"L","s":530380,"p":6325},{"S":"B","i":8799367550,"W":"L","s":88659,"p":6324.5},{"S":"B","i":8799367600,"W":"L","s":243636,"p":6324},{"S":"B","i":8799367650,"W":"L","s":302218,"p":6323.5},{"S":"B","i":8799367700,"W":"L","s":425430,"p":6323},{"S":"B","i":8799367750,"W":"L","s":276014,"p":6322.5},{"S":"B","i":8799367800,"W":"L","s":273721,"p":6322},{"S":"B","i":8799367850,"W":"L","s":307096,"p":6321.5},{"S":"B","i":8799367900,"W":"L","s":1472377,"p":6321},{"S":"B","i":8799367950,"W":"L","s":251069,"p":6320.5},{"S":"B","i":8799368000,"W":"L","s":847194,"p":6320},{"S":"B","i":8799368050,"W":"L","s":100014,"p":6319.5},{"S":"B","i":8799368100,"W":"L","s":319043,"p":6319},{"S":"B","i":8799368150,"W":"L","s":328651,"p":6318.5},{"S":"B","i":8799368200,"W":"L","s":445770,"p":6318},{"S":"B","i":8799368250,"W":"L","s":150365,"p":6317.5},{"S":"B","i":8799368300,"W":"L","s":441854,"p":6317},{"S":"B","i":8799368350,"W":"L","s":31715,"p":6316.5},{"S":"B","i":8799368400,"W":"L","s":176717,"p":6316},{"S":"B","i":8799368450,"W":"L","s":126594,"p":6315.5},{"S":"B","i":8799368500,"W":"L","s":1089103,"p":6315},{"S":"B","i":8799368550,"W":"L","s":257408,"p":6314.5},{"S":"B","i":8799368600,"W":"L","s":128863,"p":6314},{"S":"B","i":8799368650,"W":"L","s":175284,"p":6313.5},{"S":"B","i":8799368700,"W":"L","s":525749,"p":6313},{"S":"B","i":8799368750,"W":"L","s":110176,"p":6312.5},{"S":"B","i":8799368800,"W":"L","s":1044885,"p":6312},{"S":"B","i":8799368850,"W":"L","s":111202,"p":6311.5},{"S":"B","i":8799368900,"W":"L","s":304992,"p":6311},{"S":"B","i":8799368950,"W":"L","s":57238,"p":6310.5},{"S":"B","i":8799369000,"W":"L","s":1828073,"p":6310},{"S":"B","i":8799369050,"W":"L","s":28099,"p":6309.5},{"S":"B","i":8799369100,"W":"L","s":364655,"p":6309},{"S":"B","i":8799369150,"W":"L","s":33232,"p":6308.5},{"S":"B","i":8799369200,"W":"L","s":195370,"p":6308},{"S":"B","i":8799369250,"W":"L","s":232109,"p":6307.5},{"S":"B","i":8799369300,"W":"L","s":512353,"p":6307},{"S":"B","i":8799369350,"W":"L","s":211030,"p":6306.5},{"S":"B","i":8799369400,"W":"L","s":601438,"p":6306},{"S":"B","i":8799369450,"W":"L","s":459217,"p":6305.5},{"S":"B","i":8799369500,"W":"L","s":841917,"p":6305},{"S":"B","i":8799369550,"W":"L","s":57958,"p":6304.5},{"S":"B","i":8799369600,"W":"L","s":214389,"p":6304},{"S":"B","i":8799369650,"W":"L","s":196322,"p":6303.5},{"S":"B","i":8799369700,"W":"L","s":325629,"p":6303},{"S":"B","i":8799369750,"W":"L","s":56347,"p":6302.5},{"S":"B","i":8799369800,"W":"L","s":145593,"p":6302},{"S":"B","i":8799369850,"W":"L","s":102879,"p":6301.5},{"S":"B","i":8799369900,"W":"L","s":417725,"p":6301},{"S":"B","i":8799369950,"W":"L","s":203265,"p":6300.5},{"S":"B","i":8799370000,"W":"L","s":1683841,"p":6300},{"S":"B","i":8799370050,"W":"L","s":34281,"p":6299.5},{"S":"B","i":8799370100,"W":"L","s":168403,"p":6299},{"S":"B","i":8799370150,"W":"L","s":25198,"p":6298.5},{"S":"B","i":8799370200,"W":"L","s":88963,"p":6298},{"S":"B","i":8799370250,"W":"L","s":54683,"p":6297.5},{"S":"B","i":8799370300,"W":"L","s":74200,"p":6297},{"S":"B","i":8799370350,"W":"L","s":23762,"p":6296.5},{"S":"B","i":8799370400,"W":"L","s":294737,"p":6296},{"S":"B","i":8799370450,"W":"L","s":20813,"p":6295.5},{"S":"B","i":8799370500,"W":"L","s":358856,"p":6295},{"S":"B","i":8799370550,"W":"L","s":76320,"p":6294.5},{"S":"B","i":8799370600,"W":"L","s":194247,"p":6294},{"S":"B","i":8799370650,"W":"L","s":39012,"p":6293.5},{"S":"B","i":8799370700,"W":"L","s":197435,"p":6293},{"S":"B","i":8799370750,"W":"L","s":128396,"p":6292.5},{"S":"B","i":8799370800,"W":"L","s":121899,"p":6292},{"S":"B","i":8799370850,"W":"L","s":49754,"p":6291.5},{"S":"B","i":8799370900,"W":"L","s":387287,"p":6291},{"S":"B","i":8799370950,"W":"L","s":99995,"p":6290.5},{"S":"B","i":8799371000,"W":"L","s":1384531,"p":6290},{"S":"B","i":8799371050,"W":"L","s":101250,"p":6289.5},{"S":"B","i":8799371100,"W":"L","s":75520,"p":6289},{"S":"B","i":8799371150,"W":"L","s":82521,"p":6288.5},{"S":"B","i":8799371200,"W":"L","s":318561,"p":6288},{"S":"B","i":8799371250,"W":"L","s":49206,"p":6287.5},{"S":"B","i":8799371300,"W":"L","s":190678,"p":6287},{"S":"B","i":8799371350,"W":"L","s":36672,"p":6286.5},{"S":"B","i":8799371400,"W":"L","s":419584,"p":6286},{"S":"B","i":8799371450,"W":"L","s":167149,"p":6285.5},{"S":"B","i":8799371500,"W":"L","s":460514,"p":6285},{"S":"B","i":8799371550,"W":"L","s":248754,"p":6284.5},{"S":"B","i":8799371600,"W":"L","s":192035,"p":6284},{"S":"B","i":8799371650,"W":"L","s":177405,"p":6283.5},{"S":"B","i":8799371700,"W":"L","s":681102,"p":6283},{"S":"B","i":8799371750,"W":"L","s":47139,"p":6282.5},{"S":"B","i":8799371800,"W":"L","s":448721,"p":6282},{"S":"B","i":8799371850,"W":"L","s":23804,"p":6281.5},{"S":"B","i":8799371900,"W":"L","s":566743,"p":6281},{"S":"B","i":8799371950,"W":"L","s":544507,"p":6280.5},{"S":"B","i":8799372000,"W":"L","s":2052383,"p":6280},{"S":"B","i":8799372050,"W":"L","s":17342,"p":6279.5},{"S":"B","i":8799372100,"W":"L","s":108210,"p":6279},{"S":"B","i":8799372150,"W":"L","s":63894,"p":6278.5},{"S":"B","i":8799372200,"W":"L","s":300983,"p":6278},{"S":"B","i":8799372250,"W":"L","s":120496,"p":6277.5},{"S":"B","i":8799372300,"W":"L","s":161800,"p":6277},{"S":"B","i":8799372350,"W":"L","s":21185,"p":6276.5},{"S":"B","i":8799372400,"W":"L","s":134829,"p":6276},{"S":"B","i":8799372450,"W":"L","s":127484,"p":6275.5},{"S":"B","i":8799372500,"W":"L","s":385631,"p":6275},{"S":"B","i":8799372550,"W":"L","s":11037,"p":6274.5},{"S":"B","i":8799372600,"W":"L","s":132082,"p":6274},{"S":"B","i":8799372650,"W":"L","s":32327,"p":6273.5},{"S":"B","i":8799372700,"W":"L","s":440421,"p":6273},{"S":"B","i":8799372750,"W":"L","s":444016,"p":6272.5},{"S":"B","i":8799372800,"W":"L","s":243495,"p":6272},{"S":"B","i":8799372850,"W":"L","s":112472,"p":6271.5},{"S":"B","i":8799372900,"W":"L","s":251548,"p":6271},{"S":"B","i":8799372950,"W":"L","s":197541,"p":6270.5},{"S":"B","i":8799373000,"W":"L","s":1292165,"p":6270},{"S":"B","i":8799373050,"W":"L","s":12279,"p":6269.5},{"S":"B","i":8799373100,"W":"L","s":237999,"p":6269},{"S":"B","i":8799373150,"W":"L","s":57070,"p":6268.5},{"S":"B","i":8799373200,"W":"L","s":414741,"p":6268},{"S":"B","i":8799373250,"W":"L","s":46925,"p":6267.5},{"S":"B","i":8799373300,"W":"L","s":378647,"p":6267},{"S":"B","i":8799373350,"W":"L","s":186008,"p":6266.5},{"S":"B","i":8799373400,"W":"L","s":1020528,"p":6266},{"S":"B","i":8799373450,"W":"L","s":313691,"p":6265.5},{"S":"B","i":8799373500,"W":"L","s":1087193,"p":6265},{"S":"B","i":8799373550,"W":"L","s":407764,"p":6264.5},{"S":"B","i":8799373600,"W":"L","s":161382,"p":6264},{"S":"B","i":8799373650,"W":"L","s":194490,"p":6263.5},{"S":"B","i":8799373700,"W":"L","s":308906,"p":6263},{"S":"B","i":8799373750,"W":"L","s":277499,"p":6262.5},{"S":"B","i":8799373800,"W":"L","s":349544,"p":6262},{"S":"B","i":8799373850,"W":"L","s":143773,"p":6261.5},{"S":"B","i":8799373900,"W":"L","s":577347,"p":6261},{"S":"B","i":8799373950,"W":"L","s":222721,"p":6260.5},{"S":"B","i":8799374000,"W":"L","s":2705150,"p":6260},{"S":"B","i":8799374050,"W":"L","s":105246,"p":6259.5},{"S":"B","i":8799374100,"W":"L","s":172371,"p":6259},{"S":"B","i":8799374150,"W":"L","s":60927,"p":6258.5},{"S":"B","i":8799374200,"W":"L","s":262558,"p":6258},{"S":"B","i":8799374250,"W":"L","s":103217,"p":6257.5},{"S":"B","i":8799374300,"W":"L","s":219735,"p":6257},{"S":"B","i":8799374350,"W":"L","s":108616,"p":6256.5},{"S":"B","i":8799374400,"W":"L","s":254032,"p":6256},{"S":"B","i":8799374450,"W":"L","s":61427,"p":6255.5},{"S":"B","i":8799374500,"W":"L","s":667406,"p":6255},{"S":"B","i":8799374550,"W":"L","s":544119,"p":6254.5},{"S":"B","i":8799374600,"W":"L","s":183689,"p":6254},{"S":"B","i":8799374650,"W":"L","s":22711,"p":6253.5},{"S":"B","i":8799374700,"W":"L","s":154074,"p":6253},{"S":"B","i":8799374750,"W":"L","s":175802,"p":6252.5},{"S":"B","i":8799374800,"W":"L","s":181738,"p":6252},{"S":"B","i":8799374850,"W":"L","s":121422,"p":6251.5},{"S":"B","i":8799374900,"W":"L","s":462329,"p":6251},{"S":"B","i":8799374950,"W":"L","s":327189,"p":6250.5},{"S":"B","i":8799375000,"W":"L","s":3754733,"p":6250},{"S":"B","i":8799375050,"W":"L","s":43442,"p":6249.5},{"S":"B","i":8799375100,"W":"L","s":57735,"p":6249},{"S":"B","i":8799375150,"W":"L","s":48341,"p":6248.5},{"S":"B","i":8799375200,"W":"L","s":80792,"p":6248},{"S":"B","i":8799375250,"W":"L","s":481261,"p":6247.5},{"S":"B","i":8799375300,"W":"L","s":87393,"p":6247},{"S":"B","i":8799375350,"W":"L","s":29372,"p":6246.5},{"S":"B","i":8799375400,"W":"L","s":258029,"p":6246},{"S":"B","i":8799375450,"W":"L","s":55104,"p":6245.5},{"S":"B","i":8799375500,"W":"L","s":763773,"p":6245},{"S":"B","i":8799375550,"W":"L","s":31562,"p":6244.5},{"S":"B","i":8799375600,"W":"L","s":92524,"p":6244},{"S":"B","i":8799375650,"W":"L","s":112506,"p":6243.5},{"S":"B","i":8799375700,"W":"L","s":181459,"p":6243},{"S":"B","i":8799375750,"W":"L","s":619476,"p":6242.5},{"S":"B","i":8799375800,"W":"L","s":293772,"p":6242},{"S":"B","i":8799375850,"W":"L","s":99030,"p":6241.5},{"S":"B","i":8799375900,"W":"L","s":230526,"p":6241},{"S":"B","i":8799375950,"W":"L","s":78225,"p":6240.5},{"S":"B","i":8799376000,"W":"L","s":1879843,"p":6240},{"S":"B","i":8799376050,"W":"L","s":34419,"p":6239.5},{"S":"B","i":8799376100,"W":"L","s":28328,"p":6239},{"S":"B","i":8799376150,"W":"L","s":64241,"p":6238.5},{"S":"B","i":8799376200,"W":"L","s":527927,"p":6238},{"S":"B","i":8799376250,"W":"L","s":459911,"p":6237.5},{"S":"B","i":8799376300,"W":"L","s":203202,"p":6237},{"S":"B","i":8799376350,"W":"L","s":132127,"p":6236.5},{"S":"B","i":8799376400,"W":"L","s":147999,"p":6236},{"S":"B","i":8799376450,"W":"L","s":47049,"p":6235.5},{"S":"B","i":8799376500,"W":"L","s":2249609,"p":6235},{"S":"B","i":8799376550,"W":"L","s":88359,"p":6234.5},{"S":"B","i":8799376600,"W":"L","s":401070,"p":6234},{"S":"B","i":8799376650,"W":"L","s":120079,"p":6233.5},{"S":"B","i":8799376700,"W":"L","s":445374,"p":6233},{"S":"B","i":8799376750,"W":"L","s":681960,"p":6232.5},{"S":"B","i":8799376800,"W":"L","s":362384,"p":6232},{"S":"B","i":8799376850,"W":"L","s":74763,"p":6231.5},{"S":"B","i":8799376900,"W":"L","s":492172,"p":6231},{"S":"B","i":8799376950,"W":"L","s":255507,"p":6230.5},{"S":"B","i":8799377000,"W":"L","s":1810935,"p":6230},{"S":"B","i":8799377050,"W":"L","s":25659,"p":6229.5},{"S":"B","i":8799377100,"W":"L","s":236896,"p":6229},{"S":"B","i":8799377150,"W":"L","s":89904,"p":6228.5},{"S":"B","i":8799377200,"W":"L","s":285859,"p":6228},{"S":"B","i":8799377250,"W":"L","s":398909,"p":6227.5},{"S":"B","i":8799377300,"W":"L","s":274024,"p":6227},{"S":"B","i":8799377350,"W":"L","s":266477,"p":6226.5},{"S":"B","i":8799377400,"W":"L","s":146238,"p":6226},{"S":"B","i":8799377450,"W":"L","s":174862,"p":6225.5},{"S":"B","i":8799377500,"W":"L","s":1363280,"p":6225},{"S":"B","i":8799377550,"W":"L","s":29343,"p":6224.5},{"S":"B","i":8799377600,"W":"L","s":165889,"p":6224},{"S":"B","i":8799377650,"W":"L","s":90715,"p":6223.5},{"S":"B","i":8799377700,"W":"L","s":352579,"p":6223},{"S":"B","i":8799377750,"W":"L","s":620308,"p":6222.5},{"S":"B","i":8799377800,"W":"L","s":742195,"p":6222},{"S":"B","i":8799377850,"W":"L","s":83901,"p":6221.5},{"S":"B","i":8799377900,"W":"L","s":881954,"p":6221},{"S":"B","i":8799377950,"W":"L","s":198151,"p":6220.5},{"S":"B","i":8799378000,"W":"L","s":1857822,"p":6220},{"S":"B","i":8799378050,"W":"L","s":24995,"p":6219.5},{"S":"B","i":8799378100,"W":"L","s":175855,"p":6219},{"S":"B","i":8799378150,"W":"L","s":113583,"p":6218.5},{"S":"B","i":8799378200,"W":"L","s":175202,"p":6218},{"S":"B","i":8799378250,"W":"L","s":505193,"p":6217.5},{"S":"B","i":8799378300,"W":"L","s":395271,"p":6217},{"S":"B","i":8799378350,"W":"L","s":287043,"p":6216.5},{"S":"B","i":8799378400,"W":"L","s":822771,"p":6216},{"S":"B","i":8799378450,"W":"L","s":727261,"p":6215.5},{"S":"B","i":8799378500,"W":"L","s":2125668,"p":6215},{"S":"B","i":8799378550,"W":"L","s":1339172,"p":6214.5},{"S":"B","i":8799378600,"W":"L","s":2046567,"p":6214},{"S":"B","i":8799378650,"W":"L","s":195452,"p":6213.5},{"S":"B","i":8799378700,"W":"L","s":905548,"p":6213},{"S":"B","i":8799378750,"W":"L","s":1057133,"p":6212.5},{"S":"B","i":8799378800,"W":"L","s":775985,"p":6212},{"S":"B","i":8799378850,"W":"L","s":535748,"p":6211.5},{"S":"B","i":8799378900,"W":"L","s":1014534,"p":6211},{"S":"B","i":8799378950,"W":"L","s":106722,"p":6210.5},{"S":"B","i":8799379000,"W":"L","s":1889910,"p":6210},{"S":"B","i":8799379050,"W":"L","s":127944,"p":6209.5},{"S":"B","i":8799379100,"W":"L","s":339689,"p":6209},{"S":"B","i":8799379150,"W":"L","s":37974,"p":6208.5},{"S":"B","i":8799379200,"W":"L","s":222135,"p":6208},{"S":"B","i":8799379250,"W":"L","s":479190,"p":6207.5},{"S":"B","i":8799379300,"W":"L","s":269060,"p":6207},{"S":"B","i":8799379350,"W":"L","s":41392,"p":6206.5},{"S":"B","i":8799379400,"W":"L","s":192832,"p":6206},{"S":"B","i":8799379450,"W":"L","s":43831,"p":6205.5},{"S":"B","i":8799379500,"W":"L","s":936085,"p":6205},{"S":"B","i":8799379550,"W":"L","s":56941,"p":6204.5},{"S":"B","i":8799379600,"W":"L","s":100757,"p":6204},{"S":"B","i":8799379650,"W":"L","s":433775,"p":6203.5},{"S":"B","i":8799379700,"W":"L","s":182126,"p":6203},{"S":"B","i":8799379750,"W":"L","s":591582,"p":6202.5},{"S":"B","i":8799379800,"W":"L","s":297671,"p":6202},{"S":"B","i":8799379850,"W":"L","s":128110,"p":6201.5},{"S":"B","i":8799379900,"W":"L","s":519788,"p":6201},{"S":"B","i":8799379950,"W":"L","s":325580,"p":6200.5},{"S":"B","i":8799380000,"W":"L","s":6563363,"p":6200},{"S":"B","i":8799380050,"W":"L","s":5142,"p":6199.5},{"S":"B","i":8799380100,"W":"L","s":132354,"p":6199},{"S":"B","i":8799380150,"W":"L","s":11664,"p":6198.5},{"S":"B","i":8799380200,"W":"L","s":56387,"p":6198},{"S":"B","i":8799380250,"W":"L","s":8459,"p":6197.5},{"S":"B","i":8799380300,"W":"L","s":221906,"p":6197},{"S":"B","i":8799380350,"W":"L","s":311678,"p":6196.5},{"S":"B","i":8799380400,"W":"L","s":81121,"p":6196},{"S":"B","i":8799380450,"W":"L","s":23504,"p":6195.5},{"S":"B","i":8799380500,"W":"L","s":143702,"p":6195},{"S":"B","i":8799380550,"W":"L","s":11882,"p":6194.5},{"S":"B","i":8799380600,"W":"L","s":85718,"p":6194},{"S":"B","i":8799380650,"W":"L","s":161414,"p":6193.5},{"S":"B","i":8799380700,"W":"L","s":172728,"p":6193},{"S":"B","i":8799380750,"W":"L","s":44751,"p":6192.5},{"S":"B","i":8799380800,"W":"L","s":105380,"p":6192},{"S":"B","i":8799380850,"W":"L","s":4022,"p":6191.5},{"S":"B","i":8799380900,"W":"L","s":366994,"p":6191},{"S":"B","i":8799380950,"W":"L","s":30203,"p":6190.5},{"S":"B","i":8799381000,"W":"L","s":449261,"p":6190},{"S":"B","i":8799381050,"W":"L","s":26725,"p":6189.5},{"S":"B","i":8799381100,"W":"L","s":152742,"p":6189},{"S":"B","i":8799381150,"W":"L","s":44859,"p":6188.5},{"S":"B","i":8799381200,"W":"L","s":363723,"p":6188},{"S":"B","i":8799381250,"W":"L","s":173805,"p":6187.5},{"S":"B","i":8799381300,"W":"L","s":141439,"p":6187},{"S":"B","i":8799381350,"W":"L","s":34195,"p":6186.5},{"S":"B","i":8799381400,"W":"L","s":231502,"p":6186},{"S":"B","i":8799381450,"W":"L","s":72255,"p":6185.5},{"S":"B","i":8799381500,"W":"L","s":319386,"p":6185},{"S":"B","i":8799381550,"W":"L","s":23565,"p":6184.5},{"S":"B","i":8799381600,"W":"L","s":54077,"p":6184},{"S":"B","i":8799381650,"W":"L","s":39170,"p":6183.5},{"S":"B","i":8799381700,"W":"L","s":662798,"p":6183},{"S":"B","i":8799381750,"W":"L","s":101960,"p":6182.5},{"S":"B","i":8799381800,"W":"L","s":332231,"p":6182},{"S":"B","i":8799381850,"W":"L","s":83055,"p":6181.5},{"S":"B","i":8799381900,"W":"L","s":237060,"p":6181},{"S":"B","i":8799381950,"W":"L","s":315063,"p":6180.5},{"S":"B","i":8799382000,"W":"L","s":1931527,"p":6180},{"S":"B","i":8799382050,"W":"L","s":1774,"p":6179.5},{"S":"B","i":8799382100,"W":"L","s":77772,"p":6179},{"S":"B","i":8799382150,"W":"L","s":11814,"p":6178.5},{"S":"B","i":8799382200,"W":"L","s":48588,"p":6178},{"S":"B","i":8799382250,"W":"L","s":62440,"p":6177.5},{"S":"B","i":8799382300,"W":"L","s":98838,"p":6177},{"S":"B","i":8799382350,"W":"L","s":18342,"p":6176.5},{"S":"B","i":8799382400,"W":"L","s":365845,"p":6176},{"S":"B","i":8799382450,"W":"L","s":64090,"p":6175.5},{"S":"B","i":8799382500,"W":"L","s":1146465,"p":6175},{"S":"B","i":8799382550,"W":"L","s":117878,"p":6174.5},{"S":"B","i":8799382600,"W":"L","s":95244,"p":6174},{"S":"B","i":8799382650,"W":"L","s":46184,"p":6173.5},{"S":"B","i":8799382700,"W":"L","s":245256,"p":6173},{"S":"B","i":8799382750,"W":"L","s":125906,"p":6172.5},{"S":"B","i":8799382800,"W":"L","s":186940,"p":6172},{"S":"B","i":8799382850,"W":"L","s":20794,"p":6171.5},{"S":"B","i":8799382900,"W":"L","s":133188,"p":6171},{"S":"B","i":8799382950,"W":"L","s":51671,"p":6170.5},{"S":"B","i":8799383000,"W":"L","s":1109183,"p":6170},{"S":"B","i":8799383050,"W":"L","s":22129,"p":6169.5},{"S":"B","i":8799383100,"W":"L","s":79361,"p":6169},{"S":"B","i":8799383150,"W":"L","s":43347,"p":6168.5},{"S":"B","i":8799383200,"W":"L","s":123412,"p":6168},{"S":"B","i":8799383250,"W":"L","s":52880,"p":6167.5},{"S":"B","i":8799383300,"W":"L","s":178502,"p":6167},{"S":"B","i":8799383350,"W":"L","s":35949,"p":6166.5},{"S":"B","i":8799383400,"W":"L","s":210108,"p":6166},{"S":"B","i":8799383450,"W":"L","s":67620,"p":6165.5},{"S":"B","i":8799383500,"W":"L","s":379840,"p":6165},{"S":"B","i":8799383550,"W":"L","s":233299,"p":6164.5},{"S":"B","i":8799383600,"W":"L","s":14507,"p":6164},{"S":"B","i":8799383650,"W":"L","s":20599,"p":6163.5},{"S":"B","i":8799383700,"W":"L","s":185806,"p":6163},{"S":"B","i":8799383750,"W":"L","s":100336,"p":6162.5},{"S":"B","i":8799383800,"W":"L","s":196764,"p":6162},{"S":"B","i":8799383850,"W":"L","s":17270,"p":6161.5},{"S":"B","i":8799383900,"W":"L","s":242800,"p":6161},{"S":"B","i":8799383950,"W":"L","s":98379,"p":6160.5},{"S":"B","i":8799384000,"W":"L","s":599657,"p":6160},{"S":"B","i":8799384050,"W":"L","s":21783,"p":6159.5},{"S":"B","i":8799384100,"W":"L","s":99843,"p":6159},{"S":"B","i":8799384150,"W":"L","s":62901,"p":6158.5},{"S":"B","i":8799384200,"W":"L","s":98992,"p":6158},{"S":"B","i":8799384250,"W":"L","s":135045,"p":6157.5},{"S":"B","i":8799384300,"W":"L","s":116276,"p":6157},{"S":"B","i":8799384350,"W":"L","s":188069,"p":6156.5},{"S":"B","i":8799384400,"W":"L","s":223139,"p":6156},{"S":"B","i":8799384450,"W":"L","s":76963,"p":6155.5},{"S":"B","i":8799384500,"W":"L","s":341055,"p":6155},{"S":"B","i":8799384550,"W":"L","s":452037,"p":6154.5},{"S":"B","i":8799384600,"W":"L","s":186333,"p":6154},{"S":"B","i":8799384650,"W":"L","s":28687,"p":6153.5},{"S":"B","i":8799384700,"W":"L","s":396929,"p":6153},{"S":"B","i":8799384750,"W":"L","s":69259,"p":6152.5},{"S":"B","i":8799384800,"W":"L","s":194380,"p":6152},{"S":"B","i":8799384850,"W":"L","s":44512,"p":6151.5},{"S":"B","i":8799384900,"W":"L","s":359003,"p":6151},{"S":"B","i":8799384950,"W":"L","s":92123,"p":6150.5},{"S":"B","i":8799385000,"W":"L","s":3248342,"p":6150},{"S":"B","i":8799385050,"W":"L","s":41109,"p":6149.5},{"S":"B","i":8799385100,"W":"L","s":198715,"p":6149},{"S":"B","i":8799385150,"W":"L","s":75001,"p":6148.5},{"S":"B","i":8799385200,"W":"L","s":90310,"p":6148},{"S":"B","i":8799385250,"W":"L","s":42442,"p":6147.5},{"S":"B","i":8799385300,"W":"L","s":39925,"p":6147},{"S":"B","i":8799385350,"W":"L","s":35622,"p":6146.5},{"S":"B","i":8799385400,"W":"L","s":93048,"p":6146},{"S":"B","i":8799385450,"W":"L","s":53805,"p":6145.5},{"S":"B","i":8799385500,"W":"L","s":235252,"p":6145},{"S":"B","i":8799385550,"W":"L","s":114782,"p":6144.5},{"S":"B","i":8799385600,"W":"L","s":82622,"p":6144},{"S":"B","i":8799385650,"W":"L","s":21102,"p":6143.5},{"S":"B","i":8799385700,"W":"L","s":412235,"p":6143},{"S":"B","i":8799385750,"W":"L","s":128485,"p":6142.5},{"S":"B","i":8799385800,"W":"L","s":285838,"p":6142},{"S":"B","i":8799385850,"W":"L","s":72481,"p":6141.5},{"S":"B","i":8799385900,"W":"L","s":391483,"p":6141},{"S":"B","i":8799385950,"W":"L","s":20683,"p":6140.5},{"S":"B","i":8799386000,"W":"L","s":1029905,"p":6140},{"S":"B","i":8799386050,"W":"L","s":62087,"p":6139.5},{"S":"B","i":8799386100,"W":"L","s":65985,"p":6139},{"S":"B","i":8799386150,"W":"L","s":12641,"p":6138.5},{"S":"B","i":8799386200,"W":"L","s":152234,"p":6138},{"S":"B","i":8799386250,"W":"L","s":44411,"p":6137.5},{"S":"B","i":8799386300,"W":"L","s":195443,"p":6137},{"S":"B","i":8799386350,"W":"L","s":41720,"p":6136.5},{"S":"B","i":8799386400,"W":"L","s":45858,"p":6136},{"S":"B","i":8799386450,"W":"L","s":58575,"p":6135.5},{"S":"B","i":8799386500,"W":"L","s":427658,"p":6135},{"S":"B","i":8799386550,"W":"L","s":261474,"p":6134.5},{"S":"B","i":8799386600,"W":"L","s":155933,"p":6134},{"S":"B","i":8799386650,"W":"L","s":13564,"p":6133.5},{"S":"B","i":8799386700,"W":"L","s":504616,"p":6133},{"S":"B","i":8799386750,"W":"L","s":64039,"p":6132.5},{"S":"B","i":8799386800,"W":"L","s":42449,"p":6132},{"S":"B","i":8799386850,"W":"L","s":24209,"p":6131.5},{"S":"B","i":8799386900,"W":"L","s":167254,"p":6131},{"S":"B","i":8799386950,"W":"L","s":35403,"p":6130.5},{"S":"B","i":8799387000,"W":"L","s":326839,"p":6130},{"S":"B","i":8799387050,"W":"L","s":6916,"p":6129.5},{"S":"B","i":8799387100,"W":"L","s":147980,"p":6129},{"S":"B","i":8799387150,"W":"L","s":14053,"p":6128.5},{"S":"B","i":8799387200,"W":"L","s":187390,"p":6128},{"S":"B","i":8799387250,"W":"L","s":162737,"p":6127.5},{"S":"B","i":8799387300,"W":"L","s":224670,"p":6127},{"S":"B","i":8799387350,"W":"L","s":10472,"p":6126.5},{"S":"B","i":8799387400,"W":"L","s":234528,"p":6126},{"S":"B","i":8799387450,"W":"L","s":54786,"p":6125.5},{"S":"B","i":8799387500,"W":"L","s":385313,"p":6125},{"S":"B","i":8799387550,"W":"L","s":27592,"p":6124.5},{"S":"B","i":8799387600,"W":"L","s":31593,"p":6124},{"S":"B","i":8799387650,"W":"L","s":22717,"p":6123.5},{"S":"B","i":8799387700,"W":"L","s":860325,"p":6123},{"S":"B","i":8799387750,"W":"L","s":19233,"p":6122.5},{"S":"B","i":8799387800,"W":"L","s":558070,"p":6122},{"S":"B","i":8799387850,"W":"L","s":199941,"p":6121.5},{"S":"B","i":8799387900,"W":"L","s":223294,"p":6121},{"S":"B","i":8799387950,"W":"L","s":117301,"p":6120.5},{"S":"B","i":8799388000,"W":"L","s":804743,"p":6120},{"S":"B","i":8799388050,"W":"L","s":2094,"p":6119.5},{"S":"B","i":8799388100,"W":"L","s":18166,"p":6119},{"S":"B","i":8799388150,"W":"L","s":38621,"p":6118.5},{"S":"B","i":8799388200,"W":"L","s":60122,"p":6118},{"S":"B","i":8799388250,"W":"L","s":24348,"p":6117.5},{"S":"B","i":8799388300,"W":"L","s":112105,"p":6117},{"S":"B","i":8799388350,"W":"L","s":155306,"p":6116.5},{"S":"B","i":8799388400,"W":"L","s":3131919,"p":6116},{"S":"B","i":8799388450,"W":"L","s":37574,"p":6115.5},{"S":"B","i":8799388500,"W":"L","s":553537,"p":6115},{"S":"B","i":8799388550,"W":"L","s":7469,"p":6114.5},{"S":"B","i":8799388600,"W":"L","s":123531,"p":6114},{"S":"B","i":8799388650,"W":"L","s":5023,"p":6113.5},{"S":"B","i":8799388700,"W":"L","s":910396,"p":6113},{"S":"B","i":8799388750,"W":"L","s":135825,"p":6112.5},{"S":"B","i":8799388800,"W":"L","s":158271,"p":6112},{"S":"B","i":8799388850,"W":"L","s":39535,"p":6111.5},{"S":"B","i":8799388900,"W":"L","s":129373,"p":6111},{"S":"B","i":8799388950,"W":"L","s":120203,"p":6110.5},{"S":"B","i":8799389000,"W":"L","s":390750,"p":6110},{"S":"B","i":8799389050,"W":"L","s":38960,"p":6109.5},{"S":"B","i":8799389100,"W":"L","s":171026,"p":6109},{"S":"B","i":8799389150,"W":"L","s":56135,"p":6108.5},{"S":"B","i":8799389200,"W":"L","s":127996,"p":6108},{"S":"B","i":8799389250,"W":"L","s":30931,"p":6107.5},{"S":"B","i":8799389300,"W":"L","s":73244,"p":6107},{"S":"B","i":8799389350,"W":"L","s":251599,"p":6106.5},{"S":"B","i":8799389400,"W":"L","s":208363,"p":6106},{"S":"B","i":8799389450,"W":"L","s":71028,"p":6105.5},{"S":"B","i":8799389500,"W":"L","s":678860,"p":6105},{"S":"B","i":8799389550,"W":"L","s":8474,"p":6104.5},{"S":"B","i":8799389600,"W":"L","s":53859,"p":6104},{"S":"B","i":8799389650,"W":"L","s":74852,"p":6103.5},{"S":"B","i":8799389700,"W":"L","s":281577,"p":6103},{"S":"B","i":8799389750,"W":"L","s":143530,"p":6102.5},{"S":"B","i":8799389800,"W":"L","s":581147,"p":6102},{"S":"B","i":8799389850,"W":"L","s":444038,"p":6101.5},{"S":"B","i":8799389900,"W":"L","s":315972,"p":6101},{"S":"B","i":8799389950,"W":"L","s":500331,"p":6100.5},{"S":"B","i":8799390000,"W":"L","s":2742525,"p":6100},{"S":"B","i":8799390050,"W":"L","s":28005,"p":6099.5},{"S":"B","i":8799390100,"W":"L","s":189897,"p":6099},{"S":"B","i":8799390150,"W":"L","s":16653,"p":6098.5},{"S":"B","i":8799390200,"W":"L","s":308479,"p":6098},{"S":"B","i":8799390250,"W":"L","s":101130,"p":6097.5},{"S":"B","i":8799390300,"W":"L","s":101005,"p":6097},{"S":"B","i":8799390350,"W":"L","s":109265,"p":6096.5},{"S":"B","i":8799390400,"W":"L","s":33436,"p":6096},{"S":"B","i":8799390450,"W":"L","s":23010,"p":6095.5},{"S":"B","i":8799390500,"W":"L","s":248137,"p":6095},{"S":"B","i":8799390550,"W":"L","s":15442,"p":6094.5},{"S":"B","i":8799390600,"W":"L","s":22571,"p":6094},{"S":"B","i":8799390650,"W":"L","s":23044,"p":6093.5},{"S":"B","i":8799390700,"W":"L","s":505738,"p":6093},{"S":"B","i":8799390750,"W":"L","s":2636,"p":6092.5},{"S":"B","i":8799390800,"W":"L","s":68729,"p":6092},{"S":"B","i":8799390850,"W":"L","s":31283,"p":6091.5},{"S":"B","i":8799390900,"W":"L","s":164453,"p":6091},{"S":"B","i":8799390950,"W":"L","s":105247,"p":6090.5},{"S":"B","i":8799391000,"W":"L","s":343586,"p":6090},{"S":"B","i":8799391050,"W":"L","s":8212,"p":6089.5},{"S":"B","i":8799391100,"W":"L","s":46525,"p":6089},{"S":"B","i":8799391150,"W":"L","s":25174,"p":6088.5},{"S":"B","i":8799391200,"W":"L","s":153352,"p":6088},{"S":"B","i":8799391250,"W":"L","s":140960,"p":6087.5},{"S":"B","i":8799391300,"W":"L","s":24488,"p":6087},{"S":"B","i":8799391350,"W":"L","s":328076,"p":6086.5},{"S":"B","i":8799391400,"W":"L","s":1759619,"p":6086},{"S":"B","i":8799391450,"W":"L","s":18280,"p":6085.5},{"S":"B","i":8799391500,"W":"L","s":239568,"p":6085},{"S":"B","i":8799391550,"W":"L","s":97735,"p":6084.5},{"S":"B","i":8799391600,"W":"L","s":64473,"p":6084},{"S":"B","i":8799391650,"W":"L","s":68692,"p":6083.5},{"S":"B","i":8799391700,"W":"L","s":315218,"p":6083},{"S":"B","i":8799391750,"W":"L","s":114024,"p":6082.5},{"S":"B","i":8799391800,"W":"L","s":105286,"p":6082},{"S":"B","i":8799391850,"W":"L","s":23605,"p":6081.5},{"S":"B","i":8799391900,"W":"L","s":40708,"p":6081},{"S":"B","i":8799391950,"W":"L","s":53916,"p":6080.5},{"S":"B","i":8799392000,"W":"L","s":1026248,"p":6080},{"S":"B","i":8799392050,"W":"L","s":29243,"p":6079.5},{"S":"B","i":8799392100,"W":"L","s":38406,"p":6079},{"S":"B","i":8799392150,"W":"L","s":16845,"p":6078.5},{"S":"B","i":8799392200,"W":"L","s":60860,"p":6078},{"S":"B","i":8799392250,"W":"L","s":56217,"p":6077.5},{"S":"B","i":8799392300,"W":"L","s":124931,"p":6077},{"S":"B","i":8799392350,"W":"L","s":6578,"p":6076.5},{"S":"B","i":8799392400,"W":"L","s":90411,"p":6076},{"S":"B","i":8799392450,"W":"L","s":126911,"p":6075.5},{"S":"B","i":8799392500,"W":"L","s":270435,"p":6075},{"S":"B","i":8799392550,"W":"L","s":11224,"p":6074.5},{"S":"B","i":8799392600,"W":"L","s":53041,"p":6074},{"S":"B","i":8799392650,"W":"L","s":55784,"p":6073.5},{"S":"B","i":8799392700,"W":"L","s":18745,"p":6073},{"S":"B","i":8799392750,"W":"L","s":22391,"p":6072.5},{"S":"B","i":8799392800,"W":"L","s":54161,"p":6072},{"S":"B","i":8799392850,"W":"L","s":14696,"p":6071.5},{"S":"B","i":8799392900,"W":"L","s":76245,"p":6071},{"S":"B","i":8799392950,"W":"L","s":1420,"p":6070.5},{"S":"B","i":8799393000,"W":"L","s":278753,"p":6070},{"S":"B","i":8799393050,"W":"L","s":33632,"p":6069.5},{"S":"B","i":8799393100,"W":"L","s":44950,"p":6069},{"S":"B","i":8799393150,"W":"L","s":43475,"p":6068.5},{"S":"B","i":8799393200,"W":"L","s":83456,"p":6068},{"S":"B","i":8799393250,"W":"L","s":155845,"p":6067.5},{"S":"B","i":8799393300,"W":"L","s":139728,"p":6067},{"S":"B","i":8799393350,"W":"L","s":156919,"p":6066.5},{"S":"B","i":8799393400,"W":"L","s":227807,"p":6066},{"S":"B","i":8799393450,"W":"L","s":47350,"p":6065.5},{"S":"B","i":8799393500,"W":"L","s":153763,"p":6065},{"S":"B","i":8799393550,"W":"L","s":47862,"p":6064.5},{"S":"B","i":8799393600,"W":"L","s":81311,"p":6064},{"S":"B","i":8799393650,"W":"L","s":6031,"p":6063.5},{"S":"B","i":8799393700,"W":"L","s":68587,"p":6063},{"S":"B","i":8799393750,"W":"L","s":134060,"p":6062.5},{"S":"B","i":8799393800,"W":"L","s":125387,"p":6062},{"S":"B","i":8799393850,"W":"L","s":80368,"p":6061.5},{"S":"B","i":8799393900,"W":"L","s":52347,"p":6061},{"S":"B","i":8799393950,"W":"L","s":85701,"p":6060.5},{"S":"B","i":8799394000,"W":"L","s":717260,"p":6060},{"S":"B","i":8799394050,"W":"L","s":37944,"p":6059.5},{"S":"B","i":8799394100,"W":"L","s":38915,"p":6059},{"S":"B","i":8799394150,"W":"L","s":24855,"p":6058.5},{"S":"B","i":8799394200,"W":"L","s":192322,"p":6058},{"S":"B","i":8799394250,"W":"L","s":20832,"p":6057.5},{"S":"B","i":8799394300,"W":"L","s":19659,"p":6057},{"S":"B","i":8799394350,"W":"L","s":82984,"p":6056.5},{"S":"B","i":8799394400,"W":"L","s":138489,"p":6056},{"S":"B","i":8799394450,"W":"L","s":82989,"p":6055.5},{"S":"B","i":8799394500,"W":"L","s":248078,"p":6055},{"S":"B","i":8799394550,"W":"L","s":10179,"p":6054.5},{"S":"B","i":8799394600,"W":"L","s":90605,"p":6054},{"S":"B","i":8799394650,"W":"L","s":63061,"p":6053.5},{"S":"B","i":8799394700,"W":"L","s":93430,"p":6053},{"S":"B","i":8799394750,"W":"L","s":136637,"p":6052.5},{"S":"B","i":8799394800,"W":"L","s":56451,"p":6052},{"S":"B","i":8799394850,"W":"L","s":31964,"p":6051.5},{"S":"B","i":8799394900,"W":"L","s":1534814,"p":6051},{"S":"B","i":8799394950,"W":"L","s":15346,"p":6050.5},{"S":"B","i":8799395000,"W":"L","s":2447955,"p":6050},{"S":"B","i":8799395050,"W":"L","s":10142,"p":6049.5},{"S":"B","i":8799395100,"W":"L","s":176503,"p":6049},{"S":"B","i":8799395150,"W":"L","s":22788,"p":6048.5},{"S":"B","i":8799395200,"W":"L","s":189609,"p":6048},{"S":"B","i":8799395250,"W":"L","s":23500,"p":6047.5},{"S":"B","i":8799395300,"W":"L","s":40556,"p":6047},{"S":"B","i":8799395350,"W":"L","s":34593,"p":6046.5},{"S":"B","i":8799395400,"W":"L","s":17301,"p":6046},{"S":"B","i":8799395450,"W":"L","s":6555,"p":6045.5},{"S":"B","i":8799395500,"W":"L","s":80855,"p":6045},{"S":"B","i":8799395550,"W":"L","s":8654,"p":6044.5},{"S":"B","i":8799395600,"W":"L","s":7451,"p":6044},{"S":"B","i":8799395650,"W":"L","s":51730,"p":6043.5},{"S":"B","i":8799395700,"W":"L","s":187813,"p":6043},{"S":"B","i":8799395750,"W":"L","s":19694,"p":6042.5},{"S":"B","i":8799395800,"W":"L","s":30945,"p":6042},{"S":"B","i":8799395850,"W":"L","s":45616,"p":6041.5},{"S":"B","i":8799395900,"W":"L","s":21082,"p":6041},{"S":"B","i":8799395950,"W":"L","s":653,"p":6040.5},{"S":"B","i":8799396000,"W":"L","s":406787,"p":6040},{"S":"B","i":8799396050,"W":"L","s":8116,"p":6039.5},{"S":"B","i":8799396100,"W":"L","s":339402,"p":6039},{"S":"B","i":8799396150,"W":"L","s":19270,"p":6038.5},{"S":"B","i":8799396200,"W":"L","s":84199,"p":6038},{"S":"B","i":8799396250,"W":"L","s":126556,"p":6037.5},{"S":"B","i":8799396300,"W":"L","s":77781,"p":6037},{"S":"B","i":8799396350,"W":"L","s":35579,"p":6036.5},{"S":"B","i":8799396400,"W":"L","s":103673,"p":6036},{"S":"B","i":8799396450,"W":"L","s":9021,"p":6035.5},{"S":"B","i":8799396500,"W":"L","s":127570,"p":6035},{"S":"B","i":8799396550,"W":"L","s":7512,"p":6034.5},{"S":"B","i":8799396600,"W":"L","s":44175,"p":6034},{"S":"B","i":8799396650,"W":"L","s":30710,"p":6033.5},{"S":"B","i":8799396700,"W":"L","s":118830,"p":6033},{"S":"B","i":8799396750,"W":"L","s":11240,"p":6032.5},{"S":"B","i":8799396800,"W":"L","s":121496,"p":6032},{"S":"B","i":8799396850,"W":"L","s":33397,"p":6031.5},{"S":"B","i":8799396900,"W":"L","s":54768,"p":6031},{"S":"B","i":8799396950,"W":"L","s":72062,"p":6030.5},{"S":"B","i":8799397000,"W":"L","s":418352,"p":6030},{"S":"B","i":8799397050,"W":"L","s":62904,"p":6029.5},{"S":"B","i":8799397100,"W":"L","s":34707,"p":6029},{"S":"B","i":8799397150,"W":"L","s":21074,"p":6028.5},{"S":"B","i":8799397200,"W":"L","s":139798,"p":6028},{"S":"B","i":8799397250,"W":"L","s":47317,"p":6027.5},{"S":"B","i":8799397300,"W":"L","s":58060,"p":6027},{"S":"B","i":8799397350,"W":"L","s":36899,"p":6026.5},{"S":"B","i":8799397400,"W":"L","s":372656,"p":6026},{"S":"B","i":8799397450,"W":"L","s":22004,"p":6025.5},{"S":"B","i":8799397500,"W":"L","s":353350,"p":6025},{"S":"B","i":8799397550,"W":"L","s":10746,"p":6024.5},{"S":"B","i":8799397600,"W":"L","s":141743,"p":6024},{"S":"B","i":8799397650,"W":"L","s":41328,"p":6023.5},{"S":"B","i":8799397700,"W":"L","s":101614,"p":6023},{"S":"B","i":8799397750,"W":"L","s":104157,"p":6022.5},{"S":"B","i":8799397800,"W":"L","s":44295,"p":6022},{"S":"B","i":8799397850,"W":"L","s":127666,"p":6021.5},{"S":"B","i":8799397900,"W":"L","s":140950,"p":6021},{"S":"B","i":8799397950,"W":"L","s":105463,"p":6020.5},{"S":"B","i":8799398000,"W":"L","s":604598,"p":6020},{"S":"B","i":8799398050,"W":"L","s":21136,"p":6019.5},{"S":"B","i":8799398100,"W":"L","s":15129,"p":6019},{"S":"B","i":8799398150,"W":"L","s":46207,"p":6018.5},{"S":"B","i":8799398200,"W":"L","s":138211,"p":6018},{"S":"B","i":8799398250,"W":"L","s":10910,"p":6017.5},{"S":"B","i":8799398300,"W":"L","s":39159,"p":6017},{"S":"B","i":8799398350,"W":"L","s":206130,"p":6016.5},{"S":"B","i":8799398400,"W":"L","s":23852,"p":6016},{"S":"B","i":8799398450,"W":"L","s":24480,"p":6015.5},{"S":"B","i":8799398500,"W":"L","s":270942,"p":6015},{"S":"B","i":8799398550,"W":"L","s":34914,"p":6014.5},{"S":"B","i":8799398600,"W":"L","s":45672,"p":6014},{"S":"B","i":8799398650,"W":"L","s":32763,"p":6013.5},{"S":"B","i":8799398700,"W":"L","s":181715,"p":6013},{"S":"B","i":8799398750,"W":"L","s":58110,"p":6012.5},{"S":"B","i":8799398800,"W":"L","s":103185,"p":6012},{"S":"B","i":8799398850,"W":"L","s":32306,"p":6011.5},{"S":"B","i":8799398900,"W":"L","s":341432,"p":6011},{"S":"B","i":8799398950,"W":"L","s":126684,"p":6010.5},{"S":"B","i":8799399000,"W":"L","s":642895,"p":6010},{"S":"B","i":8799399050,"W":"L","s":15266,"p":6009.5},{"S":"B","i":8799399100,"W":"L","s":374194,"p":6009},{"S":"B","i":8799399150,"W":"L","s":61768,"p":6008.5},{"S":"B","i":8799399200,"W":"L","s":54204,"p":6008},{"S":"B","i":8799399250,"W":"L","s":171227,"p":6007.5},{"S":"B","i":8799399300,"W":"L","s":232425,"p":6007},{"S":"B","i":8799399350,"W":"L","s":73004,"p":6006.5},{"S":"B","i":8799399400,"W":"L","s":164545,"p":6006},{"S":"B","i":8799399450,"W":"L","s":29818,"p":6005.5},{"S":"B","i":8799399500,"W":"L","s":391261,"p":6005},{"S":"B","i":8799399550,"W":"L","s":12103,"p":6004.5},{"S":"B","i":8799399600,"W":"L","s":235330,"p":6004},{"S":"B","i":8799399650,"W":"L","s":45174,"p":6003.5},{"S":"B","i":8799399700,"W":"L","s":160445,"p":6003},{"S":"B","i":8799399750,"W":"L","s":31772,"p":6002.5},{"S":"B","i":8799399800,"W":"L","s":218318,"p":6002},{"S":"B","i":8799399850,"W":"L","s":54000,"p":6001.5},{"S":"B","i":8799399900,"W":"L","s":936674,"p":6001},{"S":"B","i":8799399950,"W":"L","s":99349,"p":6000.5},{"S":"B","i":8799400000,"W":"L","s":2035536,"p":6000},{"S":"B","i":8799400050,"W":"L","s":24799,"p":5999.5},{"S":"B","i":8799400100,"W":"L","s":26199,"p":5999},{"S":"B","i":8799400150,"W":"L","s":4182,"p":5998.5},{"S":"B","i":8799400200,"W":"L","s":12441,"p":5998},{"S":"B","i":8799400250,"W":"L","s":15920,"p":5997.5},{"S":"B","i":8799400300,"W":"L","s":27701,"p":5997},{"S":"B","i":8799400350,"W":"L","s":11096,"p":5996.5},{"S":"B","i":8799400400,"W":"L","s":20763,"p":5996},{"S":"B","i":8799400450,"W":"L","s":7970,"p":5995.5},{"S":"B","i":8799400500,"W":"L","s":34671,"p":5995},{"S":"B","i":8799400550,"W":"L","s":3785,"p":5994.5},{"S":"B","i":8799400600,"W":"L","s":28926,"p":5994},{"S":"B","i":8799400650,"W":"L","s":4231,"p":5993.5},{"S":"B","i":8799400700,"W":"L","s":32811,"p":5993},{"S":"B","i":8799400750,"W":"L","s":99325,"p":5992.5},{"S":"B","i":8799400800,"W":"L","s":19414,"p":5992},{"S":"B","i":8799400850,"W":"L","s":9532,"p":5991.5},{"S":"B","i":8799400900,"W":"L","s":6609,"p":5991},{"S":"B","i":8799400950,"W":"L","s":14288,"p":5990.5},{"S":"B","i":8799401000,"W":"L","s":63867,"p":5990},{"S":"B","i":8799401050,"W":"L","s":3642,"p":5989.5},{"S":"B","i":8799401100,"W":"L","s":19592,"p":5989},{"S":"B","i":8799401150,"W":"L","s":7582,"p":5988.5},{"S":"B","i":8799401200,"W":"L","s":79509,"p":5988},{"S":"B","i":8799401250,"W":"L","s":1580,"p":5987.5},{"S":"B","i":8799401300,"W":"L","s":23383,"p":5987},{"S":"B","i":8799401350,"W":"L","s":2749,"p":5986.5},{"S":"B","i":8799401400,"W":"L","s":8795,"p":5986},{"S":"B","i":8799401450,"W":"L","s":25981,"p":5985.5},{"S":"B","i":8799401500,"W":"L","s":40797,"p":5985},{"S":"B","i":8799401550,"W":"L","s":4262,"p":5984.5},{"S":"B","i":8799401600,"W":"L","s":29888,"p":5984},{"S":"B","i":8799401650,"W":"L","s":74,"p":5983.5},{"S":"B","i":8799401700,"W":"L","s":14424,"p":5983},{"S":"B","i":8799401750,"W":"L","s":10607,"p":5982.5},{"S":"B","i":8799401800,"W":"L","s":5133,"p":5982},{"S":"B","i":8799401850,"W":"L","s":35721,"p":5981.5},{"S":"B","i":8799401900,"W":"L","s":17752,"p":5981},{"S":"B","i":8799401950,"W":"L","s":28430,"p":5980.5},{"S":"B","i":8799402000,"W":"L","s":224951,"p":5980},{"S":"B","i":8799402050,"W":"L","s":42466,"p":5979.5},{"S":"B","i":8799402100,"W":"L","s":45886,"p":5979},{"S":"B","i":8799402150,"W":"L","s":21323,"p":5978.5},{"S":"B","i":8799402200,"W":"L","s":30567,"p":5978},{"S":"B","i":8799402250,"W":"L","s":106178,"p":5977.5},{"S":"B","i":8799402300,"W":"L","s":17907,"p":5977},{"S":"B","i":8799402350,"W":"L","s":1875,"p":5976.5},{"S":"B","i":8799402400,"W":"L","s":9403,"p":5976},{"S":"B","i":8799402450,"W":"L","s":4438,"p":5975.5},{"S":"B","i":8799402500,"W":"L","s":119650,"p":5975},{"S":"B","i":8799402550,"W":"L","s":4642,"p":5974.5},{"S":"B","i":8799402600,"W":"L","s":7322,"p":5974},{"S":"B","i":8799402650,"W":"L","s":83867,"p":5973.5},{"S":"B","i":8799402700,"W":"L","s":25458,"p":5973},{"S":"B","i":8799402750,"W":"L","s":640,"p":5972.5},{"S":"B","i":8799402800,"W":"L","s":19996,"p":5972},{"S":"B","i":8799402850,"W":"L","s":10299,"p":5971.5},{"S":"B","i":8799402900,"W":"L","s":17629,"p":5971},{"S":"B","i":8799402950,"W":"L","s":12177,"p":5970.5},{"S":"B","i":8799403000,"W":"L","s":184927,"p":5970},{"S":"B","i":8799403050,"W":"L","s":49842,"p":5969.5},{"S":"B","i":8799403100,"W":"L","s":23166,"p":5969},{"S":"B","i":8799403150,"W":"L","s":106016,"p":5968.5},{"S":"B","i":8799403200,"W":"L","s":263686,"p":5968},{"S":"B","i":8799403250,"W":"L","s":47308,"p":5967.5},{"S":"B","i":8799403300,"W":"L","s":42650,"p":5967},{"S":"B","i":8799403350,"W":"L","s":17936,"p":5966.5},{"S":"B","i":8799403400,"W":"L","s":77403,"p":5966},{"S":"B","i":8799403450,"W":"L","s":125472,"p":5965.5},{"S":"B","i":8799403500,"W":"L","s":64132,"p":5965},{"S":"B","i":8799403550,"W":"L","s":52985,"p":5964.5},{"S":"B","i":8799403600,"W":"L","s":51551,"p":5964},{"S":"B","i":8799403650,"W":"L","s":24593,"p":5963.5},{"S":"B","i":8799403700,"W":"L","s":41312,"p":5963},{"S":"B","i":8799403750,"W":"L","s":98545,"p":5962.5},{"S":"B","i":8799403800,"W":"L","s":25638,"p":5962},{"S":"B","i":8799403850,"W":"L","s":32152,"p":5961.5},{"S":"B","i":8799403900,"W":"L","s":34672,"p":5961},{"S":"B","i":8799403950,"W":"L","s":172318,"p":5960.5},{"S":"B","i":8799404000,"W":"L","s":504546,"p":5960},{"S":"B","i":8799404050,"W":"L","s":8752,"p":5959.5},{"S":"B","i":8799404100,"W":"L","s":83706,"p":5959},{"S":"B","i":8799404150,"W":"L","s":6314,"p":5958.5},{"S":"B","i":8799404200,"W":"L","s":63860,"p":5958},{"S":"B","i":8799404250,"W":"L","s":27960,"p":5957.5},{"S":"B","i":8799404300,"W":"L","s":24170,"p":5957},{"S":"B","i":8799404350,"W":"L","s":3637,"p":5956.5},{"S":"B","i":8799404400,"W":"L","s":15005,"p":5956},{"S":"B","i":8799404450,"W":"L","s":145611,"p":5955.5},{"S":"B","i":8799404500,"W":"L","s":47498,"p":5955},{"S":"B","i":8799404550,"W":"L","s":774,"p":5954.5},{"S":"B","i":8799404600,"W":"L","s":11305,"p":5954},{"S":"B","i":8799404650,"W":"L","s":674,"p":5953.5},{"S":"B","i":8799404700,"W":"L","s":4966,"p":5953},{"S":"B","i":8799404750,"W":"L","s":14756,"p":5952.5},{"S":"B","i":8799404800,"W":"L","s":134760,"p":5952},{"S":"B","i":8799404850,"W":"L","s":11996,"p":5951.5},{"S":"B","i":8799404900,"W":"L","s":453339,"p":5951},{"S":"B","i":8799404950,"W":"L","s":41305,"p":5950.5},{"S":"B","i":8799405000,"W":"L","s":416211,"p":5950},{"S":"B","i":8799405050,"W":"L","s":10685,"p":5949.5},{"S":"B","i":8799405100,"W":"L","s":35718,"p":5949},{"S":"B","i":8799405150,"W":"L","s":4203,"p":5948.5},{"S":"B","i":8799405200,"W":"L","s":49605,"p":5948},{"S":"B","i":8799405250,"W":"L","s":108345,"p":5947.5},{"S":"B","i":8799405300,"W":"L","s":2686,"p":5947},{"S":"B","i":8799405350,"W":"L","s":8730,"p":5946.5},{"S":"B","i":8799405400,"W":"L","s":61005,"p":5946},{"S":"B","i":8799405450,"W":"L","s":6351,"p":5945.5},{"S":"B","i":8799405500,"W":"L","s":12346,"p":5945},{"S":"B","i":8799405550,"W":"L","s":4687,"p":5944.5},{"S":"B","i":8799405600,"W":"L","s":3968,"p":5944},{"S":"B","i":8799405650,"W":"L","s":17929,"p":5943.5},{"S":"B","i":8799405700,"W":"L","s":23408,"p":5943},{"S":"B","i":8799405750,"W":"L","s":12695,"p":5942.5},{"S":"B","i":8799405800,"W":"L","s":12766,"p":5942},{"S":"B","i":8799405850,"W":"L","s":300,"p":5941.5},{"S":"B","i":8799405900,"W":"L","s":28482,"p":5941},{"S":"B","i":8799405950,"W":"L","s":80861,"p":5940.5},{"S":"B","i":8799406000,"W":"L","s":483792,"p":5940},{"S":"B","i":8799406050,"W":"L","s":25774,"p":5939.5},{"S":"B","i":8799406100,"W":"L","s":5942,"p":5939},{"S":"B","i":8799406150,"W":"L","s":113,"p":5938.5},{"S":"B","i":8799406200,"W":"L","s":15098,"p":5938},{"S":"B","i":8799406250,"W":"L","s":12162,"p":5937.5},{"S":"B","i":8799406300,"W":"L","s":44707,"p":5937},{"S":"B","i":8799406350,"W":"L","s":96,"p":5936.5},{"S":"B","i":8799406400,"W":"L","s":49418,"p":5936},{"S":"B","i":8799406450,"W":"L","s":273,"p":5935.5},{"S":"B","i":8799406500,"W":"L","s":46630,"p":5935},{"S":"B","i":8799406550,"W":"L","s":11762,"p":5934.5},{"S":"B","i":8799406600,"W":"L","s":39579,"p":5934},{"S":"B","i":8799406650,"W":"L","s":10536,"p":5933.5},{"S":"B","i":8799406700,"W":"L","s":51036,"p":5933},{"S":"B","i":8799406750,"W":"L","s":138525,"p":5932.5},{"S":"B","i":8799406800,"W":"L","s":46470,"p":5932},{"S":"B","i":8799406850,"W":"L","s":3055,"p":5931.5},{"S":"B","i":8799406900,"W":"L","s":163238,"p":5931},{"S":"B","i":8799406950,"W":"L","s":3768,"p":5930.5},{"S":"B","i":8799407000,"W":"L","s":161013,"p":5930},{"S":"B","i":8799407050,"W":"L","s":25842,"p":5929.5},{"S":"B","i":8799407100,"W":"L","s":9057,"p":5929},{"S":"B","i":8799407150,"W":"L","s":15614,"p":5928.5},{"S":"B","i":8799407200,"W":"L","s":43102,"p":5928},{"S":"B","i":8799407250,"W":"L","s":32220,"p":5927.5},{"S":"B","i":8799407300,"W":"L","s":6605,"p":5927},{"S":"B","i":8799407350,"W":"L","s":14100,"p":5926.5},{"S":"B","i":8799407400,"W":"L","s":213814,"p":5926},{"S":"B","i":8799407450,"W":"L","s":8124,"p":5925.5},{"S":"B","i":8799407500,"W":"L","s":112024,"p":5925},{"S":"B","i":8799407550,"W":"L","s":1474,"p":5924.5},{"S":"B","i":8799407600,"W":"L","s":34819,"p":5924},{"S":"B","i":8799407650,"W":"L","s":502,"p":5923.5},{"S":"B","i":8799407700,"W":"L","s":65384,"p":5923},{"S":"B","i":8799407750,"W":"L","s":60862,"p":5922.5},{"S":"B","i":8799407800,"W":"L","s":182160,"p":5922},{"S":"B","i":8799407850,"W":"L","s":5429,"p":5921.5},{"S":"B","i":8799407900,"W":"L","s":28182,"p":5921},{"S":"B","i":8799407950,"W":"L","s":5203,"p":5920.5},{"S":"B","i":8799408000,"W":"L","s":1153529,"p":5920},{"S":"B","i":8799408050,"W":"L","s":2895,"p":5919.5},{"S":"B","i":8799408100,"W":"L","s":40999,"p":5919},{"S":"B","i":8799408150,"W":"L","s":64853,"p":5918.5},{"S":"B","i":8799408200,"W":"L","s":128624,"p":5918},{"S":"B","i":8799408250,"W":"L","s":110345,"p":5917.5},{"S":"B","i":8799408300,"W":"L","s":5324,"p":5917},{"S":"B","i":8799408350,"W":"L","s":27699,"p":5916.5},{"S":"B","i":8799408400,"W":"L","s":40270,"p":5916},{"S":"B","i":8799408450,"W":"L","s":1018,"p":5915.5},{"S":"B","i":8799408500,"W":"L","s":73926,"p":5915},{"S":"B","i":8799408550,"W":"L","s":3642,"p":5914.5},{"S":"B","i":8799408600,"W":"L","s":12342,"p":5914},{"S":"B","i":8799408650,"W":"L","s":6574,"p":5913.5},{"S":"B","i":8799408700,"W":"L","s":133951,"p":5913},{"S":"B","i":8799408750,"W":"L","s":8815,"p":5912.5},{"S":"B","i":8799408800,"W":"L","s":51899,"p":5912},{"S":"B","i":8799408850,"W":"L","s":11294,"p":5911.5},{"S":"B","i":8799408900,"W":"L","s":143821,"p":5911},{"S":"B","i":8799408950,"W":"L","s":36381,"p":5910.5},{"S":"B","i":8799409000,"W":"L","s":113435,"p":5910},{"S":"B","i":8799409050,"W":"L","s":63107,"p":5909.5},{"S":"B","i":8799409100,"W":"L","s":34464,"p":5909},{"S":"B","i":8799409150,"W":"L","s":50440,"p":5908.5},{"S":"B","i":8799409200,"W":"L","s":9216,"p":5908},{"S":"B","i":8799409250,"W":"L","s":26967,"p":5907.5},{"S":"B","i":8799409300,"W":"L","s":265476,"p":5907},{"S":"B","i":8799409350,"W":"L","s":596,"p":5906.5},{"S":"B","i":8799409400,"W":"L","s":207160,"p":5906},{"S":"B","i":8799409450,"W":"L","s":13503,"p":5905.5},{"S":"B","i":8799409500,"W":"L","s":75562,"p":5905},{"S":"B","i":8799409550,"W":"L","s":26265,"p":5904.5},{"S":"B","i":8799409600,"W":"L","s":30332,"p":5904},{"S":"B","i":8799409650,"W":"L","s":21427,"p":5903.5},{"S":"B","i":8799409700,"W":"L","s":33585,"p":5903},{"S":"B","i":8799409750,"W":"L","s":106964,"p":5902.5},{"S":"B","i":8799409800,"W":"L","s":34276,"p":5902},{"S":"B","i":8799409850,"W":"L","s":76732,"p":5901.5},{"S":"B","i":8799409900,"W":"L","s":55092,"p":5901},{"S":"B","i":8799409950,"W":"L","s":22762,"p":5900.5},{"S":"B","i":8799410000,"W":"L","s":1894557,"p":5900},{"S":"B","i":8799410050,"W":"L","s":4642,"p":5899.5},{"S":"B","i":8799410100,"W":"L","s":4703,"p":5899},{"S":"B","i":8799410150,"W":"L","s":9088,"p":5898.5},{"S":"B","i":8799410200,"W":"L","s":87536,"p":5898},{"S":"B","i":8799410250,"W":"L","s":640,"p":5897.5},{"S":"B","i":8799410300,"W":"L","s":18193,"p":5897},{"S":"B","i":8799410350,"W":"L","s":200,"p":5896.5},{"S":"B","i":8799410400,"W":"L","s":6302,"p":5896},{"S":"B","i":8799410450,"W":"L","s":2016,"p":5895.5},{"S":"B","i":8799410500,"W":"L","s":139819,"p":5895},{"S":"B","i":8799410550,"W":"L","s":13294,"p":5894.5},{"S":"B","i":8799410600,"W":"L","s":6611,"p":5894},{"S":"B","i":8799410650,"W":"L","s":74,"p":5893.5},{"S":"B","i":8799410700,"W":"L","s":14982,"p":5893},{"S":"B","i":8799410750,"W":"L","s":10452,"p":5892.5},{"S":"B","i":8799410800,"W":"L","s":37405,"p":5892},{"S":"B","i":8799410850,"W":"L","s":96,"p":5891.5},{"S":"B","i":8799410900,"W":"L","s":1201,"p":5891},{"S":"B","i":8799410950,"W":"L","s":17039,"p":5890.5},{"S":"B","i":8799411000,"W":"L","s":133129,"p":5890},{"S":"B","i":8799411050,"W":"L","s":10077,"p":5889.5},{"S":"B","i":8799411100,"W":"L","s":37795,"p":5889},{"S":"B","i":8799411150,"W":"L","s":103763,"p":5888.5},{"S":"B","i":8799411200,"W":"L","s":300444,"p":5888},{"S":"B","i":8799411250,"W":"L","s":98365,"p":5887.5},{"S":"B","i":8799411300,"W":"L","s":14874,"p":5887},{"S":"B","i":8799411350,"W":"L","s":11055,"p":5886.5},{"S":"B","i":8799411400,"W":"L","s":3731,"p":5886},{"S":"B","i":8799411450,"W":"L","s":11288,"p":5885.5},{"S":"B","i":8799411500,"W":"L","s":9263,"p":5885},{"S":"B","i":8799411550,"W":"L","s":3642,"p":5884.5},{"S":"B","i":8799411600,"W":"L","s":6527,"p":5884},{"S":"B","i":8799411650,"W":"L","s":6714,"p":5883.5},{"S":"B","i":8799411700,"W":"L","s":40420,"p":5883},{"S":"B","i":8799411750,"W":"L","s":14373,"p":5882.5},{"S":"B","i":8799411800,"W":"L","s":83530,"p":5882},{"S":"B","i":8799411850,"W":"L","s":19,"p":5881.5},{"S":"B","i":8799411900,"W":"L","s":14572,"p":5881},{"S":"B","i":8799411950,"W":"L","s":17746,"p":5880.5},{"S":"B","i":8799412000,"W":"L","s":672797,"p":5880},{"S":"B","i":8799412050,"W":"L","s":929,"p":5879.5},{"S":"B","i":8799412100,"W":"L","s":21716,"p":5879},{"S":"B","i":8799412150,"W":"L","s":4051,"p":5878.5},{"S":"B","i":8799412200,"W":"L","s":2301,"p":5878},{"S":"B","i":8799412250,"W":"L","s":26062,"p":5877.5},{"S":"B","i":8799412300,"W":"L","s":112280,"p":5877},{"S":"B","i":8799412350,"W":"L","s":33596,"p":5876.5},{"S":"B","i":8799412400,"W":"L","s":19547,"p":5876},{"S":"B","i":8799412450,"W":"L","s":2073,"p":5875.5},{"S":"B","i":8799412500,"W":"L","s":131784,"p":5875},{"S":"B","i":8799412550,"W":"L","s":8785,"p":5874.5},{"S":"B","i":8799412600,"W":"L","s":134103,"p":5874},{"S":"B","i":8799412650,"W":"L","s":5703,"p":5873.5},{"S":"B","i":8799412700,"W":"L","s":54326,"p":5873},{"S":"B","i":8799412750,"W":"L","s":106963,"p":5872.5},{"S":"B","i":8799412800,"W":"L","s":32024,"p":5872},{"S":"B","i":8799412850,"W":"L","s":1055,"p":5871.5},{"S":"B","i":8799412900,"W":"L","s":12530,"p":5871},{"S":"B","i":8799412950,"W":"L","s":4418,"p":5870.5},{"S":"B","i":8799413000,"W":"L","s":223577,"p":5870},{"S":"B","i":8799413050,"W":"L","s":16692,"p":5869.5},{"S":"B","i":8799413100,"W":"L","s":136670,"p":5869},{"S":"B","i":8799413150,"W":"L","s":8219,"p":5868.5},{"S":"B","i":8799413200,"W":"L","s":36291,"p":5868},{"S":"B","i":8799413250,"W":"L","s":1685,"p":5867.5},{"S":"B","i":8799413300,"W":"L","s":26677,"p":5867},{"S":"B","i":8799413350,"W":"L","s":20110,"p":5866.5},{"S":"B","i":8799413400,"W":"L","s":17140,"p":5866},{"S":"B","i":8799413450,"W":"L","s":18711,"p":5865.5},{"S":"B","i":8799413500,"W":"L","s":52980,"p":5865},{"S":"B","i":8799413550,"W":"L","s":26304,"p":5864.5},{"S":"B","i":8799413600,"W":"L","s":71283,"p":5864},{"S":"B","i":8799413650,"W":"L","s":74,"p":5863.5},{"S":"B","i":8799413700,"W":"L","s":7425,"p":5863},{"S":"B","i":8799413750,"W":"L","s":35617,"p":5862.5},{"S":"B","i":8799413800,"W":"L","s":32550,"p":5862},{"S":"B","i":8799413850,"W":"L","s":23096,"p":5861.5},{"S":"B","i":8799413900,"W":"L","s":29451,"p":5861},{"S":"B","i":8799413950,"W":"L","s":5167,"p":5860.5},{"S":"B","i":8799414000,"W":"L","s":198322,"p":5860},{"S":"B","i":8799414050,"W":"L","s":25485,"p":5859.5},{"S":"B","i":8799414100,"W":"L","s":32196,"p":5859},{"S":"B","i":8799414150,"W":"L","s":43743,"p":5858.5},{"S":"B","i":8799414200,"W":"L","s":79442,"p":5858},{"S":"B","i":8799414250,"W":"L","s":98445,"p":5857.5},{"S":"B","i":8799414300,"W":"L","s":41282,"p":5857},{"S":"B","i":8799414350,"W":"L","s":26305,"p":5856.5},{"S":"B","i":8799414400,"W":"L","s":38434,"p":5856},{"S":"B","i":8799414450,"W":"L","s":6473,"p":5855.5},{"S":"B","i":8799414500,"W":"L","s":337705,"p":5855},{"S":"B","i":8799414550,"W":"L","s":3842,"p":5854.5},{"S":"B","i":8799414600,"W":"L","s":29831,"p":5854},{"S":"B","i":8799414650,"W":"L","s":11594,"p":5853.5},{"S":"B","i":8799414700,"W":"L","s":343891,"p":5853},{"S":"B","i":8799414750,"W":"L","s":10990,"p":5852.5},{"S":"B","i":8799414800,"W":"L","s":8571,"p":5852},{"S":"B","i":8799414850,"W":"L","s":32118,"p":5851.5},{"S":"B","i":8799414900,"W":"L","s":46922,"p":5851},{"S":"B","i":8799414950,"W":"L","s":200339,"p":5850.5},{"S":"B","i":8799415000,"W":"L","s":781368,"p":5850},{"S":"B","i":8799415050,"W":"L","s":5794,"p":5849.5},{"S":"B","i":8799415100,"W":"L","s":24486,"p":5849},{"S":"B","i":8799415150,"W":"L","s":927,"p":5848.5},{"S":"B","i":8799415200,"W":"L","s":8566,"p":5848},{"S":"B","i":8799415250,"W":"L","s":14962,"p":5847.5},{"S":"B","i":8799415300,"W":"L","s":12089,"p":5847},{"S":"B","i":8799415350,"W":"L","s":1151,"p":5846.5},{"S":"B","i":8799415400,"W":"L","s":16714,"p":5846},{"S":"B","i":8799415450,"W":"L","s":6103,"p":5845.5},{"S":"B","i":8799415500,"W":"L","s":15692,"p":5845},{"S":"B","i":8799415550,"W":"L","s":2790,"p":5844.5},{"S":"B","i":8799415600,"W":"L","s":49828,"p":5844},{"S":"B","i":8799415650,"W":"L","s":5003,"p":5843.5},{"S":"B","i":8799415700,"W":"L","s":40248,"p":5843},{"S":"B","i":8799415750,"W":"L","s":100245,"p":5842.5},{"S":"B","i":8799415800,"W":"L","s":5674,"p":5842},{"S":"B","i":8799415850,"W":"L","s":1055,"p":5841.5},{"S":"B","i":8799415900,"W":"L","s":29321,"p":5841},{"S":"B","i":8799415950,"W":"L","s":11118,"p":5840.5},{"S":"B","i":8799416000,"W":"L","s":406983,"p":5840},{"S":"B","i":8799416050,"W":"L","s":10747,"p":5839.5},{"S":"B","i":8799416100,"W":"L","s":18202,"p":5839},{"S":"B","i":8799416150,"W":"L","s":5012,"p":5838.5},{"S":"B","i":8799416200,"W":"L","s":20761,"p":5838},{"S":"B","i":8799416250,"W":"L","s":1390,"p":5837.5},{"S":"B","i":8799416300,"W":"L","s":8496,"p":5837},{"S":"B","i":8799416350,"W":"L","s":3983,"p":5836.5},{"S":"B","i":8799416400,"W":"L","s":2568,"p":5836},{"S":"B","i":8799416450,"W":"L","s":14008,"p":5835.5},{"S":"B","i":8799416500,"W":"L","s":313175,"p":5835},{"S":"B","i":8799416550,"W":"L","s":2574,"p":5834.5},{"S":"B","i":8799416600,"W":"L","s":8810,"p":5834},{"S":"B","i":8799416650,"W":"L","s":7090,"p":5833.5},{"S":"B","i":8799416700,"W":"L","s":25946,"p":5833},{"S":"B","i":8799416750,"W":"L","s":9962,"p":5832.5},{"S":"B","i":8799416800,"W":"L","s":78260,"p":5832},{"S":"B","i":8799416850,"W":"L","s":1346,"p":5831.5},{"S":"B","i":8799416900,"W":"L","s":42592,"p":5831},{"S":"B","i":8799416950,"W":"L","s":4704,"p":5830.5},{"S":"B","i":8799417000,"W":"L","s":86450,"p":5830},{"S":"B","i":8799417050,"W":"L","s":2785,"p":5829.5},{"S":"B","i":8799417100,"W":"L","s":30657,"p":5829},{"S":"B","i":8799417150,"W":"L","s":5313,"p":5828.5},{"S":"B","i":8799417200,"W":"L","s":40972,"p":5828},{"S":"B","i":8799417250,"W":"L","s":108445,"p":5827.5},{"S":"B","i":8799417300,"W":"L","s":3312,"p":5827},{"S":"B","i":8799417350,"W":"L","s":51305,"p":5826.5},{"S":"B","i":8799417400,"W":"L","s":36788,"p":5826},{"S":"B","i":8799417450,"W":"L","s":23698,"p":5825.5},{"S":"B","i":8799417500,"W":"L","s":44688,"p":5825},{"S":"B","i":8799417550,"W":"L","s":4075,"p":5824.5},{"S":"B","i":8799417600,"W":"L","s":16629,"p":5824},{"S":"B","i":8799417650,"W":"L","s":6734,"p":5823.5},{"S":"B","i":8799417700,"W":"L","s":79359,"p":5823},{"S":"B","i":8799417750,"W":"L","s":490,"p":5822.5},{"S":"B","i":8799417800,"W":"L","s":5696,"p":5822},{"S":"B","i":8799417850,"W":"L","s":27500,"p":5821.5},{"S":"B","i":8799417900,"W":"L","s":12782,"p":5821},{"S":"B","i":8799417950,"W":"L","s":25161,"p":5820.5},{"S":"B","i":8799418000,"W":"L","s":186680,"p":5820},{"S":"B","i":8799418050,"W":"L","s":1774,"p":5819.5},{"S":"B","i":8799418100,"W":"L","s":3488,"p":5819},{"S":"B","i":8799418150,"W":"L","s":7074,"p":5818.5},{"S":"B","i":8799418200,"W":"L","s":8739,"p":5818},{"S":"B","i":8799418250,"W":"L","s":12762,"p":5817.5},{"S":"B","i":8799418300,"W":"L","s":185612,"p":5817},{"S":"B","i":8799418350,"W":"L","s":47946,"p":5816.5},{"S":"B","i":8799418400,"W":"L","s":4221,"p":5816},{"S":"B","i":8799418450,"W":"L","s":12853,"p":5815.5},{"S":"B","i":8799418500,"W":"L","s":386897,"p":5815},{"S":"B","i":8799418550,"W":"L","s":4785,"p":5814.5},{"S":"B","i":8799418600,"W":"L","s":31478,"p":5814},{"S":"B","i":8799418650,"W":"L","s":29513,"p":5813.5},{"S":"B","i":8799418700,"W":"L","s":36896,"p":5813},{"S":"B","i":8799418750,"W":"L","s":198295,"p":5812.5},{"S":"B","i":8799418800,"W":"L","s":169899,"p":5812},{"S":"B","i":8799418850,"W":"L","s":37075,"p":5811.5},{"S":"B","i":8799418900,"W":"L","s":560534,"p":5811},{"S":"B","i":8799418950,"W":"L","s":49608,"p":5810.5},{"S":"B","i":8799419000,"W":"L","s":281026,"p":5810},{"S":"B","i":8799419050,"W":"L","s":11642,"p":5809.5},{"S":"B","i":8799419100,"W":"L","s":25377,"p":5809},{"S":"B","i":8799419150,"W":"L","s":6794,"p":5808.5},{"S":"B","i":8799419200,"W":"L","s":227941,"p":5808},{"S":"B","i":8799419250,"W":"L","s":11437,"p":5807.5},{"S":"B","i":8799419300,"W":"L","s":63431,"p":5807},{"S":"B","i":8799419350,"W":"L","s":42800,"p":5806.5},{"S":"B","i":8799419400,"W":"L","s":48923,"p":5806},{"S":"B","i":8799419450,"W":"L","s":98112,"p":5805.5},{"S":"B","i":8799419500,"W":"L","s":120687,"p":5805},{"S":"B","i":8799419550,"W":"L","s":41772,"p":5804.5},{"S":"B","i":8799419600,"W":"L","s":25376,"p":5804},{"S":"B","i":8799419650,"W":"L","s":29774,"p":5803.5},{"S":"B","i":8799419700,"W":"L","s":15856,"p":5803},{"S":"B","i":8799419750,"W":"L","s":101427,"p":5802.5},{"S":"B","i":8799419800,"W":"L","s":46637,"p":5802},{"S":"B","i":8799419850,"W":"L","s":86196,"p":5801.5},{"S":"B","i":8799419900,"W":"L","s":91438,"p":5801},{"S":"B","i":8799419950,"W":"L","s":33510,"p":5800.5},{"S":"B","i":8799420000,"W":"L","s":2871287,"p":5800},{"S":"B","i":8799420050,"W":"L","s":2785,"p":5799.5},{"S":"B","i":8799420100,"W":"L","s":59927,"p":5799},{"S":"B","i":8799420150,"W":"L","s":9980,"p":5798.5},{"S":"B","i":8799420200,"W":"L","s":14896,"p":5798},{"S":"B","i":8799420250,"W":"L","s":98245,"p":5797.5},{"S":"B","i":8799420300,"W":"L","s":44664,"p":5797},{"S":"B","i":8799420350,"W":"L","s":2155,"p":5796.5},{"S":"B","i":8799420400,"W":"L","s":5040,"p":5796},{"S":"B","i":8799420450,"W":"L","s":1018,"p":5795.5},{"S":"B","i":8799420500,"W":"L","s":22383,"p":5795},{"S":"B","i":8799420550,"W":"L","s":4642,"p":5794.5},{"S":"B","i":8799420600,"W":"L","s":20000,"p":5794},{"S":"B","i":8799420650,"W":"L","s":6594,"p":5793.5},{"S":"B","i":8799420700,"W":"L","s":25149,"p":5793},{"S":"B","i":8799420750,"W":"L","s":615,"p":5792.5},{"S":"B","i":8799420800,"W":"L","s":11196,"p":5792},{"S":"B","i":8799420900,"W":"L","s":3732,"p":5791},{"S":"B","i":8799420950,"W":"L","s":2561,"p":5790.5},{"S":"B","i":8799421000,"W":"L","s":939955,"p":5790},{"S":"B","i":8799421050,"W":"L","s":3174,"p":5789.5},{"S":"B","i":8799421100,"W":"L","s":19786,"p":5789},{"S":"B","i":8799421150,"W":"L","s":15074,"p":5788.5},{"S":"B","i":8799421200,"W":"L","s":94065,"p":5788},{"S":"B","i":8799421250,"W":"L","s":13662,"p":5787.5},{"S":"B","i":8799421300,"W":"L","s":23930,"p":5787},{"S":"B","i":8799421350,"W":"L","s":1246,"p":5786.5},{"S":"B","i":8799421400,"W":"L","s":12973,"p":5786},{"S":"B","i":8799421450,"W":"L","s":8222,"p":5785.5},{"S":"B","i":8799421500,"W":"L","s":160096,"p":5785},{"S":"B","i":8799421550,"W":"L","s":13440,"p":5784.5},{"S":"B","i":8799421600,"W":"L","s":35836,"p":5784},{"S":"B","i":8799421650,"W":"L","s":4503,"p":5783.5},{"S":"B","i":8799421700,"W":"L","s":80807,"p":5783},{"S":"B","i":8799421750,"W":"L","s":98245,"p":5782.5},{"S":"B","i":8799421800,"W":"L","s":7812,"p":5782},{"S":"B","i":8799421850,"W":"L","s":16355,"p":5781.5},{"S":"B","i":8799421900,"W":"L","s":501545,"p":5781},{"S":"B","i":8799421950,"W":"L","s":5018,"p":5780.5},{"S":"B","i":8799422000,"W":"L","s":112595,"p":5780},{"S":"B","i":8799422050,"W":"L","s":4142,"p":5779.5},{"S":"B","i":8799422100,"W":"L","s":9738,"p":5779},{"S":"B","i":8799422150,"W":"L","s":9174,"p":5778.5},{"S":"B","i":8799422200,"W":"L","s":60317,"p":5778},{"S":"B","i":8799422250,"W":"L","s":460,"p":5777.5},{"S":"B","i":8799422300,"W":"L","s":105281,"p":5777},{"S":"B","i":8799422350,"W":"L","s":200,"p":5776.5},{"S":"B","i":8799422400,"W":"L","s":42014,"p":5776},{"S":"B","i":8799422450,"W":"L","s":15661,"p":5775.5},{"S":"B","i":8799422500,"W":"L","s":16855,"p":5775},{"S":"B","i":8799422550,"W":"L","s":1774,"p":5774.5},{"S":"B","i":8799422600,"W":"L","s":11716,"p":5774},{"S":"B","i":8799422650,"W":"L","s":594,"p":5773.5},{"S":"B","i":8799422700,"W":"L","s":8046,"p":5773},{"S":"B","i":8799422750,"W":"L","s":20262,"p":5772.5},{"S":"B","i":8799422800,"W":"L","s":3630,"p":5772},{"S":"B","i":8799422850,"W":"L","s":96,"p":5771.5},{"S":"B","i":8799422900,"W":"L","s":5178,"p":5771},{"S":"B","i":8799422950,"W":"L","s":2282,"p":5770.5},{"S":"B","i":8799423000,"W":"L","s":30446,"p":5770},{"S":"B","i":8799423050,"W":"L","s":2785,"p":5769.5},{"S":"B","i":8799423100,"W":"L","s":83195,"p":5769},{"S":"B","i":8799423150,"W":"L","s":14803,"p":5768.5},{"S":"B","i":8799423200,"W":"L","s":21396,"p":5768},{"S":"B","i":8799423250,"W":"L","s":108245,"p":5767.5},{"S":"B","i":8799423300,"W":"L","s":18283,"p":5767},{"S":"B","i":8799423350,"W":"L","s":34275,"p":5766.5},{"S":"B","i":8799423400,"W":"L","s":21769,"p":5766},{"S":"B","i":8799423450,"W":"L","s":382118,"p":5765.5},{"S":"B","i":8799423500,"W":"L","s":14095,"p":5765},{"S":"B","i":8799423550,"W":"L","s":3642,"p":5764.5},{"S":"B","i":8799423650,"W":"L","s":18149,"p":5763.5},{"S":"B","i":8799423700,"W":"L","s":38842,"p":5763},{"S":"B","i":8799423750,"W":"L","s":13615,"p":5762.5},{"S":"B","i":8799423800,"W":"L","s":6966,"p":5762},{"S":"B","i":8799423850,"W":"L","s":19375,"p":5761.5},{"S":"B","i":8799423900,"W":"L","s":1959,"p":5761},{"S":"B","i":8799423950,"W":"L","s":2861,"p":5760.5},{"S":"B","i":8799424000,"W":"L","s":342420,"p":5760},{"S":"B","i":8799424050,"W":"L","s":20774,"p":5759.5},{"S":"B","i":8799424100,"W":"L","s":5438,"p":5759},{"S":"B","i":8799424150,"W":"L","s":74,"p":5758.5},{"S":"B","i":8799424200,"W":"L","s":38967,"p":5758},{"S":"B","i":8799424250,"W":"L","s":15862,"p":5757.5},{"S":"B","i":8799424300,"W":"L","s":20370,"p":5757},{"S":"B","i":8799424350,"W":"L","s":9796,"p":5756.5},{"S":"B","i":8799424400,"W":"L","s":3194,"p":5756},{"S":"B","i":8799424450,"W":"L","s":21453,"p":5755.5},{"S":"B","i":8799424500,"W":"L","s":31425,"p":5755},{"S":"B","i":8799424550,"W":"L","s":2785,"p":5754.5},{"S":"B","i":8799424600,"W":"L","s":53653,"p":5754},{"S":"B","i":8799424650,"W":"L","s":9503,"p":5753.5},{"S":"B","i":8799424700,"W":"L","s":21961,"p":5753},{"S":"B","i":8799424750,"W":"L","s":118245,"p":5752.5},{"S":"B","i":8799424800,"W":"L","s":10441,"p":5752},{"S":"B","i":8799424850,"W":"L","s":46080,"p":5751.5},{"S":"B","i":8799424900,"W":"L","s":24259,"p":5751},{"S":"B","i":8799424950,"W":"L","s":74313,"p":5750.5},{"S":"B","i":8799425000,"W":"L","s":481912,"p":5750},{"S":"B","i":8799425050,"W":"L","s":4142,"p":5749.5},{"S":"B","i":8799425100,"W":"L","s":1800,"p":5749},{"S":"B","i":8799425150,"W":"L","s":3794,"p":5748.5},{"S":"B","i":8799425200,"W":"L","s":51447,"p":5748},{"S":"B","i":8799425250,"W":"L","s":4979,"p":5747.5},{"S":"B","i":8799425300,"W":"L","s":10194,"p":5747},{"S":"B","i":8799425350,"W":"L","s":2700,"p":5746.5},{"S":"B","i":8799425400,"W":"L","s":2328,"p":5746},{"S":"B","i":8799425450,"W":"L","s":1861,"p":5745.5},{"S":"B","i":8799425500,"W":"L","s":38277,"p":5745},{"S":"B","i":8799425550,"W":"L","s":10974,"p":5744.5},{"S":"B","i":8799425600,"W":"L","s":25638,"p":5744},{"S":"B","i":8799425650,"W":"L","s":2774,"p":5743.5},{"S":"B","i":8799425700,"W":"L","s":5146,"p":5743},{"S":"B","i":8799425750,"W":"L","s":117462,"p":5742.5},{"S":"B","i":8799425800,"W":"L","s":7630,"p":5742},{"S":"B","i":8799425850,"W":"L","s":596,"p":5741.5},{"S":"B","i":8799425900,"W":"L","s":13678,"p":5741},{"S":"B","i":8799425950,"W":"L","s":203,"p":5740.5},{"S":"B","i":8799426000,"W":"L","s":22941,"p":5740},{"S":"B","i":8799426050,"W":"L","s":3050,"p":5739.5},{"S":"B","i":8799426100,"W":"L","s":28528,"p":5739},{"S":"B","i":8799426150,"W":"L","s":5937,"p":5738.5},{"S":"B","i":8799426200,"W":"L","s":78611,"p":5738},{"S":"B","i":8799426250,"W":"L","s":98345,"p":5737.5},{"S":"B","i":8799426300,"W":"L","s":8024,"p":5737},{"S":"B","i":8799426350,"W":"L","s":1055,"p":5736.5},{"S":"B","i":8799426400,"W":"L","s":68,"p":5736},{"S":"B","i":8799426450,"W":"L","s":3198,"p":5735.5},{"S":"B","i":8799426500,"W":"L","s":17929,"p":5735},{"S":"B","i":8799426550,"W":"L","s":3642,"p":5734.5},{"S":"B","i":8799426600,"W":"L","s":10130,"p":5734},{"S":"B","i":8799426650,"W":"L","s":7114,"p":5733.5},{"S":"B","i":8799426700,"W":"L","s":40711,"p":5733},{"S":"B","i":8799426750,"W":"L","s":660,"p":5732.5},{"S":"B","i":8799426800,"W":"L","s":21496,"p":5732},{"S":"B","i":8799426850,"W":"L","s":3020,"p":5731.5},{"S":"B","i":8799426900,"W":"L","s":2220,"p":5731},{"S":"B","i":8799426950,"W":"L","s":1861,"p":5730.5},{"S":"B","i":8799427000,"W":"L","s":55437,"p":5730},{"S":"B","i":8799427050,"W":"L","s":4274,"p":5729.5},{"S":"B","i":8799427100,"W":"L","s":795,"p":5729},{"S":"B","i":8799427150,"W":"L","s":25074,"p":5728.5},{"S":"B","i":8799427200,"W":"L","s":15046,"p":5728},{"S":"B","i":8799427250,"W":"L","s":9962,"p":5727.5},{"S":"B","i":8799427300,"W":"L","s":3130,"p":5727},{"S":"B","i":8799427350,"W":"L","s":48394,"p":5726.5},{"S":"B","i":8799427400,"W":"L","s":183,"p":5726},{"S":"B","i":8799427450,"W":"L","s":15453,"p":5725.5},{"S":"B","i":8799427500,"W":"L","s":17692,"p":5725},{"S":"B","i":8799427550,"W":"L","s":13194,"p":5724.5},{"S":"B","i":8799427600,"W":"L","s":25828,"p":5724},{"S":"B","i":8799427650,"W":"L","s":4261,"p":5723.5},{"S":"B","i":8799427700,"W":"L","s":36966,"p":5723},{"S":"B","i":8799427750,"W":"L","s":98500,"p":5722.5},{"S":"B","i":8799427800,"W":"L","s":7799,"p":5722},{"S":"B","i":8799427850,"W":"L","s":1105,"p":5721.5},{"S":"B","i":8799427900,"W":"L","s":88,"p":5721},{"S":"B","i":8799427950,"W":"L","s":11368,"p":5720.5},{"S":"B","i":8799428000,"W":"L","s":612158,"p":5720},{"S":"B","i":8799428050,"W":"L","s":5742,"p":5719.5},{"S":"B","i":8799428100,"W":"L","s":8189,"p":5719},{"S":"B","i":8799428150,"W":"L","s":8394,"p":5718.5},{"S":"B","i":8799428200,"W":"L","s":23591,"p":5718},{"S":"B","i":8799428250,"W":"L","s":2560,"p":5717.5},{"S":"B","i":8799428300,"W":"L","s":15796,"p":5717},{"S":"B","i":8799428400,"W":"L","s":834,"p":5716},{"S":"B","i":8799428450,"W":"L","s":2861,"p":5715.5},{"S":"B","i":8799428500,"W":"L","s":83340,"p":5715},{"S":"B","i":8799428550,"W":"L","s":929,"p":5714.5},{"S":"B","i":8799428600,"W":"L","s":8588,"p":5714},{"S":"B","i":8799428650,"W":"L","s":1729,"p":5713.5},{"S":"B","i":8799428700,"W":"L","s":1673,"p":5713},{"S":"B","i":8799428750,"W":"L","s":10492,"p":5712.5},{"S":"B","i":8799428800,"W":"L","s":4251,"p":5712},{"S":"B","i":8799428850,"W":"L","s":12305,"p":5711.5},{"S":"B","i":8799428900,"W":"L","s":38828,"p":5711},{"S":"B","i":8799428950,"W":"L","s":13703,"p":5710.5},{"S":"B","i":8799429000,"W":"L","s":48536,"p":5710},{"S":"B","i":8799429050,"W":"L","s":9235,"p":5709.5},{"S":"B","i":8799429100,"W":"L","s":35928,"p":5709},{"S":"B","i":8799429150,"W":"L","s":4203,"p":5708.5},{"S":"B","i":8799429200,"W":"L","s":14146,"p":5708},{"S":"B","i":8799429250,"W":"L","s":102042,"p":5707.5},{"S":"B","i":8799429300,"W":"L","s":506804,"p":5707},{"S":"B","i":8799429350,"W":"L","s":118155,"p":5706.5},{"S":"B","i":8799429400,"W":"L","s":53314,"p":5706},{"S":"B","i":8799429450,"W":"L","s":1018,"p":5705.5},{"S":"B","i":8799429500,"W":"L","s":30799,"p":5705},{"S":"B","i":8799429550,"W":"L","s":15892,"p":5704.5},{"S":"B","i":8799429600,"W":"L","s":1600,"p":5704},{"S":"B","i":8799429650,"W":"L","s":13594,"p":5703.5},{"S":"B","i":8799429700,"W":"L","s":29975,"p":5703},{"S":"B","i":8799429750,"W":"L","s":960,"p":5702.5},{"S":"B","i":8799429800,"W":"L","s":34596,"p":5702},{"S":"B","i":8799429850,"W":"L","s":24050,"p":5701.5},{"S":"B","i":8799429900,"W":"L","s":36452,"p":5701},{"S":"B","i":8799429950,"W":"L","s":3071,"p":5700.5},{"S":"B","i":8799430000,"W":"L","s":813943,"p":5700},{"S":"B","i":8799430050,"W":"L","s":1029,"p":5699.5},{"S":"B","i":8799430100,"W":"L","s":12786,"p":5699},{"S":"B","i":8799430150,"W":"L","s":7732,"p":5698.5},{"S":"B","i":8799430200,"W":"L","s":13044,"p":5698},{"S":"B","i":8799430250,"W":"L","s":10682,"p":5697.5},{"S":"B","i":8799430300,"W":"L","s":3107,"p":5697},{"S":"B","i":8799430350,"W":"L","s":4096,"p":5696.5},{"S":"B","i":8799430400,"W":"L","s":9189,"p":5696},{"S":"B","i":8799430450,"W":"L","s":203,"p":5695.5},{"S":"B","i":8799430500,"W":"L","s":11366,"p":5695},{"S":"B","i":8799430550,"W":"L","s":2835,"p":5694.5},{"S":"B","i":8799430600,"W":"L","s":33373,"p":5694},{"S":"B","i":8799430650,"W":"L","s":9703,"p":5693.5},{"S":"B","i":8799430700,"W":"L","s":23416,"p":5693},{"S":"B","i":8799430750,"W":"L","s":99779,"p":5692.5},{"S":"B","i":8799430800,"W":"L","s":3624,"p":5692},{"S":"B","i":8799430850,"W":"L","s":1305,"p":5691.5},{"S":"B","i":8799430900,"W":"L","s":50,"p":5691},{"S":"B","i":8799430950,"W":"L","s":1018,"p":5690.5},{"S":"B","i":8799431000,"W":"L","s":68048,"p":5690},{"S":"B","i":8799431050,"W":"L","s":3642,"p":5689.5},{"S":"B","i":8799431100,"W":"L","s":38231,"p":5689},{"S":"B","i":8799431150,"W":"L","s":17154,"p":5688.5},{"S":"B","i":8799431200,"W":"L","s":95691,"p":5688},{"S":"B","i":8799431250,"W":"L","s":920,"p":5687.5},{"S":"B","i":8799431300,"W":"L","s":5055,"p":5687},{"S":"B","i":8799431350,"W":"L","s":3000,"p":5686.5},{"S":"B","i":8799431400,"W":"L","s":16740,"p":5686},{"S":"B","i":8799431450,"W":"L","s":10096,"p":5685.5},{"S":"B","i":8799431500,"W":"L","s":7700,"p":5685},{"S":"B","i":8799431550,"W":"L","s":774,"p":5684.5},{"S":"B","i":8799431600,"W":"L","s":288,"p":5684},{"S":"B","i":8799431650,"W":"L","s":74,"p":5683.5},{"S":"B","i":8799431700,"W":"L","s":1164,"p":5683},{"S":"B","i":8799431750,"W":"L","s":9962,"p":5682.5},{"S":"B","i":8799431800,"W":"L","s":3730,"p":5682},{"S":"B","i":8799431850,"W":"L","s":146,"p":5681.5},{"S":"B","i":8799431900,"W":"L","s":5255,"p":5681},{"S":"B","i":8799431950,"W":"L","s":300203,"p":5680.5},{"S":"B","i":8799432000,"W":"L","s":65066,"p":5680},{"S":"B","i":8799432050,"W":"L","s":3785,"p":5679.5},{"S":"B","i":8799432100,"W":"L","s":149778,"p":5679},{"S":"B","i":8799432150,"W":"L","s":7203,"p":5678.5},{"S":"B","i":8799432200,"W":"L","s":44434,"p":5678},{"S":"B","i":8799432250,"W":"L","s":102628,"p":5677.5},{"S":"B","i":8799432300,"W":"L","s":1224,"p":5677},{"S":"B","i":8799432350,"W":"L","s":6055,"p":5676.5},{"S":"B","i":8799432400,"W":"L","s":60,"p":5676},{"S":"B","i":8799432450,"W":"L","s":1018,"p":5675.5},{"S":"B","i":8799432500,"W":"L","s":41345,"p":5675},{"S":"B","i":8799432550,"W":"L","s":4892,"p":5674.5},{"S":"B","i":8799432600,"W":"L","s":1175,"p":5674},{"S":"B","i":8799432650,"W":"L","s":3594,"p":5673.5},{"S":"B","i":8799432700,"W":"L","s":29591,"p":5673},{"S":"B","i":8799432750,"W":"L","s":8429,"p":5672.5},{"S":"B","i":8799432800,"W":"L","s":24826,"p":5672},{"S":"B","i":8799432900,"W":"L","s":1491,"p":5671},{"S":"B","i":8799432950,"W":"L","s":2061,"p":5670.5},{"S":"B","i":8799433000,"W":"L","s":3599,"p":5670},{"S":"B","i":8799433050,"W":"L","s":1074,"p":5669.5},{"S":"B","i":8799433100,"W":"L","s":1457,"p":5669},{"S":"B","i":8799433150,"W":"L","s":199,"p":5668.5},{"S":"B","i":8799433200,"W":"L","s":1520327,"p":5668},{"S":"B","i":8799433250,"W":"L","s":9962,"p":5667.5},{"S":"B","i":8799433300,"W":"L","s":3048,"p":5667},{"S":"B","i":8799433350,"W":"L","s":6096,"p":5666.5},{"S":"B","i":8799433400,"W":"L","s":12945,"p":5666},{"S":"B","i":8799433450,"W":"L","s":203,"p":5665.5},{"S":"B","i":8799433500,"W":"L","s":3043,"p":5665},{"S":"B","i":8799433550,"W":"L","s":17985,"p":5664.5},{"S":"B","i":8799433600,"W":"L","s":25828,"p":5664},{"S":"B","i":8799433650,"W":"L","s":4203,"p":5663.5},{"S":"B","i":8799433700,"W":"L","s":13996,"p":5663},{"S":"B","i":8799433750,"W":"L","s":98645,"p":5662.5},{"S":"B","i":8799433800,"W":"L","s":12424,"p":5662},{"S":"B","i":8799433850,"W":"L","s":1705,"p":5661.5},{"S":"B","i":8799433950,"W":"L","s":1218,"p":5660.5},{"S":"B","i":8799434000,"W":"L","s":50520,"p":5660},{"S":"B","i":8799434050,"W":"L","s":17052,"p":5659.5},{"S":"B","i":8799434100,"W":"L","s":5500,"p":5659},{"S":"B","i":8799434150,"W":"L","s":3594,"p":5658.5},{"S":"B","i":8799434200,"W":"L","s":22166,"p":5658},{"S":"B","i":8799434250,"W":"L","s":11237,"p":5657.5},{"S":"B","i":8799434300,"W":"L","s":4946,"p":5657},{"S":"B","i":8799434350,"W":"L","s":600,"p":5656.5},{"S":"B","i":8799434400,"W":"L","s":45846,"p":5656},{"S":"B","i":8799434450,"W":"L","s":1861,"p":5655.5},{"S":"B","i":8799434500,"W":"L","s":207110,"p":5655},{"S":"B","i":8799434550,"W":"L","s":774,"p":5654.5},{"S":"B","i":8799434600,"W":"L","s":4338,"p":5654},{"S":"B","i":8799434650,"W":"L","s":324,"p":5653.5},{"S":"B","i":8799434700,"W":"L","s":20363,"p":5653},{"S":"B","i":8799434750,"W":"L","s":9962,"p":5652.5},{"S":"B","i":8799434800,"W":"L","s":13030,"p":5652},{"S":"B","i":8799434850,"W":"L","s":42651,"p":5651.5},{"S":"B","i":8799434900,"W":"L","s":15446,"p":5651},{"S":"B","i":8799434950,"W":"L","s":41201,"p":5650.5},{"S":"B","i":8799435000,"W":"L","s":74708,"p":5650},{"S":"B","i":8799435050,"W":"L","s":2785,"p":5649.5},{"S":"B","i":8799435100,"W":"L","s":28905,"p":5649},{"S":"B","i":8799435150,"W":"L","s":4203,"p":5648.5},{"S":"B","i":8799435200,"W":"L","s":23796,"p":5648},{"S":"B","i":8799435250,"W":"L","s":53143,"p":5647.5},{"S":"B","i":8799435300,"W":"L","s":6124,"p":5647},{"S":"B","i":8799435350,"W":"L","s":9514,"p":5646.5},{"S":"B","i":8799435400,"W":"L","s":102,"p":5646},{"S":"B","i":8799435450,"W":"L","s":1018,"p":5645.5},{"S":"B","i":8799435500,"W":"L","s":24705,"p":5645},{"S":"B","i":8799435550,"W":"L","s":3642,"p":5644.5},{"S":"B","i":8799435600,"W":"L","s":11950,"p":5644},{"S":"B","i":8799435650,"W":"L","s":7294,"p":5643.5},{"S":"B","i":8799435700,"W":"L","s":39891,"p":5643},{"S":"B","i":8799435750,"W":"L","s":660,"p":5642.5},{"S":"B","i":8799435800,"W":"L","s":6071,"p":5642},{"S":"B","i":8799435900,"W":"L","s":682,"p":5641},{"S":"B","i":8799435950,"W":"L","s":2561,"p":5640.5},{"S":"B","i":8799436000,"W":"L","s":4160,"p":5640},{"S":"B","i":8799436050,"W":"L","s":13454,"p":5639.5},{"S":"B","i":8799436100,"W":"L","s":1072,"p":5639},{"S":"B","i":8799436150,"W":"L","s":14803,"p":5638.5},{"S":"B","i":8799436200,"W":"L","s":35961,"p":5638},{"S":"B","i":8799436250,"W":"L","s":9962,"p":5637.5},{"S":"B","i":8799436300,"W":"L","s":6030,"p":5637},{"S":"B","i":8799436350,"W":"L","s":96,"p":5636.5},{"S":"B","i":8799436400,"W":"L","s":2201,"p":5636},{"S":"B","i":8799436450,"W":"L","s":203,"p":5635.5},{"S":"B","i":8799436500,"W":"L","s":3484,"p":5635},{"S":"B","i":8799436550,"W":"L","s":2785,"p":5634.5},{"S":"B","i":8799436600,"W":"L","s":25828,"p":5634},{"S":"B","i":8799436650,"W":"L","s":12919,"p":5633.5},{"S":"B","i":8799436700,"W":"L","s":16673,"p":5633},{"S":"B","i":8799436750,"W":"L","s":4351,"p":5632.5},{"S":"B","i":8799436800,"W":"L","s":3124,"p":5632},{"S":"B","i":8799436850,"W":"L","s":5640,"p":5631.5},{"S":"B","i":8799436900,"W":"L","s":2000,"p":5631},{"S":"B","i":8799436950,"W":"L","s":26018,"p":5630.5},{"S":"B","i":8799437000,"W":"L","s":38315,"p":5630},{"S":"B","i":8799437050,"W":"L","s":3642,"p":5629.5},{"S":"B","i":8799437100,"W":"L","s":2130,"p":5629},{"S":"B","i":8799437150,"W":"L","s":107594,"p":5628.5},{"S":"B","i":8799437200,"W":"L","s":51591,"p":5628},{"S":"B","i":8799437250,"W":"L","s":1110,"p":5627.5},{"S":"B","i":8799437300,"W":"L","s":5496,"p":5627},{"S":"B","i":8799437350,"W":"L","s":100,"p":5626.5},{"S":"B","i":8799437400,"W":"L","s":1327,"p":5626},{"S":"B","i":8799437450,"W":"L","s":5141,"p":5625.5},{"S":"B","i":8799437500,"W":"L","s":9576,"p":5625},{"S":"B","i":8799437550,"W":"L","s":774,"p":5624.5},{"S":"B","i":8799437600,"W":"L","s":288,"p":5624},{"S":"B","i":8799437650,"W":"L","s":7074,"p":5623.5},{"S":"B","i":8799437700,"W":"L","s":505,"p":5623},{"S":"B","i":8799437750,"W":"L","s":69507,"p":5622.5},{"S":"B","i":8799437800,"W":"L","s":7055,"p":5622},{"S":"B","i":8799437850,"W":"L","s":96,"p":5621.5},{"S":"B","i":8799437900,"W":"L","s":5678,"p":5621},{"S":"B","i":8799437950,"W":"L","s":9184,"p":5620.5},{"S":"B","i":8799438000,"W":"L","s":11639,"p":5620},{"S":"B","i":8799438050,"W":"L","s":2985,"p":5619.5},{"S":"B","i":8799438100,"W":"L","s":29146,"p":5619},{"S":"B","i":8799438150,"W":"L","s":4203,"p":5618.5},{"S":"B","i":8799438200,"W":"L","s":18896,"p":5618},{"S":"B","i":8799438250,"W":"L","s":3627,"p":5617.5},{"S":"B","i":8799438300,"W":"L","s":1601,"p":5617},{"S":"B","i":8799438350,"W":"L","s":1055,"p":5616.5},{"S":"B","i":8799438400,"W":"L","s":672,"p":5616},{"S":"B","i":8799438450,"W":"L","s":2513,"p":5615.5},{"S":"B","i":8799438500,"W":"L","s":1745,"p":5615},{"S":"B","i":8799438550,"W":"L","s":3642,"p":5614.5},{"S":"B","i":8799438650,"W":"L","s":3594,"p":5613.5},{"S":"B","i":8799438700,"W":"L","s":19751,"p":5613},{"S":"B","i":8799438750,"W":"L","s":610,"p":5612.5},{"S":"B","i":8799438800,"W":"L","s":4796,"p":5612},{"S":"B","i":8799438850,"W":"L","s":1000,"p":5611.5},{"S":"B","i":8799438900,"W":"L","s":22582,"p":5611},{"S":"B","i":8799438950,"W":"L","s":19361,"p":5610.5},{"S":"B","i":8799439000,"W":"L","s":2775,"p":5610},{"S":"B","i":8799439050,"W":"L","s":5774,"p":5609.5},{"S":"B","i":8799439100,"W":"L","s":5508,"p":5609},{"S":"B","i":8799439150,"W":"L","s":74,"p":5608.5},{"S":"B","i":8799439200,"W":"L","s":7296,"p":5608},{"S":"B","i":8799439250,"W":"L","s":22216,"p":5607.5},{"S":"B","i":8799439300,"W":"L","s":3189,"p":5607},{"S":"B","i":8799439350,"W":"L","s":196,"p":5606.5},{"S":"B","i":8799439400,"W":"L","s":8957,"p":5606},{"S":"B","i":8799439450,"W":"L","s":303,"p":5605.5},{"S":"B","i":8799439500,"W":"L","s":8328,"p":5605},{"S":"B","i":8799439550,"W":"L","s":2785,"p":5604.5},{"S":"B","i":8799439600,"W":"L","s":26657,"p":5604},{"S":"B","i":8799439650,"W":"L","s":14203,"p":5603.5},{"S":"B","i":8799439700,"W":"L","s":31594,"p":5603},{"S":"B","i":8799439750,"W":"L","s":2850,"p":5602.5},{"S":"B","i":8799439800,"W":"L","s":36124,"p":5602},{"S":"B","i":8799439850,"W":"L","s":1055,"p":5601.5},{"S":"B","i":8799439900,"W":"L","s":37517,"p":5601},{"S":"B","i":8799439950,"W":"L","s":3048,"p":5600.5},{"S":"B","i":8799440000,"W":"L","s":417017,"p":5600},{"S":"B","i":8799440050,"W":"L","s":3642,"p":5599.5},{"S":"B","i":8799440100,"W":"L","s":13260,"p":5599},{"S":"B","i":8799440150,"W":"L","s":3819,"p":5598.5},{"S":"B","i":8799440200,"W":"L","s":34791,"p":5598},{"S":"B","i":8799440250,"W":"L","s":460,"p":5597.5},{"S":"B","i":8799440300,"W":"L","s":4596,"p":5597},{"S":"B","i":8799440400,"W":"L","s":1758,"p":5596},{"S":"B","i":8799440450,"W":"L","s":1861,"p":5595.5},{"S":"B","i":8799440500,"W":"L","s":3230,"p":5595},{"S":"B","i":8799440550,"W":"L","s":12517,"p":5594.5},{"S":"B","i":8799440600,"W":"L","s":1138,"p":5594},{"S":"B","i":8799440650,"W":"L","s":1574,"p":5593.5},{"S":"B","i":8799440700,"W":"L","s":46,"p":5593},{"S":"B","i":8799440750,"W":"L","s":9962,"p":5592.5},{"S":"B","i":8799440800,"W":"L","s":3430,"p":5592},{"S":"B","i":8799440850,"W":"L","s":96,"p":5591.5},{"S":"B","i":8799440900,"W":"L","s":8192,"p":5591},{"S":"B","i":8799440950,"W":"L","s":203,"p":5590.5},{"S":"B","i":8799441000,"W":"L","s":9636,"p":5590},{"S":"B","i":8799441050,"W":"L","s":12785,"p":5589.5},{"S":"B","i":8799441100,"W":"L","s":46613,"p":5589},{"S":"B","i":8799441150,"W":"L","s":34903,"p":5588.5},{"S":"B","i":8799441200,"W":"L","s":65121,"p":5588},{"S":"B","i":8799441250,"W":"L","s":2850,"p":5587.5},{"S":"B","i":8799441300,"W":"L","s":2142,"p":5587},{"S":"B","i":8799441350,"W":"L","s":1055,"p":5586.5},{"S":"B","i":8799441400,"W":"L","s":78,"p":5586},{"S":"B","i":8799441450,"W":"L","s":5918,"p":5585.5},{"S":"B","i":8799441500,"W":"L","s":4756,"p":5585},{"S":"B","i":8799441550,"W":"L","s":3710,"p":5584.5},{"S":"B","i":8799441600,"W":"L","s":5000,"p":5584},{"S":"B","i":8799441650,"W":"L","s":4094,"p":5583.5},{"S":"B","i":8799441700,"W":"L","s":30740,"p":5583},{"S":"B","i":8799441750,"W":"L","s":460,"p":5582.5},{"S":"B","i":8799441800,"W":"L","s":5146,"p":5582},{"S":"B","i":8799441850,"W":"L","s":10328,"p":5581.5},{"S":"B","i":8799441900,"W":"L","s":682,"p":5581},{"S":"B","i":8799441950,"W":"L","s":1861,"p":5580.5},{"S":"B","i":8799442000,"W":"L","s":73600,"p":5580},{"S":"B","i":8799442050,"W":"L","s":874,"p":5579.5},{"S":"B","i":8799442100,"W":"L","s":288,"p":5579},{"S":"B","i":8799442150,"W":"L","s":1474,"p":5578.5},{"S":"B","i":8799442200,"W":"L","s":35121,"p":5578},{"S":"B","i":8799442250,"W":"L","s":11239,"p":5577.5},{"S":"B","i":8799442300,"W":"L","s":3130,"p":5577},{"S":"B","i":8799442350,"W":"L","s":96,"p":5576.5},{"S":"B","i":8799442400,"W":"L","s":213,"p":5576},{"S":"B","i":8799442450,"W":"L","s":203,"p":5575.5},{"S":"B","i":8799442500,"W":"L","s":13425,"p":5575},{"S":"B","i":8799442550,"W":"L","s":15385,"p":5574.5},{"S":"B","i":8799442600,"W":"L","s":25828,"p":5574},{"S":"B","i":8799442650,"W":"L","s":7203,"p":5573.5},{"S":"B","i":8799442700,"W":"L","s":13896,"p":5573},{"S":"B","i":8799442750,"W":"L","s":2850,"p":5572.5},{"S":"B","i":8799442800,"W":"L","s":3124,"p":5572},{"S":"B","i":8799442850,"W":"L","s":1555,"p":5571.5},{"S":"B","i":8799442900,"W":"L","s":18,"p":5571},{"S":"B","i":8799442950,"W":"L","s":1018,"p":5570.5},{"S":"B","i":8799443000,"W":"L","s":4745,"p":5570},{"S":"B","i":8799443050,"W":"L","s":3642,"p":5569.5},{"S":"B","i":8799443100,"W":"L","s":77,"p":5569},{"S":"B","i":8799443150,"W":"L","s":13822,"p":5568.5},{"S":"B","i":8799443200,"W":"L","s":321891,"p":5568},{"S":"B","i":8799443250,"W":"L","s":120460,"p":5567.5},{"S":"B","i":8799443300,"W":"L","s":29496,"p":5567},{"S":"B","i":8799443350,"W":"L","s":4250,"p":5566.5},{"S":"B","i":8799443400,"W":"L","s":7114,"p":5566},{"S":"B","i":8799443450,"W":"L","s":1861,"p":5565.5},{"S":"B","i":8799443500,"W":"L","s":1130,"p":5565},{"S":"B","i":8799443550,"W":"L","s":774,"p":5564.5},{"S":"B","i":8799443600,"W":"L","s":563,"p":5564},{"S":"B","i":8799443650,"W":"L","s":74,"p":5563.5},{"S":"B","i":8799443700,"W":"L","s":32580,"p":5563},{"S":"B","i":8799443750,"W":"L","s":10362,"p":5562.5},{"S":"B","i":8799443800,"W":"L","s":3630,"p":5562},{"S":"B","i":8799443850,"W":"L","s":20096,"p":5561.5},{"S":"B","i":8799443900,"W":"L","s":133,"p":5561},{"S":"B","i":8799443950,"W":"L","s":203,"p":5560.5},{"S":"B","i":8799444000,"W":"L","s":100664,"p":5560},{"S":"B","i":8799444050,"W":"L","s":7785,"p":5559.5},{"S":"B","i":8799444100,"W":"L","s":27904,"p":5559},{"S":"B","i":8799444150,"W":"L","s":4203,"p":5558.5},{"S":"B","i":8799444200,"W":"L","s":14301,"p":5558},{"S":"B","i":8799444250,"W":"L","s":10850,"p":5557.5},{"S":"B","i":8799444300,"W":"L","s":3124,"p":5557},{"S":"B","i":8799444350,"W":"L","s":2155,"p":5556.5},{"S":"B","i":8799444400,"W":"L","s":42848,"p":5556},{"S":"B","i":8799444450,"W":"L","s":64017,"p":5555.5},{"S":"B","i":8799444500,"W":"L","s":85129,"p":5555},{"S":"B","i":8799444550,"W":"L","s":3642,"p":5554.5},{"S":"B","i":8799444650,"W":"L","s":26149,"p":5553.5},{"S":"B","i":8799444700,"W":"L","s":19668,"p":5553},{"S":"B","i":8799444750,"W":"L","s":3755,"p":5552.5},{"S":"B","i":8799444800,"W":"L","s":14496,"p":5552},{"S":"B","i":8799444850,"W":"L","s":1200,"p":5551.5},{"S":"B","i":8799444900,"W":"L","s":3782,"p":5551},{"S":"B","i":8799444950,"W":"L","s":2838,"p":5550.5},{"S":"B","i":8799445000,"W":"L","s":51613,"p":5550},{"S":"B","i":8799445050,"W":"L","s":774,"p":5549.5},{"S":"B","i":8799445100,"W":"L","s":288,"p":5549},{"S":"B","i":8799445150,"W":"L","s":74,"p":5548.5},{"S":"B","i":8799445200,"W":"L","s":2646,"p":5548},{"S":"B","i":8799445250,"W":"L","s":10062,"p":5547.5},{"S":"B","i":8799445300,"W":"L","s":3030,"p":5547},{"S":"B","i":8799445350,"W":"L","s":234,"p":5546.5},{"S":"B","i":8799445400,"W":"L","s":708,"p":5546},{"S":"B","i":8799445450,"W":"L","s":203,"p":5545.5},{"S":"B","i":8799445500,"W":"L","s":1216,"p":5545},{"S":"B","i":8799445550,"W":"L","s":2785,"p":5544.5},{"S":"B","i":8799445600,"W":"L","s":27828,"p":5544},{"S":"B","i":8799445650,"W":"L","s":4703,"p":5543.5},{"S":"B","i":8799445700,"W":"L","s":14055,"p":5543},{"S":"B","i":8799445750,"W":"L","s":14109,"p":5542.5},{"S":"B","i":8799445800,"W":"L","s":1124,"p":5542},{"S":"B","i":8799445850,"W":"L","s":1330,"p":5541.5},{"S":"B","i":8799445900,"W":"L","s":2500,"p":5541},{"S":"B","i":8799445950,"W":"L","s":1018,"p":5540.5},{"S":"B","i":8799446000,"W":"L","s":4845,"p":5540},{"S":"B","i":8799446050,"W":"L","s":16492,"p":5539.5},{"S":"B","i":8799446100,"W":"L","s":101,"p":5539},{"S":"B","i":8799446150,"W":"L","s":3594,"p":5538.5},{"S":"B","i":8799446200,"W":"L","s":52591,"p":5538},{"S":"B","i":8799446250,"W":"L","s":485,"p":5537.5},{"S":"B","i":8799446300,"W":"L","s":6573,"p":5537},{"S":"B","i":8799446350,"W":"L","s":5000,"p":5536.5},{"S":"B","i":8799446400,"W":"L","s":2768,"p":5536},{"S":"B","i":8799446450,"W":"L","s":1911,"p":5535.5},{"S":"B","i":8799446500,"W":"L","s":130,"p":5535},{"S":"B","i":8799446550,"W":"L","s":774,"p":5534.5},{"S":"B","i":8799446600,"W":"L","s":288,"p":5534},{"S":"B","i":8799446650,"W":"L","s":1074,"p":5533.5},{"S":"B","i":8799446700,"W":"L","s":2546,"p":5533},{"S":"B","i":8799446750,"W":"L","s":11162,"p":5532.5},{"S":"B","i":8799446800,"W":"L","s":4430,"p":5532},{"S":"B","i":8799446850,"W":"L","s":596,"p":5531.5},{"S":"B","i":8799446900,"W":"L","s":16133,"p":5531},{"S":"B","i":8799446950,"W":"L","s":26403,"p":5530.5},{"S":"B","i":8799447000,"W":"L","s":11841,"p":5530},{"S":"B","i":8799447050,"W":"L","s":21149,"p":5529.5},{"S":"B","i":8799447100,"W":"L","s":25878,"p":5529},{"S":"B","i":8799447150,"W":"L","s":224203,"p":5528.5},{"S":"B","i":8799447200,"W":"L","s":22394,"p":5528},{"S":"B","i":8799447250,"W":"L","s":2850,"p":5527.5},{"S":"B","i":8799447300,"W":"L","s":22203,"p":5527},{"S":"B","i":8799447350,"W":"L","s":1460,"p":5526.5},{"S":"B","i":8799447450,"W":"L","s":1158,"p":5525.5},{"S":"B","i":8799447500,"W":"L","s":15545,"p":5525},{"S":"B","i":8799447550,"W":"L","s":3642,"p":5524.5},{"S":"B","i":8799447600,"W":"L","s":20000,"p":5524},{"S":"B","i":8799447650,"W":"L","s":33594,"p":5523.5},{"S":"B","i":8799447700,"W":"L","s":35279,"p":5523},{"S":"B","i":8799447750,"W":"L","s":460,"p":5522.5},{"S":"B","i":8799447800,"W":"L","s":6496,"p":5522},{"S":"B","i":8799447850,"W":"L","s":10100,"p":5521.5},{"S":"B","i":8799447900,"W":"L","s":12959,"p":5521},{"S":"B","i":8799447950,"W":"L","s":4365,"p":5520.5},{"S":"B","i":8799448000,"W":"L","s":7798,"p":5520},{"S":"B","i":8799448050,"W":"L","s":2774,"p":5519.5},{"S":"B","i":8799448100,"W":"L","s":288,"p":5519},{"S":"B","i":8799448150,"W":"L","s":10074,"p":5518.5},{"S":"B","i":8799448200,"W":"L","s":994,"p":5518},{"S":"B","i":8799448250,"W":"L","s":9962,"p":5517.5},{"S":"B","i":8799448300,"W":"L","s":3244,"p":5517},{"S":"B","i":8799448350,"W":"L","s":15598,"p":5516.5},{"S":"B","i":8799448400,"W":"L","s":346,"p":5516},{"S":"B","i":8799448450,"W":"L","s":1453,"p":5515.5},{"S":"B","i":8799448500,"W":"L","s":1066,"p":5515},{"S":"B","i":8799448550,"W":"L","s":3085,"p":5514.5},{"S":"B","i":8799448600,"W":"L","s":26403,"p":5514},{"S":"B","i":8799448650,"W":"L","s":4203,"p":5513.5},{"S":"B","i":8799448700,"W":"L","s":14013,"p":5513},{"S":"B","i":8799448750,"W":"L","s":3150,"p":5512.5},{"S":"B","i":8799448800,"W":"L","s":3224,"p":5512},{"S":"B","i":8799448850,"W":"L","s":1055,"p":5511.5},{"S":"B","i":8799448900,"W":"L","s":11828,"p":5511},{"S":"B","i":8799448950,"W":"L","s":3518,"p":5510.5},{"S":"B","i":8799449000,"W":"L","s":99151,"p":5510},{"S":"B","i":8799449050,"W":"L","s":23642,"p":5509.5},{"S":"B","i":8799449100,"W":"L","s":10150,"p":5509},{"S":"B","i":8799449150,"W":"L","s":9619,"p":5508.5},{"S":"B","i":8799449200,"W":"L","s":19824,"p":5508},{"S":"B","i":8799449250,"W":"L","s":20510,"p":5507.5},{"S":"B","i":8799449300,"W":"L","s":18182,"p":5507},{"S":"B","i":8799449350,"W":"L","s":25,"p":5506.5},{"S":"B","i":8799449400,"W":"L","s":3382,"p":5506},{"S":"B","i":8799449450,"W":"L","s":2361,"p":5505.5},{"S":"B","i":8799449500,"W":"L","s":51278,"p":5505},{"S":"B","i":8799449550,"W":"L","s":774,"p":5504.5},{"S":"B","i":8799449600,"W":"L","s":21788,"p":5504},{"S":"B","i":8799449650,"W":"L","s":41856,"p":5503.5},{"S":"B","i":8799449700,"W":"L","s":3446,"p":5503},{"S":"B","i":8799449750,"W":"L","s":24337,"p":5502.5},{"S":"B","i":8799449800,"W":"L","s":24130,"p":5502},{"S":"B","i":8799449850,"W":"L","s":827,"p":5501.5},{"S":"B","i":8799449900,"W":"L","s":51912,"p":5501},{"S":"B","i":8799449950,"W":"L","s":11333,"p":5500.5},{"S":"B","i":8799450000,"W":"L","s":651598,"p":5500},{"S":"B","i":8799450050,"W":"L","s":2785,"p":5499.5},{"S":"B","i":8799450100,"W":"L","s":27128,"p":5499},{"S":"B","i":8799450150,"W":"L","s":4228,"p":5498.5},{"S":"B","i":8799450200,"W":"L","s":15471,"p":5498},{"S":"B","i":8799450250,"W":"L","s":4350,"p":5497.5},{"S":"B","i":8799450300,"W":"L","s":11710,"p":5497},{"S":"B","i":8799450350,"W":"L","s":1055,"p":5496.5},{"S":"B","i":8799450400,"W":"L","s":90,"p":5496},{"S":"B","i":8799450450,"W":"L","s":31018,"p":5495.5},{"S":"B","i":8799450500,"W":"L","s":1804,"p":5495},{"S":"B","i":8799450550,"W":"L","s":4047,"p":5494.5},{"S":"B","i":8799450600,"W":"L","s":4050,"p":5494},{"S":"B","i":8799450650,"W":"L","s":3644,"p":5493.5},{"S":"B","i":8799450700,"W":"L","s":19704,"p":5493},{"S":"B","i":8799450750,"W":"L","s":460,"p":5492.5},{"S":"B","i":8799450800,"W":"L","s":5296,"p":5492},{"S":"B","i":8799450850,"W":"L","s":6891,"p":5491.5},{"S":"B","i":8799450900,"W":"L","s":700,"p":5491},{"S":"B","i":8799450950,"W":"L","s":14006,"p":5490.5},{"S":"B","i":8799451000,"W":"L","s":89100,"p":5490},{"S":"B","i":8799451050,"W":"L","s":774,"p":5489.5},{"S":"B","i":8799451100,"W":"L","s":365,"p":5489},{"S":"B","i":8799451150,"W":"L","s":74,"p":5488.5},{"S":"B","i":8799451200,"W":"L","s":52496,"p":5488},{"S":"B","i":8799451250,"W":"L","s":10062,"p":5487.5},{"S":"B","i":8799451300,"W":"L","s":4030,"p":5487},{"S":"B","i":8799451350,"W":"L","s":3196,"p":5486.5},{"S":"B","i":8799451400,"W":"L","s":3158,"p":5486},{"S":"B","i":8799451450,"W":"L","s":5203,"p":5485.5},{"S":"B","i":8799451500,"W":"L","s":566,"p":5485},{"S":"B","i":8799451550,"W":"L","s":2880,"p":5484.5},{"S":"B","i":8799451600,"W":"L","s":28828,"p":5484},{"S":"B","i":8799451650,"W":"L","s":4203,"p":5483.5},{"S":"B","i":8799451700,"W":"L","s":15195,"p":5483},{"S":"B","i":8799451750,"W":"L","s":2850,"p":5482.5},{"S":"B","i":8799451800,"W":"L","s":13699,"p":5482},{"S":"B","i":8799451850,"W":"L","s":1155,"p":5481.5},{"S":"B","i":8799451900,"W":"L","s":10000,"p":5481},{"S":"B","i":8799451950,"W":"L","s":3518,"p":5480.5},{"S":"B","i":8799452000,"W":"L","s":18895,"p":5480},{"S":"B","i":8799452050,"W":"L","s":3642,"p":5479.5},{"S":"B","i":8799452100,"W":"L","s":59,"p":5479},{"S":"B","i":8799452150,"W":"L","s":3694,"p":5478.5},{"S":"B","i":8799452200,"W":"L","s":20091,"p":5478},{"S":"B","i":8799452250,"W":"L","s":12980,"p":5477.5},{"S":"B","i":8799452300,"W":"L","s":12243,"p":5477},{"S":"B","i":8799452350,"W":"L","s":55000,"p":5476.5},{"S":"B","i":8799452400,"W":"L","s":2774,"p":5476},{"S":"B","i":8799452450,"W":"L","s":4620,"p":5475.5},{"S":"B","i":8799452500,"W":"L","s":3348,"p":5475},{"S":"B","i":8799452550,"W":"L","s":1015,"p":5474.5},{"S":"B","i":8799452600,"W":"L","s":488,"p":5474},{"S":"B","i":8799452650,"W":"L","s":74,"p":5473.5},{"S":"B","i":8799452700,"W":"L","s":123,"p":5473},{"S":"B","i":8799452750,"W":"L","s":9962,"p":5472.5},{"S":"B","i":8799452800,"W":"L","s":3030,"p":5472},{"S":"B","i":8799452850,"W":"L","s":96,"p":5471.5},{"S":"B","i":8799452900,"W":"L","s":3133,"p":5471},{"S":"B","i":8799452950,"W":"L","s":453,"p":5470.5},{"S":"B","i":8799453000,"W":"L","s":8457,"p":5470},{"S":"B","i":8799453050,"W":"L","s":2785,"p":5469.5},{"S":"B","i":8799453100,"W":"L","s":55828,"p":5469},{"S":"B","i":8799453150,"W":"L","s":5303,"p":5468.5},{"S":"B","i":8799453200,"W":"L","s":14046,"p":5468},{"S":"B","i":8799453250,"W":"L","s":2850,"p":5467.5},{"S":"B","i":8799453300,"W":"L","s":8760,"p":5467},{"S":"B","i":8799453350,"W":"L","s":1055,"p":5466.5},{"S":"B","i":8799453400,"W":"L","s":1925,"p":5466},{"S":"B","i":8799453450,"W":"L","s":3043,"p":5465.5},{"S":"B","i":8799453500,"W":"L","s":2075,"p":5465},{"S":"B","i":8799453550,"W":"L","s":17344,"p":5464.5},{"S":"B","i":8799453600,"W":"L","s":25201,"p":5464},{"S":"B","i":8799453650,"W":"L","s":3594,"p":5463.5},{"S":"B","i":8799453700,"W":"L","s":27750,"p":5463},{"S":"B","i":8799453750,"W":"L","s":10460,"p":5462.5},{"S":"B","i":8799453800,"W":"L","s":5796,"p":5462},{"S":"B","i":8799453900,"W":"L","s":682,"p":5461},{"S":"B","i":8799453950,"W":"L","s":1961,"p":5460.5},{"S":"B","i":8799454000,"W":"L","s":36932,"p":5460},{"S":"B","i":8799454050,"W":"L","s":1274,"p":5459.5},{"S":"B","i":8799454100,"W":"L","s":25306,"p":5459},{"S":"B","i":8799454150,"W":"L","s":10074,"p":5458.5},{"S":"B","i":8799454200,"W":"L","s":10596,"p":5458},{"S":"B","i":8799454250,"W":"L","s":9962,"p":5457.5},{"S":"B","i":8799454300,"W":"L","s":6607,"p":5457},{"S":"B","i":8799454350,"W":"L","s":96,"p":5456.5},{"S":"B","i":8799454400,"W":"L","s":227,"p":5456},{"S":"B","i":8799454450,"W":"L","s":203,"p":5455.5},{"S":"B","i":8799454500,"W":"L","s":3896,"p":5455},{"S":"B","i":8799454550,"W":"L","s":12785,"p":5454.5},{"S":"B","i":8799454600,"W":"L","s":34828,"p":5454},{"S":"B","i":8799454650,"W":"L","s":4203,"p":5453.5},{"S":"B","i":8799454700,"W":"L","s":101657,"p":5453},{"S":"B","i":8799454750,"W":"L","s":2850,"p":5452.5},{"S":"B","i":8799454800,"W":"L","s":1124,"p":5452},{"S":"B","i":8799454850,"W":"L","s":14461,"p":5451.5},{"S":"B","i":8799454900,"W":"L","s":30200,"p":5451},{"S":"B","i":8799454950,"W":"L","s":3018,"p":5450.5},{"S":"B","i":8799455000,"W":"L","s":103000,"p":5450},{"S":"B","i":8799455050,"W":"L","s":3642,"p":5449.5},{"S":"B","i":8799455100,"W":"L","s":8000,"p":5449},{"S":"B","i":8799455150,"W":"L","s":3594,"p":5448.5},{"S":"B","i":8799455200,"W":"L","s":19591,"p":5448},{"S":"B","i":8799455250,"W":"L","s":2460,"p":5447.5},{"S":"B","i":8799455300,"W":"L","s":5925,"p":5447},{"S":"B","i":8799455400,"W":"L","s":862,"p":5446},{"S":"B","i":8799455450,"W":"L","s":1961,"p":5445.5},{"S":"B","i":8799455500,"W":"L","s":1100,"p":5445},{"S":"B","i":8799455550,"W":"L","s":10816,"p":5444.5},{"S":"B","i":8799455600,"W":"L","s":288,"p":5444},{"S":"B","i":8799455650,"W":"L","s":74,"p":5443.5},{"S":"B","i":8799455700,"W":"L","s":5164,"p":5443},{"S":"B","i":8799455750,"W":"L","s":9962,"p":5442.5},{"S":"B","i":8799455800,"W":"L","s":3030,"p":5442},{"S":"B","i":8799455850,"W":"L","s":96,"p":5441.5},{"S":"B","i":8799455900,"W":"L","s":391,"p":5441},{"S":"B","i":8799455950,"W":"L","s":203,"p":5440.5},{"S":"B","i":8799456000,"W":"L","s":2566,"p":5440},{"S":"B","i":8799456050,"W":"L","s":2860,"p":5439.5},{"S":"B","i":8799456100,"W":"L","s":38428,"p":5439},{"S":"B","i":8799456150,"W":"L","s":18121,"p":5438.5},{"S":"B","i":8799456200,"W":"L","s":13896,"p":5438},{"S":"B","i":8799456250,"W":"L","s":2950,"p":5437.5},{"S":"B","i":8799456300,"W":"L","s":1124,"p":5437},{"S":"B","i":8799456350,"W":"L","s":1185,"p":5436.5},{"S":"B","i":8799456400,"W":"L","s":5096,"p":5436},{"S":"B","i":8799456450,"W":"L","s":1018,"p":5435.5},{"S":"B","i":8799456500,"W":"L","s":4845,"p":5435},{"S":"B","i":8799456550,"W":"L","s":3642,"p":5434.5},{"S":"B","i":8799456600,"W":"L","s":575,"p":5434},{"S":"B","i":8799456650,"W":"L","s":3594,"p":5433.5},{"S":"B","i":8799456700,"W":"L","s":24791,"p":5433},{"S":"B","i":8799456750,"W":"L","s":460,"p":5432.5},{"S":"B","i":8799456800,"W":"L","s":4796,"p":5432},{"S":"B","i":8799456850,"W":"L","s":405,"p":5431.5},{"S":"B","i":8799456900,"W":"L","s":2841,"p":5431},{"S":"B","i":8799456950,"W":"L","s":11861,"p":5430.5},{"S":"B","i":8799457000,"W":"L","s":6850,"p":5430},{"S":"B","i":8799457050,"W":"L","s":774,"p":5429.5},{"S":"B","i":8799457100,"W":"L","s":288,"p":5429},{"S":"B","i":8799457150,"W":"L","s":233,"p":5428.5},{"S":"B","i":8799457200,"W":"L","s":46,"p":5428},{"S":"B","i":8799457250,"W":"L","s":9962,"p":5427.5},{"S":"B","i":8799457300,"W":"L","s":3048,"p":5427},{"S":"B","i":8799457350,"W":"L","s":8096,"p":5426.5},{"S":"B","i":8799457400,"W":"L","s":133,"p":5426},{"S":"B","i":8799457450,"W":"L","s":14846,"p":5425.5},{"S":"B","i":8799457500,"W":"L","s":7543,"p":5425},{"S":"B","i":8799457550,"W":"L","s":252875,"p":5424.5},{"S":"B","i":8799457600,"W":"L","s":25828,"p":5424},{"S":"B","i":8799457650,"W":"L","s":52261,"p":5423.5},{"S":"B","i":8799457700,"W":"L","s":52930,"p":5423},{"S":"B","i":8799457750,"W":"L","s":2850,"p":5422.5},{"S":"B","i":8799457800,"W":"L","s":1624,"p":5422},{"S":"B","i":8799457850,"W":"L","s":1055,"p":5421.5},{"S":"B","i":8799457950,"W":"L","s":1018,"p":5420.5},{"S":"B","i":8799458000,"W":"L","s":10895,"p":5420},{"S":"B","i":8799458050,"W":"L","s":3742,"p":5419.5},{"S":"B","i":8799458150,"W":"L","s":3594,"p":5418.5},{"S":"B","i":8799458200,"W":"L","s":20166,"p":5418},{"S":"B","i":8799458250,"W":"L","s":460,"p":5417.5},{"S":"B","i":8799458300,"W":"L","s":5180,"p":5417},{"S":"B","i":8799458400,"W":"L","s":780,"p":5416},{"S":"B","i":8799458450,"W":"L","s":1961,"p":5415.5},{"S":"B","i":8799458500,"W":"L","s":709,"p":5415},{"S":"B","i":8799458550,"W":"L","s":774,"p":5414.5},{"S":"B","i":8799458600,"W":"L","s":304,"p":5414},{"S":"B","i":8799458650,"W":"L","s":13074,"p":5413.5},{"S":"B","i":8799458700,"W":"L","s":46,"p":5413},{"S":"B","i":8799458750,"W":"L","s":24544,"p":5412.5},{"S":"B","i":8799458800,"W":"L","s":3030,"p":5412},{"S":"B","i":8799458850,"W":"L","s":3096,"p":5411.5},{"S":"B","i":8799458900,"W":"L","s":451,"p":5411},{"S":"B","i":8799458950,"W":"L","s":203,"p":5410.5},{"S":"B","i":8799459000,"W":"L","s":7566,"p":5410},{"S":"B","i":8799459050,"W":"L","s":2785,"p":5409.5},{"S":"B","i":8799459100,"W":"L","s":33405,"p":5409},{"S":"B","i":8799459150,"W":"L","s":4203,"p":5408.5},{"S":"B","i":8799459200,"W":"L","s":15596,"p":5408},{"S":"B","i":8799459250,"W":"L","s":2850,"p":5407.5},{"S":"B","i":8799459300,"W":"L","s":1159,"p":5407},{"S":"B","i":8799459350,"W":"L","s":1055,"p":5406.5},{"S":"B","i":8799459400,"W":"L","s":600,"p":5406},{"S":"B","i":8799459450,"W":"L","s":13373,"p":5405.5},{"S":"B","i":8799459500,"W":"L","s":3045,"p":5405},{"S":"B","i":8799459550,"W":"L","s":48642,"p":5404.5},{"S":"B","i":8799459600,"W":"L","s":500,"p":5404},{"S":"B","i":8799459650,"W":"L","s":3594,"p":5403.5},{"S":"B","i":8799459700,"W":"L","s":21091,"p":5403},{"S":"B","i":8799459750,"W":"L","s":10660,"p":5402.5},{"S":"B","i":8799459800,"W":"L","s":15191,"p":5402},{"S":"B","i":8799459900,"W":"L","s":6425,"p":5401},{"S":"B","i":8799459950,"W":"L","s":12756,"p":5400.5},{"S":"B","i":8799460000,"W":"L","s":189748,"p":5400},{"S":"B","i":8799460050,"W":"L","s":17408,"p":5399.5},{"S":"B","i":8799460100,"W":"L","s":1847,"p":5399},{"S":"B","i":8799460150,"W":"L","s":74,"p":5398.5},{"S":"B","i":8799460200,"W":"L","s":46,"p":5398},{"S":"B","i":8799460250,"W":"L","s":9962,"p":5397.5},{"S":"B","i":8799460300,"W":"L","s":3030,"p":5397},{"S":"B","i":8799460350,"W":"L","s":96,"p":5396.5},{"S":"B","i":8799460400,"W":"L","s":2233,"p":5396},{"S":"B","i":8799460450,"W":"L","s":203,"p":5395.5},{"S":"B","i":8799460500,"W":"L","s":534,"p":5395},{"S":"B","i":8799460550,"W":"L","s":2785,"p":5394.5},{"S":"B","i":8799460600,"W":"L","s":27828,"p":5394},{"S":"B","i":8799460650,"W":"L","s":4383,"p":5393.5},{"S":"B","i":8799460700,"W":"L","s":13973,"p":5393},{"S":"B","i":8799460750,"W":"L","s":2850,"p":5392.5},{"S":"B","i":8799460800,"W":"L","s":1124,"p":5392},{"S":"B","i":8799460850,"W":"L","s":1055,"p":5391.5},{"S":"B","i":8799460950,"W":"L","s":1018,"p":5390.5},{"S":"B","i":8799461000,"W":"L","s":5767,"p":5390},{"S":"B","i":8799461050,"W":"L","s":3642,"p":5389.5},{"S":"B","i":8799461100,"W":"L","s":3300,"p":5389},{"S":"B","i":8799461150,"W":"L","s":2695,"p":5388.5},{"S":"B","i":8799461200,"W":"L","s":66532,"p":5388},{"S":"B","i":8799461250,"W":"L","s":460,"p":5387.5},{"S":"B","i":8799461300,"W":"L","s":5496,"p":5387},{"S":"B","i":8799461350,"W":"L","s":15502,"p":5386.5},{"S":"B","i":8799461400,"W":"L","s":1347,"p":5386},{"S":"B","i":8799461450,"W":"L","s":1961,"p":5385.5},{"S":"B","i":8799461500,"W":"L","s":3035,"p":5385},{"S":"B","i":8799461550,"W":"L","s":774,"p":5384.5},{"S":"B","i":8799461600,"W":"L","s":304,"p":5384},{"S":"B","i":8799461650,"W":"L","s":3001,"p":5383.5},{"S":"B","i":8799461700,"W":"L","s":1305,"p":5383},{"S":"B","i":8799461750,"W":"L","s":9962,"p":5382.5},{"S":"B","i":8799461800,"W":"L","s":3030,"p":5382},{"S":"B","i":8799461850,"W":"L","s":5096,"p":5381.5},{"S":"B","i":8799461900,"W":"L","s":433,"p":5381},{"S":"B","i":8799461950,"W":"L","s":203,"p":5380.5},{"S":"B","i":8799462000,"W":"L","s":14566,"p":5380},{"S":"B","i":8799462050,"W":"L","s":2785,"p":5379.5},{"S":"B","i":8799462100,"W":"L","s":6111,"p":5379},{"S":"B","i":8799462150,"W":"L","s":4203,"p":5378.5},{"S":"B","i":8799462200,"W":"L","s":28896,"p":5378},{"S":"B","i":8799462250,"W":"L","s":2850,"p":5377.5},{"S":"B","i":8799462300,"W":"L","s":4301,"p":5377},{"S":"B","i":8799462350,"W":"L","s":1055,"p":5376.5},{"S":"B","i":8799462400,"W":"L","s":112,"p":5376},{"S":"B","i":8799462450,"W":"L","s":1018,"p":5375.5},{"S":"B","i":8799462500,"W":"L","s":22245,"p":5375},{"S":"B","i":8799462550,"W":"L","s":4642,"p":5374.5},{"S":"B","i":8799462600,"W":"L","s":106,"p":5374},{"S":"B","i":8799462650,"W":"L","s":18779,"p":5373.5},{"S":"B","i":8799462700,"W":"L","s":19591,"p":5373},{"S":"B","i":8799462750,"W":"L","s":460,"p":5372.5},{"S":"B","i":8799462800,"W":"L","s":4496,"p":5372},{"S":"B","i":8799462850,"W":"L","s":100,"p":5371.5},{"S":"B","i":8799462900,"W":"L","s":3609,"p":5371},{"S":"B","i":8799462950,"W":"L","s":1861,"p":5370.5},{"S":"B","i":8799463000,"W":"L","s":4382,"p":5370},{"S":"B","i":8799463050,"W":"L","s":774,"p":5369.5},{"S":"B","i":8799463100,"W":"L","s":288,"p":5369},{"S":"B","i":8799463150,"W":"L","s":174,"p":5368.5},{"S":"B","i":8799463200,"W":"L","s":245,"p":5368},{"S":"B","i":8799463250,"W":"L","s":9962,"p":5367.5},{"S":"B","i":8799463300,"W":"L","s":3089,"p":5367},{"S":"B","i":8799463350,"W":"L","s":11096,"p":5366.5},{"S":"B","i":8799463400,"W":"L","s":8778,"p":5366},{"S":"B","i":8799463450,"W":"L","s":734,"p":5365.5},{"S":"B","i":8799463500,"W":"L","s":101469,"p":5365},{"S":"B","i":8799463550,"W":"L","s":2985,"p":5364.5},{"S":"B","i":8799463600,"W":"L","s":1093,"p":5364},{"S":"B","i":8799463650,"W":"L","s":4203,"p":5363.5},{"S":"B","i":8799463700,"W":"L","s":14014,"p":5363},{"S":"B","i":8799463750,"W":"L","s":3850,"p":5362.5},{"S":"B","i":8799463800,"W":"L","s":51486,"p":5362},{"S":"B","i":8799463850,"W":"L","s":6055,"p":5361.5},{"S":"B","i":8799463900,"W":"L","s":377,"p":5361},{"S":"B","i":8799463950,"W":"L","s":17499,"p":5360.5},{"S":"B","i":8799464000,"W":"L","s":10545,"p":5360},{"S":"B","i":8799464050,"W":"L","s":13642,"p":5359.5},{"S":"B","i":8799464100,"W":"L","s":2000,"p":5359},{"S":"B","i":8799464150,"W":"L","s":2695,"p":5358.5},{"S":"B","i":8799464200,"W":"L","s":20091,"p":5358},{"S":"B","i":8799464250,"W":"L","s":8460,"p":5357.5},{"S":"B","i":8799464300,"W":"L","s":6596,"p":5357},{"S":"B","i":8799464350,"W":"L","s":3311,"p":5356.5},{"S":"B","i":8799464400,"W":"L","s":2786,"p":5356},{"S":"B","i":8799464450,"W":"L","s":6911,"p":5355.5},{"S":"B","i":8799464500,"W":"L","s":5700,"p":5355},{"S":"B","i":8799464550,"W":"L","s":11574,"p":5354.5},{"S":"B","i":8799464600,"W":"L","s":994,"p":5354},{"S":"B","i":8799464650,"W":"L","s":74,"p":5353.5},{"S":"B","i":8799464700,"W":"L","s":127,"p":5353},{"S":"B","i":8799464750,"W":"L","s":10043,"p":5352.5},{"S":"B","i":8799464800,"W":"L","s":3030,"p":5352},{"S":"B","i":8799464850,"W":"L","s":96,"p":5351.5},{"S":"B","i":8799464900,"W":"L","s":292,"p":5351},{"S":"B","i":8799464950,"W":"L","s":603,"p":5350.5},{"S":"B","i":8799465000,"W":"L","s":68566,"p":5350},{"S":"B","i":8799465050,"W":"L","s":2785,"p":5349.5},{"S":"B","i":8799465100,"W":"L","s":9093,"p":5349},{"S":"B","i":8799465150,"W":"L","s":4203,"p":5348.5},{"S":"B","i":8799465200,"W":"L","s":15396,"p":5348},{"S":"B","i":8799465250,"W":"L","s":19845,"p":5347.5},{"S":"B","i":8799465300,"W":"L","s":1142,"p":5347},{"S":"B","i":8799465350,"W":"L","s":1055,"p":5346.5},{"S":"B","i":8799465450,"W":"L","s":1018,"p":5345.5},{"S":"B","i":8799465500,"W":"L","s":21922,"p":5345},{"S":"B","i":8799465550,"W":"L","s":3642,"p":5344.5},{"S":"B","i":8799465650,"W":"L","s":2695,"p":5343.5},{"S":"B","i":8799465700,"W":"L","s":21272,"p":5343},{"S":"B","i":8799465750,"W":"L","s":20460,"p":5342.5},{"S":"B","i":8799465800,"W":"L","s":18077,"p":5342},{"S":"B","i":8799465900,"W":"L","s":682,"p":5341},{"S":"B","i":8799465950,"W":"L","s":2011,"p":5340.5},{"S":"B","i":8799466000,"W":"L","s":12650,"p":5340},{"S":"B","i":8799466050,"W":"L","s":1399,"p":5339.5},{"S":"B","i":8799466100,"W":"L","s":388,"p":5339},{"S":"B","i":8799466150,"W":"L","s":74,"p":5338.5},{"S":"B","i":8799466200,"W":"L","s":640,"p":5338},{"S":"B","i":8799466250,"W":"L","s":9962,"p":5337.5},{"S":"B","i":8799466300,"W":"L","s":8030,"p":5337},{"S":"B","i":8799466350,"W":"L","s":99,"p":5336.5},{"S":"B","i":8799466400,"W":"L","s":239,"p":5336},{"S":"B","i":8799466450,"W":"L","s":29203,"p":5335.5},{"S":"B","i":8799466500,"W":"L","s":425,"p":5335},{"S":"B","i":8799466550,"W":"L","s":20310,"p":5334.5},{"S":"B","i":8799466600,"W":"L","s":1093,"p":5334},{"S":"B","i":8799466650,"W":"L","s":4203,"p":5333.5},{"S":"B","i":8799466700,"W":"L","s":40496,"p":5333},{"S":"B","i":8799466750,"W":"L","s":2850,"p":5332.5},{"S":"B","i":8799466800,"W":"L","s":1124,"p":5332},{"S":"B","i":8799466850,"W":"L","s":1055,"p":5331.5},{"S":"B","i":8799466900,"W":"L","s":1018,"p":5331},{"S":"B","i":8799466950,"W":"L","s":27518,"p":5330.5},{"S":"B","i":8799467000,"W":"L","s":3509,"p":5330},{"S":"B","i":8799467050,"W":"L","s":3642,"p":5329.5},{"S":"B","i":8799467100,"W":"L","s":200177,"p":5329},{"S":"B","i":8799467150,"W":"L","s":2745,"p":5328.5},{"S":"B","i":8799467200,"W":"L","s":19591,"p":5328},{"S":"B","i":8799467250,"W":"L","s":460,"p":5327.5},{"S":"B","i":8799467300,"W":"L","s":4596,"p":5327},{"S":"B","i":8799467400,"W":"L","s":682,"p":5326},{"S":"B","i":8799467450,"W":"L","s":5291,"p":5325.5},{"S":"B","i":8799467500,"W":"L","s":2100,"p":5325},{"S":"B","i":8799467550,"W":"L","s":774,"p":5324.5},{"S":"B","i":8799467600,"W":"L","s":3538,"p":5324},{"S":"B","i":8799467650,"W":"L","s":74,"p":5323.5},{"S":"B","i":8799467700,"W":"L","s":25469,"p":5323},{"S":"B","i":8799467750,"W":"L","s":9962,"p":5322.5},{"S":"B","i":8799467800,"W":"L","s":4105,"p":5322},{"S":"B","i":8799467850,"W":"L","s":38168,"p":5321.5},{"S":"B","i":8799467900,"W":"L","s":4133,"p":5321},{"S":"B","i":8799467950,"W":"L","s":25253,"p":5320.5},{"S":"B","i":8799468000,"W":"L","s":11486,"p":5320},{"S":"B","i":8799468050,"W":"L","s":2785,"p":5319.5},{"S":"B","i":8799468100,"W":"L","s":1252,"p":5319},{"S":"B","i":8799468150,"W":"L","s":4203,"p":5318.5},{"S":"B","i":8799468200,"W":"L","s":13913,"p":5318},{"S":"B","i":8799468250,"W":"L","s":2850,"p":5317.5},{"S":"B","i":8799468300,"W":"L","s":2124,"p":5317},{"S":"B","i":8799468350,"W":"L","s":1055,"p":5316.5},{"S":"B","i":8799468400,"W":"L","s":1108,"p":5316},{"S":"B","i":8799468450,"W":"L","s":6018,"p":5315.5},{"S":"B","i":8799468500,"W":"L","s":14763,"p":5315},{"S":"B","i":8799468550,"W":"L","s":3642,"p":5314.5},{"S":"B","i":8799468650,"W":"L","s":2695,"p":5313.5},{"S":"B","i":8799468700,"W":"L","s":19867,"p":5313},{"S":"B","i":8799468750,"W":"L","s":460,"p":5312.5},{"S":"B","i":8799468800,"W":"L","s":6096,"p":5312},{"S":"B","i":8799468850,"W":"L","s":600,"p":5311.5},{"S":"B","i":8799468900,"W":"L","s":13106,"p":5311},{"S":"B","i":8799468950,"W":"L","s":1861,"p":5310.5},{"S":"B","i":8799469000,"W":"L","s":1050,"p":5310},{"S":"B","i":8799469050,"W":"L","s":10774,"p":5309.5},{"S":"B","i":8799469100,"W":"L","s":288,"p":5309},{"S":"B","i":8799469150,"W":"L","s":18710,"p":5308.5},{"S":"B","i":8799469200,"W":"L","s":5046,"p":5308},{"S":"B","i":8799469250,"W":"L","s":10062,"p":5307.5},{"S":"B","i":8799469300,"W":"L","s":14141,"p":5307},{"S":"B","i":8799469350,"W":"L","s":96,"p":5306.5},{"S":"B","i":8799469400,"W":"L","s":1008,"p":5306},{"S":"B","i":8799469450,"W":"L","s":203,"p":5305.5},{"S":"B","i":8799469500,"W":"L","s":3366,"p":5305},{"S":"B","i":8799469550,"W":"L","s":12785,"p":5304.5},{"S":"B","i":8799469600,"W":"L","s":2093,"p":5304},{"S":"B","i":8799469650,"W":"L","s":4203,"p":5303.5},{"S":"B","i":8799469700,"W":"L","s":15055,"p":5303},{"S":"B","i":8799469750,"W":"L","s":2850,"p":5302.5},{"S":"B","i":8799469800,"W":"L","s":31124,"p":5302},{"S":"B","i":8799469850,"W":"L","s":1055,"p":5301.5},{"S":"B","i":8799469900,"W":"L","s":151,"p":5301},{"S":"B","i":8799469950,"W":"L","s":1048,"p":5300.5},{"S":"B","i":8799470000,"W":"L","s":284724,"p":5300},{"S":"B","i":8799470050,"W":"L","s":33642,"p":5299.5},{"S":"B","i":8799470100,"W":"L","s":3718,"p":5299},{"S":"B","i":8799470150,"W":"L","s":2695,"p":5298.5},{"S":"B","i":8799470200,"W":"L","s":19591,"p":5298},{"S":"B","i":8799470250,"W":"L","s":460,"p":5297.5},{"S":"B","i":8799470300,"W":"L","s":4573,"p":5297},{"S":"B","i":8799470400,"W":"L","s":792,"p":5296},{"S":"B","i":8799470450,"W":"L","s":33335,"p":5295.5},{"S":"B","i":8799470550,"W":"L","s":774,"p":5294.5},{"S":"B","i":8799470600,"W":"L","s":288,"p":5294},{"S":"B","i":8799470650,"W":"L","s":274,"p":5293.5},{"S":"B","i":8799470700,"W":"L","s":46,"p":5293},{"S":"B","i":8799470750,"W":"L","s":9962,"p":5292.5},{"S":"B","i":8799470800,"W":"L","s":3030,"p":5292},{"S":"B","i":8799470850,"W":"L","s":96,"p":5291.5},{"S":"B","i":8799470900,"W":"L","s":133,"p":5291},{"S":"B","i":8799470950,"W":"L","s":203,"p":5290.5},{"S":"B","i":8799471000,"W":"L","s":132421,"p":5290},{"S":"B","i":8799471050,"W":"L","s":2785,"p":5289.5},{"S":"B","i":8799471100,"W":"L","s":1193,"p":5289},{"S":"B","i":8799471150,"W":"L","s":4208,"p":5288.5},{"S":"B","i":8799471200,"W":"L","s":14996,"p":5288},{"S":"B","i":8799471250,"W":"L","s":2900,"p":5287.5},{"S":"B","i":8799471300,"W":"L","s":1183,"p":5287},{"S":"B","i":8799471350,"W":"L","s":27731,"p":5286.5},{"S":"B","i":8799471400,"W":"L","s":500,"p":5286},{"S":"B","i":8799471450,"W":"L","s":79218,"p":5285.5},{"S":"B","i":8799471500,"W":"L","s":64845,"p":5285},{"S":"B","i":8799471550,"W":"L","s":3642,"p":5284.5},{"S":"B","i":8799471600,"W":"L","s":58632,"p":5284},{"S":"B","i":8799471650,"W":"L","s":17195,"p":5283.5},{"S":"B","i":8799471700,"W":"L","s":19709,"p":5283},{"S":"B","i":8799471750,"W":"L","s":20280,"p":5282.5},{"S":"B","i":8799471800,"W":"L","s":25096,"p":5282},{"S":"B","i":8799471900,"W":"L","s":834,"p":5281},{"S":"B","i":8799471950,"W":"L","s":1861,"p":5280.5},{"S":"B","i":8799472000,"W":"L","s":29717,"p":5280},{"S":"B","i":8799472050,"W":"L","s":774,"p":5279.5},{"S":"B","i":8799472100,"W":"L","s":4288,"p":5279},{"S":"B","i":8799472150,"W":"L","s":74,"p":5278.5},{"S":"B","i":8799472200,"W":"L","s":46,"p":5278},{"S":"B","i":8799472250,"W":"L","s":9962,"p":5277.5},{"S":"B","i":8799472300,"W":"L","s":3546,"p":5277},{"S":"B","i":8799472350,"W":"L","s":96,"p":5276.5},{"S":"B","i":8799472400,"W":"L","s":245,"p":5276},{"S":"B","i":8799472450,"W":"L","s":203,"p":5275.5},{"S":"B","i":8799472500,"W":"L","s":366,"p":5275},{"S":"B","i":8799472550,"W":"L","s":2785,"p":5274.5},{"S":"B","i":8799472600,"W":"L","s":1768,"p":5274},{"S":"B","i":8799472650,"W":"L","s":4203,"p":5273.5},{"S":"B","i":8799472700,"W":"L","s":13896,"p":5273},{"S":"B","i":8799472750,"W":"L","s":3350,"p":5272.5},{"S":"B","i":8799472800,"W":"L","s":1124,"p":5272},{"S":"B","i":8799472850,"W":"L","s":1055,"p":5271.5},{"S":"B","i":8799472900,"W":"L","s":1059,"p":5271},{"S":"B","i":8799472950,"W":"L","s":1018,"p":5270.5},{"S":"B","i":8799473000,"W":"L","s":2645,"p":5270},{"S":"B","i":8799473050,"W":"L","s":28082,"p":5269.5},{"S":"B","i":8799473100,"W":"L","s":1000,"p":5269},{"S":"B","i":8799473150,"W":"L","s":36895,"p":5268.5},{"S":"B","i":8799473200,"W":"L","s":20091,"p":5268},{"S":"B","i":8799473250,"W":"L","s":15636,"p":5267.5},{"S":"B","i":8799473300,"W":"L","s":4514,"p":5267},{"S":"B","i":8799473400,"W":"L","s":2641,"p":5266},{"S":"B","i":8799473450,"W":"L","s":1861,"p":5265.5},{"S":"B","i":8799473500,"W":"L","s":66743,"p":5265},{"S":"B","i":8799473550,"W":"L","s":774,"p":5264.5},{"S":"B","i":8799473600,"W":"L","s":2288,"p":5264},{"S":"B","i":8799473650,"W":"L","s":74,"p":5263.5},{"S":"B","i":8799473700,"W":"L","s":46,"p":5263},{"S":"B","i":8799473750,"W":"L","s":9962,"p":5262.5},{"S":"B","i":8799473800,"W":"L","s":3030,"p":5262},{"S":"B","i":8799473850,"W":"L","s":596,"p":5261.5},{"S":"B","i":8799473900,"W":"L","s":148,"p":5261},{"S":"B","i":8799473950,"W":"L","s":203,"p":5260.5},{"S":"B","i":8799474000,"W":"L","s":214305,"p":5260},{"S":"B","i":8799474050,"W":"L","s":2885,"p":5259.5},{"S":"B","i":8799474100,"W":"L","s":1093,"p":5259},{"S":"B","i":8799474150,"W":"L","s":4203,"p":5258.5},{"S":"B","i":8799474200,"W":"L","s":14471,"p":5258},{"S":"B","i":8799474250,"W":"L","s":10850,"p":5257.5},{"S":"B","i":8799474300,"W":"L","s":2124,"p":5257},{"S":"B","i":8799474350,"W":"L","s":22135,"p":5256.5},{"S":"B","i":8799474400,"W":"L","s":114,"p":5256},{"S":"B","i":8799474450,"W":"L","s":6018,"p":5255.5},{"S":"B","i":8799474500,"W":"L","s":10559,"p":5255},{"S":"B","i":8799474550,"W":"L","s":13942,"p":5254.5},{"S":"B","i":8799474650,"W":"L","s":2695,"p":5253.5},{"S":"B","i":8799474700,"W":"L","s":29691,"p":5253},{"S":"B","i":8799474750,"W":"L","s":8460,"p":5252.5},{"S":"B","i":8799474800,"W":"L","s":4496,"p":5252},{"S":"B","i":8799474850,"W":"L","s":2011,"p":5251.5},{"S":"B","i":8799474900,"W":"L","s":900,"p":5251},{"S":"B","i":8799474950,"W":"L","s":4360727,"p":5250.5},{"S":"B","i":8799475000,"W":"L","s":32955,"p":5250},{"S":"B","i":8799475050,"W":"L","s":774,"p":5249.5},{"S":"B","i":8799475100,"W":"L","s":365,"p":5249},{"S":"B","i":8799475150,"W":"L","s":74,"p":5248.5},{"S":"B","i":8799475200,"W":"L","s":546,"p":5248},{"S":"B","i":8799475250,"W":"L","s":10062,"p":5247.5},{"S":"B","i":8799475300,"W":"L","s":13030,"p":5247},{"S":"B","i":8799475350,"W":"L","s":10096,"p":5246.5},{"S":"B","i":8799475400,"W":"L","s":2283,"p":5246},{"S":"B","i":8799475450,"W":"L","s":8203,"p":5245.5},{"S":"B","i":8799475500,"W":"L","s":366,"p":5245},{"S":"B","i":8799475550,"W":"L","s":32785,"p":5244.5},{"S":"B","i":8799475600,"W":"L","s":1093,"p":5244},{"S":"B","i":8799475650,"W":"L","s":25944,"p":5243.5},{"S":"B","i":8799475700,"W":"L","s":14396,"p":5243},{"S":"B","i":8799475750,"W":"L","s":22850,"p":5242.5},{"S":"B","i":8799475800,"W":"L","s":8623,"p":5242},{"S":"B","i":8799475850,"W":"L","s":1055,"p":5241.5},{"S":"B","i":8799475950,"W":"L","s":1018,"p":5240.5},{"S":"B","i":8799476000,"W":"L","s":39795,"p":5240},{"S":"B","i":8799476050,"W":"L","s":3842,"p":5239.5},{"S":"B","i":8799476100,"W":"L","s":158,"p":5239},{"S":"B","i":8799476150,"W":"L","s":7695,"p":5238.5},{"S":"B","i":8799476200,"W":"L","s":23454,"p":5238},{"S":"B","i":8799476250,"W":"L","s":560,"p":5237.5},{"S":"B","i":8799476300,"W":"L","s":4496,"p":5237},{"S":"B","i":8799476350,"W":"L","s":30,"p":5236.5},{"S":"B","i":8799476400,"W":"L","s":798,"p":5236},{"S":"B","i":8799476450,"W":"L","s":4861,"p":5235.5},{"S":"B","i":8799476500,"W":"L","s":18,"p":5235},{"S":"B","i":8799476550,"W":"L","s":1774,"p":5234.5},{"S":"B","i":8799476600,"W":"L","s":25820,"p":5234},{"S":"B","i":8799476650,"W":"L","s":74,"p":5233.5},{"S":"B","i":8799476700,"W":"L","s":2423,"p":5233},{"S":"B","i":8799476750,"W":"L","s":9990,"p":5232.5},{"S":"B","i":8799476800,"W":"L","s":3030,"p":5232},{"S":"B","i":8799476850,"W":"L","s":96,"p":5231.5},{"S":"B","i":8799476900,"W":"L","s":133,"p":5231},{"S":"B","i":8799476950,"W":"L","s":22625,"p":5230.5},{"S":"B","i":8799477000,"W":"L","s":119076,"p":5230},{"S":"B","i":8799477050,"W":"L","s":2785,"p":5229.5},{"S":"B","i":8799477100,"W":"L","s":1093,"p":5229},{"S":"B","i":8799477150,"W":"L","s":4203,"p":5228.5},{"S":"B","i":8799477200,"W":"L","s":14266,"p":5228},{"S":"B","i":8799477250,"W":"L","s":2850,"p":5227.5},{"S":"B","i":8799477300,"W":"L","s":1124,"p":5227},{"S":"B","i":8799477350,"W":"L","s":1130,"p":5226.5},{"S":"B","i":8799477400,"W":"L","s":3175,"p":5226},{"S":"B","i":8799477450,"W":"L","s":8018,"p":5225.5},{"S":"B","i":8799477500,"W":"L","s":9745,"p":5225},{"S":"B","i":8799477550,"W":"L","s":3942,"p":5224.5},{"S":"B","i":8799477600,"W":"L","s":2000,"p":5224},{"S":"B","i":8799477650,"W":"L","s":52945,"p":5223.5},{"S":"B","i":8799477700,"W":"L","s":23650,"p":5223},{"S":"B","i":8799477750,"W":"L","s":20460,"p":5222.5},{"S":"B","i":8799477800,"W":"L","s":90784,"p":5222},{"S":"B","i":8799477900,"W":"L","s":12979,"p":5221},{"S":"B","i":8799477950,"W":"L","s":1861,"p":5220.5},{"S":"B","i":8799478000,"W":"L","s":16950,"p":5220},{"S":"B","i":8799478050,"W":"L","s":874,"p":5219.5},{"S":"B","i":8799478100,"W":"L","s":110376,"p":5219},{"S":"B","i":8799478150,"W":"L","s":174,"p":5218.5},{"S":"B","i":8799478200,"W":"L","s":46,"p":5218},{"S":"B","i":8799478250,"W":"L","s":33088,"p":5217.5},{"S":"B","i":8799478300,"W":"L","s":53107,"p":5217},{"S":"B","i":8799478350,"W":"L","s":126,"p":5216.5},{"S":"B","i":8799478400,"W":"L","s":751,"p":5216},{"S":"B","i":8799478450,"W":"L","s":5203,"p":5215.5},{"S":"B","i":8799478500,"W":"L","s":1166,"p":5215},{"S":"B","i":8799478550,"W":"L","s":2785,"p":5214.5},{"S":"B","i":8799478600,"W":"L","s":1093,"p":5214},{"S":"B","i":8799478650,"W":"L","s":4203,"p":5213.5},{"S":"B","i":8799478700,"W":"L","s":21496,"p":5213},{"S":"B","i":8799478750,"W":"L","s":2850,"p":5212.5},{"S":"B","i":8799478800,"W":"L","s":13124,"p":5212},{"S":"B","i":8799478850,"W":"L","s":2055,"p":5211.5},{"S":"B","i":8799478900,"W":"L","s":3300,"p":5211},{"S":"B","i":8799478950,"W":"L","s":1018,"p":5210.5},{"S":"B","i":8799479000,"W":"L","s":1054466,"p":5210},{"S":"B","i":8799479050,"W":"L","s":3642,"p":5209.5},{"S":"B","i":8799479100,"W":"L","s":100,"p":5209},{"S":"B","i":8799479150,"W":"L","s":2695,"p":5208.5},{"S":"B","i":8799479200,"W":"L","s":24991,"p":5208},{"S":"B","i":8799479250,"W":"L","s":460,"p":5207.5},{"S":"B","i":8799479300,"W":"L","s":84612,"p":5207},{"S":"B","i":8799479350,"W":"L","s":50,"p":5206.5},{"S":"B","i":8799479400,"W":"L","s":832,"p":5206},{"S":"B","i":8799479450,"W":"L","s":1861,"p":5205.5},{"S":"B","i":8799479500,"W":"L","s":38050,"p":5205},{"S":"B","i":8799479550,"W":"L","s":34626,"p":5204.5},{"S":"B","i":8799479600,"W":"L","s":51288,"p":5204},{"S":"B","i":8799479650,"W":"L","s":74,"p":5203.5},{"S":"B","i":8799479700,"W":"L","s":125619,"p":5203},{"S":"B","i":8799479750,"W":"L","s":10062,"p":5202.5},{"S":"B","i":8799479800,"W":"L","s":3030,"p":5202},{"S":"B","i":8799479850,"W":"L","s":96,"p":5201.5},{"S":"B","i":8799479900,"W":"L","s":208400,"p":5201},{"S":"B","i":8799479950,"W":"L","s":34248,"p":5200.5},{"S":"B","i":8799480000,"W":"L","s":584005,"p":5200},{"S":"B","i":8799480050,"W":"L","s":2785,"p":5199.5},{"S":"B","i":8799480100,"W":"L","s":19959,"p":5199},{"S":"B","i":8799480150,"W":"L","s":4203,"p":5198.5},{"S":"B","i":8799480200,"W":"L","s":13896,"p":5198},{"S":"B","i":8799480250,"W":"L","s":2850,"p":5197.5},{"S":"B","i":8799480300,"W":"L","s":1624,"p":5197},{"S":"B","i":8799480350,"W":"L","s":1055,"p":5196.5},{"S":"B","i":8799480400,"W":"L","s":285,"p":5196},{"S":"B","i":8799480450,"W":"L","s":1018,"p":5195.5},{"S":"B","i":8799480500,"W":"L","s":3245,"p":5195},{"S":"B","i":8799480550,"W":"L","s":3642,"p":5194.5},{"S":"B","i":8799480600,"W":"L","s":675,"p":5194},{"S":"B","i":8799480650,"W":"L","s":2695,"p":5193.5},{"S":"B","i":8799480700,"W":"L","s":19591,"p":5193},{"S":"B","i":8799480750,"W":"L","s":1060,"p":5192.5},{"S":"B","i":8799480800,"W":"L","s":7946,"p":5192},{"S":"B","i":8799480850,"W":"L","s":24601,"p":5191.5},{"S":"B","i":8799480900,"W":"L","s":20741,"p":5191},{"S":"B","i":8799480950,"W":"L","s":12561,"p":5190.5},{"S":"B","i":8799481000,"W":"L","s":586700,"p":5190},{"S":"B","i":8799481050,"W":"L","s":874,"p":5189.5},{"S":"B","i":8799481100,"W":"L","s":288,"p":5189},{"S":"B","i":8799481150,"W":"L","s":74,"p":5188.5},{"S":"B","i":8799481200,"W":"L","s":65234,"p":5188},{"S":"B","i":8799481250,"W":"L","s":9962,"p":5187.5},{"S":"B","i":8799481300,"W":"L","s":4648,"p":5187},{"S":"B","i":8799481350,"W":"L","s":96,"p":5186.5},{"S":"B","i":8799481400,"W":"L","s":10133,"p":5186},{"S":"B","i":8799481450,"W":"L","s":203,"p":5185.5},{"S":"B","i":8799481500,"W":"L","s":79020,"p":5185},{"S":"B","i":8799481550,"W":"L","s":2785,"p":5184.5},{"S":"B","i":8799481600,"W":"L","s":9593,"p":5184},{"S":"B","i":8799481650,"W":"L","s":4203,"p":5183.5},{"S":"B","i":8799481700,"W":"L","s":97283,"p":5183},{"S":"B","i":8799481750,"W":"L","s":2850,"p":5182.5},{"S":"B","i":8799481800,"W":"L","s":1124,"p":5182},{"S":"B","i":8799481850,"W":"L","s":1055,"p":5181.5},{"S":"B","i":8799481900,"W":"L","s":7700,"p":5181},{"S":"B","i":8799481950,"W":"L","s":1018,"p":5180.5},{"S":"B","i":8799482000,"W":"L","s":36745,"p":5180},{"S":"B","i":8799482050,"W":"L","s":4642,"p":5179.5},{"S":"B","i":8799482100,"W":"L","s":88998,"p":5179},{"S":"B","i":8799482150,"W":"L","s":28070,"p":5178.5},{"S":"B","i":8799482200,"W":"L","s":20166,"p":5178},{"S":"B","i":8799482250,"W":"L","s":560,"p":5177.5},{"S":"B","i":8799482300,"W":"L","s":82077,"p":5177},{"S":"B","i":8799482350,"W":"L","s":60000,"p":5176.5},{"S":"B","i":8799482400,"W":"L","s":9004,"p":5176},{"S":"B","i":8799482450,"W":"L","s":3356,"p":5175.5},{"S":"B","i":8799482500,"W":"L","s":13759,"p":5175},{"S":"B","i":8799482550,"W":"L","s":774,"p":5174.5},{"S":"B","i":8799482600,"W":"L","s":105356,"p":5174},{"S":"B","i":8799482650,"W":"L","s":23074,"p":5173.5},{"S":"B","i":8799482700,"W":"L","s":46,"p":5173},{"S":"B","i":8799482750,"W":"L","s":9962,"p":5172.5},{"S":"B","i":8799482800,"W":"L","s":3030,"p":5172},{"S":"B","i":8799482850,"W":"L","s":10096,"p":5171.5},{"S":"B","i":8799482900,"W":"L","s":719,"p":5171},{"S":"B","i":8799482950,"W":"L","s":203,"p":5170.5},{"S":"B","i":8799483000,"W":"L","s":23724,"p":5170},{"S":"B","i":8799483050,"W":"L","s":2785,"p":5169.5},{"S":"B","i":8799483100,"W":"L","s":2670,"p":5169},{"S":"B","i":8799483150,"W":"L","s":5403,"p":5168.5},{"S":"B","i":8799483200,"W":"L","s":14196,"p":5168},{"S":"B","i":8799483250,"W":"L","s":2850,"p":5167.5},{"S":"B","i":8799483300,"W":"L","s":26624,"p":5167},{"S":"B","i":8799483350,"W":"L","s":1055,"p":5166.5},{"S":"B","i":8799483400,"W":"L","s":4800,"p":5166},{"S":"B","i":8799483450,"W":"L","s":27691,"p":5165.5},{"S":"B","i":8799483500,"W":"L","s":85361,"p":5165},{"S":"B","i":8799483550,"W":"L","s":3742,"p":5164.5},{"S":"B","i":8799483650,"W":"L","s":2695,"p":5163.5},{"S":"B","i":8799483700,"W":"L","s":19591,"p":5163},{"S":"B","i":8799483750,"W":"L","s":460,"p":5162.5},{"S":"B","i":8799483800,"W":"L","s":5071,"p":5162},{"S":"B","i":8799483850,"W":"L","s":10000,"p":5161.5},{"S":"B","i":8799483900,"W":"L","s":1682,"p":5161},{"S":"B","i":8799483950,"W":"L","s":2861,"p":5160.5},{"S":"B","i":8799484000,"W":"L","s":56600,"p":5160},{"S":"B","i":8799484050,"W":"L","s":874,"p":5159.5},{"S":"B","i":8799484100,"W":"L","s":32258,"p":5159},{"S":"B","i":8799484150,"W":"L","s":1074,"p":5158.5},{"S":"B","i":8799484200,"W":"L","s":2046,"p":5158},{"S":"B","i":8799484250,"W":"L","s":17962,"p":5157.5},{"S":"B","i":8799484300,"W":"L","s":3530,"p":5157},{"S":"B","i":8799484350,"W":"L","s":346,"p":5156.5},{"S":"B","i":8799484400,"W":"L","s":1757,"p":5156},{"S":"B","i":8799484450,"W":"L","s":5203,"p":5155.5},{"S":"B","i":8799484500,"W":"L","s":116784,"p":5155},{"S":"B","i":8799484550,"W":"L","s":12785,"p":5154.5},{"S":"B","i":8799484600,"W":"L","s":8193,"p":5154},{"S":"B","i":8799484650,"W":"L","s":4203,"p":5153.5},{"S":"B","i":8799484700,"W":"L","s":37473,"p":5153},{"S":"B","i":8799484750,"W":"L","s":29846,"p":5152.5},{"S":"B","i":8799484800,"W":"L","s":1374,"p":5152},{"S":"B","i":8799484850,"W":"L","s":15105,"p":5151.5},{"S":"B","i":8799484900,"W":"L","s":32100,"p":5151},{"S":"B","i":8799484950,"W":"L","s":1018,"p":5150.5},{"S":"B","i":8799485000,"W":"L","s":357626,"p":5150},{"S":"B","i":8799485050,"W":"L","s":3642,"p":5149.5},{"S":"B","i":8799485100,"W":"L","s":5000,"p":5149},{"S":"B","i":8799485150,"W":"L","s":2695,"p":5148.5},{"S":"B","i":8799485200,"W":"L","s":20091,"p":5148},{"S":"B","i":8799485250,"W":"L","s":460,"p":5147.5},{"S":"B","i":8799485300,"W":"L","s":5306,"p":5147},{"S":"B","i":8799485400,"W":"L","s":1257,"p":5146},{"S":"B","i":8799485450,"W":"L","s":1861,"p":5145.5},{"S":"B","i":8799485500,"W":"L","s":500,"p":5145},{"S":"B","i":8799485550,"W":"L","s":874,"p":5144.5},{"S":"B","i":8799485600,"W":"L","s":5432,"p":5144},{"S":"B","i":8799485650,"W":"L","s":74,"p":5143.5},{"S":"B","i":8799485700,"W":"L","s":105,"p":5143},{"S":"B","i":8799485750,"W":"L","s":9962,"p":5142.5},{"S":"B","i":8799485800,"W":"L","s":19030,"p":5142},{"S":"B","i":8799485850,"W":"L","s":96,"p":5141.5},{"S":"B","i":8799485900,"W":"L","s":144543,"p":5141},{"S":"B","i":8799485950,"W":"L","s":953,"p":5140.5},{"S":"B","i":8799486000,"W":"L","s":46492,"p":5140},{"S":"B","i":8799486050,"W":"L","s":30931,"p":5139.5},{"S":"B","i":8799486100,"W":"L","s":1211,"p":5139},{"S":"B","i":8799486150,"W":"L","s":4203,"p":5138.5},{"S":"B","i":8799486200,"W":"L","s":18996,"p":5138},{"S":"B","i":8799486250,"W":"L","s":2850,"p":5137.5},{"S":"B","i":8799486300,"W":"L","s":114778,"p":5137},{"S":"B","i":8799486350,"W":"L","s":1055,"p":5136.5},{"S":"B","i":8799486400,"W":"L","s":80126,"p":5136},{"S":"B","i":8799486450,"W":"L","s":1018,"p":5135.5},{"S":"B","i":8799486500,"W":"L","s":52145,"p":5135},{"S":"B","i":8799486550,"W":"L","s":3642,"p":5134.5},{"S":"B","i":8799486650,"W":"L","s":2695,"p":5133.5},{"S":"B","i":8799486700,"W":"L","s":20591,"p":5133},{"S":"B","i":8799486750,"W":"L","s":460,"p":5132.5},{"S":"B","i":8799486800,"W":"L","s":14496,"p":5132},{"S":"B","i":8799486850,"W":"L","s":3000,"p":5131.5},{"S":"B","i":8799486900,"W":"L","s":26682,"p":5131},{"S":"B","i":8799486950,"W":"L","s":1861,"p":5130.5},{"S":"B","i":8799487000,"W":"L","s":775,"p":5130},{"S":"B","i":8799487050,"W":"L","s":774,"p":5129.5},{"S":"B","i":8799487100,"W":"L","s":288,"p":5129},{"S":"B","i":8799487150,"W":"L","s":629,"p":5128.5},{"S":"B","i":8799487200,"W":"L","s":46,"p":5128},{"S":"B","i":8799487250,"W":"L","s":50538,"p":5127.5},{"S":"B","i":8799487300,"W":"L","s":7339,"p":5127},{"S":"B","i":8799487350,"W":"L","s":28819,"p":5126.5},{"S":"B","i":8799487400,"W":"L","s":133,"p":5126},{"S":"B","i":8799487450,"W":"L","s":10203,"p":5125.5},{"S":"B","i":8799487500,"W":"L","s":17392,"p":5125},{"S":"B","i":8799487550,"W":"L","s":252785,"p":5124.5},{"S":"B","i":8799487600,"W":"L","s":17793,"p":5124},{"S":"B","i":8799487650,"W":"L","s":5203,"p":5123.5},{"S":"B","i":8799487700,"W":"L","s":100214,"p":5123},{"S":"B","i":8799487750,"W":"L","s":3850,"p":5122.5},{"S":"B","i":8799487800,"W":"L","s":16374,"p":5122},{"S":"B","i":8799487850,"W":"L","s":1055,"p":5121.5},{"S":"B","i":8799487900,"W":"L","s":11177,"p":5121},{"S":"B","i":8799487950,"W":"L","s":3018,"p":5120.5},{"S":"B","i":8799488000,"W":"L","s":183550,"p":5120},{"S":"B","i":8799488050,"W":"L","s":4642,"p":5119.5},{"S":"B","i":8799488100,"W":"L","s":4415,"p":5119},{"S":"B","i":8799488150,"W":"L","s":2695,"p":5118.5},{"S":"B","i":8799488200,"W":"L","s":21491,"p":5118},{"S":"B","i":8799488250,"W":"L","s":460,"p":5117.5},{"S":"B","i":8799488300,"W":"L","s":8996,"p":5117},{"S":"B","i":8799488400,"W":"L","s":10810,"p":5116},{"S":"B","i":8799488450,"W":"L","s":40861,"p":5115.5},{"S":"B","i":8799488500,"W":"L","s":41320,"p":5115},{"S":"B","i":8799488550,"W":"L","s":974,"p":5114.5},{"S":"B","i":8799488600,"W":"L","s":883,"p":5114},{"S":"B","i":8799488650,"W":"L","s":29702,"p":5113.5},{"S":"B","i":8799488700,"W":"L","s":14446,"p":5113},{"S":"B","i":8799488750,"W":"L","s":9962,"p":5112.5},{"S":"B","i":8799488800,"W":"L","s":6730,"p":5112},{"S":"B","i":8799488850,"W":"L","s":105096,"p":5111.5},{"S":"B","i":8799488900,"W":"L","s":60483,"p":5111},{"S":"B","i":8799488950,"W":"L","s":203,"p":5110.5},{"S":"B","i":8799489000,"W":"L","s":185307,"p":5110},{"S":"B","i":8799489050,"W":"L","s":2785,"p":5109.5},{"S":"B","i":8799489100,"W":"L","s":1594,"p":5109},{"S":"B","i":8799489150,"W":"L","s":4203,"p":5108.5},{"S":"B","i":8799489200,"W":"L","s":64696,"p":5108},{"S":"B","i":8799489250,"W":"L","s":2850,"p":5107.5},{"S":"B","i":8799489300,"W":"L","s":136142,"p":5107},{"S":"B","i":8799489350,"W":"L","s":1055,"p":5106.5},{"S":"B","i":8799489450,"W":"L","s":6018,"p":5105.5},{"S":"B","i":8799489500,"W":"L","s":59112,"p":5105},{"S":"B","i":8799489550,"W":"L","s":13642,"p":5104.5},{"S":"B","i":8799489600,"W":"L","s":6500,"p":5104},{"S":"B","i":8799489650,"W":"L","s":5695,"p":5103.5},{"S":"B","i":8799489700,"W":"L","s":782391,"p":5103},{"S":"B","i":8799489750,"W":"L","s":588,"p":5102.5},{"S":"B","i":8799489800,"W":"L","s":14496,"p":5102},{"S":"B","i":8799489850,"W":"L","s":3500,"p":5101.5},{"S":"B","i":8799489900,"W":"L","s":211888,"p":5101},{"S":"B","i":8799489950,"W":"L","s":33423,"p":5100.5},{"S":"B","i":8799490000,"W":"L","s":1995964,"p":5100},{"S":"B","i":8799490050,"W":"L","s":774,"p":5099.5},{"S":"B","i":8799490100,"W":"L","s":288,"p":5099},{"S":"B","i":8799490150,"W":"L","s":74,"p":5098.5},{"S":"B","i":8799490200,"W":"L","s":621,"p":5098},{"S":"B","i":8799490250,"W":"L","s":9962,"p":5097.5},{"S":"B","i":8799490300,"W":"L","s":3030,"p":5097},{"S":"B","i":8799490350,"W":"L","s":96,"p":5096.5},{"S":"B","i":8799490400,"W":"L","s":263,"p":5096},{"S":"B","i":8799490450,"W":"L","s":203,"p":5095.5},{"S":"B","i":8799490500,"W":"L","s":451,"p":5095},{"S":"B","i":8799490550,"W":"L","s":2785,"p":5094.5},{"S":"B","i":8799490600,"W":"L","s":1193,"p":5094},{"S":"B","i":8799490650,"W":"L","s":7203,"p":5093.5},{"S":"B","i":8799490700,"W":"L","s":16896,"p":5093},{"S":"B","i":8799490750,"W":"L","s":2850,"p":5092.5},{"S":"B","i":8799490800,"W":"L","s":1124,"p":5092},{"S":"B","i":8799490850,"W":"L","s":1055,"p":5091.5},{"S":"B","i":8799490900,"W":"L","s":18,"p":5091},{"S":"B","i":8799490950,"W":"L","s":2018,"p":5090.5},{"S":"B","i":8799491000,"W":"L","s":1645,"p":5090},{"S":"B","i":8799491050,"W":"L","s":4142,"p":5089.5},{"S":"B","i":8799491100,"W":"L","s":77,"p":5089},{"S":"B","i":8799491150,"W":"L","s":3195,"p":5088.5},{"S":"B","i":8799491200,"W":"L","s":20091,"p":5088},{"S":"B","i":8799491250,"W":"L","s":31986,"p":5087.5},{"S":"B","i":8799491300,"W":"L","s":57196,"p":5087},{"S":"B","i":8799491400,"W":"L","s":7682,"p":5086},{"S":"B","i":8799491450,"W":"L","s":1861,"p":5085.5},{"S":"B","i":8799491500,"W":"L","s":63264,"p":5085},{"S":"B","i":8799491550,"W":"L","s":774,"p":5084.5},{"S":"B","i":8799491600,"W":"L","s":288,"p":5084},{"S":"B","i":8799491650,"W":"L","s":74,"p":5083.5},{"S":"B","i":8799491700,"W":"L","s":4146,"p":5083},{"S":"B","i":8799491750,"W":"L","s":9963,"p":5082.5},{"S":"B","i":8799491800,"W":"L","s":3705,"p":5082},{"S":"B","i":8799491850,"W":"L","s":1096,"p":5081.5},{"S":"B","i":8799491900,"W":"L","s":533,"p":5081},{"S":"B","i":8799491950,"W":"L","s":203,"p":5080.5},{"S":"B","i":8799492000,"W":"L","s":1392,"p":5080},{"S":"B","i":8799492050,"W":"L","s":2785,"p":5079.5},{"S":"B","i":8799492100,"W":"L","s":1152,"p":5079},{"S":"B","i":8799492150,"W":"L","s":4203,"p":5078.5},{"S":"B","i":8799492200,"W":"L","s":13896,"p":5078},{"S":"B","i":8799492250,"W":"L","s":3750,"p":5077.5},{"S":"B","i":8799492300,"W":"L","s":6751,"p":5077},{"S":"B","i":8799492350,"W":"L","s":1105,"p":5076.5},{"S":"B","i":8799492400,"W":"L","s":5582,"p":5076},{"S":"B","i":8799492450,"W":"L","s":11018,"p":5075.5},{"S":"B","i":8799492500,"W":"L","s":9163,"p":5075},{"S":"B","i":8799492550,"W":"L","s":3642,"p":5074.5},{"S":"B","i":8799492650,"W":"L","s":2695,"p":5073.5},{"S":"B","i":8799492700,"W":"L","s":19668,"p":5073},{"S":"B","i":8799492750,"W":"L","s":460,"p":5072.5},{"S":"B","i":8799492800,"W":"L","s":4496,"p":5072},{"S":"B","i":8799492900,"W":"L","s":682,"p":5071},{"S":"B","i":8799492950,"W":"L","s":1861,"p":5070.5},{"S":"B","i":8799493050,"W":"L","s":774,"p":5069.5},{"S":"B","i":8799493100,"W":"L","s":388,"p":5069},{"S":"B","i":8799493150,"W":"L","s":1074,"p":5068.5},{"S":"B","i":8799493200,"W":"L","s":3046,"p":5068},{"S":"B","i":8799493250,"W":"L","s":9962,"p":5067.5},{"S":"B","i":8799493300,"W":"L","s":19230,"p":5067},{"S":"B","i":8799493350,"W":"L","s":96,"p":5066.5},{"S":"B","i":8799493400,"W":"L","s":2608,"p":5066},{"S":"B","i":8799493450,"W":"L","s":203,"p":5065.5},{"S":"B","i":8799493500,"W":"L","s":392,"p":5065},{"S":"B","i":8799493550,"W":"L","s":1969,"p":5064.5},{"S":"B","i":8799493600,"W":"L","s":3354,"p":5064},{"S":"B","i":8799493650,"W":"L","s":4203,"p":5063.5},{"S":"B","i":8799493700,"W":"L","s":13955,"p":5063},{"S":"B","i":8799493750,"W":"L","s":2850,"p":5062.5},{"S":"B","i":8799493800,"W":"L","s":1124,"p":5062},{"S":"B","i":8799493850,"W":"L","s":871,"p":5061.5},{"S":"B","i":8799493900,"W":"L","s":82555,"p":5061},{"S":"B","i":8799493950,"W":"L","s":1018,"p":5060.5},{"S":"B","i":8799494000,"W":"L","s":615469,"p":5060},{"S":"B","i":8799494050,"W":"L","s":18642,"p":5059.5},{"S":"B","i":8799494100,"W":"L","s":18,"p":5059},{"S":"B","i":8799494150,"W":"L","s":4695,"p":5058.5},{"S":"B","i":8799494200,"W":"L","s":19691,"p":5058},{"S":"B","i":8799494250,"W":"L","s":8460,"p":5057.5},{"S":"B","i":8799494300,"W":"L","s":29573,"p":5057},{"S":"B","i":8799494400,"W":"L","s":13816,"p":5056},{"S":"B","i":8799494450,"W":"L","s":101861,"p":5055.5},{"S":"B","i":8799494500,"W":"L","s":99200,"p":5055},{"S":"B","i":8799494550,"W":"L","s":10000,"p":5054.5},{"S":"B","i":8799494600,"W":"L","s":288,"p":5054},{"S":"B","i":8799494650,"W":"L","s":18074,"p":5053.5},{"S":"B","i":8799494700,"W":"L","s":145,"p":5053},{"S":"B","i":8799494750,"W":"L","s":9962,"p":5052.5},{"S":"B","i":8799494800,"W":"L","s":22762,"p":5052},{"S":"B","i":8799494850,"W":"L","s":96,"p":5051.5},{"S":"B","i":8799494900,"W":"L","s":11983,"p":5051},{"S":"B","i":8799494950,"W":"L","s":13898,"p":5050.5},{"S":"B","i":8799495000,"W":"L","s":500257,"p":5050},{"S":"B","i":8799495050,"W":"L","s":1969,"p":5049.5},{"S":"B","i":8799495100,"W":"L","s":354,"p":5049},{"S":"B","i":8799495150,"W":"L","s":4203,"p":5048.5},{"S":"B","i":8799495200,"W":"L","s":46396,"p":5048},{"S":"B","i":8799495250,"W":"L","s":1772,"p":5047.5},{"S":"B","i":8799495300,"W":"L","s":3183,"p":5047},{"S":"B","i":8799495350,"W":"L","s":871,"p":5046.5},{"S":"B","i":8799495450,"W":"L","s":1018,"p":5045.5},{"S":"B","i":8799495500,"W":"L","s":33061,"p":5045},{"S":"B","i":8799495550,"W":"L","s":3642,"p":5044.5},{"S":"B","i":8799495650,"W":"L","s":12536,"p":5043.5},{"S":"B","i":8799495700,"W":"L","s":19609,"p":5043},{"S":"B","i":8799495750,"W":"L","s":460,"p":5042.5},{"S":"B","i":8799495800,"W":"L","s":4496,"p":5042},{"S":"B","i":8799495900,"W":"L","s":759,"p":5041},{"S":"B","i":8799495950,"W":"L","s":3061,"p":5040.5},{"S":"B","i":8799496000,"W":"L","s":816,"p":5040},{"S":"B","i":8799496050,"W":"L","s":400,"p":5039.5},{"S":"B","i":8799496100,"W":"L","s":4288,"p":5039},{"S":"B","i":8799496150,"W":"L","s":74,"p":5038.5},{"S":"B","i":8799496200,"W":"L","s":4996,"p":5038},{"S":"B","i":8799496250,"W":"L","s":1780,"p":5037.5},{"S":"B","i":8799496300,"W":"L","s":2762,"p":5037},{"S":"B","i":8799496350,"W":"L","s":126,"p":5036.5},{"S":"B","i":8799496400,"W":"L","s":269,"p":5036},{"S":"B","i":8799496450,"W":"L","s":74,"p":5035.5},{"S":"B","i":8799496500,"W":"L","s":83292,"p":5035},{"S":"B","i":8799496550,"W":"L","s":1969,"p":5034.5},{"S":"B","i":8799496600,"W":"L","s":929,"p":5034},{"S":"B","i":8799496650,"W":"L","s":5203,"p":5033.5},{"S":"B","i":8799496700,"W":"L","s":26896,"p":5033},{"S":"B","i":8799496750,"W":"L","s":127072,"p":5032.5},{"S":"B","i":8799496800,"W":"L","s":26124,"p":5032},{"S":"B","i":8799496850,"W":"L","s":871,"p":5031.5},{"S":"B","i":8799496900,"W":"L","s":23062,"p":5031},{"S":"B","i":8799496950,"W":"L","s":1018,"p":5030.5},{"S":"B","i":8799497000,"W":"L","s":43851,"p":5030},{"S":"B","i":8799497050,"W":"L","s":443,"p":5029.5},{"S":"B","i":8799497150,"W":"L","s":60000,"p":5028.5},{"S":"B","i":8799497200,"W":"L","s":353,"p":5028},{"S":"B","i":8799497250,"W":"L","s":169,"p":5027.5},{"S":"B","i":8799497300,"W":"L","s":4514,"p":5027},{"S":"B","i":8799497450,"W":"L","s":15047,"p":5025.5},{"S":"B","i":8799497500,"W":"L","s":8127,"p":5025},{"S":"B","i":8799497600,"W":"L","s":25288,"p":5024},{"S":"B","i":8799497650,"W":"L","s":74,"p":5023.5},{"S":"B","i":8799497700,"W":"L","s":7125,"p":5023},{"S":"B","i":8799497750,"W":"L","s":345487,"p":5022.5},{"S":"B","i":8799497800,"W":"L","s":1000,"p":5022},{"S":"B","i":8799497850,"W":"L","s":96,"p":5021.5},{"S":"B","i":8799497900,"W":"L","s":533,"p":5021},{"S":"B","i":8799497950,"W":"L","s":1000,"p":5020.5},{"S":"B","i":8799498000,"W":"L","s":5467,"p":5020},{"S":"B","i":8799498050,"W":"L","s":1284,"p":5019.5},{"S":"B","i":8799498100,"W":"L","s":1303,"p":5019},{"S":"B","i":8799498150,"W":"L","s":1038,"p":5018.5},{"S":"B","i":8799498200,"W":"L","s":575,"p":5018},{"S":"B","i":8799498250,"W":"L","s":2734,"p":5017.5},{"S":"B","i":8799498300,"W":"L","s":1124,"p":5017},{"S":"B","i":8799498350,"W":"L","s":452,"p":5016.5},{"S":"B","i":8799498400,"W":"L","s":638,"p":5016},{"S":"B","i":8799498450,"W":"L","s":20036,"p":5015.5},{"S":"B","i":8799498500,"W":"L","s":93859,"p":5015},{"S":"B","i":8799498550,"W":"L","s":443,"p":5014.5},{"S":"B","i":8799498700,"W":"L","s":25300,"p":5013},{"S":"B","i":8799498750,"W":"L","s":669,"p":5012.5},{"S":"B","i":8799498800,"W":"L","s":6996,"p":5012},{"S":"B","i":8799498850,"W":"L","s":41000,"p":5011.5},{"S":"B","i":8799498900,"W":"L","s":45418,"p":5011},{"S":"B","i":8799498950,"W":"L","s":47,"p":5010.5},{"S":"B","i":8799499000,"W":"L","s":56050,"p":5010},{"S":"B","i":8799499100,"W":"L","s":15865,"p":5009},{"S":"B","i":8799499150,"W":"L","s":74,"p":5008.5},{"S":"B","i":8799499200,"W":"L","s":5099,"p":5008},{"S":"B","i":8799499300,"W":"L","s":11000,"p":5007},{"S":"B","i":8799499350,"W":"L","s":396,"p":5006.5},{"S":"B","i":8799499400,"W":"L","s":5660,"p":5006},{"S":"B","i":8799499450,"W":"L","s":5300,"p":5005.5},{"S":"B","i":8799499500,"W":"L","s":47186,"p":5005},{"S":"B","i":8799499550,"W":"L","s":10039,"p":5004.5},{"S":"B","i":8799499600,"W":"L","s":793,"p":5004},{"S":"B","i":8799499650,"W":"L","s":1028,"p":5003.5},{"S":"B","i":8799499700,"W":"L","s":270600,"p":5003},{"S":"B","i":8799499750,"W":"L","s":10134,"p":5002.5},{"S":"B","i":8799499800,"W":"L","s":33900,"p":5002},{"S":"B","i":8799499850,"W":"L","s":452,"p":5001.5},{"S":"B","i":8799499900,"W":"L","s":147500,"p":5001},{"S":"B","i":8799499950,"W":"L","s":5586,"p":5000.5},{"S":"B","i":8799500000,"W":"L","s":417237,"p":5000},{"S":"B","i":8799500050,"W":"L","s":443,"p":4999.5},{"S":"B","i":8799500100,"W":"L","s":20559,"p":4999},{"S":"B","i":8799500150,"W":"L","s":300,"p":4998.5},{"S":"B","i":8799500200,"W":"L","s":4125,"p":4998},{"S":"B","i":8799500250,"W":"L","s":169,"p":4997.5},{"S":"B","i":8799500300,"W":"L","s":4496,"p":4997},{"S":"B","i":8799500400,"W":"L","s":140,"p":4996},{"S":"B","i":8799500450,"W":"L","s":2047,"p":4995.5},{"S":"B","i":8799500500,"W":"L","s":18,"p":4995},{"S":"B","i":8799500550,"W":"L","s":1795,"p":4994.5},{"S":"B","i":8799500600,"W":"L","s":288,"p":4994},{"S":"B","i":8799500650,"W":"L","s":74,"p":4993.5},{"S":"B","i":8799500700,"W":"L","s":77,"p":4993},{"S":"B","i":8799500850,"W":"L","s":96,"p":4991.5},{"S":"B","i":8799500900,"W":"L","s":133,"p":4991},{"S":"B","i":8799501000,"W":"L","s":392,"p":4990},{"S":"B","i":8799501050,"W":"L","s":10039,"p":4989.5},{"S":"B","i":8799501100,"W":"L","s":293,"p":4989},{"S":"B","i":8799501150,"W":"L","s":3028,"p":4988.5},{"S":"B","i":8799501250,"W":"L","s":34,"p":4987.5},{"S":"B","i":8799501300,"W":"L","s":1874,"p":4987},{"S":"B","i":8799501350,"W":"L","s":452,"p":4986.5},{"S":"B","i":8799501400,"W":"L","s":675,"p":4986},{"S":"B","i":8799501450,"W":"L","s":36,"p":4985.5},{"S":"B","i":8799501500,"W":"L","s":5000,"p":4985},{"S":"B","i":8799501550,"W":"L","s":443,"p":4984.5},{"S":"B","i":8799501700,"W":"L","s":59,"p":4983},{"S":"B","i":8799501800,"W":"L","s":4825,"p":4982},{"S":"B","i":8799502000,"W":"L","s":47324,"p":4980},{"S":"B","i":8799502100,"W":"L","s":806,"p":4979},{"S":"B","i":8799502150,"W":"L","s":50074,"p":4978.5},{"S":"B","i":8799502200,"W":"L","s":1000,"p":4978},{"S":"B","i":8799502300,"W":"L","s":77,"p":4977},{"S":"B","i":8799502400,"W":"L","s":1183,"p":4976},{"S":"B","i":8799502500,"W":"L","s":25392,"p":4975},{"S":"B","i":8799502550,"W":"L","s":39,"p":4974.5},{"S":"B","i":8799502600,"W":"L","s":293,"p":4974},{"S":"B","i":8799502650,"W":"L","s":1028,"p":4973.5},{"S":"B","i":8799502750,"W":"L","s":34,"p":4972.5},{"S":"B","i":8799502800,"W":"L","s":1124,"p":4972},{"S":"B","i":8799502850,"W":"L","s":452,"p":4971.5},{"S":"B","i":8799502950,"W":"L","s":3036,"p":4970.5},{"S":"B","i":8799503000,"W":"L","s":575,"p":4970},{"S":"B","i":8799503050,"W":"L","s":37,"p":4969.5},{"S":"B","i":8799503100,"W":"L","s":1000,"p":4969},{"S":"B","i":8799503300,"W":"L","s":21665,"p":4967},{"S":"B","i":8799503350,"W":"L","s":500,"p":4966.5},{"S":"B","i":8799503400,"W":"L","s":600,"p":4966},{"S":"B","i":8799503500,"W":"L","s":45000,"p":4965},{"S":"B","i":8799503600,"W":"L","s":1288,"p":4964},{"S":"B","i":8799503650,"W":"L","s":74,"p":4963.5},{"S":"B","i":8799503700,"W":"L","s":18,"p":4963},{"S":"B","i":8799503900,"W":"L","s":210,"p":4961},{"S":"B","i":8799504000,"W":"L","s":6501,"p":4960},{"S":"B","i":8799504050,"W":"L","s":39,"p":4959.5},{"S":"B","i":8799504100,"W":"L","s":643,"p":4959},{"S":"B","i":8799504150,"W":"L","s":1028,"p":4958.5},{"S":"B","i":8799504250,"W":"L","s":8034,"p":4957.5},{"S":"B","i":8799504300,"W":"L","s":1124,"p":4957},{"S":"B","i":8799504350,"W":"L","s":452,"p":4956.5},{"S":"B","i":8799504450,"W":"L","s":36,"p":4955.5},{"S":"B","i":8799504500,"W":"L","s":1500,"p":4955},{"S":"B","i":8799504550,"W":"L","s":10037,"p":4954.5},{"S":"B","i":8799504600,"W":"L","s":575,"p":4954},{"S":"B","i":8799504800,"W":"L","s":656,"p":4952},{"S":"B","i":8799504850,"W":"L","s":625,"p":4951.5},{"S":"B","i":8799504900,"W":"L","s":5010,"p":4951},{"S":"B","i":8799504950,"W":"L","s":6600,"p":4950.5},{"S":"B","i":8799505000,"W":"L","s":1441662,"p":4950},{"S":"B","i":8799505100,"W":"L","s":288,"p":4949},{"S":"B","i":8799505150,"W":"L","s":74,"p":4948.5},{"S":"B","i":8799505250,"W":"L","s":1500,"p":4947.5},{"S":"B","i":8799505300,"W":"L","s":18,"p":4947},{"S":"B","i":8799505400,"W":"L","s":1433,"p":4946},{"S":"B","i":8799505500,"W":"L","s":468,"p":4945},{"S":"B","i":8799505550,"W":"L","s":39,"p":4944.5},{"S":"B","i":8799505600,"W":"L","s":293,"p":4944},{"S":"B","i":8799505650,"W":"L","s":1028,"p":4943.5},{"S":"B","i":8799505700,"W":"L","s":3000,"p":4943},{"S":"B","i":8799505750,"W":"L","s":34,"p":4942.5},{"S":"B","i":8799505800,"W":"L","s":7124,"p":4942},{"S":"B","i":8799505850,"W":"L","s":452,"p":4941.5},{"S":"B","i":8799505900,"W":"L","s":1500,"p":4941},{"S":"B","i":8799505950,"W":"L","s":1536,"p":4940.5},{"S":"B","i":8799506000,"W":"L","s":12655,"p":4940},{"S":"B","i":8799506050,"W":"L","s":537,"p":4939.5},{"S":"B","i":8799506100,"W":"L","s":100,"p":4939},{"S":"B","i":8799506200,"W":"L","s":575,"p":4938},{"S":"B","i":8799506300,"W":"L","s":456,"p":4937},{"S":"B","i":8799506450,"W":"L","s":1100,"p":4935.5},{"S":"B","i":8799506500,"W":"L","s":59,"p":4935},{"S":"B","i":8799506600,"W":"L","s":288,"p":4934},{"S":"B","i":8799506650,"W":"L","s":74,"p":4933.5},{"S":"B","i":8799506800,"W":"L","s":90,"p":4932},{"S":"B","i":8799506900,"W":"L","s":151,"p":4931},{"S":"B","i":8799506950,"W":"L","s":300,"p":4930.5},{"S":"B","i":8799507000,"W":"L","s":391,"p":4930},{"S":"B","i":8799507050,"W":"L","s":39,"p":4929.5},{"S":"B","i":8799507100,"W":"L","s":370,"p":4929},{"S":"B","i":8799507150,"W":"L","s":1028,"p":4928.5},{"S":"B","i":8799507250,"W":"L","s":34,"p":4927.5},{"S":"B","i":8799507300,"W":"L","s":1124,"p":4927},{"S":"B","i":8799507350,"W":"L","s":452,"p":4926.5},{"S":"B","i":8799507450,"W":"L","s":36,"p":4925.5},{"S":"B","i":8799507500,"W":"L","s":25000,"p":4925},{"S":"B","i":8799507550,"W":"L","s":37,"p":4924.5},{"S":"B","i":8799507700,"W":"L","s":5000,"p":4923},{"S":"B","i":8799507800,"W":"L","s":1031,"p":4922},{"S":"B","i":8799508000,"W":"L","s":100,"p":4920},{"S":"B","i":8799508100,"W":"L","s":547,"p":4919},{"S":"B","i":8799508250,"W":"L","s":850,"p":4917.5},{"S":"B","i":8799508350,"W":"L","s":1000,"p":4916.5},{"S":"B","i":8799508400,"W":"L","s":133,"p":4916},{"S":"B","i":8799508500,"W":"L","s":1259,"p":4915},{"S":"B","i":8799508550,"W":"L","s":39,"p":4914.5},{"S":"B","i":8799508600,"W":"L","s":30126,"p":4914},{"S":"B","i":8799508650,"W":"L","s":1028,"p":4913.5},{"S":"B","i":8799508700,"W":"L","s":5077,"p":4913},{"S":"B","i":8799508750,"W":"L","s":10846,"p":4912.5},{"S":"B","i":8799508800,"W":"L","s":1154,"p":4912},{"S":"B","i":8799508850,"W":"L","s":452,"p":4911.5},{"S":"B","i":8799508900,"W":"L","s":5000,"p":4911},{"S":"B","i":8799508950,"W":"L","s":36,"p":4910.5},{"S":"B","i":8799509000,"W":"L","s":1000,"p":4910},{"S":"B","i":8799509050,"W":"L","s":37,"p":4909.5},{"S":"B","i":8799509100,"W":"L","s":500,"p":4909},{"S":"B","i":8799509250,"W":"L","s":77,"p":4907.5},{"S":"B","i":8799509300,"W":"L","s":200456,"p":4907},{"S":"B","i":8799509400,"W":"L","s":575,"p":4906},{"S":"B","i":8799509500,"W":"L","s":2800,"p":4905},{"S":"B","i":8799509550,"W":"L","s":7400,"p":4904.5},{"S":"B","i":8799509600,"W":"L","s":15488,"p":4904},{"S":"B","i":8799509700,"W":"L","s":8059,"p":4903},{"S":"B","i":8799509750,"W":"L","s":28,"p":4902.5},{"S":"B","i":8799509900,"W":"L","s":533,"p":4901},{"S":"B","i":8799510000,"W":"L","s":317278,"p":4900},{"S":"B","i":8799510050,"W":"L","s":30039,"p":4899.5},{"S":"B","i":8799510100,"W":"L","s":311,"p":4899},{"S":"B","i":8799510150,"W":"L","s":1028,"p":4898.5},{"S":"B","i":8799510250,"W":"L","s":111,"p":4897.5},{"S":"B","i":8799510300,"W":"L","s":1201,"p":4897},{"S":"B","i":8799510350,"W":"L","s":452,"p":4896.5},{"S":"B","i":8799510450,"W":"L","s":36,"p":4895.5},{"S":"B","i":8799510550,"W":"L","s":37,"p":4894.5},{"S":"B","i":8799510800,"W":"L","s":456,"p":4892},{"S":"B","i":8799510950,"W":"L","s":1015,"p":4890.5},{"S":"B","i":8799511000,"W":"L","s":3185,"p":4890},{"S":"B","i":8799511100,"W":"L","s":288,"p":4889},{"S":"B","i":8799511150,"W":"L","s":20077,"p":4888.5},{"S":"B","i":8799511200,"W":"L","s":57646,"p":4888},{"S":"B","i":8799511250,"W":"L","s":154,"p":4887.5},{"S":"B","i":8799511300,"W":"L","s":59,"p":4887},{"S":"B","i":8799511400,"W":"L","s":133,"p":4886},{"S":"B","i":8799511500,"W":"L","s":158,"p":4885},{"S":"B","i":8799511550,"W":"L","s":39,"p":4884.5},{"S":"B","i":8799511600,"W":"L","s":293,"p":4884},{"S":"B","i":8799511650,"W":"L","s":1028,"p":4883.5},{"S":"B","i":8799511700,"W":"L","s":18,"p":4883},{"S":"B","i":8799511850,"W":"L","s":452,"p":4881.5},{"S":"B","i":8799511900,"W":"L","s":77,"p":4881},{"S":"B","i":8799511950,"W":"L","s":36,"p":4880.5},{"S":"B","i":8799512000,"W":"L","s":820,"p":4880},{"S":"B","i":8799512050,"W":"L","s":37,"p":4879.5},{"S":"B","i":8799512300,"W":"L","s":4456,"p":4877},{"S":"B","i":8799512600,"W":"L","s":863,"p":4874},{"S":"B","i":8799512900,"W":"L","s":59,"p":4871},{"S":"B","i":8799513000,"W":"L","s":9658,"p":4870},{"S":"B","i":8799513050,"W":"L","s":39,"p":4869.5},{"S":"B","i":8799513100,"W":"L","s":293,"p":4869},{"S":"B","i":8799513150,"W":"L","s":15,"p":4868.5},{"S":"B","i":8799513250,"W":"L","s":20576,"p":4867.5},{"S":"B","i":8799513300,"W":"L","s":18,"p":4867},{"S":"B","i":8799513400,"W":"L","s":700,"p":4866},{"S":"B","i":8799513450,"W":"L","s":450,"p":4865.5},{"S":"B","i":8799513500,"W":"L","s":77,"p":4865},{"S":"B","i":8799513550,"W":"L","s":37,"p":4864.5},{"S":"B","i":8799513700,"W":"L","s":6300,"p":4863},{"S":"B","i":8799514000,"W":"L","s":78000,"p":4860},{"S":"B","i":8799514200,"W":"L","s":575,"p":4858},{"S":"B","i":8799514250,"W":"L","s":8000,"p":4857.5},{"S":"B","i":8799514350,"W":"L","s":30,"p":4856.5},{"S":"B","i":8799514500,"W":"L","s":3084,"p":4855},{"S":"B","i":8799514600,"W":"L","s":1522,"p":4854},{"S":"B","i":8799514800,"W":"L","s":300,"p":4852},{"S":"B","i":8799514900,"W":"L","s":118,"p":4851},{"S":"B","i":8799514950,"W":"L","s":400,"p":4850.5},{"S":"B","i":8799515000,"W":"L","s":10005,"p":4850},{"S":"B","i":8799516050,"W":"L","s":750,"p":4839.5},{"S":"B","i":8799516150,"W":"L","s":14500,"p":4838.5},{"S":"B","i":8799516200,"W":"L","s":3950,"p":4838},{"S":"B","i":8799516350,"W":"L","s":230,"p":4836.5},{"S":"B","i":8799516400,"W":"L","s":500,"p":4836},{"S":"B","i":8799516500,"W":"L","s":100019,"p":4835},{"S":"B","i":8799516700,"W":"L","s":50,"p":4833},{"S":"B","i":8799516750,"W":"L","s":800,"p":4832.5},{"S":"B","i":8799516900,"W":"L","s":600,"p":4831},{"S":"B","i":8799517000,"W":"L","s":2300,"p":4830},{"S":"B","i":8799517050,"W":"L","s":100,"p":4829.5},{"S":"B","i":8799517300,"W":"L","s":500,"p":4827},{"S":"B","i":8799517350,"W":"L","s":12754,"p":4826.5},{"S":"B","i":8799517500,"W":"L","s":20049,"p":4825},{"S":"B","i":8799517800,"W":"L","s":3000,"p":4822},{"S":"B","i":8799517900,"W":"L","s":300,"p":4821},{"S":"B","i":8799518000,"W":"L","s":1005,"p":4820},{"S":"B","i":8799518300,"W":"L","s":1000,"p":4817},{"S":"B","i":8799518400,"W":"L","s":1200,"p":4816},{"S":"B","i":8799518500,"W":"L","s":250,"p":4815},{"S":"B","i":8799518800,"W":"L","s":1250,"p":4812},{"S":"B","i":8799518850,"W":"L","s":30000,"p":4811.5},{"S":"B","i":8799518900,"W":"L","s":5000,"p":4811},{"S":"B","i":8799519100,"W":"L","s":15000,"p":4809},{"S":"B","i":8799519150,"W":"L","s":10000,"p":4808.5},{"S":"B","i":8799519200,"W":"L","s":8000,"p":4808},{"S":"B","i":8799519400,"W":"L","s":200,"p":4806},{"S":"B","i":8799519500,"W":"L","s":300,"p":4805},{"S":"B","i":8799519600,"W":"L","s":273,"p":4804},{"S":"B","i":8799519850,"W":"L","s":1000,"p":4801.5},{"S":"B","i":8799519900,"W":"L","s":400,"p":4801},{"S":"B","i":8799519950,"W":"L","s":40000,"p":4800.5},{"S":"B","i":8799520000,"W":"L","s":1491194,"p":4800},{"S":"B","i":8799520100,"W":"L","s":350,"p":4799},{"S":"B","i":8799520400,"W":"L","s":250,"p":4796},{"S":"B","i":8799520650,"W":"L","s":10000,"p":4793.5},{"S":"B","i":8799521300,"W":"L","s":10000,"p":4787},{"S":"B","i":8799521500,"W":"L","s":250,"p":4785},{"S":"B","i":8799521700,"W":"L","s":400,"p":4783},{"S":"B","i":8799522000,"W":"L","s":343276,"p":4780},{"S":"B","i":8799522300,"W":"L","s":1000,"p":4777},{"S":"B","i":8799522400,"W":"L","s":2000,"p":4776},{"S":"B","i":8799522500,"W":"L","s":4200,"p":4775},{"S":"B","i":8799522600,"W":"L","s":30,"p":4774},{"S":"B","i":8799522650,"W":"L","s":200,"p":4773.5},{"S":"B","i":8799522800,"W":"L","s":275,"p":4772},{"S":"B","i":8799523000,"W":"L","s":8000,"p":4770},{"S":"B","i":8799523100,"W":"L","s":1000,"p":4769},{"S":"B","i":8799524200,"W":"L","s":33800,"p":4758},{"S":"B","i":8799524250,"W":"L","s":8000,"p":4757.5},{"S":"B","i":8799524500,"W":"L","s":2868,"p":4755},{"S":"B","i":8799524750,"W":"L","s":750,"p":4752.5},{"S":"B","i":8799524800,"W":"L","s":3000,"p":4752},{"S":"B","i":8799525000,"W":"L","s":22560,"p":4750},{"S":"B","i":8799525500,"W":"L","s":2500,"p":4745},{"S":"B","i":8799525650,"W":"L","s":2000,"p":4743.5},{"S":"B","i":8799526000,"W":"L","s":3500,"p":4740},{"S":"B","i":8799526050,"W":"L","s":1000,"p":4739.5},{"S":"B","i":8799526900,"W":"L","s":600,"p":4731},{"S":"B","i":8799527050,"W":"L","s":500,"p":4729.5},{"S":"B","i":8799527300,"W":"L","s":200,"p":4727},{"S":"B","i":8799527600,"W":"L","s":4000,"p":4724},{"S":"B","i":8799528000,"W":"L","s":800,"p":4720},{"S":"B","i":8799528200,"W":"L","s":7500,"p":4718},{"S":"B","i":8799528500,"W":"L","s":1250,"p":4715},{"S":"B","i":8799528550,"W":"L","s":1000,"p":4714.5},{"S":"B","i":8799528750,"W":"L","s":1000,"p":4712.5},{"S":"B","i":8799529100,"W":"L","s":1000,"p":4709},{"S":"B","i":8799529300,"W":"L","s":1017,"p":4707},{"S":"B","i":8799529500,"W":"L","s":30,"p":4705},{"S":"B","i":8799529600,"W":"L","s":1400,"p":4704},{"S":"B","i":8799529650,"W":"L","s":40500,"p":4703.5},{"S":"B","i":8799529850,"W":"L","s":15000,"p":4701.5},{"S":"B","i":8799529900,"W":"L","s":100,"p":4701},{"S":"B","i":8799530000,"W":"L","s":81425,"p":4700},{"S":"B","i":8799530400,"W":"L","s":80,"p":4696},{"S":"B","i":8799530550,"W":"L","s":50,"p":4694.5},{"S":"B","i":8799530900,"W":"L","s":35000,"p":4691},{"S":"B","i":8799531000,"W":"L","s":18,"p":4690},{"S":"B","i":8799531200,"W":"L","s":1000700,"p":4688},{"S":"B","i":8799531800,"W":"L","s":80000,"p":4682},{"S":"B","i":8799532000,"W":"L","s":300000,"p":4680},{"S":"B","i":8799532550,"W":"L","s":500,"p":4674.5},{"S":"B","i":8799532650,"W":"L","s":1900,"p":4673.5},{"S":"B","i":8799532700,"W":"L","s":3000,"p":4673},{"S":"B","i":8799533000,"W":"L","s":100000,"p":4670},{"S":"B","i":8799533350,"W":"L","s":50500,"p":4666.5},{"S":"B","i":8799533400,"W":"L","s":10000,"p":4666},{"S":"B","i":8799533450,"W":"L","s":450,"p":4665.5},{"S":"B","i":8799533650,"W":"L","s":1005,"p":4663.5},{"S":"B","i":8799533850,"W":"L","s":2000,"p":4661.5},{"S":"B","i":8799534000,"W":"L","s":1020,"p":4660},{"S":"B","i":8799534200,"W":"L","s":2000,"p":4658},{"S":"B","i":8799534250,"W":"L","s":8000,"p":4657.5},{"S":"B","i":8799534500,"W":"L","s":27200,"p":4655},{"S":"B","i":8799534800,"W":"L","s":300,"p":4652},{"S":"B","i":8799534900,"W":"L","s":100,"p":4651},{"S":"B","i":8799535000,"W":"L","s":1012009,"p":4650},{"S":"B","i":8799535400,"W":"L","s":75,"p":4646},{"S":"B","i":8799535650,"W":"L","s":500,"p":4643.5},{"S":"B","i":8799536000,"W":"L","s":1800,"p":4640},{"S":"B","i":8799536050,"W":"L","s":2000,"p":4639.5},{"S":"B","i":8799536700,"W":"L","s":10000,"p":4633},{"S":"B","i":8799536850,"W":"L","s":1000,"p":4631.5},{"S":"B","i":8799537000,"W":"L","s":100,"p":4630},{"S":"B","i":8799537300,"W":"L","s":500,"p":4627},{"S":"B","i":8799537950,"W":"L","s":5000,"p":4620.5},{"S":"B","i":8799538000,"W":"L","s":500,"p":4620},{"S":"B","i":8799539000,"W":"L","s":70200,"p":4610},{"S":"B","i":8799539350,"W":"L","s":23032,"p":4606.5},{"S":"B","i":8799539500,"W":"L","s":100,"p":4605},{"S":"B","i":8799539600,"W":"L","s":1000,"p":4604},{"S":"B","i":8799539900,"W":"L","s":15001,"p":4601},{"S":"B","i":8799540000,"W":"L","s":81116,"p":4600},{"S":"B","i":8799540200,"W":"L","s":20000,"p":4598},{"S":"B","i":8799540500,"W":"L","s":25200,"p":4595},{"S":"B","i":8799541150,"W":"L","s":1000,"p":4588.5},{"S":"B","i":8799541800,"W":"L","s":10000,"p":4582},{"S":"B","i":8799542000,"W":"L","s":1000,"p":4580},{"S":"B","i":8799542300,"W":"L","s":16100,"p":4577},{"S":"B","i":8799542350,"W":"L","s":600,"p":4576.5},{"S":"B","i":8799542400,"W":"L","s":5000,"p":4576},{"S":"B","i":8799543200,"W":"L","s":70,"p":4568},{"S":"B","i":8799543350,"W":"L","s":60050,"p":4566.5},{"S":"B","i":8799543400,"W":"L","s":2000,"p":4566},{"S":"B","i":8799544000,"W":"L","s":2470,"p":4560},{"S":"B","i":8799544250,"W":"L","s":8000,"p":4557.5},{"S":"B","i":8799544500,"W":"L","s":25,"p":4555},{"S":"B","i":8799544700,"W":"L","s":8072,"p":4553},{"S":"B","i":8799544800,"W":"L","s":300,"p":4552},{"S":"B","i":8799545000,"W":"L","s":243594,"p":4550},{"S":"B","i":8799545100,"W":"L","s":2000,"p":4549},{"S":"B","i":8799545200,"W":"L","s":50,"p":4548},{"S":"B","i":8799545500,"W":"L","s":250,"p":4545},{"S":"B","i":8799545850,"W":"L","s":4900,"p":4541.5},{"S":"B","i":8799546050,"W":"L","s":3000,"p":4539.5},{"S":"B","i":8799546300,"W":"L","s":1000,"p":4537},{"S":"B","i":8799546900,"W":"L","s":4000,"p":4531},{"S":"B","i":8799547000,"W":"L","s":100,"p":4530},{"S":"B","i":8799547100,"W":"L","s":2000,"p":4529},{"S":"B","i":8799547400,"W":"L","s":1000,"p":4526},{"S":"B","i":8799547500,"W":"L","s":50156,"p":4525},{"S":"B","i":8799547650,"W":"L","s":1000,"p":4523.5},{"S":"B","i":8799548000,"W":"L","s":30700,"p":4520},{"S":"B","i":8799548050,"W":"L","s":15000,"p":4519.5},{"S":"B","i":8799548500,"W":"L","s":270,"p":4515},{"S":"B","i":8799549100,"W":"L","s":100000,"p":4509},{"S":"B","i":8799549350,"W":"L","s":3000,"p":4506.5},{"S":"B","i":8799549500,"W":"L","s":100,"p":4505},{"S":"B","i":8799549600,"W":"L","s":10,"p":4504},{"S":"B","i":8799549700,"W":"L","s":500,"p":4503},{"S":"B","i":8799549900,"W":"L","s":100,"p":4501},{"S":"B","i":8799550000,"W":"L","s":1934006,"p":4500},{"S":"B","i":8799550500,"W":"L","s":900,"p":4495},{"S":"B","i":8799550600,"W":"L","s":1000,"p":4494},{"S":"B","i":8799551100,"W":"L","s":250,"p":4489},{"S":"B","i":8799551150,"W":"L","s":1000,"p":4488.5},{"S":"B","i":8799551200,"W":"L","s":1500,"p":4488},{"S":"B","i":8799551950,"W":"L","s":151,"p":4480.5},{"S":"B","i":8799552000,"W":"L","s":2000,"p":4480},{"S":"B","i":8799552850,"W":"L","s":1,"p":4471.5},{"S":"B","i":8799553100,"W":"L","s":1000,"p":4469},{"S":"B","i":8799553150,"W":"L","s":10,"p":4468.5},{"S":"B","i":8799553500,"W":"L","s":5000,"p":4465},{"S":"B","i":8799554500,"W":"L","s":2000,"p":4455},{"S":"B","i":8799554650,"W":"L","s":19,"p":4453.5},{"S":"B","i":8799554800,"W":"L","s":300,"p":4452},{"S":"B","i":8799554900,"W":"L","s":100,"p":4451},{"S":"B","i":8799555000,"W":"L","s":1313,"p":4450},{"S":"B","i":8799555600,"W":"L","s":544584,"p":4444},{"S":"B","i":8799555800,"W":"L","s":7867,"p":4442},{"S":"B","i":8799556050,"W":"L","s":4000,"p":4439.5},{"S":"B","i":8799556900,"W":"L","s":2000,"p":4431},{"S":"B","i":8799557000,"W":"L","s":400,"p":4430},{"S":"B","i":8799557400,"W":"L","s":60000,"p":4426},{"S":"B","i":8799558000,"W":"L","s":41130,"p":4420},{"S":"B","i":8799558800,"W":"L","s":62250,"p":4412},{"S":"B","i":8799559500,"W":"L","s":800,"p":4405},{"S":"B","i":8799559750,"W":"L","s":2000,"p":4402.5},{"S":"B","i":8799559900,"W":"L","s":30950,"p":4401},{"S":"B","i":8799560000,"W":"L","s":377450,"p":4400},{"S":"B","i":8799561750,"W":"L","s":5000,"p":4382.5},{"S":"B","i":8799561900,"W":"L","s":4000,"p":4381},{"S":"B","i":8799562250,"W":"L","s":5000,"p":4377.5},{"S":"B","i":8799563000,"W":"L","s":300,"p":4370},{"S":"B","i":8799563700,"W":"L","s":1500,"p":4363},{"S":"B","i":8799564250,"W":"L","s":8000,"p":4357.5},{"S":"B","i":8799564400,"W":"L","s":30000,"p":4356},{"S":"B","i":8799564800,"W":"L","s":300,"p":4352},{"S":"B","i":8799564900,"W":"L","s":700,"p":4351},{"S":"B","i":8799565000,"W":"L","s":500200,"p":4350},{"S":"B","i":8799565700,"W":"L","s":5000,"p":4343},{"S":"B","i":8799566000,"W":"L","s":100200,"p":4340},{"S":"B","i":8799566700,"W":"L","s":640,"p":4333},{"S":"B","i":8799567000,"W":"L","s":43156,"p":4330},{"S":"B","i":8799567100,"W":"L","s":500,"p":4329},{"S":"B","i":8799567200,"W":"L","s":4493,"p":4328},{"S":"B","i":8799567400,"W":"L","s":6000,"p":4326},{"S":"B","i":8799567500,"W":"L","s":5000,"p":4325},{"S":"B","i":8799567900,"W":"L","s":235761,"p":4321},{"S":"B","i":8799568200,"W":"L","s":1000,"p":4318},{"S":"B","i":8799568250,"W":"L","s":5000,"p":4317.5},{"S":"B","i":8799569000,"W":"L","s":500,"p":4310},{"S":"B","i":8799569500,"W":"L","s":100,"p":4305},{"S":"B","i":8799569600,"W":"L","s":2000,"p":4304},{"S":"B","i":8799569850,"W":"L","s":200,"p":4301.5},{"S":"B","i":8799569900,"W":"L","s":1700,"p":4301},{"S":"B","i":8799570000,"W":"L","s":1057680,"p":4300},{"S":"B","i":8799570800,"W":"L","s":200,"p":4292},{"S":"B","i":8799571200,"W":"L","s":2450,"p":4288},{"S":"B","i":8799571600,"W":"L","s":700,"p":4284},{"S":"B","i":8799572050,"W":"L","s":2000,"p":4279.5},{"S":"B","i":8799572250,"W":"L","s":5000,"p":4277.5},{"S":"B","i":8799572500,"W":"L","s":200,"p":4275},{"S":"B","i":8799573000,"W":"L","s":200,"p":4270},{"S":"B","i":8799573450,"W":"L","s":450,"p":4265.5},{"S":"B","i":8799574250,"W":"L","s":8000,"p":4257.5},{"S":"B","i":8799574300,"W":"L","s":1000,"p":4257},{"S":"B","i":8799574700,"W":"L","s":10000,"p":4253},{"S":"B","i":8799574900,"W":"L","s":100,"p":4251},{"S":"B","i":8799575000,"W":"L","s":700,"p":4250},{"S":"B","i":8799575300,"W":"L","s":1000,"p":4247},{"S":"B","i":8799575450,"W":"L","s":33000,"p":4245.5},{"S":"B","i":8799575800,"W":"L","s":75,"p":4242},{"S":"B","i":8799576000,"W":"L","s":100000,"p":4240},{"S":"B","i":8799576600,"W":"L","s":3000,"p":4234},{"S":"B","i":8799577000,"W":"L","s":1000,"p":4230},{"S":"B","i":8799577300,"W":"L","s":1000,"p":4227},{"S":"B","i":8799577500,"W":"L","s":50000,"p":4225},{"S":"B","i":8799578000,"W":"L","s":1013,"p":4220},{"S":"B","i":8799578250,"W":"L","s":5000,"p":4217.5},{"S":"B","i":8799578300,"W":"L","s":10250,"p":4217},{"S":"B","i":8799578450,"W":"L","s":15000,"p":4215.5},{"S":"B","i":8799579000,"W":"L","s":100,"p":4210},{"S":"B","i":8799579650,"W":"L","s":299,"p":4203.5},{"S":"B","i":8799579700,"W":"L","s":15000,"p":4203},{"S":"B","i":8799579900,"W":"L","s":1500,"p":4201},{"S":"B","i":8799579950,"W":"L","s":500,"p":4200.5},{"S":"B","i":8799580000,"W":"L","s":80994,"p":4200},{"S":"B","i":8799581000,"W":"L","s":500,"p":4190},{"S":"B","i":8799582000,"W":"L","s":501,"p":4180},{"S":"B","i":8799582250,"W":"L","s":5000,"p":4177.5},{"S":"B","i":8799582350,"W":"L","s":1000,"p":4176.5},{"S":"B","i":8799582500,"W":"L","s":200,"p":4175},{"S":"B","i":8799583800,"W":"L","s":2000,"p":4162},{"S":"B","i":8799584250,"W":"L","s":8000,"p":4157.5},{"S":"B","i":8799584700,"W":"L","s":1400,"p":4153},{"S":"B","i":8799585000,"W":"L","s":1316200,"p":4150},{"S":"B","i":8799586000,"W":"L","s":50000,"p":4140},{"S":"B","i":8799586350,"W":"L","s":80000,"p":4136.5},{"S":"B","i":8799586700,"W":"L","s":25000,"p":4133},{"S":"B","i":8799588000,"W":"L","s":500,"p":4120},{"S":"B","i":8799588250,"W":"L","s":5000,"p":4117.5},{"S":"B","i":8799589500,"W":"L","s":900,"p":4105},{"S":"B","i":8799589900,"W":"L","s":11500,"p":4101},{"S":"B","i":8799590000,"W":"L","s":68331,"p":4100},{"S":"B","i":8799591200,"W":"L","s":500,"p":4088},{"S":"B","i":8799591750,"W":"L","s":5000,"p":4082.5},{"S":"B","i":8799592000,"W":"L","s":13,"p":4080},{"S":"B","i":8799592250,"W":"L","s":5000,"p":4077.5},{"S":"B","i":8799592500,"W":"L","s":700,"p":4075},{"S":"B","i":8799593150,"W":"L","s":1000000,"p":4068.5},{"S":"B","i":8799593900,"W":"L","s":1100,"p":4061},{"S":"B","i":8799594000,"W":"L","s":15000,"p":4060},{"S":"B","i":8799594100,"W":"L","s":310,"p":4059},{"S":"B","i":8799594250,"W":"L","s":8000,"p":4057.5},{"S":"B","i":8799594700,"W":"L","s":40000,"p":4053},{"S":"B","i":8799594850,"W":"L","s":1000,"p":4051.5},{"S":"B","i":8799594900,"W":"L","s":100,"p":4051},{"S":"B","i":8799595000,"W":"L","s":13060,"p":4050},{"S":"B","i":8799595500,"W":"L","s":9000,"p":4045},{"S":"B","i":8799595600,"W":"L","s":1200,"p":4044},{"S":"B","i":8799596000,"W":"L","s":50000,"p":4040},{"S":"B","i":8799596450,"W":"L","s":1,"p":4035.5},{"S":"B","i":8799596900,"W":"L","s":5000,"p":4031},{"S":"B","i":8799597500,"W":"L","s":1000,"p":4025},{"S":"B","i":8799597900,"W":"L","s":100,"p":4021},{"S":"B","i":8799598000,"W":"L","s":500,"p":4020},{"S":"B","i":8799598250,"W":"L","s":5000,"p":4017.5},{"S":"B","i":8799598400,"W":"L","s":2000,"p":4016},{"S":"B","i":8799598800,"W":"L","s":7000,"p":4012},{"S":"B","i":8799599600,"W":"L","s":100,"p":4004},{"S":"B","i":8799599800,"W":"L","s":250,"p":4002},{"S":"B","i":8799599900,"W":"L","s":9200,"p":4001},{"S":"B","i":8799599950,"W":"L","s":50,"p":4000.5},{"S":"B","i":8799600000,"W":"L","s":239050,"p":4000},{"S":"B","i":8799602000,"W":"L","s":40,"p":3980},{"S":"B","i":8799602250,"W":"L","s":5000,"p":3977.5},{"S":"B","i":8799602400,"W":"L","s":60000,"p":3976},{"S":"B","i":8799602500,"W":"L","s":200,"p":3975},{"S":"B","i":8799603100,"W":"L","s":108,"p":3969},{"S":"B","i":8799603300,"W":"L","s":1000,"p":3967},{"S":"B","i":8799603700,"W":"L","s":60000,"p":3963},{"S":"B","i":8799605000,"W":"L","s":18750,"p":3950},{"S":"B","i":8799608250,"W":"L","s":5000,"p":3917.5},{"S":"B","i":8799609900,"W":"L","s":1500,"p":3901},{"S":"B","i":8799610000,"W":"L","s":50750,"p":3900},{"S":"B","i":8799610300,"W":"L","s":2000,"p":3897},{"S":"B","i":8799611050,"W":"L","s":25,"p":3889.5},{"S":"B","i":8799611200,"W":"L","s":5484,"p":3888},{"S":"B","i":8799612250,"W":"L","s":5000,"p":3877.5},{"S":"B","i":8799612500,"W":"L","s":200,"p":3875},{"S":"B","i":8799612700,"W":"L","s":85000,"p":3873},{"S":"B","i":8799612950,"W":"L","s":5000,"p":3870.5},{"S":"B","i":8799613300,"W":"L","s":1000,"p":3867},{"S":"B","i":8799614300,"W":"L","s":5000,"p":3857},{"S":"B","i":8799614800,"W":"L","s":500,"p":3852},{"S":"B","i":8799614900,"W":"L","s":100,"p":3851},{"S":"B","i":8799615000,"W":"L","s":350,"p":3850},{"S":"B","i":8799616000,"W":"L","s":12,"p":3840},{"S":"B","i":8799617250,"W":"L","s":45000,"p":3827.5},{"S":"B","i":8799618250,"W":"L","s":5000,"p":3817.5},{"S":"B","i":8799619900,"W":"L","s":1500,"p":3801},{"S":"B","i":8799620000,"W":"L","s":26454,"p":3800},{"S":"B","i":8799621350,"W":"L","s":199,"p":3786.5},{"S":"B","i":8799621650,"W":"L","s":110000,"p":3783.5},{"S":"B","i":8799622400,"W":"L","s":16,"p":3776},{"S":"B","i":8799622500,"W":"L","s":200,"p":3775},{"S":"B","i":8799625000,"W":"L","s":573,"p":3750},{"S":"B","i":8799625600,"W":"L","s":666,"p":3744},{"S":"B","i":8799627400,"W":"L","s":50000,"p":3726},{"S":"B","i":8799628200,"W":"L","s":90000,"p":3718},{"S":"B","i":8799629900,"W":"L","s":1700,"p":3701},{"S":"B","i":8799630000,"W":"L","s":3372,"p":3700},{"S":"B","i":8799630300,"W":"L","s":125000,"p":3697},{"S":"B","i":8799631800,"W":"L","s":150000,"p":3682},{"S":"B","i":8799632500,"W":"L","s":6800,"p":3675},{"S":"B","i":8799632750,"W":"L","s":2000,"p":3672.5},{"S":"B","i":8799633150,"W":"L","s":500,"p":3668.5},{"S":"B","i":8799633400,"W":"L","s":4444,"p":3666},{"S":"B","i":8799633900,"W":"L","s":40000,"p":3661},{"S":"B","i":8799634000,"W":"L","s":2400,"p":3660},{"S":"B","i":8799634500,"W":"L","s":1000,"p":3655},{"S":"B","i":8799634800,"W":"L","s":25000,"p":3652},{"S":"B","i":8799634900,"W":"L","s":100,"p":3651},{"S":"B","i":8799635000,"W":"L","s":20866,"p":3650},{"S":"B","i":8799636500,"W":"L","s":150000,"p":3635},{"S":"B","i":8799636900,"W":"L","s":6000,"p":3631},{"S":"B","i":8799639400,"W":"L","s":5000,"p":3606},{"S":"B","i":8799639650,"W":"L","s":12052,"p":3603.5},{"S":"B","i":8799639900,"W":"L","s":11500,"p":3601},{"S":"B","i":8799640000,"W":"L","s":27361,"p":3600},{"S":"B","i":8799640050,"W":"L","s":150000,"p":3599.5},{"S":"B","i":8799641150,"W":"L","s":2000,"p":3588.5},{"S":"B","i":8799641200,"W":"L","s":2000,"p":3588},{"S":"B","i":8799642500,"W":"L","s":200,"p":3575},{"S":"B","i":8799642850,"W":"L","s":50,"p":3571.5},{"S":"B","i":8799643000,"W":"L","s":1000,"p":3570},{"S":"B","i":8799644000,"W":"L","s":330,"p":3560},{"S":"B","i":8799644400,"W":"L","s":10000,"p":3556},{"S":"B","i":8799644500,"W":"L","s":6400,"p":3555},{"S":"B","i":8799644700,"W":"L","s":2000,"p":3553},{"S":"B","i":8799645000,"W":"L","s":200,"p":3550},{"S":"B","i":8799645550,"W":"L","s":15,"p":3544.5},{"S":"B","i":8799647000,"W":"L","s":81000,"p":3530},{"S":"B","i":8799647750,"W":"L","s":2000,"p":3522.5},{"S":"B","i":8799648300,"W":"L","s":1000,"p":3517},{"S":"B","i":8799648900,"W":"L","s":1000,"p":3511},{"S":"B","i":8799649500,"W":"L","s":200000,"p":3505},{"S":"B","i":8799649900,"W":"L","s":1700,"p":3501},{"S":"B","i":8799650000,"W":"L","s":173200,"p":3500},{"S":"B","i":8799650200,"W":"L","s":1000000,"p":3498},{"S":"B","i":8799651150,"W":"L","s":2000,"p":3488.5},{"S":"B","i":8799651350,"W":"L","s":1000,"p":3486.5},{"S":"B","i":8799652500,"W":"L","s":200,"p":3475},{"S":"B","i":8799654300,"W":"L","s":5000,"p":3457},{"S":"B","i":8799654400,"W":"L","s":20,"p":3456},{"S":"B","i":8799654900,"W":"L","s":100,"p":3451},{"S":"B","i":8799655000,"W":"L","s":600,"p":3450},{"S":"B","i":8799658000,"W":"L","s":200000,"p":3420},{"S":"B","i":8799658700,"W":"L","s":5000,"p":3413},{"S":"B","i":8799659150,"W":"L","s":250,"p":3408.5},{"S":"B","i":8799659900,"W":"L","s":1700,"p":3401},{"S":"B","i":8799660000,"W":"L","s":2600,"p":3400},{"S":"B","i":8799661500,"W":"L","s":300,"p":3385},{"S":"B","i":8799662500,"W":"L","s":200,"p":3375},{"S":"B","i":8799662600,"W":"L","s":12000,"p":3374},{"S":"B","i":8799664000,"W":"L","s":1011,"p":3360},{"S":"B","i":8799664500,"W":"L","s":140,"p":3355},{"S":"B","i":8799665000,"W":"L","s":4960,"p":3350},{"S":"B","i":8799666600,"W":"L","s":34500,"p":3334},{"S":"B","i":8799666650,"W":"L","s":10000,"p":3333.5},{"S":"B","i":8799666700,"W":"L","s":62150,"p":3333},{"S":"B","i":8799667350,"W":"L","s":18789,"p":3326.5},{"S":"B","i":8799668700,"W":"L","s":5000,"p":3313},{"S":"B","i":8799668800,"W":"L","s":300,"p":3312},{"S":"B","i":8799669500,"W":"L","s":2000,"p":3305},{"S":"B","i":8799669900,"W":"L","s":5101,"p":3301},{"S":"B","i":8799670000,"W":"L","s":64599,"p":3300},{"S":"B","i":8799671700,"W":"L","s":15000,"p":3283},{"S":"B","i":8799672400,"W":"L","s":280,"p":3276},{"S":"B","i":8799672500,"W":"L","s":200,"p":3275},{"S":"B","i":8799674900,"W":"L","s":100,"p":3251},{"S":"B","i":8799675000,"W":"L","s":10900,"p":3250},{"S":"B","i":8799675600,"W":"L","s":60000,"p":3244},{"S":"B","i":8799677450,"W":"L","s":30000,"p":3225.5},{"S":"B","i":8799677800,"W":"L","s":20,"p":3222},{"S":"B","i":8799678700,"W":"L","s":5000,"p":3213},{"S":"B","i":8799678800,"W":"L","s":1000,"p":3212},{"S":"B","i":8799679700,"W":"L","s":599,"p":3203},{"S":"B","i":8799679900,"W":"L","s":1800,"p":3201},{"S":"B","i":8799680000,"W":"L","s":125800,"p":3200},{"S":"B","i":8799681400,"W":"L","s":7000,"p":3186},{"S":"B","i":8799682000,"W":"L","s":5000,"p":3180},{"S":"B","i":8799683500,"W":"L","s":10038,"p":3165},{"S":"B","i":8799684000,"W":"L","s":1000,"p":3160},{"S":"B","i":8799685000,"W":"L","s":13450,"p":3150},{"S":"B","i":8799685900,"W":"L","s":199,"p":3141},{"S":"B","i":8799687500,"W":"L","s":13000,"p":3125},{"S":"B","i":8799687700,"W":"L","s":20200,"p":3123},{"S":"B","i":8799687900,"W":"L","s":35000,"p":3121},{"S":"B","i":8799688000,"W":"L","s":10,"p":3120},{"S":"B","i":8799688650,"W":"L","s":100,"p":3113.5},{"S":"B","i":8799688700,"W":"L","s":5000,"p":3113},{"S":"B","i":8799688900,"W":"L","s":6000,"p":3111},{"S":"B","i":8799688950,"W":"L","s":100,"p":3110.5},{"S":"B","i":8799689100,"W":"L","s":1000,"p":3109},{"S":"B","i":8799689900,"W":"L","s":11800,"p":3101},{"S":"B","i":8799690000,"W":"L","s":30943,"p":3100},{"S":"B","i":8799691000,"W":"L","s":100,"p":3090},{"S":"B","i":8799691100,"W":"L","s":1200,"p":3089},{"S":"B","i":8799691200,"W":"L","s":2000,"p":3088},{"S":"B","i":8799691450,"W":"L","s":100,"p":3085.5},{"S":"B","i":8799691700,"W":"L","s":400,"p":3083},{"S":"B","i":8799692000,"W":"L","s":2550,"p":3080},{"S":"B","i":8799692500,"W":"L","s":11200,"p":3075},{"S":"B","i":8799693000,"W":"L","s":100,"p":3070},{"S":"B","i":8799693200,"W":"L","s":10000,"p":3068},{"S":"B","i":8799693300,"W":"L","s":1000,"p":3067},{"S":"B","i":8799693400,"W":"L","s":10,"p":3066},{"S":"B","i":8799694000,"W":"L","s":2300,"p":3060},{"S":"B","i":8799694300,"W":"L","s":20,"p":3057},{"S":"B","i":8799695000,"W":"L","s":77700,"p":3050},{"S":"B","i":8799696250,"W":"L","s":8000,"p":3037.5},{"S":"B","i":8799696300,"W":"L","s":2908,"p":3037},{"S":"B","i":8799696450,"W":"L","s":500,"p":3035.5},{"S":"B","i":8799696700,"W":"L","s":701,"p":3033},{"S":"B","i":8799697000,"W":"L","s":20100,"p":3030},{"S":"B","i":8799697500,"W":"L","s":50000,"p":3025},{"S":"B","i":8799697700,"W":"L","s":5000,"p":3023},{"S":"B","i":8799697900,"W":"L","s":1000,"p":3021},{"S":"B","i":8799698000,"W":"L","s":3000,"p":3020},{"S":"B","i":8799698300,"W":"L","s":15000,"p":3017},{"S":"B","i":8799698700,"W":"L","s":1800,"p":3013},{"S":"B","i":8799698900,"W":"L","s":5000,"p":3011},{"S":"B","i":8799699000,"W":"L","s":1000,"p":3010},{"S":"B","i":8799699500,"W":"L","s":8000,"p":3005},{"S":"B","i":8799699900,"W":"L","s":33001,"p":3001},{"S":"B","i":8799699950,"W":"L","s":993918,"p":3000.5},{"S":"B","i":8799700000,"W":"L","s":62331,"p":3000},{"S":"B","i":8799702000,"W":"L","s":100,"p":2980},{"S":"B","i":8799704500,"W":"L","s":800,"p":2955},{"S":"B","i":8799705000,"W":"L","s":600,"p":2950},{"S":"B","i":8799705850,"W":"L","s":4000,"p":2941.5},{"S":"B","i":8799708500,"W":"L","s":1000,"p":2915},{"S":"B","i":8799708800,"W":"L","s":3500,"p":2912},{"S":"B","i":8799709600,"W":"L","s":20000,"p":2904},{"S":"B","i":8799709700,"W":"L","s":100,"p":2903},{"S":"B","i":8799709900,"W":"L","s":300,"p":2901},{"S":"B","i":8799710000,"W":"L","s":30200,"p":2900},{"S":"B","i":8799713500,"W":"L","s":100,"p":2865},{"S":"B","i":8799715000,"W":"L","s":200,"p":2850},{"S":"B","i":8799716300,"W":"L","s":1000,"p":2837},{"S":"B","i":8799718100,"W":"L","s":15000,"p":2819},{"S":"B","i":8799720000,"W":"L","s":25500,"p":2800},{"S":"B","i":8799720100,"W":"L","s":20000,"p":2799},{"S":"B","i":8799725000,"W":"L","s":200,"p":2750},{"S":"B","i":8799725850,"W":"L","s":4000,"p":2741.5},{"S":"B","i":8799727150,"W":"L","s":10000,"p":2728.5},{"S":"B","i":8799728500,"W":"L","s":20,"p":2715},{"S":"B","i":8799730000,"W":"L","s":200,"p":2700},{"S":"B","i":8799731800,"W":"L","s":150000,"p":2682},{"S":"B","i":8799731900,"W":"L","s":100,"p":2681},{"S":"B","i":8799733600,"W":"L","s":2000,"p":2664},{"S":"B","i":8799734000,"W":"L","s":100,"p":2660},{"S":"B","i":8799735000,"W":"L","s":600,"p":2650},{"S":"B","i":8799735600,"W":"L","s":200,"p":2644},{"S":"B","i":8799737400,"W":"L","s":1000,"p":2626},{"S":"B","i":8799738950,"W":"L","s":100,"p":2610.5},{"S":"B","i":8799739900,"W":"L","s":10000,"p":2601},{"S":"B","i":8799740000,"W":"L","s":220,"p":2600},{"S":"B","i":8799742000,"W":"L","s":20,"p":2580},{"S":"B","i":8799742400,"W":"L","s":100,"p":2576},{"S":"B","i":8799744500,"W":"L","s":7000,"p":2555},{"S":"B","i":8799745000,"W":"L","s":240,"p":2550},{"S":"B","i":8799745850,"W":"L","s":4000,"p":2541.5},{"S":"B","i":8799747000,"W":"L","s":20,"p":2530},{"S":"B","i":8799748000,"W":"L","s":20,"p":2520},{"S":"B","i":8799749500,"W":"L","s":20000,"p":2505},{"S":"B","i":8799750000,"W":"L","s":27730,"p":2500},{"S":"B","i":8799752000,"W":"L","s":140,"p":2480},{"S":"B","i":8799752850,"W":"L","s":1,"p":2471.5},{"S":"B","i":8799753800,"W":"L","s":20,"p":2462},{"S":"B","i":8799754100,"W":"L","s":6,"p":2459},{"S":"B","i":8799755000,"W":"L","s":200,"p":2450},{"S":"B","i":8799755600,"W":"L","s":20,"p":2444},{"S":"B","i":8799756000,"W":"L","s":20,"p":2440},{"S":"B","i":8799756400,"W":"L","s":50,"p":2436},{"S":"B","i":8799756600,"W":"L","s":20,"p":2434},{"S":"B","i":8799758700,"W":"L","s":20,"p":2413},{"S":"B","i":8799760000,"W":"L","s":200,"p":2400},{"S":"B","i":8799763850,"W":"L","s":11000,"p":2361.5},{"S":"B","i":8799764000,"W":"L","s":20,"p":2360},{"S":"B","i":8799765000,"W":"L","s":600,"p":2350},{"S":"B","i":8799765800,"W":"L","s":1,"p":2342},{"S":"B","i":8799768000,"W":"L","s":20,"p":2320},{"S":"B","i":8799769700,"W":"L","s":5000,"p":2303},{"S":"B","i":8799770000,"W":"L","s":1700,"p":2300},{"S":"B","i":8799771600,"W":"L","s":20,"p":2284},{"S":"B","i":8799772850,"W":"L","s":4600,"p":2271.5},{"S":"B","i":8799773700,"W":"L","s":200,"p":2263},{"S":"B","i":8799774800,"W":"L","s":20,"p":2252},{"S":"B","i":8799775000,"W":"L","s":30,"p":2250},{"S":"B","i":8799777550,"W":"L","s":10000,"p":2224.5},{"S":"B","i":8799777800,"W":"L","s":598,"p":2222},{"S":"B","i":8799778400,"W":"L","s":17,"p":2216},{"S":"B","i":8799781900,"W":"L","s":100,"p":2181},{"S":"B","i":8799782500,"W":"L","s":54,"p":2175},{"S":"B","i":8799785000,"W":"L","s":8030,"p":2150},{"S":"B","i":8799787500,"W":"L","s":14750,"p":2125},{"S":"B","i":8799788900,"W":"L","s":200,"p":2111},{"S":"B","i":8799788950,"W":"L","s":100,"p":2110.5},{"S":"B","i":8799790000,"W":"L","s":39873,"p":2100},{"S":"B","i":8799794000,"W":"L","s":16,"p":2060},{"S":"B","i":8799795000,"W":"L","s":30,"p":2050},{"S":"B","i":8799799950,"W":"L","s":750,"p":2000.5},{"S":"B","i":8799800000,"W":"L","s":52001,"p":2000},{"S":"B","i":8799802000,"W":"L","s":100,"p":1980},{"S":"B","i":8799802350,"W":"L","s":150,"p":1976.5},{"S":"B","i":8799806700,"W":"L","s":2000,"p":1933},{"S":"B","i":8799808000,"W":"L","s":50,"p":1920},{"S":"B","i":8799811900,"W":"L","s":1000,"p":1881},{"S":"B","i":8799813400,"W":"L","s":30000,"p":1866},{"S":"B","i":8799820000,"W":"L","s":10000,"p":1800},{"S":"B","i":8799824600,"W":"L","s":8000,"p":1754},{"S":"B","i":8799824950,"W":"L","s":10,"p":1750.5},{"S":"B","i":8799831900,"W":"L","s":100,"p":1681},{"S":"B","i":8799834950,"W":"L","s":10,"p":1650.5},{"S":"B","i":8799840000,"W":"L","s":10000,"p":1600},{"S":"B","i":8799842350,"W":"L","s":10000,"p":1576.5},{"S":"B","i":8799850000,"W":"L","s":35000,"p":1500},{"S":"B","i":8799852000,"W":"L","s":100,"p":1480},{"S":"B","i":8799853450,"W":"L","s":1,"p":1465.5},{"S":"B","i":8799857700,"W":"L","s":10000,"p":1423},{"S":"B","i":8799861000,"W":"L","s":1,"p":1390},{"S":"B","i":8799866000,"W":"L","s":100,"p":1340},{"S":"B","i":8799866500,"W":"L","s":50000,"p":1335},{"S":"B","i":8799870950,"W":"L","s":35000,"p":1290.5},{"S":"B","i":8799876400,"W":"L","s":20,"p":1236},{"S":"B","i":8799876600,"W":"L","s":10,"p":1234},{"S":"B","i":8799881900,"W":"L","s":100,"p":1181},{"S":"B","i":8799885000,"W":"L","s":10000,"p":1150},{"S":"B","i":8799888200,"W":"L","s":300,"p":1118},{"S":"B","i":8799890000,"W":"L","s":150,"p":1100},{"S":"B","i":8799895000,"W":"L","s":5000,"p":1050},{"S":"B","i":8799897900,"W":"L","s":300,"p":1021},{"S":"B","i":8799898900,"W":"L","s":11,"p":1011},{"S":"B","i":8799900000,"W":"L","s":131944,"p":1000},{"S":"B","i":8799902000,"W":"L","s":100,"p":980},{"S":"B","i":8799909400,"W":"L","s":1,"p":906},{"S":"B","i":8799910000,"W":"L","s":100,"p":900},{"S":"B","i":8799913050,"W":"L","s":20000,"p":869.5},{"S":"B","i":8799918000,"W":"L","s":100,"p":820},{"S":"B","i":8799918200,"W":"L","s":1,"p":818},{"S":"B","i":8799922500,"W":"L","s":150,"p":775},{"S":"B","i":8799925000,"W":"L","s":686660,"p":750},{"S":"B","i":8799926800,"W":"L","s":50,"p":732},{"S":"B","i":8799927000,"W":"L","s":50,"p":730},{"S":"B","i":8799927600,"W":"L","s":25,"p":724},{"S":"B","i":8799929950,"W":"L","s":2,"p":700.5},{"S":"B","i":8799931700,"W":"L","s":338,"p":683},{"S":"B","i":8799931900,"W":"L","s":100,"p":681},{"S":"B","i":8799933200,"W":"L","s":50,"p":668},{"S":"B","i":8799935000,"W":"L","s":1,"p":650},{"S":"B","i":8799935600,"W":"L","s":100,"p":644},{"S":"B","i":8799936200,"W":"L","s":3,"p":638},{"S":"B","i":8799937850,"W":"L","s":1,"p":621.5},{"S":"B","i":8799941000,"W":"L","s":3,"p":590},{"S":"B","i":8799950000,"W":"L","s":1,"p":500},{"S":"B","i":8799955300,"W":"L","s":1,"p":447},{"S":"B","i":8799963500,"W":"L","s":1000,"p":365},{"S":"B","i":8799966650,"W":"L","s":3486,"p":333.5},{"S":"B","i":8799979850,"W":"L","s":30,"p":201.5},{"S":"B","i":8799989900,"W":"L","s":5,"p":101},{"S":"B","i":8799990000,"W":"L","s":26,"p":100},{"S":"B","i":8799991900,"W":"L","s":5,"p":81},{"S":"B","i":8799992000,"W":"L","s":1,"p":80},{"S":"B","i":8799995000,"W":"L","s":1,"p":50},{"S":"B","i":8799996100,"W":"L","s":1,"p":39},{"S":"B","i":8799996200,"W":"L","s":1,"p":38},{"S":"B","i":8799996300,"W":"L","s":1,"p":37},{"S":"B","i":8799996400,"W":"L","s":1,"p":36},{"S":"B","i":8799996500,"W":"L","s":1,"p":35},{"S":"B","i":8799996600,"W":"L","s":1,"p":34},{"S":"B","i":8799996700,"W":"L","s":1,"p":33},{"S":"B","i":8799996800,"W":"L","s":1,"p":32},{"S":"B","i":8799996900,"W":"L","s":1,"p":31},{"S":"B","i":8799997000,"W":"L","s":32,"p":30},{"S":"B","i":8799998900,"W":"L","s":31,"p":11},{"S":"B","i":8799999500,"W":"L","s":6,"p":5},{"S":"B","i":8799999600,"W":"L","s":12,"p":4},{"S":"B","i":8799999850,"W":"L","s":10,"p":1.5},{"S":"B","i":8799999900,"W":"L","s":3,"p":1}],"TIME":1542001843}
{"t":"O","A":"U","d":[{"S":"B","i":8799360000,"W":"H","s":1989364},{"S":"B","i":8799359200,"W":"H","s":936983},{"S":"B","i":8799363200,"W":"L","s":133580},{"S":"B","i":8799363700,"W":"L","s":876785},{"S":"B","i":8799364200,"W":"L","s":543358},{"S":"B","i":8799365200,"W":"L","s":171428},{"S":"B","i":8799366700,"W":"L","s":343255},{"S":"B","i":8799369200,"W":"L","s":195693},{"S":"B","i":8799362200,"W":"H","s":577793},{"S":"B","i":8799362300,"W":"H","s":418948},{"S":"B","i":8799362100,"W":"H","s":884375},{"S":"B","i":8799362150,"W":"H","s":215221},{"S":"B","i":8799362800,"W":"L","s":1472393},{"S":"B","i":8799364700,"W":"L","s":304996},{"S":"B","i":8799364800,"W":"L","s":130076},{"S":"B","i":8799362750,"W":"L","s":7034388},{"S":"B","i":8799362850,"W":"L","s":66117},{"S":"B","i":8799362500,"W":"H","s":198165},{"S":"B","i":8799362900,"W":"L","s":269121},{"S":"B","i":8799361200,"W":"H","s":549807},{"S":"B","i":8799361400,"W":"H","s":159969},{"S":"B","i":8799361600,"W":"H","s":210035},{"S":"B","i":8799361800,"W":"H","s":482371},{"S":"B","i":8799362000,"W":"H","s":1677605},{"S":"B","i":8799362200,"W":"H","s":577627},{"S":"B","i":8799364950,"W":"L","s":307739},{"S":"B","i":8799365000,"W":"L","s":637387},{"S":"B","i":8799365050,"W":"L","s":72913},{"S":"B","i":8799365100,"W":"L","s":195484},{"S":"B","i":8799365150,"W":"L","s":130803},{"S":"B","i":8799365200,"W":"L","s":171323},{"S":"B","i":8799365250,"W":"L","s":293492},{"S":"B","i":8799365300,"W":"L","s":372901},{"S":"B","i":8799365350,"W":"L","s":153963},{"S":"B","i":8799365400,"W":"L","s":304874},{"S":"B","i":8799365450,"W":"L","s":43702},{"S":"B","i":8799365500,"W":"L","s":244845},{"S":"B","i":8799350800,"W":"H","s":1702251},{"S":"B","i":8799355300,"W":"H","s":1216123},{"S":"B","i":8799358300,"W":"H","s":803315},{"S":"B","i":8799359800,"W":"H","s":536836},{"S":"B","i":8799361300,"W":"H","s":501378},{"S":"B","i":8799365700,"W":"L","s":626335},{"S":"B","i":8799350700,"W":"H","s":2014628},{"S":"B","i":8799355200,"W":"H","s":1208657},{"S":"B","i":8799358200,"W":"H","s":1172848},{"S":"B","i":8799359700,"W":"H","s":592943},{"S":"B","i":8799361200,"W":"H","s":556531},{"S":"B","i":8799367000,"W":"L","s":1439689},{"S":"B","i":8799362050,"W":"H","s":271841},{"S":"B","i":8799362150,"W":"H","s":225221},{"S":"B","i":8799350700,"W":"H","s":2025647},{"S":"B","i":8799355200,"W":"H","s":1219676},{"S":"B","i":8799358200,"W":"H","s":1183867},{"S":"B","i":8799359700,"W":"H","s":603962},{"S":"B","i":8799361200,"W":"H","s":567550},{"S":"B","i":8799365300,"W":"L","s":394845}],"TIME":1542001843}
{"t":"O","A":"delete","d":[{"S":"B","i":8799936200,"W":"L"}],"TIME":1542001843}
{"t":"O","A":"U","d":[{"S":"B","i":8799362200,"W":"H","s":564871},{"S":"B","i":8799362250,"W":"H","s":140725},{"S":"B","i":8799372600,"W":"L","s":222262},{"S":"B","i":8799354200,"W":"H","s":457702},{"S":"B","i":8799360200,"W":"H","s":728034},{"S":"B","i":8799997000,"W":"L","s":33},{"S":"B","i":8799356050,"W":"H","s":69482},{"S":"B","i":8799362050,"W":"H","s":261841},{"S":"B","i":8799362100,"W":"H","s":894375},{"S":"B","i":8799356050,"W":"H","s":70757},{"S":"B","i":8799363700,"W":"L","s":878885},{"S":"B","i":8799362200,"W":"H","s":576537},{"S":"B","i":8799362250,"W":"H","s":129059},{"S":"B","i":8799362250,"W":"H","s":140725},{"S":"B","i":8799362300,"W":"H","s":407282},{"S":"B","i":8799358700,"W":"H","s":736779},{"S":"B","i":8799360200,"W":"H","s":724102},{"S":"B","i":8799361200,"W":"H","s":563618},{"S":"B","i":8799361700,"W":"H","s":321281},{"S":"B","i":8799362200,"W":"H","s":572605},{"S":"B","i":8799368100,"W":"L","s":200831},{"S":"B","i":8799362850,"W":"L","s":66097},{"S":"B","i":8799349100,"W":"H","s":336257},{"S":"B","i":8799354200,"W":"H","s":456913},{"S":"B","i":8799357600,"W":"H","s":1103132},{"S":"B","i":8799359300,"W":"H","s":803800},{"S":"B","i":8799361000,"W":"H","s":973089},{"S":"B","i":8799366300,"W":"L","s":547799},{"S":"B","i":8799362750,"W":"L","s":7015271},{"S":"B","i":8799362850,"W":"L","s":40611},{"S":"B","i":8799362900,"W":"L","s":313718},{"S":"B","i":8799363500,"W":"L","s":1204934},{"S":"B","i":8799363600,"W":"L","s":724878},{"S":"B","i":8799362250,"W":"H","s":152391},{"S":"B","i":8799362300,"W":"H","s":395616},{"S":"B","i":8799362200,"W":"H","s":584271},{"S":"B","i":8799362250,"W":"H","s":140725},{"S":"B","i":8799362450,"W":"H","s":686978},{"S":"B","i":8799362500,"W":"H","s":192332},{"S":"B","i":8799362300,"W":"H","s":407282},{"S":"B","i":8799362400,"W":"H","s":306234},{"S":"B","i":8799362700,"W":"H","s":12165275},{"S":"B","i":8799362100,"W":"H","s":906041},{"S":"B","i":8799362200,"W":"H","s":572605},{"S":"B","i":8799362050,"W":"H","s":273507},{"S":"B","i":8799362100,"W":"H","s":894375},{"S":"B","i":8799362250,"W":"H","s":152391},{"S":"B","i":8799362300,"W":"H","s":395616},{"S":"B","i":8799362000,"W":"H","s":1678605},{"S":"B","i":8799362050,"W":"H","s":272507},{"S":"B","i":8799362700,"W":"H","s":12165295},{"S":"B","i":8799362850,"W":"L","s":40631},{"S":"B","i":8799362750,"W":"L","s":7015245},{"S":"B","i":8799362750,"W":"L","s":7015262},{"S":"B","i":8799412750,"W":"L","s":106946},{"S":"B","i":8799350700,"W":"H","s":2027992},{"S":"B","i":8799355200,"W":"H","s":1222021},{"S":"B","i":8799358200,"W":"H","s":1186212},{"S":"B","i":8799359700,"W":"H","s":606307},{"S":"B","i":8799361200,"W":"H","s":565963},{"S":"B","i":8799365700,"W":"L","s":631003},{"S":"B","i":8799996900,"W":"L","s":32},{"S":"B","i":8799997000,"W":"L","s":2},{"S":"B","i":8799364950,"W":"L","s":307846},{"S":"B","i":8799365000,"W":"L","s":637492},{"S":"B","i":8799365050,"W":"L","s":73018},{"S":"B","i":8799365100,"W":"L","s":195589},{"S":"B","i":8799365150,"W":"L","s":130908},{"S":"B","i":8799365200,"W":"L","s":171428},{"S":"B","i":8799365250,"W":"L","s":293597},{"S":"B","i":8799365300,"W":"L","s":394950},{"S":"B","i":8799365350,"W":"L","s":154068},{"S":"B","i":8799365400,"W":"L","s":304979},{"S":"B","i":8799365450,"W":"L","s":43807},{"S":"B","i":8799365500,"W":"L","s":244950},{"S":"B","i":8799362700,"W":"H","s":12165296},{"S":"B","i":8799362700,"W":"H","s":12165232},{"S":"B","i":8799362750,"W":"L","s":7015198},{"S":"B","i":8799355600,"W":"H","s":1272918},{"S":"B","i":8799363100,"W":"L","s":615749},{"S":"B","i":8799363400,"W":"L","s":994939},{"S":"B","i":8799363700,"W":"L","s":877610},{"S":"B","i":8799364300,"W":"L","s":228887},{"S":"B","i":8799365200,"W":"L","s":170153},{"S":"B","i":8799363000,"W":"L","s":780152},{"S":"B","i":8799360900,"W":"H","s":282794},{"S":"B","i":8799360950,"W":"H","s":652959},{"S":"B","i":8799362000,"W":"H","s":1704125},{"S":"B","i":8799362100,"W":"H","s":868859},{"S":"B","i":8799362300,"W":"H","s":389239},{"S":"B","i":8799362350,"W":"H","s":89128},{"S":"B","i":8799362750,"W":"L","s":7034315},{"S":"B","i":8799362850,"W":"L","s":66117},{"S":"B","i":8799362900,"W":"L","s":269121},{"S":"B","i":8799363500,"W":"L","s":1306774},{"S":"B","i":8799363600,"W":"L","s":623054},{"S":"B","i":8799363050,"W":"L","s":210293},{"S":"B","i":8799362900,"W":"L","s":173555},{"S":"B","i":8799356500,"W":"H","s":720917},{"S":"B","i":8799363300,"W":"L","s":589458},{"S":"B","i":8799363800,"W":"L","s":323294},{"S":"B","i":8799364300,"W":"L","s":227422},{"S":"B","i":8799365300,"W":"L","s":393485},{"S":"B","i":8799366300,"W":"L","s":552296},{"S":"B","i":8799365350,"W":"L","s":158565},{"S":"B","i":8799354200,"W":"H","s":654199},{"S":"B","i":8799361200,"W":"H","s":566129},{"S":"B","i":8799361400,"W":"H","s":160135},{"S":"B","i":8799361600,"W":"H","s":210201},{"S":"B","i":8799361800,"W":"H","s":482537},{"S":"B","i":8799362000,"W":"H","s":1704291},{"S":"B","i":8799362200,"W":"H","s":572771},{"S":"B","i":8799362100,"W":"H","s":863859},{"S":"B","i":8799362150,"W":"H","s":230221},{"S":"B","i":8799363750,"W":"L","s":36311},{"S":"B","i":8799363800,"W":"L","s":328294},{"S":"B","i":8799362500,"W":"H","s":194832},{"S":"B","i":8799359500,"W":"H","s":626398},{"S":"B","i":8799360700,"W":"H","s":169281},{"S":"B","i":8799361500,"W":"H","s":451543},{"S":"B","i":8799361900,"W":"H","s":247756},{"S":"B","i":8799362300,"W":"H","s":386815},{"S":"B","i":8799364000,"W":"L","s":336805},{"S":"B","i":8799362650,"W":"H","s":320470},{"S":"B","i":8799362500,"W":"H","s":189832},{"S":"B","i":8799362800,"W":"L","s":1469893},{"S":"B","i":8799350800,"W":"H","s":1701310},{"S":"B","i":8799355300,"W":"H","s":1215182},{"S":"B","i":8799358300,"W":"H","s":802374},{"S":"B","i":8799359800,"W":"H","s":535895},{"S":"B","i":8799361300,"W":"H","s":500437},{"S":"B","i":8799365300,"W":"L","s":391613},{"S":"B","i":8799362750,"W":"L","s":7034341},{"S":"B","i":8799362550,"W":"H","s":229216},{"S":"B","i":8799362750,"W":"L","s":7034324},{"S":"B","i":8799412750,"W":"L","s":106963}],"TIME":1542001843}
{"t":"O","A":"delete","d":[{"S":"B","i":8799998900,"W":"L"}],"TIME":1542001843}
{"t":"O","A":"insert","d":[{"S":"B","i":8799998800,"W":"L","s":31,"p":12}],"TIME":1542001843}
{"t":"O","A":"U","d":[{"S":"B","i":8799362750,"W":"L","s":7034341},{"S":"B","i":8799412750,"W":"L","s":106946},{"S":"B","i":8799362450,"W":"H","s":687071},{"S":"B","i":8799100000,"W":"H","s":110332},{"S":"B","i":8799362100,"W":"H","s":863878},{"S":"B","i":8799359750,"W":"H","s":241378},{"S":"B","i":8799360050,"W":"H","s":436754},{"S":"B","i":8799426500,"W":"L","s":17879},{"S":"B","i":8799358700,"W":"H","s":740711},{"S":"B","i":8799360200,"W":"H","s":728034},{"S":"B","i":8799361200,"W":"H","s":570061},{"S":"B","i":8799361700,"W":"H","s":325213},{"S":"B","i":8799362200,"W":"H","s":576703},{"S":"B","i":8799368100,"W":"L","s":319043},{"S":"B","i":8799349100,"W":"H","s":337046},{"S":"B","i":8799354200,"W":"H","s":654988},{"S":"B","i":8799357600,"W":"H","s":1103921},{"S":"B","i":8799359300,"W":"H","s":804589},{"S":"B","i":8799361000,"W":"H","s":973878},{"S":"B","i":8799366300,"W":"L","s":556985}],"TIME":1542001843}
{"t":"O","A":"insert","d":[{"S":"B","i":8793627000,"W":"H","s":192,"p":63730}],"TIME":1542001843}
{"t":"O","A":"U","d":[{"S":"B","i":8799360900,"W":"H","s":180538},{"S":"B","i":8799360950,"W":"H","s":755207},{"S":"B","i":8799362000,"W":"H","s":1678771},{"S":"B","i":8799362100,"W":"H","s":889394},{"S":"B","i":8799362800,"W":"L","s":1495381},{"S":"B","i":8799362850,"W":"L","s":40631},{"S":"B","i":8799363050,"W":"L","s":261249},{"S":"B","i":8799363100,"W":"L","s":564797},{"S":"B","i":8799362050,"W":"H","s":272557},{"S":"B","i":8799362350,"W":"H","s":89078},{"S":"B","i":8799356500,"W":"H","s":823576},{"S":"B","i":8799363300,"W":"L","s":592388},{"S":"B","i":8799363800,"W":"L","s":329759},{"S":"B","i":8799364300,"W":"L","s":228887},{"S":"B","i":8799365300,"W":"L","s":393078},{"S":"B","i":8799362750,"W":"L","s":7034324},{"S":"B","i":8799412750,"W":"L","s":106963},{"S":"B","i":8799355600,"W":"H","s":1329329},{"S":"B","i":8799363000,"W":"L","s":781427},{"S":"B","i":8799363300,"W":"L","s":593663},{"S":"B","i":8799363600,"W":"L","s":624329},{"S":"B","i":8799364200,"W":"L","s":544633},{"S":"B","i":8799365100,"W":"L","s":196864},{"S":"B","i":8799362700,"W":"H","s":12164232},{"S":"B","i":8799367650,"W":"L","s":301218},{"S":"B","i":8799362700,"W":"H","s":12165232},{"S":"B","i":8799367650,"W":"L","s":302218},{"S":"B","i":8799356850,"W":"H","s":285603},{"S":"B","i":8799362650,"W":"H","s":320408},{"S":"B","i":8799362700,"W":"H","s":12165294},{"S":"B","i":8799362050,"W":"H","s":253418},{"S":"B","i":8799298950,"W":"H","s":10438},{"S":"B","i":8799350800,"W":"H","s":1702251},{"S":"B","i":8799355300,"W":"H","s":1216123},{"S":"B","i":8799358300,"W":"H","s":803315},{"S":"B","i":8799359800,"W":"H","s":536836},{"S":"B","i":8799361300,"W":"H","s":501378},{"S":"B","i":8799365300,"W":"L","s":394950},{"S":"B","i":8799362750,"W":"L","s":7034298},{"S":"B","i":8799379800,"W":"L","s":297661},{"S":"B","i":8799359500,"W":"H","s":628822},{"S":"B","i":8799360700,"W":"H","s":171705},{"S":"B","i":8799361500,"W":"H","s":453967},{"S":"B","i":8799361900,"W":"H","s":250180},{"S":"B","i":8799362300,"W":"H","s":389239},{"S":"B","i":8799364000,"W":"L","s":360074}],"TIME":1542001843}
{"t":"O","A":"U","d":[{"S":"B","i":8799362650,"W":"H","s":320392},{"S":"B","i":8799362700,"W":"H","s":12165310}],"TIME":1542001844}
{"t":"O","A":"delete","d":[{"S":"B","i":8799997000,"W":"L"}],"TIME":1542001844}
{"t":"O","A":"U","d":[{"S":"B","i":8799362650,"W":"H","s":320376},{"S":"B","i":8799362700,"W":"H","s":12165326},{"S":"B","i":8799362650,"W":"H","s":320360},{"S":"B","i":8799362700,"W":"H","s":12165342},{"S":"B","i":8799362100,"W":"H","s":908531},{"S":"B","i":8799362650,"W":"H","s":320344},{"S":"B","i":8799362700,"W":"H","s":12165358},{"S":"B","i":8799353800,"W":"H","s":828773},{"S":"B","i":8799357400,"W":"H","s":660858},{"S":"B","i":8799359200,"W":"H","s":933983},{"S":"B","i":8799361000,"W":"H","s":967878},{"S":"B","i":8799368200,"W":"L","s":421770}],"TIME":1542001844}
{"t":"O","A":"delete","d":[{"S":"B","i":8793627000,"W":"H"}],"TIME":1542001844}
{"t":"O","A":"insert","d":[{"S":"B","i":8793626900,"W":"H","s":192,"p":63731}],"TIME":1542001844}
{"t":"O","A":"U","d":[{"S":"B","i":8799360950,"W":"H","s":652959},{"S":"B","i":8799362750,"W":"L","s":7059788},{"S":"B","i":8799362800,"W":"L","s":1469893},{"S":"B","i":8799363000,"W":"L","s":832387},{"S":"B","i":8799363050,"W":"L","s":210293},{"S":"B","i":8799362500,"W":"H","s":192332},{"S":"B","i":8799362500,"W":"H","s":189832}],"TIME":1542001844}
{"t":"O","A":"insert","d":[{"S":"B","i":8793627000,"W":"H","s":192,"p":63730}],"TIME":1542001844}
{"t":"O","A":"U","d":[{"S":"B","i":8799362700,"W":"H","s":12165422},{"S":"B","i":8799362650,"W":"H","s":320320},{"S":"B","i":8799362700,"W":"H","s":12165446},{"S":"B","i":8799362650,"W":"H","s":320303},{"S":"B","i":8799362700,"W":"H","s":12165463},{"S":"B","i":8799363350,"W":"L","s":136227},{"S":"B","i":8799996900,"W":"L","s":1},{"S":"B","i":8799362650,"W":"H","s":320287},{"S":"B","i":8799362700,"W":"H","s":12165479},{"S":"B","i":8799366400,"W":"L","s":1069562},{"S":"B","i":8799366450,"W":"L","s":287884},{"S":"B","i":8799357400,"W":"H","s":734029},{"S":"B","i":8799362650,"W":"H","s":320271},{"S":"B","i":8799362700,"W":"H","s":12165495},{"S":"B","i":8799362650,"W":"H","s":320254},{"S":"B","i":8799362700,"W":"H","s":12165512},{"S":"B","i":8799362700,"W":"H","s":12165486},{"S":"B","i":8799362750,"W":"L","s":7059762},{"S":"B","i":8799353800,"W":"H","s":831773},{"S":"B","i":8799357400,"W":"H","s":737029},{"S":"B","i":8799359200,"W":"H","s":936983},{"S":"B","i":8799361000,"W":"H","s":973878},{"S":"B","i":8799368200,"W":"L","s":445770},{"S":"B","i":8799365300,"W":"L","s":306085},{"S":"B","i":8799366150,"W":"L","s":104067},{"S":"B","i":8799362200,"W":"H","s":565037},{"S":"B","i":8799362250,"W":"H","s":164057},{"S":"B","i":8799350800,"W":"H","s":1689227},{"S":"B","i":8799355300,"W":"H","s":1203099},{"S":"B","i":8799358300,"W":"H","s":790291},{"S":"B","i":8799359800,"W":"H","s":523812},{"S":"B","i":8799361300,"W":"H","s":488354},{"S":"B","i":8799365600,"W":"L","s":412948},{"S":"B","i":8799372200,"W":"L","s":301783},{"S":"B","i":8799372400,"W":"L","s":134029},{"S":"B","i":8799362750,"W":"L","s":7059712}],"TIME":1542001844}
{"t":"O","A":"delete","d":[{"S":"B","i":8799998800,"W":"L"}],"TIME":1542001845}
{"t":"O","A":"insert","d":[{"S":"B","i":8799998700,"W":"L","s":31,"p":13}],"TIME":1542001845}
{"t":"O","A":"U","d":[{"S":"B","i":8799362700,"W":"H","s":12165487},{"S":"B","i":8793626900,"W":"H","s":193},{"S":"B","i":8799365200,"W":"L","s":233148},{"S":"B","i":8799366050,"W":"L","s":132126},{"S":"B","i":8799359000,"W":"H","s":917924},{"S":"B","i":8799360800,"W":"H","s":685896}],"TIME":1542001845}
{"t":"O","A":"delete","d":[{"S":"B","i":8793627000,"W":"H"}],"TIME":1542001847}
{"t":"O","A":"U","d":[{"S":"B","i":8793626900,"W":"H","s":385},{"S":"B","i":8799362650,"W":"H","s":320236},{"S":"B","i":8799362700,"W":"H","s":12165505},{"S":"B","i":8799362650,"W":"H","s":320220},{"S":"B","i":8799362700,"W":"H","s":12165521},{"S":"B","i":8799362650,"W":"H","s":320181},{"S":"B","i":8799362700,"W":"H","s":12165560},{"S":"B","i":8799362650,"W":"H","s":320165},{"S":"B","i":8799362700,"W":"H","s":12165576},{"S":"B","i":8799100000,"W":"H","s":110333},{"S":"B","i":8799362800,"W":"L","s":1469793},{"S":"B","i":8799362650,"W":"H","s":320149},{"S":"B","i":8799362700,"W":"H","s":12165592},{"S":"B","i":8799362000,"W":"H","s":1688771},{"S":"B","i":8799362100,"W":"H","s":898531},{"S":"B","i":8799362750,"W":"L","s":7060712},{"S":"B","i":8799360300,"W":"H","s":749470},{"S":"B","i":8799361300,"W":"H","s":487246},{"S":"B","i":8799361800,"W":"H","s":481429},{"S":"B","i":8799362300,"W":"H","s":387023},{"S":"B","i":8799369400,"W":"L","s":561621},{"S":"B","i":8799363350,"W":"L","s":136246},{"S":"B","i":8799367900,"W":"L","s":1430662},{"S":"B","i":8799363200,"W":"L","s":145246},{"S":"B","i":8799363250,"W":"L","s":299145},{"S":"B","i":8799352500,"W":"H","s":1239982},{"S":"B","i":8799360200,"W":"H","s":728007},{"S":"B","i":8799361200,"W":"H","s":570034},{"S":"B","i":8799361700,"W":"H","s":325186},{"S":"B","i":8799362200,"W":"H","s":564983},{"S":"B","i":8799365900,"W":"L","s":122800},{"S":"B","i":8799350800,"W":"H","s":1702251},{"S":"B","i":8799355300,"W":"H","s":1216123},{"S":"B","i":8799358300,"W":"H","s":803315},{"S":"B","i":8799359800,"W":"H","s":536836},{"S":"B","i":8799361300,"W":"H","s":500270},{"S":"B","i":8799365600,"W":"L","s":438878},{"S":"B","i":8799362650,"W":"H","s":320133},{"S":"B","i":8799362700,"W":"H","s":12165608},{"S":"B","i":8799360700,"W":"H","s":273993},{"S":"B","i":8799360800,"W":"H","s":583624},{"S":"B","i":8799361700,"W":"H","s":376250},{"S":"B","i":8799361800,"W":"H","s":430373}],"TIME":1542001847}
{"t":"O","A":"U","d":[{"S":"B","i":8793626900,"W":"H","s":192},{"S":"B","i":8799362650,"W":"H","s":320117},{"S":"B","i":8799362700,"W":"H","s":12165624},{"S":"B","i":8799352300,"W":"H","s":840711},{"S":"B","i":8799350400,"W":"H","s":236814},{"S":"B","i":8799357100,"W":"H","s":1178847},{"S":"B","i":8799362750,"W":"L","s":7070271},{"S":"B","i":8799362750,"W":"L","s":7076643},{"S":"B","i":8799360900,"W":"H","s":184400},{"S":"B","i":8799362750,"W":"L","s":7086202},{"S":"B","i":8799363250,"W":"L","s":298395},{"S":"B","i":8799362650,"W":"H","s":320101},{"S":"B","i":8799362700,"W":"H","s":12165640},{"S":"B","i":8799234000,"W":"H","s":35413},{"S":"B","i":8799235300,"W":"H","s":46234},{"S":"B","i":8799236600,"W":"H","s":33175},{"S":"B","i":8799237900,"W":"H","s":35910},{"S":"B","i":8799239200,"W":"H","s":33004},{"S":"B","i":8799240500,"W":"H","s":32231},{"S":"B","i":8799241800,"W":"H","s":28652},{"S":"B","i":8799243100,"W":"H","s":27660},{"S":"B","i":8799244350,"W":"H","s":26701},{"S":"B","i":8799245650,"W":"H","s":29977},{"S":"B","i":8799246950,"W":"H","s":24885},{"S":"B","i":8799248250,"W":"H","s":24024},{"S":"B","i":8799249550,"W":"H","s":23193},{"S":"B","i":8799250850,"W":"H","s":23453},{"S":"B","i":8799252150,"W":"H","s":21637},{"S":"B","i":8799253450,"W":"H","s":21466},{"S":"B","i":8799254700,"W":"H","s":24800},{"S":"B","i":8799256000,"W":"H","s":72455},{"S":"B","i":8799257300,"W":"H","s":193054},{"S":"B","i":8799258600,"W":"H","s":18136},{"S":"B","i":8799259900,"W":"H","s":19758},{"S":"B","i":8799261200,"W":"H","s":42929},{"S":"B","i":8799262500,"W":"H","s":246827},{"S":"B","i":8799263800,"W":"H","s":18865},{"S":"B","i":8799265100,"W":"H","s":16023},{"S":"B","i":8799266350,"W":"H","s":33731},{"S":"B","i":8799267650,"W":"H","s":14216},{"S":"B","i":8799268950,"W":"H","s":30147},{"S":"B","i":8799270250,"W":"H","s":13370},{"S":"B","i":8799271550,"W":"H","s":12786},{"S":"B","i":8799272850,"W":"H","s":12348},{"S":"B","i":8799274150,"W":"H","s":11926},{"S":"B","i":8799276700,"W":"H","s":27767},{"S":"B","i":8799278000,"W":"H","s":27246},{"S":"B","i":8799279300,"W":"H","s":11480},{"S":"B","i":8799284500,"W":"H","s":11039},{"S":"B","i":8799287050,"W":"H","s":8437},{"S":"B","i":8799289650,"W":"H","s":16576},{"S":"B","i":8799292250,"W":"H","s":9906},{"S":"B","i":8799297450,"W":"H","s":19839},{"S":"B","i":8799305200,"W":"H","s":58620},{"S":"B","i":8799309050,"W":"H","s":9633},{"S":"B","i":8799316850,"W":"H","s":10079},{"S":"B","i":8799329800,"W":"H","s":69585},{"S":"B","i":8799331050,"W":"H","s":24132},{"S":"B","i":8799332350,"W":"H","s":37458},{"S":"B","i":8799333650,"W":"H","s":6975},{"S":"B","i":8799342700,"W":"H","s":139183},{"S":"B","i":8799347900,"W":"H","s":74762},{"S":"B","i":8799355650,"W":"H","s":768105},{"S":"B","i":8799362650,"W":"H","s":320085},{"S":"B","i":8799362700,"W":"H","s":12165656}],"TIME":1542001848}
{"t":"O","A":"insert","d":[{"S":"B","i":8799999800,"W":"L","s":31,"p":2}],"TIME":1542001848}
{"t":"O","A":"U","d":[{"S":"B","i":8799363000,"W":"L","s":829387},{"S":"B","i":8799362900,"W":"L","s":171055},{"S":"B","i":8799362800,"W":"L","s":1469563},{"S":"B","i":8799362700,"W":"H","s":12166056},{"S":"B","i":8799362250,"W":"H","s":170434},{"S":"B","i":8799362350,"W":"H","s":82702},{"S":"B","i":8799350800,"W":"H","s":1701068},{"S":"B","i":8799355300,"W":"H","s":1214940},{"S":"B","i":8799358300,"W":"H","s":802132},{"S":"B","i":8799359800,"W":"H","s":535653},{"S":"B","i":8799361300,"W":"H","s":499087},{"S":"B","i":8799365700,"W":"L","s":628647},{"S":"B","i":8793626900,"W":"H","s":193},{"S":"B","i":8799362650,"W":"H","s":320069},{"S":"B","i":8799362700,"W":"H","s":12166072}],"TIME":1542001848}
{"t":"O","A":"delete","d":[{"S":"B","i":8799998700,"W":"L"}],"TIME":1542001848}
{"t":"O","A":"insert","d":[{"S":"B","i":8799998600,"W":"L","s":31,"p":14}],"TIME":1542001848}
{"t":"O","A":"U","d":[{"S":"B","i":8799362750,"W":"L","s":7259202},{"S":"B","i":8799362000,"W":"H","s":1678771},{"S":"B","i":8799362050,"W":"H","s":263418},{"S":"B","i":8799362650,"W":"H","s":320003},{"S":"B","i":8799362700,"W":"H","s":12166138},{"S":"B","i":8799362650,"W":"H","s":319987},{"S":"B","i":8799362700,"W":"H","s":12166154},{"S":"B","i":8799361900,"W":"H","s":249980},{"S":"B","i":8799362100,"W":"H","s":898331},{"S":"B","i":8799362300,"W":"H","s":386823},{"S":"B","i":8799362500,"W":"H","s":189632},{"S":"B","i":8799372750,"W":"L","s":443816},{"S":"B","i":8799372950,"W":"L","s":197341},{"S":"B","i":8799373150,"W":"L","s":56870},{"S":"B","i":8799373350,"W":"L","s":185808},{"S":"B","i":8799373550,"W":"L","s":407564},{"S":"B","i":8799362500,"W":"H","s":192132},{"S":"B","i":8799355100,"W":"H","s":467512},{"S":"B","i":8799369350,"W":"L","s":158800},{"S":"B","i":8799367700,"W":"L","s":434082},{"S":"B","i":8799369400,"W":"L","s":613808},{"S":"B","i":8799359850,"W":"H","s":323223},{"S":"B","i":8799360050,"W":"H","s":435754},{"S":"B","i":8799362800,"W":"L","s":1469663},{"S":"B","i":8799362650,"W":"H","s":319971},{"S":"B","i":8799362700,"W":"H","s":12166170},{"S":"B","i":8799362750,"W":"L","s":7232756},{"S":"B","i":8799362100,"W":"H","s":903331},{"S":"B","i":8799362150,"W":"H","s":225221},{"S":"B","i":8799363750,"W":"L","s":41311},{"S":"B","i":8799363800,"W":"L","s":324759},{"S":"B","i":8799362500,"W":"H","s":189632},{"S":"B","i":8799359850,"W":"H","s":322223},{"S":"B","i":8799360250,"W":"H","s":542028},{"S":"B","i":8799362700,"W":"H","s":12166171},{"S":"B","i":8799350800,"W":"H","s":1699438},{"S":"B","i":8799355300,"W":"H","s":1213310},{"S":"B","i":8799358300,"W":"H","s":800502},{"S":"B","i":8799359800,"W":"H","s":534023},{"S":"B","i":8799361300,"W":"H","s":497457},{"S":"B","i":8799365700,"W":"L","s":625403},{"S":"B","i":8799362700,"W":"H","s":12165171},{"S":"B","i":8799367650,"W":"L","s":301218},{"S":"B","i":8799365300,"W":"L","s":306123},{"S":"B","i":8799362700,"W":"H","s":12166171},{"S":"B","i":8799367650,"W":"L","s":302218},{"S":"B","i":8799370200,"W":"L","s":74923},{"S":"B","i":8799350800,"W":"H","s":1699039},{"S":"B","i":8799355300,"W":"H","s":1212911},{"S":"B","i":8799358300,"W":"H","s":800103},{"S":"B","i":8799359800,"W":"H","s":533624},{"S":"B","i":8799361300,"W":"H","s":497058},{"S":"B","i":8799365700,"W":"L","s":624609}],"TIME":1542001848}
